[DRIVER] dlopen path=./eac.elf
[TRACE] caller=driver+0x1608 dlopen file=./eac.elf flags=0x2
[DRIVER] dlsym x=0x7359be0380dc
[TRACE] caller=driver+0x26c5 getenv name=EAC_DISPATCH_TRACE -> set
[TRACE] caller=driver+0x26c5 getenv name=EAC_PROBE_TRACE -> set
[TRACE] caller=driver+0x1a99 getenv name=EAC_DISPATCH_LIMIT -> null
[TRACE] caller=driver+0x26c5 getenv name=EAC_DISPATCH_DETAIL -> set
[TRACE] caller=driver+0x1b01 getenv name=EAC_DISPATCH_STOP_AFTER_MATCHES -> set
[TRACE] caller=driver+0x1b2b getenv name=EAC_DISPATCH_EXTRA_SITES -> set
[TRACE] caller=driver+0x1b41 getenv name=EAC_DISPATCH_FOCUS_SITES -> set
[TRACE] caller=driver+0x1b7a getenv name=EAC_PROBE_LIMIT -> set
[TRACE] caller=driver+0x1baf getenv name=EAC_PROBE_STOP_AFTER_MATCHES -> null
[TRACE] caller=driver+0x1bce getenv name=EAC_PROBE_SITES -> set
[TRACE] caller=driver+0x26c5 getenv name=EAC_VMTAIL_TRACE -> null
[TRACE] caller=driver+0x26c5 getenv name=EAC_VMTAIL_REGS -> null
[TRACE] caller=driver+0x26c5 getenv name=EAC_VMTAIL_SCRATCH -> null
[TRACE] caller=driver+0x26c5 getenv name=EAC_VMTAIL_MEM -> null
[TRACE] caller=driver+0x1c2a getenv name=EAC_VMTAIL_MEM_REGS -> null
[TRACE] caller=driver+0x1c44 getenv name=EAC_VMTAIL_LIMIT -> null
[TRACE] caller=driver+0x1c9a getenv name=EAC_VMTAIL_FOCUS_IPS -> null
[TRACE] caller=driver+0x1cae getenv name=EAC_VMTAIL_FOCUS_SITES -> null
[TRACE] caller=driver+0x1cc2 getenv name=EAC_VMTAIL_STOP_AFTER_MATCHES -> null
[TRACE] caller=driver+0x34a9 fopen path=/proc/self/maps mode=r
[TRACE] caller=driver+0x47ec mprotect addr=0x7359be0c8000 len=0x1000 prot=0x7
[TRACE] caller=driver+0x47ec mprotect addr=0x7359be0cd000 len=0x1000 prot=0x7
[TRACE] caller=driver+0x47ec mprotect addr=0x7359be0c5000 len=0x1000 prot=0x7
[TRACE] caller=driver+0x47ec mprotect addr=0x7359be0c5000 len=0x1000 prot=0x7
[TRACE] caller=driver+0x47ec mprotect addr=0x7359be0c5000 len=0x1000 prot=0x7
[TRACE] caller=driver+0x47ec mprotect addr=0x7359be0c5000 len=0x1000 prot=0x7
[DRIVER] dispatch trace enabled base=0x7359be000000 dispatch_sites=3 limit=4096 detail=1 tail=0 tail_regs=0 tail_scratch=0 tail_mem=0 tail_limit=4096 tail_sites=0 scratch_offsets=0 read_ranges=54 focus_ips=0 focus_sites=0 stop_after_matches=0 dispatch_focus_sites=1 dispatch_stop_after_matches=2 probe=1 probe_sites=3 probe_limit=16 probe_stop_after_matches=0
[DRIVER] dispatch site +0xc80b9
[DRIVER] dispatch site +0xcdac7
[DRIVER] dispatch site +0xc559d
[DRIVER] probe site +0xc54c6 original=0xff
[DRIVER] probe site +0xc54d3 original=0x48
[DRIVER] probe site +0xc5512 original=0x48
[DRIVER] call x(buf=0x582733bc8010,len=0x800,mode=1,out=0x582733bc8820)
[PROBE] site=0xc54c6 count=1 rax=0x7359be0c3718 rbx=0x10f rcx=0x7359be000000 rdx=0x7359be0c3718 rsi=0x0 rdi=0x582733be1e10 r8=0x0 r9=0x7fff789f0d64 r10=0x200 r11=0x7359bec12ac0 r12=0x7fff789f0d68 r13=0x6 r14=0x7359bed84000 r15=0x5827008c2dc8 rbp=0x7359be07836d rsp=0x7fff789f0c88 sp0x0=0x0 sp0x8=0x7fff789f0d64 sp0x10=0x200 sp0x18=0x7359bec12ac0 sp0x20=0x7fff789f0d68 sp0x28=0x6 sp0x80=0x246 sp0x88=0x143 sp0x90=0x249464
[TRACE] caller=driver+0x47ec mprotect addr=0x7359be0c5000 len=0x1000 prot=0x7
[TRACE] caller=driver+0x47ec mprotect addr=0x7359be0c5000 len=0x1000 prot=0x7
[PROBE] site=0xc54d3 count=1 rax=0x7359be0c3718 rbx=0x10f rcx=0x7359be000000 rdx=0x7359be0c3718 rsi=0x0 rdi=0x582733be1e10 r8=0x0 r9=0x7fff789f0d64 r10=0x200 r11=0x7359bec12ac0 r12=0x7fff789f0d68 r13=0x6 r14=0x7359bed84000 r15=0x5827008c2dc8 rbp=0x7359be07836d rsp=0x7fff789f0c70 sp0x0=0x143 sp0x8=0x143 sp0x10=0x143 sp0x18=0x0 sp0x20=0x7fff789f0d64 sp0x28=0x200 sp0x80=0x186df1 sp0x88=0x186df1 sp0x90=0x0
[TRACE] caller=driver+0x47ec mprotect addr=0x7359be0c5000 len=0x1000 prot=0x7
[TRACE] caller=driver+0x47ec mprotect addr=0x7359be0c5000 len=0x1000 prot=0x7
[PROBE] site=0xc5512 count=1 rax=0x7359be0c3718 rbx=0x143 rcx=0x7359be000000 rdx=0x7359be0c3718 rsi=0x0 rdi=0x582733be1e10 r8=0x0 r9=0x7fff789f0d64 r10=0x200 r11=0x7359bec12ac0 r12=0x7fff789f0d68 r13=0x6 r14=0x7359bed84000 r15=0x5827008c2dc8 rbp=0x7359be07836d rsp=0x7fff789f0c88 sp0x0=0x0 sp0x8=0x7fff789f0d64 sp0x10=0x200 sp0x18=0x7359bec12ac0 sp0x20=0x7fff789f0d68 sp0x28=0x6 sp0x80=0x246 sp0x88=0x143 sp0x90=0x249464
[TRACE] caller=driver+0x47ec mprotect addr=0x7359be0c5000 len=0x1000 prot=0x7
[TRACE] caller=driver+0x47ec mprotect addr=0x7359be0c5000 len=0x1000 prot=0x7
[DISPATCH] site=0xc559d count=1 slot=0x7359be0c4130 slot_off=0xc4130 idx=0xa18 frame=0x7359be07836d frame_off=0x7836d vm_ip=0x7359be249464 vm_ip_off=0x249464 vm_flags=0x523d6055 vm_state=0xfd165f72 vm_byte=0x3a table=0x7359be0c3718 table_off=0xc3718 ip_w0=0xa9 ip_w1=0x0 ip_w2=0x162 ip_w3=0x1e8 ip_w4=0xbd ip_w5=0x99 ip_w6=0xefbc ip_w7=0xfe4f ip_w8=0xb5ba ip_w9=0x19cf ip_w10=0xc4bb ip_w11=0xe839 ip_w12=0xc901 ip_w13=0x87bd ip_w14=0x8dc4 ip_w15=0xc9b9 target=0x7359be0bb6e6 target_off=0xbb6e6
[PROBE] site=0xc54c6 count=2 rax=0x7359be0c3718 rbx=0x10f rcx=0x7359be000000 rdx=0x7359be0c3718 rsi=0x0 rdi=0x582733be27a8 r8=0x0 r9=0x7fff789f0d64 r10=0x200 r11=0x7359bec12ac0 r12=0x7fff789f0d68 r13=0x6 r14=0x7359bed84000 r15=0x5827008c2dc8 rbp=0x7359be07836d rsp=0x7fff789f0c88 sp0x0=0x0 sp0x8=0x7fff789f0d64 sp0x10=0x200 sp0x18=0x7359bec12ac0 sp0x20=0x7fff789f0d68 sp0x28=0x6 sp0x80=0x246 sp0x88=0xa9 sp0x90=0x249735
[TRACE] caller=driver+0x47ec mprotect addr=0x7359be0c5000 len=0x1000 prot=0x7
[TRACE] caller=driver+0x47ec mprotect addr=0x7359be0c5000 len=0x1000 prot=0x7
[PROBE] site=0xc54d3 count=2 rax=0x7359be0c3718 rbx=0x10f rcx=0x7359be000000 rdx=0x7359be0c3718 rsi=0x0 rdi=0x582733be27a8 r8=0x0 r9=0x7fff789f0d64 r10=0x200 r11=0x7359bec12ac0 r12=0x7fff789f0d68 r13=0x6 r14=0x7359bed84000 r15=0x5827008c2dc8 rbp=0x7359be07836d rsp=0x7fff789f0c70 sp0x0=0xa9 sp0x8=0xa9 sp0x10=0xa9 sp0x18=0x0 sp0x20=0x7fff789f0d64 sp0x28=0x200 sp0x80=0x0 sp0x88=0x186df1 sp0x90=0x0
[TRACE] caller=driver+0x47ec mprotect addr=0x7359be0c5000 len=0x1000 prot=0x7
[TRACE] caller=driver+0x47ec mprotect addr=0x7359be0c5000 len=0x1000 prot=0x7
[PROBE] site=0xc5512 count=2 rax=0x7359be0c3718 rbx=0xa9 rcx=0x7359be000000 rdx=0x7359be0c3718 rsi=0x0 rdi=0x582733be27a8 r8=0x0 r9=0x7fff789f0d64 r10=0x200 r11=0x7359bec12ac0 r12=0x7fff789f0d68 r13=0x6 r14=0x7359bed84000 r15=0x5827008c2dc8 rbp=0x7359be07836d rsp=0x7fff789f0c88 sp0x0=0x0 sp0x8=0x7fff789f0d64 sp0x10=0x200 sp0x18=0x7359bec12ac0 sp0x20=0x7fff789f0d68 sp0x28=0x6 sp0x80=0x246 sp0x88=0xa9 sp0x90=0x249735
[TRACE] caller=driver+0x47ec mprotect addr=0x7359be0c5000 len=0x1000 prot=0x7
[TRACE] caller=driver+0x47ec mprotect addr=0x7359be0c5000 len=0x1000 prot=0x7
[DISPATCH] site=0xc559d count=2 slot=0x7359be0c3c60 slot_off=0xc3c60 idx=0x548 frame=0x7359be07836d frame_off=0x7836d vm_ip=0x7359be249735 vm_ip_off=0x249735 vm_flags=0x10a00 vm_state=0x3f067382 vm_byte=0x3a table=0x7359be0c3718 table_off=0xc3718 ip_w0=0xa5 ip_w1=0x1e8 ip_w2=0x40 ip_w3=0xa1f5 ip_w4=0x99 ip_w5=0x6270 ip_w6=0x627a ip_w7=0xeb3d ip_w8=0xe803 ip_w9=0x2901 ip_w10=0xbef1 ip_w11=0x52b0 ip_w12=0x95c5 ip_w13=0x68b2 ip_w14=0x4aff ip_w15=0xe35c target=0x7359be09af18 target_off=0x9af18
[DRIVER] DISPATCH focus stop hits=2 site=0xc559d
