[TRACE] caller=libselinux.so.1+0xee1d fopen64 path=/proc/filesystems mode=re
[TRACE] caller=timeout+0x324f7b mprotect addr=0x70812708d000 len=0x1000 prot=0x0
[TRACE] caller=timeout+0x319b3f getenv name=LANG -> set
[TRACE] caller=timeout+0x33547e open64 path=/usr/share/coreutils/locales/uucore/en-US.ftl flags=0x80000
[TRACE] caller=timeout+0x33547e open64 path=/usr/share/coreutils/locales/timeout/en-US.ftl flags=0x80000
[TRACE] caller=timeout+0x319b3f getenv name=NO_COLOR -> set
[TRACE] caller=timeout+0x3124be recv fd=3 len=8 flags=0x0 ret=0 data=
[DRIVER] dlopen path=./eac.elf
[TRACE] caller=driver+0x1608 dlopen file=./eac.elf flags=0x2
[DRIVER] dlsym x=0x7ef1e12380dc
[TRACE] caller=driver+0x26c5 getenv name=EAC_DISPATCH_TRACE -> set
[TRACE] caller=driver+0x26c5 getenv name=EAC_PROBE_TRACE -> null
[TRACE] caller=driver+0x1a99 getenv name=EAC_DISPATCH_LIMIT -> set
[TRACE] caller=driver+0x26c5 getenv name=EAC_DISPATCH_DETAIL -> null
[TRACE] caller=driver+0x1b01 getenv name=EAC_DISPATCH_STOP_AFTER_MATCHES -> null
[TRACE] caller=driver+0x1b2b getenv name=EAC_DISPATCH_EXTRA_SITES -> null
[TRACE] caller=driver+0x1b41 getenv name=EAC_DISPATCH_FOCUS_SITES -> null
[TRACE] caller=driver+0x1b7a getenv name=EAC_PROBE_LIMIT -> null
[TRACE] caller=driver+0x1baf getenv name=EAC_PROBE_STOP_AFTER_MATCHES -> null
[TRACE] caller=driver+0x1bce getenv name=EAC_PROBE_SITES -> null
[TRACE] caller=driver+0x26c5 getenv name=EAC_VMTAIL_TRACE -> set
[TRACE] caller=driver+0x26c5 getenv name=EAC_VMTAIL_REGS -> set
[TRACE] caller=driver+0x26c5 getenv name=EAC_VMTAIL_SCRATCH -> set
[TRACE] caller=driver+0x26c5 getenv name=EAC_VMTAIL_MEM -> null
[TRACE] caller=driver+0x1c2a getenv name=EAC_VMTAIL_MEM_REGS -> null
[TRACE] caller=driver+0x1c44 getenv name=EAC_VMTAIL_LIMIT -> set
[TRACE] caller=driver+0x1c9a getenv name=EAC_VMTAIL_FOCUS_IPS -> set
[TRACE] caller=driver+0x1cae getenv name=EAC_VMTAIL_FOCUS_SITES -> null
[TRACE] caller=driver+0x1cc2 getenv name=EAC_VMTAIL_STOP_AFTER_MATCHES -> set
[TRACE] caller=driver+0x1d05 getenv name=EAC_VMTAIL_SITES -> set
[TRACE] caller=driver+0x1d27 getenv name=EAC_VMTAIL_SCRATCH_OFFSETS -> null
[TRACE] caller=driver+0x34a9 fopen path=/proc/self/maps mode=r
[TRACE] caller=driver+0x47ec mprotect addr=0x7ef1e12c8000 len=0x1000 prot=0x7
[TRACE] caller=driver+0x47ec mprotect addr=0x7ef1e12cd000 len=0x1000 prot=0x7
[TRACE] caller=driver+0x47ec mprotect addr=0x7ef1e1281000 len=0x1000 prot=0x7
[TRACE] caller=driver+0x47ec mprotect addr=0x7ef1e128a000 len=0x1000 prot=0x7
[TRACE] caller=driver+0x47ec mprotect addr=0x7ef1e129a000 len=0x1000 prot=0x7
[TRACE] caller=driver+0x47ec mprotect addr=0x7ef1e129b000 len=0x1000 prot=0x7
[TRACE] caller=driver+0x47ec mprotect addr=0x7ef1e129b000 len=0x1000 prot=0x7
[TRACE] caller=driver+0x47ec mprotect addr=0x7ef1e12b8000 len=0x1000 prot=0x7
[TRACE] caller=driver+0x47ec mprotect addr=0x7ef1e12bb000 len=0x1000 prot=0x7
[TRACE] caller=driver+0x47ec mprotect addr=0x7ef1e12bb000 len=0x1000 prot=0x7
[TRACE] caller=driver+0x47ec mprotect addr=0x7ef1e12c2000 len=0x1000 prot=0x7
[TRACE] caller=driver+0x47ec mprotect addr=0x7ef1e129c000 len=0x1000 prot=0x7
[TRACE] caller=driver+0x47ec mprotect addr=0x7ef1e12a0000 len=0x1000 prot=0x7
[TRACE] caller=driver+0x47ec mprotect addr=0x7ef1e12b2000 len=0x1000 prot=0x7
[TRACE] caller=driver+0x47ec mprotect addr=0x7ef1e12b7000 len=0x1000 prot=0x7
[TRACE] caller=driver+0x47ec mprotect addr=0x7ef1e12c2000 len=0x1000 prot=0x7
[TRACE] caller=driver+0x47ec mprotect addr=0x7ef1e1278000 len=0x1000 prot=0x7
[TRACE] caller=driver+0x47ec mprotect addr=0x7ef1e1278000 len=0x1000 prot=0x7
[TRACE] caller=driver+0x47ec mprotect addr=0x7ef1e1279000 len=0x1000 prot=0x7
[TRACE] caller=driver+0x47ec mprotect addr=0x7ef1e1279000 len=0x1000 prot=0x7
[TRACE] caller=driver+0x47ec mprotect addr=0x7ef1e1279000 len=0x1000 prot=0x7
[TRACE] caller=driver+0x47ec mprotect addr=0x7ef1e1279000 len=0x1000 prot=0x7
[TRACE] caller=driver+0x47ec mprotect addr=0x7ef1e127a000 len=0x1000 prot=0x7
[TRACE] caller=driver+0x47ec mprotect addr=0x7ef1e127a000 len=0x1000 prot=0x7
[TRACE] caller=driver+0x47ec mprotect addr=0x7ef1e127a000 len=0x1000 prot=0x7
[TRACE] caller=driver+0x47ec mprotect addr=0x7ef1e127a000 len=0x1000 prot=0x7
[TRACE] caller=driver+0x47ec mprotect addr=0x7ef1e127b000 len=0x1000 prot=0x7
[TRACE] caller=driver+0x47ec mprotect addr=0x7ef1e127b000 len=0x1000 prot=0x7
[TRACE] caller=driver+0x47ec mprotect addr=0x7ef1e127b000 len=0x1000 prot=0x7
[TRACE] caller=driver+0x47ec mprotect addr=0x7ef1e127b000 len=0x1000 prot=0x7
[TRACE] caller=driver+0x47ec mprotect addr=0x7ef1e127c000 len=0x1000 prot=0x7
[TRACE] caller=driver+0x47ec mprotect addr=0x7ef1e127c000 len=0x1000 prot=0x7
[TRACE] caller=driver+0x47ec mprotect addr=0x7ef1e127c000 len=0x1000 prot=0x7
[TRACE] caller=driver+0x47ec mprotect addr=0x7ef1e127d000 len=0x1000 prot=0x7
[TRACE] caller=driver+0x47ec mprotect addr=0x7ef1e127d000 len=0x1000 prot=0x7
[TRACE] caller=driver+0x47ec mprotect addr=0x7ef1e127d000 len=0x1000 prot=0x7
[TRACE] caller=driver+0x47ec mprotect addr=0x7ef1e127d000 len=0x1000 prot=0x7
[TRACE] caller=driver+0x47ec mprotect addr=0x7ef1e127d000 len=0x1000 prot=0x7
[TRACE] caller=driver+0x47ec mprotect addr=0x7ef1e127e000 len=0x1000 prot=0x7
[TRACE] caller=driver+0x47ec mprotect addr=0x7ef1e127e000 len=0x1000 prot=0x7
[TRACE] caller=driver+0x47ec mprotect addr=0x7ef1e127e000 len=0x1000 prot=0x7
[TRACE] caller=driver+0x47ec mprotect addr=0x7ef1e127e000 len=0x1000 prot=0x7
[TRACE] caller=driver+0x47ec mprotect addr=0x7ef1e127f000 len=0x1000 prot=0x7
[TRACE] caller=driver+0x47ec mprotect addr=0x7ef1e127f000 len=0x1000 prot=0x7
[TRACE] caller=driver+0x47ec mprotect addr=0x7ef1e127f000 len=0x1000 prot=0x7
[TRACE] caller=driver+0x47ec mprotect addr=0x7ef1e1280000 len=0x1000 prot=0x7
[TRACE] caller=driver+0x47ec mprotect addr=0x7ef1e1280000 len=0x1000 prot=0x7
[TRACE] caller=driver+0x47ec mprotect addr=0x7ef1e1280000 len=0x1000 prot=0x7
[TRACE] caller=driver+0x47ec mprotect addr=0x7ef1e1280000 len=0x1000 prot=0x7
[TRACE] caller=driver+0x47ec mprotect addr=0x7ef1e1281000 len=0x1000 prot=0x7
[TRACE] caller=driver+0x47ec mprotect addr=0x7ef1e1281000 len=0x1000 prot=0x7
[TRACE] caller=driver+0x47ec mprotect addr=0x7ef1e1281000 len=0x1000 prot=0x7
[TRACE] caller=driver+0x47ec mprotect addr=0x7ef1e1281000 len=0x1000 prot=0x7
[TRACE] caller=driver+0x47ec mprotect addr=0x7ef1e1281000 len=0x1000 prot=0x7
[TRACE] caller=driver+0x47ec mprotect addr=0x7ef1e1282000 len=0x1000 prot=0x7
[TRACE] caller=driver+0x47ec mprotect addr=0x7ef1e1282000 len=0x1000 prot=0x7
[TRACE] caller=driver+0x47ec mprotect addr=0x7ef1e1282000 len=0x1000 prot=0x7
[TRACE] caller=driver+0x47ec mprotect addr=0x7ef1e1282000 len=0x1000 prot=0x7
[TRACE] caller=driver+0x47ec mprotect addr=0x7ef1e1282000 len=0x1000 prot=0x7
[TRACE] caller=driver+0x47ec mprotect addr=0x7ef1e1283000 len=0x1000 prot=0x7
[TRACE] caller=driver+0x47ec mprotect addr=0x7ef1e1283000 len=0x1000 prot=0x7
[TRACE] caller=driver+0x47ec mprotect addr=0x7ef1e1283000 len=0x1000 prot=0x7
[TRACE] caller=driver+0x47ec mprotect addr=0x7ef1e1283000 len=0x1000 prot=0x7
[TRACE] caller=driver+0x47ec mprotect addr=0x7ef1e1284000 len=0x1000 prot=0x7
[TRACE] caller=driver+0x47ec mprotect addr=0x7ef1e1284000 len=0x1000 prot=0x7
[TRACE] caller=driver+0x47ec mprotect addr=0x7ef1e1284000 len=0x1000 prot=0x7
[TRACE] caller=driver+0x47ec mprotect addr=0x7ef1e1284000 len=0x1000 prot=0x7
[TRACE] caller=driver+0x47ec mprotect addr=0x7ef1e1284000 len=0x1000 prot=0x7
[TRACE] caller=driver+0x47ec mprotect addr=0x7ef1e1284000 len=0x1000 prot=0x7
[TRACE] caller=driver+0x47ec mprotect addr=0x7ef1e1285000 len=0x1000 prot=0x7
[TRACE] caller=driver+0x47ec mprotect addr=0x7ef1e1285000 len=0x1000 prot=0x7
[TRACE] caller=driver+0x47ec mprotect addr=0x7ef1e1285000 len=0x1000 prot=0x7
[TRACE] caller=driver+0x47ec mprotect addr=0x7ef1e1285000 len=0x1000 prot=0x7
[TRACE] caller=driver+0x47ec mprotect addr=0x7ef1e1285000 len=0x1000 prot=0x7
[TRACE] caller=driver+0x47ec mprotect addr=0x7ef1e1285000 len=0x1000 prot=0x7
[TRACE] caller=driver+0x47ec mprotect addr=0x7ef1e1286000 len=0x1000 prot=0x7
[TRACE] caller=driver+0x47ec mprotect addr=0x7ef1e1286000 len=0x1000 prot=0x7
[TRACE] caller=driver+0x47ec mprotect addr=0x7ef1e1286000 len=0x1000 prot=0x7
[TRACE] caller=driver+0x47ec mprotect addr=0x7ef1e1286000 len=0x1000 prot=0x7
[TRACE] caller=driver+0x47ec mprotect addr=0x7ef1e1287000 len=0x1000 prot=0x7
[TRACE] caller=driver+0x47ec mprotect addr=0x7ef1e1287000 len=0x1000 prot=0x7
[TRACE] caller=driver+0x47ec mprotect addr=0x7ef1e1288000 len=0x1000 prot=0x7
[TRACE] caller=driver+0x47ec mprotect addr=0x7ef1e1288000 len=0x1000 prot=0x7
[TRACE] caller=driver+0x47ec mprotect addr=0x7ef1e1288000 len=0x1000 prot=0x7
[TRACE] caller=driver+0x47ec mprotect addr=0x7ef1e1289000 len=0x1000 prot=0x7
[TRACE] caller=driver+0x47ec mprotect addr=0x7ef1e1289000 len=0x1000 prot=0x7
[TRACE] caller=driver+0x47ec mprotect addr=0x7ef1e1289000 len=0x1000 prot=0x7
[TRACE] caller=driver+0x47ec mprotect addr=0x7ef1e1289000 len=0x1000 prot=0x7
[TRACE] caller=driver+0x47ec mprotect addr=0x7ef1e128a000 len=0x1000 prot=0x7
[TRACE] caller=driver+0x47ec mprotect addr=0x7ef1e128a000 len=0x1000 prot=0x7
[TRACE] caller=driver+0x47ec mprotect addr=0x7ef1e128b000 len=0x1000 prot=0x7
[TRACE] caller=driver+0x47ec mprotect addr=0x7ef1e128b000 len=0x1000 prot=0x7
[TRACE] caller=driver+0x47ec mprotect addr=0x7ef1e128b000 len=0x1000 prot=0x7
[TRACE] caller=driver+0x47ec mprotect addr=0x7ef1e128b000 len=0x1000 prot=0x7
[TRACE] caller=driver+0x47ec mprotect addr=0x7ef1e128b000 len=0x1000 prot=0x7
[TRACE] caller=driver+0x47ec mprotect addr=0x7ef1e128c000 len=0x1000 prot=0x7
[TRACE] caller=driver+0x47ec mprotect addr=0x7ef1e128c000 len=0x1000 prot=0x7
[TRACE] caller=driver+0x47ec mprotect addr=0x7ef1e128c000 len=0x1000 prot=0x7
[TRACE] caller=driver+0x47ec mprotect addr=0x7ef1e128c000 len=0x1000 prot=0x7
[TRACE] caller=driver+0x47ec mprotect addr=0x7ef1e128c000 len=0x1000 prot=0x7
[TRACE] caller=driver+0x47ec mprotect addr=0x7ef1e128d000 len=0x1000 prot=0x7
[TRACE] caller=driver+0x47ec mprotect addr=0x7ef1e128d000 len=0x1000 prot=0x7
[TRACE] caller=driver+0x47ec mprotect addr=0x7ef1e128e000 len=0x1000 prot=0x7
[TRACE] caller=driver+0x47ec mprotect addr=0x7ef1e128e000 len=0x1000 prot=0x7
[TRACE] caller=driver+0x47ec mprotect addr=0x7ef1e128e000 len=0x1000 prot=0x7
[TRACE] caller=driver+0x47ec mprotect addr=0x7ef1e128e000 len=0x1000 prot=0x7
[TRACE] caller=driver+0x47ec mprotect addr=0x7ef1e128f000 len=0x1000 prot=0x7
[TRACE] caller=driver+0x47ec mprotect addr=0x7ef1e128f000 len=0x1000 prot=0x7
[TRACE] caller=driver+0x47ec mprotect addr=0x7ef1e128f000 len=0x1000 prot=0x7
[TRACE] caller=driver+0x47ec mprotect addr=0x7ef1e128f000 len=0x1000 prot=0x7
[TRACE] caller=driver+0x47ec mprotect addr=0x7ef1e1290000 len=0x1000 prot=0x7
[TRACE] caller=driver+0x47ec mprotect addr=0x7ef1e1290000 len=0x1000 prot=0x7
[TRACE] caller=driver+0x47ec mprotect addr=0x7ef1e1290000 len=0x1000 prot=0x7
[TRACE] caller=driver+0x47ec mprotect addr=0x7ef1e1290000 len=0x1000 prot=0x7
[TRACE] caller=driver+0x47ec mprotect addr=0x7ef1e1290000 len=0x1000 prot=0x7
[TRACE] caller=driver+0x47ec mprotect addr=0x7ef1e1291000 len=0x1000 prot=0x7
[TRACE] caller=driver+0x47ec mprotect addr=0x7ef1e1291000 len=0x1000 prot=0x7
[TRACE] caller=driver+0x47ec mprotect addr=0x7ef1e1291000 len=0x1000 prot=0x7
[TRACE] caller=driver+0x47ec mprotect addr=0x7ef1e1291000 len=0x1000 prot=0x7
[TRACE] caller=driver+0x47ec mprotect addr=0x7ef1e1291000 len=0x1000 prot=0x7
[TRACE] caller=driver+0x47ec mprotect addr=0x7ef1e1292000 len=0x1000 prot=0x7
[TRACE] caller=driver+0x47ec mprotect addr=0x7ef1e1292000 len=0x1000 prot=0x7
[TRACE] caller=driver+0x47ec mprotect addr=0x7ef1e1292000 len=0x1000 prot=0x7
[TRACE] caller=driver+0x47ec mprotect addr=0x7ef1e1292000 len=0x1000 prot=0x7
[TRACE] caller=driver+0x47ec mprotect addr=0x7ef1e1293000 len=0x1000 prot=0x7
[TRACE] caller=driver+0x47ec mprotect addr=0x7ef1e1293000 len=0x1000 prot=0x7
[TRACE] caller=driver+0x47ec mprotect addr=0x7ef1e1293000 len=0x1000 prot=0x7
[TRACE] caller=driver+0x47ec mprotect addr=0x7ef1e1294000 len=0x1000 prot=0x7
[TRACE] caller=driver+0x47ec mprotect addr=0x7ef1e1294000 len=0x1000 prot=0x7
[TRACE] caller=driver+0x47ec mprotect addr=0x7ef1e1294000 len=0x1000 prot=0x7
[TRACE] caller=driver+0x47ec mprotect addr=0x7ef1e1294000 len=0x1000 prot=0x7
[TRACE] caller=driver+0x47ec mprotect addr=0x7ef1e1294000 len=0x1000 prot=0x7
[TRACE] caller=driver+0x47ec mprotect addr=0x7ef1e1295000 len=0x1000 prot=0x7
[TRACE] caller=driver+0x47ec mprotect addr=0x7ef1e1295000 len=0x1000 prot=0x7
[TRACE] caller=driver+0x47ec mprotect addr=0x7ef1e1295000 len=0x1000 prot=0x7
[TRACE] caller=driver+0x47ec mprotect addr=0x7ef1e1295000 len=0x1000 prot=0x7
[TRACE] caller=driver+0x47ec mprotect addr=0x7ef1e1296000 len=0x1000 prot=0x7
[TRACE] caller=driver+0x47ec mprotect addr=0x7ef1e1296000 len=0x1000 prot=0x7
[TRACE] caller=driver+0x47ec mprotect addr=0x7ef1e1296000 len=0x1000 prot=0x7
[TRACE] caller=driver+0x47ec mprotect addr=0x7ef1e1296000 len=0x1000 prot=0x7
[TRACE] caller=driver+0x47ec mprotect addr=0x7ef1e1297000 len=0x1000 prot=0x7
[TRACE] caller=driver+0x47ec mprotect addr=0x7ef1e1297000 len=0x1000 prot=0x7
[TRACE] caller=driver+0x47ec mprotect addr=0x7ef1e1297000 len=0x1000 prot=0x7
[TRACE] caller=driver+0x47ec mprotect addr=0x7ef1e1297000 len=0x1000 prot=0x7
[TRACE] caller=driver+0x47ec mprotect addr=0x7ef1e1298000 len=0x1000 prot=0x7
[TRACE] caller=driver+0x47ec mprotect addr=0x7ef1e1298000 len=0x1000 prot=0x7
[TRACE] caller=driver+0x47ec mprotect addr=0x7ef1e1298000 len=0x1000 prot=0x7
[TRACE] caller=driver+0x47ec mprotect addr=0x7ef1e1299000 len=0x1000 prot=0x7
[TRACE] caller=driver+0x47ec mprotect addr=0x7ef1e1299000 len=0x1000 prot=0x7
[TRACE] caller=driver+0x47ec mprotect addr=0x7ef1e1299000 len=0x1000 prot=0x7
[TRACE] caller=driver+0x47ec mprotect addr=0x7ef1e1299000 len=0x1000 prot=0x7
[TRACE] caller=driver+0x47ec mprotect addr=0x7ef1e1299000 len=0x1000 prot=0x7
[TRACE] caller=driver+0x47ec mprotect addr=0x7ef1e1299000 len=0x1000 prot=0x7
[TRACE] caller=driver+0x47ec mprotect addr=0x7ef1e129a000 len=0x1000 prot=0x7
[TRACE] caller=driver+0x47ec mprotect addr=0x7ef1e129a000 len=0x1000 prot=0x7
[TRACE] caller=driver+0x47ec mprotect addr=0x7ef1e129a000 len=0x1000 prot=0x7
[TRACE] caller=driver+0x47ec mprotect addr=0x7ef1e129a000 len=0x1000 prot=0x7
[TRACE] caller=driver+0x47ec mprotect addr=0x7ef1e129b000 len=0x1000 prot=0x7
[TRACE] caller=driver+0x47ec mprotect addr=0x7ef1e129b000 len=0x1000 prot=0x7
[TRACE] caller=driver+0x47ec mprotect addr=0x7ef1e129b000 len=0x1000 prot=0x7
[TRACE] caller=driver+0x47ec mprotect addr=0x7ef1e129c000 len=0x1000 prot=0x7
[TRACE] caller=driver+0x47ec mprotect addr=0x7ef1e129c000 len=0x1000 prot=0x7
[TRACE] caller=driver+0x47ec mprotect addr=0x7ef1e129c000 len=0x1000 prot=0x7
[TRACE] caller=driver+0x47ec mprotect addr=0x7ef1e129c000 len=0x1000 prot=0x7
[TRACE] caller=driver+0x47ec mprotect addr=0x7ef1e129d000 len=0x1000 prot=0x7
[TRACE] caller=driver+0x47ec mprotect addr=0x7ef1e129d000 len=0x1000 prot=0x7
[TRACE] caller=driver+0x47ec mprotect addr=0x7ef1e129d000 len=0x1000 prot=0x7
[TRACE] caller=driver+0x47ec mprotect addr=0x7ef1e129d000 len=0x1000 prot=0x7
[TRACE] caller=driver+0x47ec mprotect addr=0x7ef1e129d000 len=0x1000 prot=0x7
[TRACE] caller=driver+0x47ec mprotect addr=0x7ef1e129d000 len=0x1000 prot=0x7
[TRACE] caller=driver+0x47ec mprotect addr=0x7ef1e129e000 len=0x1000 prot=0x7
[TRACE] caller=driver+0x47ec mprotect addr=0x7ef1e129e000 len=0x1000 prot=0x7
[TRACE] caller=driver+0x47ec mprotect addr=0x7ef1e129e000 len=0x1000 prot=0x7
[TRACE] caller=driver+0x47ec mprotect addr=0x7ef1e129e000 len=0x1000 prot=0x7
[TRACE] caller=driver+0x47ec mprotect addr=0x7ef1e129e000 len=0x1000 prot=0x7
[TRACE] caller=driver+0x47ec mprotect addr=0x7ef1e129f000 len=0x1000 prot=0x7
[TRACE] caller=driver+0x47ec mprotect addr=0x7ef1e129f000 len=0x1000 prot=0x7
[TRACE] caller=driver+0x47ec mprotect addr=0x7ef1e129f000 len=0x1000 prot=0x7
[TRACE] caller=driver+0x47ec mprotect addr=0x7ef1e12a0000 len=0x1000 prot=0x7
[TRACE] caller=driver+0x47ec mprotect addr=0x7ef1e12a0000 len=0x1000 prot=0x7
[TRACE] caller=driver+0x47ec mprotect addr=0x7ef1e12a0000 len=0x1000 prot=0x7
[TRACE] caller=driver+0x47ec mprotect addr=0x7ef1e12a0000 len=0x1000 prot=0x7
[TRACE] caller=driver+0x47ec mprotect addr=0x7ef1e12a1000 len=0x1000 prot=0x7
[TRACE] caller=driver+0x47ec mprotect addr=0x7ef1e12a1000 len=0x1000 prot=0x7
[TRACE] caller=driver+0x47ec mprotect addr=0x7ef1e12a1000 len=0x1000 prot=0x7
[TRACE] caller=driver+0x47ec mprotect addr=0x7ef1e12a1000 len=0x1000 prot=0x7
[TRACE] caller=driver+0x47ec mprotect addr=0x7ef1e12a2000 len=0x1000 prot=0x7
[TRACE] caller=driver+0x47ec mprotect addr=0x7ef1e12a2000 len=0x1000 prot=0x7
[TRACE] caller=driver+0x47ec mprotect addr=0x7ef1e12a2000 len=0x1000 prot=0x7
[TRACE] caller=driver+0x47ec mprotect addr=0x7ef1e12a3000 len=0x1000 prot=0x7
[TRACE] caller=driver+0x47ec mprotect addr=0x7ef1e12a3000 len=0x1000 prot=0x7
[TRACE] caller=driver+0x47ec mprotect addr=0x7ef1e12a3000 len=0x1000 prot=0x7
[TRACE] caller=driver+0x47ec mprotect addr=0x7ef1e12a3000 len=0x1000 prot=0x7
[TRACE] caller=driver+0x47ec mprotect addr=0x7ef1e12a4000 len=0x1000 prot=0x7
[TRACE] caller=driver+0x47ec mprotect addr=0x7ef1e12a4000 len=0x1000 prot=0x7
[TRACE] caller=driver+0x47ec mprotect addr=0x7ef1e12a4000 len=0x1000 prot=0x7
[TRACE] caller=driver+0x47ec mprotect addr=0x7ef1e12a5000 len=0x1000 prot=0x7
[TRACE] caller=driver+0x47ec mprotect addr=0x7ef1e12a5000 len=0x1000 prot=0x7
[TRACE] caller=driver+0x47ec mprotect addr=0x7ef1e12a5000 len=0x1000 prot=0x7
[TRACE] caller=driver+0x47ec mprotect addr=0x7ef1e12a6000 len=0x1000 prot=0x7
[TRACE] caller=driver+0x47ec mprotect addr=0x7ef1e12a6000 len=0x1000 prot=0x7
[TRACE] caller=driver+0x47ec mprotect addr=0x7ef1e12a6000 len=0x1000 prot=0x7
[TRACE] caller=driver+0x47ec mprotect addr=0x7ef1e12a6000 len=0x1000 prot=0x7
[TRACE] caller=driver+0x47ec mprotect addr=0x7ef1e12a7000 len=0x1000 prot=0x7
[TRACE] caller=driver+0x47ec mprotect addr=0x7ef1e12a7000 len=0x1000 prot=0x7
[TRACE] caller=driver+0x47ec mprotect addr=0x7ef1e12a7000 len=0x1000 prot=0x7
[TRACE] caller=driver+0x47ec mprotect addr=0x7ef1e12a7000 len=0x1000 prot=0x7
[TRACE] caller=driver+0x47ec mprotect addr=0x7ef1e12a8000 len=0x1000 prot=0x7
[TRACE] caller=driver+0x47ec mprotect addr=0x7ef1e12a8000 len=0x1000 prot=0x7
[TRACE] caller=driver+0x47ec mprotect addr=0x7ef1e12a8000 len=0x1000 prot=0x7
[TRACE] caller=driver+0x47ec mprotect addr=0x7ef1e12a8000 len=0x1000 prot=0x7
[TRACE] caller=driver+0x47ec mprotect addr=0x7ef1e12a9000 len=0x1000 prot=0x7
[TRACE] caller=driver+0x47ec mprotect addr=0x7ef1e12a9000 len=0x1000 prot=0x7
[TRACE] caller=driver+0x47ec mprotect addr=0x7ef1e12a9000 len=0x1000 prot=0x7
[TRACE] caller=driver+0x47ec mprotect addr=0x7ef1e12a9000 len=0x1000 prot=0x7
[TRACE] caller=driver+0x47ec mprotect addr=0x7ef1e12aa000 len=0x1000 prot=0x7
[TRACE] caller=driver+0x47ec mprotect addr=0x7ef1e12aa000 len=0x1000 prot=0x7
[TRACE] caller=driver+0x47ec mprotect addr=0x7ef1e12aa000 len=0x1000 prot=0x7
[TRACE] caller=driver+0x47ec mprotect addr=0x7ef1e12ab000 len=0x1000 prot=0x7
[TRACE] caller=driver+0x47ec mprotect addr=0x7ef1e12ab000 len=0x1000 prot=0x7
[TRACE] caller=driver+0x47ec mprotect addr=0x7ef1e12ab000 len=0x1000 prot=0x7
[TRACE] caller=driver+0x47ec mprotect addr=0x7ef1e12ac000 len=0x1000 prot=0x7
[TRACE] caller=driver+0x47ec mprotect addr=0x7ef1e12ac000 len=0x1000 prot=0x7
[TRACE] caller=driver+0x47ec mprotect addr=0x7ef1e12ac000 len=0x1000 prot=0x7
[TRACE] caller=driver+0x47ec mprotect addr=0x7ef1e12ac000 len=0x1000 prot=0x7
[TRACE] caller=driver+0x47ec mprotect addr=0x7ef1e12ac000 len=0x1000 prot=0x7
[TRACE] caller=driver+0x47ec mprotect addr=0x7ef1e12ad000 len=0x1000 prot=0x7
[TRACE] caller=driver+0x47ec mprotect addr=0x7ef1e12ad000 len=0x1000 prot=0x7
[TRACE] caller=driver+0x47ec mprotect addr=0x7ef1e12ad000 len=0x1000 prot=0x7
[TRACE] caller=driver+0x47ec mprotect addr=0x7ef1e12ad000 len=0x1000 prot=0x7
[TRACE] caller=driver+0x47ec mprotect addr=0x7ef1e12ad000 len=0x1000 prot=0x7
[TRACE] caller=driver+0x47ec mprotect addr=0x7ef1e12ae000 len=0x1000 prot=0x7
[TRACE] caller=driver+0x47ec mprotect addr=0x7ef1e12ae000 len=0x1000 prot=0x7
[TRACE] caller=driver+0x47ec mprotect addr=0x7ef1e12ae000 len=0x1000 prot=0x7
[TRACE] caller=driver+0x47ec mprotect addr=0x7ef1e12ae000 len=0x1000 prot=0x7
[TRACE] caller=driver+0x47ec mprotect addr=0x7ef1e12af000 len=0x1000 prot=0x7
[TRACE] caller=driver+0x47ec mprotect addr=0x7ef1e12af000 len=0x1000 prot=0x7
[TRACE] caller=driver+0x47ec mprotect addr=0x7ef1e12af000 len=0x1000 prot=0x7
[TRACE] caller=driver+0x47ec mprotect addr=0x7ef1e12af000 len=0x1000 prot=0x7
[TRACE] caller=driver+0x47ec mprotect addr=0x7ef1e12b0000 len=0x1000 prot=0x7
[TRACE] caller=driver+0x47ec mprotect addr=0x7ef1e12b0000 len=0x1000 prot=0x7
[TRACE] caller=driver+0x47ec mprotect addr=0x7ef1e12b0000 len=0x1000 prot=0x7
[TRACE] caller=driver+0x47ec mprotect addr=0x7ef1e12b0000 len=0x1000 prot=0x7
[TRACE] caller=driver+0x47ec mprotect addr=0x7ef1e12b1000 len=0x1000 prot=0x7
[TRACE] caller=driver+0x47ec mprotect addr=0x7ef1e12b1000 len=0x1000 prot=0x7
[TRACE] caller=driver+0x47ec mprotect addr=0x7ef1e12b1000 len=0x1000 prot=0x7
[TRACE] caller=driver+0x47ec mprotect addr=0x7ef1e12b1000 len=0x1000 prot=0x7
[TRACE] caller=driver+0x47ec mprotect addr=0x7ef1e12b1000 len=0x1000 prot=0x7
[TRACE] caller=driver+0x47ec mprotect addr=0x7ef1e12b2000 len=0x1000 prot=0x7
[TRACE] caller=driver+0x47ec mprotect addr=0x7ef1e12b2000 len=0x1000 prot=0x7
[TRACE] caller=driver+0x47ec mprotect addr=0x7ef1e12b3000 len=0x1000 prot=0x7
[TRACE] caller=driver+0x47ec mprotect addr=0x7ef1e12b3000 len=0x1000 prot=0x7
[TRACE] caller=driver+0x47ec mprotect addr=0x7ef1e12b3000 len=0x1000 prot=0x7
[TRACE] caller=driver+0x47ec mprotect addr=0x7ef1e12b3000 len=0x1000 prot=0x7
[TRACE] caller=driver+0x47ec mprotect addr=0x7ef1e12b4000 len=0x1000 prot=0x7
[TRACE] caller=driver+0x47ec mprotect addr=0x7ef1e12b4000 len=0x1000 prot=0x7
[TRACE] caller=driver+0x47ec mprotect addr=0x7ef1e12b4000 len=0x1000 prot=0x7
[TRACE] caller=driver+0x47ec mprotect addr=0x7ef1e12b4000 len=0x1000 prot=0x7
[TRACE] caller=driver+0x47ec mprotect addr=0x7ef1e12b4000 len=0x1000 prot=0x7
[TRACE] caller=driver+0x47ec mprotect addr=0x7ef1e12b5000 len=0x1000 prot=0x7
[TRACE] caller=driver+0x47ec mprotect addr=0x7ef1e12b5000 len=0x1000 prot=0x7
[TRACE] caller=driver+0x47ec mprotect addr=0x7ef1e12b5000 len=0x1000 prot=0x7
[TRACE] caller=driver+0x47ec mprotect addr=0x7ef1e12b6000 len=0x1000 prot=0x7
[TRACE] caller=driver+0x47ec mprotect addr=0x7ef1e12b6000 len=0x1000 prot=0x7
[TRACE] caller=driver+0x47ec mprotect addr=0x7ef1e12b6000 len=0x1000 prot=0x7
[TRACE] caller=driver+0x47ec mprotect addr=0x7ef1e12b6000 len=0x1000 prot=0x7
[TRACE] caller=driver+0x47ec mprotect addr=0x7ef1e12b6000 len=0x1000 prot=0x7
[TRACE] caller=driver+0x47ec mprotect addr=0x7ef1e12b7000 len=0x1000 prot=0x7
[TRACE] caller=driver+0x47ec mprotect addr=0x7ef1e12b7000 len=0x1000 prot=0x7
[TRACE] caller=driver+0x47ec mprotect addr=0x7ef1e12b7000 len=0x1000 prot=0x7
[TRACE] caller=driver+0x47ec mprotect addr=0x7ef1e12b7000 len=0x1000 prot=0x7
[TRACE] caller=driver+0x47ec mprotect addr=0x7ef1e12b8000 len=0x1000 prot=0x7
[TRACE] caller=driver+0x47ec mprotect addr=0x7ef1e12b8000 len=0x1000 prot=0x7
[TRACE] caller=driver+0x47ec mprotect addr=0x7ef1e12b8000 len=0x1000 prot=0x7
[TRACE] caller=driver+0x47ec mprotect addr=0x7ef1e12b8000 len=0x1000 prot=0x7
[TRACE] caller=driver+0x47ec mprotect addr=0x7ef1e12b8000 len=0x1000 prot=0x7
[TRACE] caller=driver+0x47ec mprotect addr=0x7ef1e12b9000 len=0x1000 prot=0x7
[TRACE] caller=driver+0x47ec mprotect addr=0x7ef1e12b9000 len=0x1000 prot=0x7
[TRACE] caller=driver+0x47ec mprotect addr=0x7ef1e12ba000 len=0x1000 prot=0x7
[TRACE] caller=driver+0x47ec mprotect addr=0x7ef1e12ba000 len=0x1000 prot=0x7
[TRACE] caller=driver+0x47ec mprotect addr=0x7ef1e12ba000 len=0x1000 prot=0x7
[TRACE] caller=driver+0x47ec mprotect addr=0x7ef1e12bb000 len=0x1000 prot=0x7
[TRACE] caller=driver+0x47ec mprotect addr=0x7ef1e12bb000 len=0x1000 prot=0x7
[TRACE] caller=driver+0x47ec mprotect addr=0x7ef1e12bc000 len=0x1000 prot=0x7
[TRACE] caller=driver+0x47ec mprotect addr=0x7ef1e12bc000 len=0x1000 prot=0x7
[TRACE] caller=driver+0x47ec mprotect addr=0x7ef1e12bc000 len=0x1000 prot=0x7
[TRACE] caller=driver+0x47ec mprotect addr=0x7ef1e12bc000 len=0x1000 prot=0x7
[TRACE] caller=driver+0x47ec mprotect addr=0x7ef1e12bc000 len=0x1000 prot=0x7
[TRACE] caller=driver+0x47ec mprotect addr=0x7ef1e12bc000 len=0x1000 prot=0x7
[TRACE] caller=driver+0x47ec mprotect addr=0x7ef1e12bd000 len=0x1000 prot=0x7
[TRACE] caller=driver+0x47ec mprotect addr=0x7ef1e12bd000 len=0x1000 prot=0x7
[TRACE] caller=driver+0x47ec mprotect addr=0x7ef1e12bd000 len=0x1000 prot=0x7
[TRACE] caller=driver+0x47ec mprotect addr=0x7ef1e12be000 len=0x1000 prot=0x7
[TRACE] caller=driver+0x47ec mprotect addr=0x7ef1e12be000 len=0x1000 prot=0x7
[TRACE] caller=driver+0x47ec mprotect addr=0x7ef1e12be000 len=0x1000 prot=0x7
[TRACE] caller=driver+0x47ec mprotect addr=0x7ef1e12bf000 len=0x1000 prot=0x7
[TRACE] caller=driver+0x47ec mprotect addr=0x7ef1e12bf000 len=0x1000 prot=0x7
[TRACE] caller=driver+0x47ec mprotect addr=0x7ef1e12bf000 len=0x1000 prot=0x7
[TRACE] caller=driver+0x47ec mprotect addr=0x7ef1e12bf000 len=0x1000 prot=0x7
[TRACE] caller=driver+0x47ec mprotect addr=0x7ef1e12bf000 len=0x1000 prot=0x7
[TRACE] caller=driver+0x47ec mprotect addr=0x7ef1e12bf000 len=0x1000 prot=0x7
[TRACE] caller=driver+0x47ec mprotect addr=0x7ef1e12c0000 len=0x1000 prot=0x7
[TRACE] caller=driver+0x47ec mprotect addr=0x7ef1e12c0000 len=0x1000 prot=0x7
[TRACE] caller=driver+0x47ec mprotect addr=0x7ef1e12c0000 len=0x1000 prot=0x7
[TRACE] caller=driver+0x47ec mprotect addr=0x7ef1e12c0000 len=0x1000 prot=0x7
[TRACE] caller=driver+0x47ec mprotect addr=0x7ef1e12c1000 len=0x1000 prot=0x7
[TRACE] caller=driver+0x47ec mprotect addr=0x7ef1e12c1000 len=0x1000 prot=0x7
[TRACE] caller=driver+0x47ec mprotect addr=0x7ef1e12c1000 len=0x1000 prot=0x7
[TRACE] caller=driver+0x47ec mprotect addr=0x7ef1e12c1000 len=0x1000 prot=0x7
[TRACE] caller=driver+0x47ec mprotect addr=0x7ef1e12c2000 len=0x1000 prot=0x7
[TRACE] caller=driver+0x47ec mprotect addr=0x7ef1e12c2000 len=0x1000 prot=0x7
[TRACE] caller=driver+0x47ec mprotect addr=0x7ef1e12c3000 len=0x1000 prot=0x7
[TRACE] caller=driver+0x47ec mprotect addr=0x7ef1e12c3000 len=0x1000 prot=0x7
[DRIVER] dispatch trace enabled base=0x7ef1e1200000 dispatch_sites=2 limit=1 detail=0 tail=1 tail_regs=1 tail_scratch=1 tail_mem=0 tail_limit=64 tail_sites=311 scratch_offsets=26 read_ranges=54 focus_ips=4 focus_sites=0 stop_after_matches=4 dispatch_focus_sites=0 dispatch_stop_after_matches=0 probe=0 probe_sites=0 probe_limit=4096 probe_stop_after_matches=0
[DRIVER] dispatch site +0xc80b9
[DRIVER] dispatch site +0xcdac7
[DRIVER] tail site +0x8173b -> rax
[DRIVER] tail site +0x8a49b -> r8
[DRIVER] tail site +0x9a46b -> r9
[DRIVER] tail site +0x9b0c5 -> r10
[DRIVER] tail site +0x9b687 -> r14
[DRIVER] tail site +0xb86f5 -> r13
[DRIVER] tail site +0xbb8a8 -> rax
[DRIVER] tail site +0xbba0c -> r12
[DRIVER] tail site +0xc240d -> rdx
[DRIVER] tail site +0x9c3f4 -> r13
[DRIVER] tail site +0xa0068 -> r10
[DRIVER] tail site +0xb265e -> r10
[DRIVER] tail site +0xb708a -> r12
[DRIVER] tail site +0xc2d35 -> rbx
[DRIVER] tail site +0x78833 -> rdx
[DRIVER] tail site +0x78c74 -> r12
[DRIVER] tail site +0x792f5 -> r15
[DRIVER] tail site +0x79672 -> r10
[DRIVER] tail site +0x799c4 -> r14
[DRIVER] tail site +0x79da1 -> rax
[DRIVER] tail site +0x7a04c -> r8
[DRIVER] tail site +0x7a4d6 -> rdx
[DRIVER] tail site +0x7acd6 -> rsi
[DRIVER] tail site +0x7aee6 -> rax
[DRIVER] tail site +0x7b3bb -> r12
[DRIVER] tail site +0x7b6c9 -> rbx
[DRIVER] tail site +0x7bae7 -> rdx
[DRIVER] tail site +0x7be98 -> r14
[DRIVER] tail site +0x7c308 -> rsi
[DRIVER] tail site +0x7c628 -> r12
[DRIVER] tail site +0x7ca96 -> rcx
[DRIVER] tail site +0x7d004 -> r14
[DRIVER] tail site +0x7d5e9 -> r9
[DRIVER] tail site +0x7d93f -> rcx
[DRIVER] tail site +0x7dbb8 -> r12
[DRIVER] tail site +0x7dfbd -> rdi
[DRIVER] tail site +0x7e38d -> r10
[DRIVER] tail site +0x7e7ca -> r11
[DRIVER] tail site +0x7ecd0 -> rdi
[DRIVER] tail site +0x7efa6 -> rax
[DRIVER] tail site +0x7f7c1 -> r8
[DRIVER] tail site +0x7fba1 -> rdi
[DRIVER] tail site +0x7fd4a -> r13
[DRIVER] tail site +0x8009e -> r8
[DRIVER] tail site +0x80682 -> r15
[DRIVER] tail site +0x80d77 -> rdx
[DRIVER] tail site +0x80ef3 -> r8
[DRIVER] tail site +0x8115a -> r9
[DRIVER] tail site +0x8129b -> rcx
[DRIVER] tail site +0x815e7 -> r15
[DRIVER] tail site +0x81b7c -> r8
[DRIVER] tail site +0x81f2c -> rbx
[DRIVER] tail site +0x820df -> rcx
[DRIVER] tail site +0x822b9 -> r9
[DRIVER] tail site +0x82474 -> r11
[DRIVER] tail site +0x8281e -> rdx
[DRIVER] tail site +0x82e73 -> r8
[DRIVER] tail site +0x833c5 -> rdx
[DRIVER] tail site +0x8371b -> rcx
[DRIVER] tail site +0x83b3d -> r12
[DRIVER] tail site +0x83e73 -> r9
[DRIVER] tail site +0x841f6 -> r14
[DRIVER] tail site +0x84289 -> r9
[DRIVER] tail site +0x84593 -> r11
[DRIVER] tail site +0x84760 -> rdx
[DRIVER] tail site +0x84aa0 -> r8
[DRIVER] tail site +0x84e1b -> rax
[DRIVER] tail site +0x85056 -> r9
[DRIVER] tail site +0x8536e -> r13
[DRIVER] tail site +0x855fc -> r13
[DRIVER] tail site +0x859f9 -> r8
[DRIVER] tail site +0x85b87 -> rax
[DRIVER] tail site +0x85f22 -> rsi
[DRIVER] tail site +0x86763 -> r8
[DRIVER] tail site +0x868bb -> rsi
[DRIVER] tail site +0x86be2 -> rdx
[DRIVER] tail site +0x86d40 -> r13
[DRIVER] tail site +0x873fa -> rsi
[DRIVER] tail site +0x87c25 -> r14
[DRIVER] tail site +0x8812f -> rdi
[DRIVER] tail site +0x883be -> rbx
[DRIVER] tail site +0x88a55 -> r10
[DRIVER] tail site +0x8920b -> r15
[DRIVER] tail site +0x89478 -> r8
[DRIVER] tail site +0x89839 -> rdi
[DRIVER] tail site +0x89b35 -> rsi
[DRIVER] tail site +0x8a37d -> rdi
[DRIVER] tail site +0x8aa11 -> r14
[DRIVER] tail site +0x8b026 -> rsi
[DRIVER] tail site +0x8b332 -> rcx
[DRIVER] tail site +0x8b6db -> r12
[DRIVER] tail site +0x8b8c9 -> rdx
[DRIVER] tail site +0x8bcec -> r13
[DRIVER] tail site +0x8c41a -> rbx
[DRIVER] tail site +0x8c5b7 -> rdi
[DRIVER] tail site +0x8c8e9 -> r11
[DRIVER] tail site +0x8cc7f -> rax
[DRIVER] tail site +0x8ceb2 -> rdi
[DRIVER] tail site +0x8d71b -> rcx
[DRIVER] tail site +0x8df99 -> r11
[DRIVER] tail site +0x8e2ed -> rcx
[DRIVER] tail site +0x8e6b2 -> rsi
[DRIVER] tail site +0x8eb77 -> rdx
[DRIVER] tail site +0x8eef1 -> r9
[DRIVER] tail site +0x8f248 -> r9
[DRIVER] tail site +0x8f6cf -> rcx
[DRIVER] tail site +0x8f831 -> r8
[DRIVER] tail site +0x8faea -> rdi
[DRIVER] tail site +0x9026c -> r9
[DRIVER] tail site +0x90893 -> rdi
[DRIVER] tail site +0x90a18 -> r12
[DRIVER] tail site +0x90c21 -> rax
[DRIVER] tail site +0x90eb9 -> r11
[DRIVER] tail site +0x91067 -> r11
[DRIVER] tail site +0x91377 -> rbx
[DRIVER] tail site +0x9170b -> rdx
[DRIVER] tail site +0x91a57 -> rdx
[DRIVER] tail site +0x91e7f -> rdx
[DRIVER] tail site +0x922c1 -> r12
[DRIVER] tail site +0x92612 -> r14
[DRIVER] tail site +0x92998 -> r14
[DRIVER] tail site +0x92f1f -> rdx
[DRIVER] tail site +0x931d0 -> r11
[DRIVER] tail site +0x937cd -> r13
[DRIVER] tail site +0x93f76 -> r14
[DRIVER] tail site +0x94475 -> r11
[DRIVER] tail site +0x94619 -> rdx
[DRIVER] tail site +0x94970 -> r13
[DRIVER] tail site +0x94c38 -> rax
[DRIVER] tail site +0x94ddc -> r15
[DRIVER] tail site +0x951c0 -> rsi
[DRIVER] tail site +0x953af -> rsi
[DRIVER] tail site +0x957d6 -> r11
[DRIVER] tail site +0x95b59 -> r8
[DRIVER] tail site +0x9634f -> r12
[DRIVER] tail site +0x96915 -> r12
[DRIVER] tail site +0x96b6b -> r12
[DRIVER] tail site +0x96eb1 -> r14
[DRIVER] tail site +0x9730e -> r10
[DRIVER] tail site +0x97689 -> r11
[DRIVER] tail site +0x979a8 -> r13
[DRIVER] tail site +0x97ce3 -> r9
[DRIVER] tail site +0x980a9 -> rax
[DRIVER] tail site +0x98351 -> r13
[DRIVER] tail site +0x98a98 -> rdi
[DRIVER] tail site +0x99026 -> r9
[DRIVER] tail site +0x992ca -> r13
[DRIVER] tail site +0x994cc -> r11
[DRIVER] tail site +0x99757 -> r8
[DRIVER] tail site +0x99b3a -> rax
[DRIVER] tail site +0x99e1e -> r15
[DRIVER] tail site +0x9a249 -> r14
[DRIVER] tail site +0x9a8cf -> r12
[DRIVER] tail site +0x9aa81 -> rdx
[DRIVER] tail site +0x9af16 -> rdi
[DRIVER] tail site +0x9b4b0 -> r10
[DRIVER] tail site +0x9ba72 -> rsi
[DRIVER] tail site +0x9bd8c -> r11
[DRIVER] tail site +0x9c08c -> r15
[DRIVER] tail site +0x9c748 -> rcx
[DRIVER] tail site +0x9ca8a -> r9
[DRIVER] tail site +0x9cf2f -> r12
[DRIVER] tail site +0x9d13d -> rdx
[DRIVER] tail site +0x9d24a -> rax
[DRIVER] tail site +0x9d492 -> r15
[DRIVER] tail site +0x9d692 -> rcx
[DRIVER] tail site +0x9d961 -> r13
[DRIVER] tail site +0x9dcab -> r10
[DRIVER] tail site +0x9e07a -> r8
[DRIVER] tail site +0x9e333 -> r10
[DRIVER] tail site +0x9e7ac -> r9
[DRIVER] tail site +0x9eac9 -> rdx
[DRIVER] tail site +0x9ede7 -> rax
[DRIVER] tail site +0x9f007 -> r15
[DRIVER] tail site +0x9f779 -> r14
[DRIVER] tail site +0x9faa2 -> rbx
[DRIVER] tail site +0xa037b -> r8
[DRIVER] tail site +0xa062e -> r14
[DRIVER] tail site +0xa0a9c -> rax
[DRIVER] tail site +0xa0dc7 -> r10
[DRIVER] tail site +0xa13d3 -> r10
[DRIVER] tail site +0xa1936 -> r12
[DRIVER] tail site +0xa1a92 -> r12
[DRIVER] tail site +0xa1ecd -> rbx
[DRIVER] tail site +0xa235e -> r14
[DRIVER] tail site +0xa2933 -> rbx
[DRIVER] tail site +0xa2da1 -> rdi
[DRIVER] tail site +0xa35dd -> r13
[DRIVER] tail site +0xa3a49 -> rdx
[DRIVER] tail site +0xa3dc4 -> r14
[DRIVER] tail site +0xa3fe7 -> rdx
[DRIVER] tail site +0xa4606 -> r13
[DRIVER] tail site +0xa4a5e -> r14
[DRIVER] tail site +0xa4df4 -> r14
[DRIVER] tail site +0xa5178 -> r12
[DRIVER] tail site +0xa5886 -> r10
[DRIVER] tail site +0xa5f3a -> rdi
[DRIVER] tail site +0xa646d -> r13
[DRIVER] tail site +0xa68bf -> r10
[DRIVER] tail site +0xa6af6 -> r14
[DRIVER] tail site +0xa6e53 -> rdx
[DRIVER] tail site +0xa71fb -> r8
[DRIVER] tail site +0xa757c -> r11
[DRIVER] tail site +0xa7999 -> rdi
[DRIVER] tail site +0xa7ef6 -> rsi
[DRIVER] tail site +0xa81c1 -> r12
[DRIVER] tail site +0xa844e -> rdi
[DRIVER] tail site +0xa87b4 -> rbx
[DRIVER] tail site +0xa8e1d -> rsi
[DRIVER] tail site +0xa94a3 -> rdx
[DRIVER] tail site +0xa991c -> rdx
[DRIVER] tail site +0xa9cf4 -> r8
[DRIVER] tail site +0xa9ff7 -> r8
[DRIVER] tail site +0xaa87a -> r13
[DRIVER] tail site +0xaab67 -> r8
[DRIVER] tail site +0xaaf3c -> rsi
[DRIVER] tail site +0xab13e -> r14
[DRIVER] tail site +0xab424 -> r12
[DRIVER] tail site +0xabc56 -> r9
[DRIVER] tail site +0xac10e -> rdx
[DRIVER] tail site +0xac43d -> r11
[DRIVER] tail site +0xac7ff -> r11
[DRIVER] tail site +0xacbc3 -> rbx
[DRIVER] tail site +0xacefb -> rsi
[DRIVER] tail site +0xad329 -> r8
[DRIVER] tail site +0xad766 -> rsi
[DRIVER] tail site +0xad847 -> rdi
[DRIVER] tail site +0xadbfa -> r9
[DRIVER] tail site +0xadf29 -> r14
[DRIVER] tail site +0xae32f -> r11
[DRIVER] tail site +0xae909 -> rbx
[DRIVER] tail site +0xaeda0 -> rcx
[DRIVER] tail site +0xaeeff -> r12
[DRIVER] tail site +0xaf26a -> r13
[DRIVER] tail site +0xaf4cc -> r13
[DRIVER] tail site +0xaf8ac -> r8
[DRIVER] tail site +0xafa1d -> rdx
[DRIVER] tail site +0xb0005 -> rax
[DRIVER] tail site +0xb0458 -> r15
[DRIVER] tail site +0xb092e -> rax
[DRIVER] tail site +0xb0e2d -> r12
[DRIVER] tail site +0xb11c7 -> r15
[DRIVER] tail site +0xb1545 -> r9
[DRIVER] tail site +0xb180b -> r11
[DRIVER] tail site +0xb1b2a -> r15
[DRIVER] tail site +0xb1fd3 -> rax
[DRIVER] tail site +0xb2340 -> rdi
[DRIVER] tail site +0xb2db4 -> rdx
[DRIVER] tail site +0xb3125 -> r12
[DRIVER] tail site +0xb360f -> r8
[DRIVER] tail site +0xb3799 -> rdi
[DRIVER] tail site +0xb3ff1 -> r9
[DRIVER] tail site +0xb42df -> r12
[DRIVER] tail site +0xb45cf -> r10
[DRIVER] tail site +0xb497e -> rdi
[DRIVER] tail site +0xb4bfe -> rdx
[DRIVER] tail site +0xb4eda -> r11
[DRIVER] tail site +0xb540d -> rdx
[DRIVER] tail site +0xb593d -> rbx
[DRIVER] tail site +0xb5d7a -> rcx
[DRIVER] tail site +0xb60dd -> r14
[DRIVER] tail site +0xb625a -> r15
[DRIVER] tail site +0xb64d5 -> rsi
[DRIVER] tail site +0xb68ff -> r13
[DRIVER] tail site +0xb6bb7 -> r10
[DRIVER] tail site +0xb7583 -> r8
[DRIVER] tail site +0xb7699 -> r12
[DRIVER] tail site +0xb78ad -> r9
[DRIVER] tail site +0xb7bb8 -> rax
[DRIVER] tail site +0xb8062 -> rbx
[DRIVER] tail site +0xb837a -> rcx
[DRIVER] tail site +0xb84a4 -> r10
[DRIVER] tail site +0xb8b3f -> r8
[DRIVER] tail site +0xb8fcc -> r14
[DRIVER] tail site +0xb944f -> rcx
[DRIVER] tail site +0xb9878 -> r12
[DRIVER] tail site +0xba0cc -> rax
[DRIVER] tail site +0xba680 -> r15
[DRIVER] tail site +0xbada2 -> r8
[DRIVER] tail site +0xbb1db -> rsi
[DRIVER] tail site +0xbb6e3 -> r8
[DRIVER] tail site +0xbc06b -> rdi
[DRIVER] tail site +0xbc31d -> r13
[DRIVER] tail site +0xbc464 -> rcx
[DRIVER] tail site +0xbc673 -> r11
[DRIVER] tail site +0xbc9b6 -> rdx
[DRIVER] tail site +0xbcfc5 -> r15
[DRIVER] tail site +0xbd36a -> r13
[DRIVER] tail site +0xbd8ad -> rsi
[DRIVER] tail site +0xbdd16 -> rcx
[DRIVER] tail site +0xbe55b -> rdx
[DRIVER] tail site +0xbe8ca -> r11
[DRIVER] tail site +0xbec0b -> r10
[DRIVER] tail site +0xbf126 -> rbx
[DRIVER] tail site +0xbf2d3 -> rsi
[DRIVER] tail site +0xbf433 -> rdx
[DRIVER] tail site +0xbf886 -> r15
[DRIVER] tail site +0xbfb96 -> r13
[DRIVER] tail site +0xbff68 -> rsi
[DRIVER] tail site +0xc02e2 -> rdi
[DRIVER] tail site +0xc0532 -> r14
[DRIVER] tail site +0xc088b -> rsi
[DRIVER] tail site +0xc0d7b -> rdi
[DRIVER] tail site +0xc1409 -> rsi
[DRIVER] tail site +0xc1923 -> r13
[DRIVER] tail site +0xc1d46 -> rdi
[DRIVER] tail site +0xc1ec2 -> rsi
[DRIVER] tail site +0xc21c0 -> r10
[DRIVER] tail site +0xc2917 -> r9
[DRIVER] tail site +0xc3403 -> r13
[DRIVER] tail site +0xc3716 -> rbx
[DRIVER] call x(buf=0x626b7dcdf010,len=0x800,mode=1,out=0x626b7dcdf820)
[DISPATCH] site=0xc80b9 count=1 slot=0x7ef1e12c39c8 slot_off=0xc39c8 idx=0x2b0 frame=0x7ef1e127836d frame_off=0x7836d vm_ip=0x7ef1e146cd71 vm_ip_off=0x26cd71 vm_flags=0x0 vm_state=0x0 vm_byte=0x0 target=0x7ef1e128a37f target_off=0x8a37f
[TRACE] caller=eac.elf+0x4c000b fopen path=/dev/urandom mode=rb
[TRACE] caller=eac.elf+0x4c000b fopen path=/dev/urandom mode=rb
[TRACE] caller=eac.elf+0x3376ac open path=/proc/1497061/comm flags=0x0
[TRACE] caller=eac.elf+0x334271 open path=/proc/1497061/cmdline flags=0x0
[TRACE] caller=eac.elf+0x33ae27 open path=/proc/1497061/status flags=0x0
[TRACE] caller=eac.elf+0x33d5f1 open path=/proc/self/maps flags=0x0
[DISPATCH] site=0xcdac7 count=1 slot=0x7ef1e12c4130 slot_off=0xc4130 idx=0xa18 frame=0x7ef1e127836d frame_off=0x7836d vm_ip=0x7ef1e153f278 vm_ip_off=0x33f278 vm_flags=0xd56bbddf vm_state=0xbffcd2b0 vm_byte=0x3a target=0x7ef1e12bb6e6 target_off=0xbb6e6
[TRACE] caller=eac.elf+0x58b24 open path=/proc/mounts flags=0x0
[VMTAIL] site=0x9b0c5 count=1 frame=0x7ef1e127836d frame_off=0x7836d vm_ip=0x7ef1e131db16 vm_ip_off=0x11db16 vm_flags=0x31d4d488 vm_state=0xdf5318f8 vm_byte=0x3a table=0x7ef1e12c3718 table_off=0xc3718 rax=0x0 rbx=0x0 rcx=0x7ef1e127847c rdx=0x7ef1e1278555 rsi=0x7ef1e12c4228 rdi=0x210 r8=0xb10 r9=0x893cff31119bdf33 r10=0x7ef1e12c2241 r11=0x7ef1e131db12 r12=0x7ef1e1278391 r13=0x7ef1e1278377 r14=0x626160042040 r15=0x626b66c72dc8 rbp=0x7ef1e127836d rsp=0x7ffe5ae551d8 fs0x0=0xda3afc9 fs0x12=0x7ef1e1e12ac001 fs0x60=0x7ffe5ae551b0 fs0x68=0x7ffe5ae551b0 fs0x71=0x7ffe752a369f fs0x81=0x7ef1c6e29f31 fs0xe1=0xf820000000000062 fs0x13d=0x206 fs0x16f=0xdf5318f801 fs0x1e8=0x7ffe5ae551d8 fs0x13=0x7ef1e1e12ac0 fs0x91=0x0 fs0xab=0x893cff31119bdf33 fs0xb3=0xffffffffffffffa8 fs0xcb=0x7ef1e207a000 fs0x19d=0x21d0 fs0x28=0x7ef1e1e12ac0 fs0x38=0x626b66c72dc8 fs0x79=0x861 fs0x89=0x0 fs0x99=0x1810 fs0xd3=0x7ef1e1e12ac8 fs0x107=0x626b7dcdf820 fs0x123=0x7ffe5ae55588 fs0x128=0x7f fs0x147=0x6 ip_w0=0xcb ip_w1=0x92a7 ip_w2=0x7635 ip_w3=0x1d24 ip_w4=0x99 ip_w5=0x85f0 ip_w6=0xceaa ip_w7=0xe81e ip_w8=0x5c01 ip_w9=0xe979 ip_w10=0x404e ip_w11=0x7205 ip_w12=0x587e ip_w13=0xcfbe ip_w14=0x1e8 ip_w15=0xc3c4 target=0x7ef1e12c2241 target_off=0xc2241
[VMTAIL] site=0x7e7ca count=2 frame=0x7ef1e127836d frame_off=0x7836d vm_ip=0x7ef1e131dc37 vm_ip_off=0x11dc37 vm_flags=0x3a17acf3 vm_state=0x85e0139c vm_byte=0x3a table=0x7ef1e12c3718 table_off=0xc3718 rax=0x3a17acf3 rbx=0x7ef1e12c3aa8 rcx=0x7ef1e1278377 rdx=0x7ef1e1278390 rsi=0x7ef1e1332ac2 rdi=0xffffffffffe9a19a r8=0x7ef1e12784dd r9=0x7ef1e12784dd r10=0x0 r11=0x7ef1e1290319 r12=0x7ef161210008 r13=0x12 r14=0x390 r15=0x0 rbp=0x7ef1e127836d rsp=0x7ffe5ae55270 fs0x0=0x188232b1 fs0x12=0x7ef1e1e12ac000 fs0x60=0x0 fs0x68=0x7ffe5ae551b0 fs0x71=0x1a44e4ef fs0x81=0x7ef1c6e29f31 fs0xe1=0xf820000000000062 fs0x13d=0x246 fs0x16f=0x85e0139c01 fs0x1e8=0x7ffe5ae55270 fs0x13=0x7ef1e1e12ac0 fs0x91=0x626b7dcdf010 fs0xab=0x893cff31119bdf33 fs0xb3=0x0 fs0xcb=0x7ef1e207a000 fs0x19d=0x21d0 fs0x28=0x7ef1e1e12ac0 fs0x38=0x626b66c72dc8 fs0x79=0x861 fs0x89=0x0 fs0x99=0x1810 fs0xd3=0x7ef1e1e12ac8 fs0x107=0x626b7dcdf820 fs0x123=0x7ffe5ae55588 fs0x128=0x7f fs0x147=0x6 ip_w0=0x76cd ip_w1=0x3d92 ip_w2=0x63d0 ip_w3=0x1e8 ip_w4=0xa88 ip_w5=0x63ec ip_w6=0x485 ip_w7=0xd06 ip_w8=0xe86f ip_w9=0xe801 ip_w10=0x3d01 ip_w11=0xdf01 ip_w12=0xb455 ip_w13=0xb31c ip_w14=0x7800 ip_w15=0x8ac7 target=0x7ef1e1290319 target_off=0x90319
[TRACE] caller=eac.elf+0x36a519 open path=/sys/devices/virtual/dmi/id/board_name flags=0x0
[TRACE] caller=eac.elf+0x36e0cf open path=/sys/devices/virtual/dmi/id/product_name flags=0x0
[TRACE] caller=eac.elf+0x3722d8 fopen path=/proc/bus/pci/devices mode=r
[VMTAIL] site=0xb86f5 count=3 frame=0x7ef1e127836d frame_off=0x7836d vm_ip=0x7ef1e131dd03 vm_ip_off=0x11dd03 vm_flags=0xa597810c vm_state=0xbffce60a vm_byte=0x3a table=0x7ef1e12c3718 table_off=0xc3718 rax=0x7ef1e12c40c8 rbx=0x7ef1e131dd01 rcx=0x7ef1e131dc5f rdx=0xffffffffffffffe0 rsi=0x7ef1e1278377 rdi=0x7ef1e127847c r8=0x0 r9=0x528 r10=0x0 r11=0x7ef1e1268d56 r12=0x7ef1e12c3c40 r13=0x7ef1e129a24c r14=0x7ef1e127847c r15=0x7ef1e1278390 rbp=0x7ef1e127836d rsp=0x7ffe5ae551d8 fs0x0=0xda3b639 fs0x12=0x7ffe5ae54d3001 fs0x60=0x7ffe70899ea0 fs0x68=0x7ffe5ae55177 fs0x71=0x1a44e4ef fs0x81=0x7ef1c6e29f31 fs0xe1=0xf820000000000062 fs0x13d=0x246 fs0x16f=0xbffce60a01 fs0x1e8=0x7ffe5ae551d8 fs0x13=0x7ffe5ae54d30 fs0x91=0x626b7dcdf010 fs0xab=0x893cff31119bdf33 fs0xb3=0x0 fs0xcb=0x7ef1e207a000 fs0x19d=0x0 fs0x28=0x297 fs0x38=0x626b66c72dc8 fs0x79=0x626b7dcf8 fs0x89=0x1e1 fs0x99=0x1e0 fs0xd3=0x16 fs0x107=0x626b7dcdf820 fs0x123=0x7ffe5ae55588 fs0x128=0x7f fs0x147=0x6 ip_w0=0x2b ip_w1=0x7425 ip_w2=0x99 ip_w3=0xaa0 ip_w4=0x84e6 ip_w5=0x9942 ip_w6=0xe800 ip_w7=0x2901 ip_w8=0x31f1 ip_w9=0x55ab ip_w10=0xd7d5 ip_w11=0x5680 ip_w12=0xfc2b ip_w13=0x130b ip_w14=0x1e8 ip_w15=0xff3c target=0x7ef1e129a24c target_off=0x9a24c
[VMTAIL] site=0xc0532 count=4 frame=0x7ef1e127836d frame_off=0x7836d vm_ip=0x7ef1e131de27 vm_ip_off=0x11de27 vm_flags=0x2011810 vm_state=0x75038fe5 vm_byte=0x62 table=0x7ef1e12c3718 table_off=0xc3718 rax=0x78 rbx=0x7ef1e12784dd rcx=0x1 rdx=0x7ef1c79cb90f rsi=0xffffffffffffffff rdi=0xfde2c958d742 r8=0x1 r9=0x7ef1e1278377 r10=0xffffffff80000060 r11=0x4e8 r12=0x7ef1e12784dd r13=0x7ef1e12783de r14=0x7ef1e1298a9a r15=0x7ef1e1278501 rbp=0x7ef1e127836d rsp=0x7ffe5ae55270 fs0x0=0x188232b1 fs0x12=0x7ffe5ae54d3000 fs0x60=0xffffffff9ac307cd fs0x68=0x7ffe5ae55177 fs0x71=0x1a44e4ef fs0x81=0x7ef1c6e29f31 fs0xe1=0xf820000000000062 fs0x13d=0x246 fs0x16f=0x75038fe501 fs0x1e8=0x7ffe5ae55270 fs0x13=0x7ffe5ae54d30 fs0x91=0x626b7dcdf010 fs0xab=0x893cff31119bdf33 fs0xb3=0x0 fs0xcb=0x7ef1e207a000 fs0x19d=0x0 fs0x28=0x297 fs0x38=0x626b66c72dc8 fs0x79=0x626b7dcf8 fs0x89=0x1e1 fs0x99=0x1e0 fs0xd3=0x0 fs0x107=0x626b7dcdf820 fs0x123=0x7ffe5ae55588 fs0x128=0x7f fs0x147=0x6 ip_w0=0xc18f ip_w1=0xb3 ip_w2=0xc770 ip_w3=0x562d ip_w4=0x2a13 ip_w5=0x1950 ip_w6=0x1 ip_w7=0x13d ip_w8=0xb35e ip_w9=0xab ip_w10=0x0 ip_w11=0x66 ip_w12=0x0 ip_w13=0x10c ip_w14=0x1c64 ip_w15=0x689e target=0x7ef1e1298a9a target_off=0x98a9a
[DRIVER] VMTAIL focus stop hits=4 vm_ip_off=0x11de27 site=0xc0532
[TRACE] caller=timeout+0x32543c munmap addr=0x70812708d000 len=0x3000
