+ python3 vm_executable_gap_retdec_autopilot.py --rounds 24 --jobs 8 --probe-jobs 8 --chunk-bytes 0x200 --min-chunk-bytes 0x80 --max-split-candidates 64 --max-gap-chunks 5 --max-candidates 192 --max-accepted 8 --timeout 30 --final-checkpoint --salvage-failed-batches --completion-audit --skip-manifest --section .text
round_start	1
+ python3 vm_executable_gap_retdec_probe.py --root . --section .text --chunk-bytes 0x200 --min-chunk-bytes 0x80 --max-split-candidates 64 --max-gap-chunks 5 --max-candidates 192 --max-accepted 8 --probe-jobs 8 --timeout 30 --reject-cache dumps/vmtail-wide-1m-w16/vm_executable_gap_retdec_reject_cache.tsv
try	0x480430-0x480630	ok
try	0x3de680-0x3de880	ok
try	0x480630-0x480830	ok
try	0x3de280-0x3de480	ok
try	0x480830-0x480a30	ok
try	0x3de480-0x3de680	ok
try	0x480c30-0x480e30	ok
try	0x480a30-0x480c30	ok
wrote	native_gap_retdec_batch872.ranges	8
# elapsed 4.15s
created_batches	872
+ make -j 8 native-gap-retdec-batch872
make dumps/vmtail-wide-1m-w16/vm_native_gap_retdec_batch872.c
make[1]: Entering directory '/models/dev/sc-rev/eac/eacsym'
python3 vm_native_gap_retdec_batch.py --batch-index 872 --ranges-file native_gap_retdec_batch872.ranges > dumps/vmtail-wide-1m-w16/vm_native_gap_retdec_batch872.c
native_gap_retdec_batch=872
native_gap_retdec_selected_ranges=8
make[1]: Leaving directory '/models/dev/sc-rev/eac/eacsym'
# elapsed 1.79s
+ cc -std=c11 -fsyntax-only -w dumps/vmtail-wide-1m-w16/vm_native_gap_retdec_batch872.c
# elapsed 0.01s
+ make -s native-executable-coverage-audit native-retdec-gap-queue
# elapsed 1.93s
+ make -s uncovered-executable-gaps
uncovered_executable_gaps=2972 bytes=2481386
uncovered_executable_gaps=2972 bytes=2481386
uncovered_executable_gaps=2972 bytes=2481386
# elapsed 1.06s
coverage_delta
native_executable_coverage_range_rows	38446	38500	delta=+54
native_executable_coverage_gap_rows	2977	2977	delta=+0
native_executable_coverage_recovered_bytes	3165558	3169654	delta=+4096
native_executable_coverage_uncovered_bytes	2485482	2481386	delta=-4096
round_start	2
+ python3 vm_executable_gap_retdec_probe.py --root . --section .text --chunk-bytes 0x200 --min-chunk-bytes 0x80 --max-split-candidates 64 --max-gap-chunks 5 --max-candidates 192 --max-accepted 8 --probe-jobs 8 --timeout 30 --reject-cache dumps/vmtail-wide-1m-w16/vm_executable_gap_retdec_reject_cache.tsv
try	0x3dadb9-0x3dafb9	ok
try	0x3da7b9-0x3da9b9	ok
try	0x3dabb9-0x3dadb9	ok
try	0x35548a-0x35568a	reject
split	0x35548a-0x35568a	0x35548a-0x35558a
split	0x35548a-0x35568a	0x35558a-0x35568a
try	0x3da5b9-0x3da7b9	ok
try	0x3da9b9-0x3dabb9	ok
try	0x35568a-0x35588a	reject
split	0x35568a-0x35588a	0x35568a-0x35578a
split	0x35568a-0x35588a	0x35578a-0x35588a
try	0x35588a-0x355a8a	ok
try	0x3953e1-0x3955e1	ok
try	0x355a8a-0x355c8a	ok
wrote	native_gap_retdec_batch873.ranges	8
appended_reject_cache	dumps/vmtail-wide-1m-w16/vm_executable_gap_retdec_reject_cache.tsv	2
# elapsed 5.49s
created_batches	873
+ make -j 8 native-gap-retdec-batch873
make dumps/vmtail-wide-1m-w16/vm_native_gap_retdec_batch873.c
make[1]: Entering directory '/models/dev/sc-rev/eac/eacsym'
python3 vm_native_gap_retdec_batch.py --batch-index 873 --ranges-file native_gap_retdec_batch873.ranges > dumps/vmtail-wide-1m-w16/vm_native_gap_retdec_batch873.c
native_gap_retdec_batch=873
native_gap_retdec_selected_ranges=8
make[1]: Leaving directory '/models/dev/sc-rev/eac/eacsym'
# elapsed 1.80s
+ cc -std=c11 -fsyntax-only -w dumps/vmtail-wide-1m-w16/vm_native_gap_retdec_batch873.c
# elapsed 0.02s
+ make -s native-executable-coverage-audit native-retdec-gap-queue
# elapsed 1.90s
+ make -s uncovered-executable-gaps
uncovered_executable_gaps=2973 bytes=2477290
uncovered_executable_gaps=2973 bytes=2477290
uncovered_executable_gaps=2973 bytes=2477290
# elapsed 1.05s
coverage_delta
native_executable_coverage_range_rows	38446	38557	delta=+111
native_executable_coverage_gap_rows	2977	2978	delta=+1
native_executable_coverage_recovered_bytes	3165558	3173750	delta=+8192
native_executable_coverage_uncovered_bytes	2485482	2477290	delta=-8192
round_start	3
+ python3 vm_executable_gap_retdec_probe.py --root . --section .text --chunk-bytes 0x200 --min-chunk-bytes 0x80 --max-split-candidates 64 --max-gap-chunks 5 --max-candidates 192 --max-accepted 8 --probe-jobs 8 --timeout 30 --reject-cache dumps/vmtail-wide-1m-w16/vm_executable_gap_retdec_reject_cache.tsv
try	0x3d14ff-0x3d16ff	ok
try	0x3d1aff-0x3d1cff	ok
try	0x3d1cff-0x3d1eff	ok
try	0x3d18ff-0x3d1aff	ok
try	0x3d16ff-0x3d18ff	ok
try	0x214e33-0x215033	ok
try	0x214a33-0x214c33	ok
try	0x214c33-0x214e33	ok
wrote	native_gap_retdec_batch874.ranges	8
# elapsed 4.12s
created_batches	874
+ make -j 8 native-gap-retdec-batch874
make dumps/vmtail-wide-1m-w16/vm_native_gap_retdec_batch874.c
make[1]: Entering directory '/models/dev/sc-rev/eac/eacsym'
python3 vm_native_gap_retdec_batch.py --batch-index 874 --ranges-file native_gap_retdec_batch874.ranges > dumps/vmtail-wide-1m-w16/vm_native_gap_retdec_batch874.c
native_gap_retdec_batch=874
native_gap_retdec_selected_ranges=8
make[1]: Leaving directory '/models/dev/sc-rev/eac/eacsym'
# elapsed 1.71s
+ cc -std=c11 -fsyntax-only -w dumps/vmtail-wide-1m-w16/vm_native_gap_retdec_batch874.c
# elapsed 0.01s
+ make -s native-executable-coverage-audit native-retdec-gap-queue
# elapsed 1.95s
+ make -s uncovered-executable-gaps
uncovered_executable_gaps=2973 bytes=2473194
uncovered_executable_gaps=2973 bytes=2473194
uncovered_executable_gaps=2973 bytes=2473194
# elapsed 1.09s
coverage_delta
native_executable_coverage_range_rows	38446	38582	delta=+136
native_executable_coverage_gap_rows	2977	2978	delta=+1
native_executable_coverage_recovered_bytes	3165558	3177846	delta=+12288
native_executable_coverage_uncovered_bytes	2485482	2473194	delta=-12288
round_start	4
+ python3 vm_executable_gap_retdec_probe.py --root . --section .text --chunk-bytes 0x200 --min-chunk-bytes 0x80 --max-split-candidates 64 --max-gap-chunks 5 --max-candidates 192 --max-accepted 8 --probe-jobs 8 --timeout 30 --reject-cache dumps/vmtail-wide-1m-w16/vm_executable_gap_retdec_reject_cache.tsv
try	0x5326ac-0x5328ac	ok
try	0x383230-0x383430	ok
try	0x383030-0x383230	ok
try	0x5324ac-0x5326ac	ok
try	0x382e30-0x383030	ok
try	0x5322ac-0x5324ac	ok
try	0x5328ac-0x532aac	ok
try	0x5320ac-0x5322ac	ok
wrote	native_gap_retdec_batch875.ranges	8
# elapsed 4.05s
created_batches	875
+ make -j 8 native-gap-retdec-batch875
make dumps/vmtail-wide-1m-w16/vm_native_gap_retdec_batch875.c
make[1]: Entering directory '/models/dev/sc-rev/eac/eacsym'
python3 vm_native_gap_retdec_batch.py --batch-index 875 --ranges-file native_gap_retdec_batch875.ranges > dumps/vmtail-wide-1m-w16/vm_native_gap_retdec_batch875.c
native_gap_retdec_batch=875
native_gap_retdec_selected_ranges=8
make[1]: Leaving directory '/models/dev/sc-rev/eac/eacsym'
# elapsed 1.75s
+ cc -std=c11 -fsyntax-only -w dumps/vmtail-wide-1m-w16/vm_native_gap_retdec_batch875.c
# elapsed 0.01s
+ make -s native-executable-coverage-audit native-retdec-gap-queue
# elapsed 1.93s
+ make -s uncovered-executable-gaps
uncovered_executable_gaps=2973 bytes=2469098
uncovered_executable_gaps=2973 bytes=2469098
uncovered_executable_gaps=2973 bytes=2469098
# elapsed 1.05s
coverage_delta
native_executable_coverage_range_rows	38446	38645	delta=+199
native_executable_coverage_gap_rows	2977	2978	delta=+1
native_executable_coverage_recovered_bytes	3165558	3181942	delta=+16384
native_executable_coverage_uncovered_bytes	2485482	2469098	delta=-16384
round_start	5
+ python3 vm_executable_gap_retdec_probe.py --root . --section .text --chunk-bytes 0x200 --min-chunk-bytes 0x80 --max-split-candidates 64 --max-gap-chunks 5 --max-candidates 192 --max-accepted 8 --probe-jobs 8 --timeout 30 --reject-cache dumps/vmtail-wide-1m-w16/vm_executable_gap_retdec_reject_cache.tsv
try	0x340073-0x340273	ok
try	0x245818-0x245a18	ok
try	0x245218-0x245418	ok
try	0x245418-0x245618	ok
try	0x245618-0x245818	ok
try	0x33fe73-0x340073	ok
try	0x245a18-0x245c18	ok
try	0x33fc73-0x33fe73	ok
wrote	native_gap_retdec_batch876.ranges	8
# elapsed 4.29s
created_batches	876
+ make -j 8 native-gap-retdec-batch876
make dumps/vmtail-wide-1m-w16/vm_native_gap_retdec_batch876.c
make[1]: Entering directory '/models/dev/sc-rev/eac/eacsym'
python3 vm_native_gap_retdec_batch.py --batch-index 876 --ranges-file native_gap_retdec_batch876.ranges > dumps/vmtail-wide-1m-w16/vm_native_gap_retdec_batch876.c
native_gap_retdec_batch=876
native_gap_retdec_selected_ranges=8
make[1]: Leaving directory '/models/dev/sc-rev/eac/eacsym'
# elapsed 1.78s
+ cc -std=c11 -fsyntax-only -w dumps/vmtail-wide-1m-w16/vm_native_gap_retdec_batch876.c
# elapsed 0.01s
+ make -s native-executable-coverage-audit native-retdec-gap-queue
# elapsed 1.89s
+ make -s uncovered-executable-gaps
uncovered_executable_gaps=2973 bytes=2465002
uncovered_executable_gaps=2973 bytes=2465002
uncovered_executable_gaps=2973 bytes=2465002
# elapsed 1.05s
coverage_delta
native_executable_coverage_range_rows	38446	38679	delta=+233
native_executable_coverage_gap_rows	2977	2978	delta=+1
native_executable_coverage_recovered_bytes	3165558	3186038	delta=+20480
native_executable_coverage_uncovered_bytes	2485482	2465002	delta=-20480
round_start	6
+ python3 vm_executable_gap_retdec_probe.py --root . --section .text --chunk-bytes 0x200 --min-chunk-bytes 0x80 --max-split-candidates 64 --max-gap-chunks 5 --max-candidates 192 --max-accepted 8 --probe-jobs 8 --timeout 30 --reject-cache dumps/vmtail-wide-1m-w16/vm_executable_gap_retdec_reject_cache.tsv
try	0x19ec85-0x19ee85	reject
split	0x19ec85-0x19ee85	0x19ec85-0x19ed85
split	0x19ec85-0x19ee85	0x19ed85-0x19ee85
try	0x19ea85-0x19ec85	ok
try	0x19f085-0x19f285	ok
try	0x415742-0x415942	ok
try	0x19ee85-0x19f085	ok
try	0x415542-0x415742	reject
split	0x415542-0x415742	0x415542-0x415642
split	0x415542-0x415742	0x415642-0x415742
try	0x19f285-0x19f485	ok
try	0x415342-0x415542	ok
try	0x19ec85-0x19ed85	ok
try	0x361bbe-0x361dbe	ok
wrote	native_gap_retdec_batch877.ranges	8
appended_reject_cache	dumps/vmtail-wide-1m-w16/vm_executable_gap_retdec_reject_cache.tsv	2
# elapsed 5.56s
created_batches	877
+ make -j 8 native-gap-retdec-batch877
make dumps/vmtail-wide-1m-w16/vm_native_gap_retdec_batch877.c
make[1]: Entering directory '/models/dev/sc-rev/eac/eacsym'
python3 vm_native_gap_retdec_batch.py --batch-index 877 --ranges-file native_gap_retdec_batch877.ranges > dumps/vmtail-wide-1m-w16/vm_native_gap_retdec_batch877.c
native_gap_retdec_batch=877
native_gap_retdec_selected_ranges=8
make[1]: Leaving directory '/models/dev/sc-rev/eac/eacsym'
# elapsed 2.01s
+ cc -std=c11 -fsyntax-only -w dumps/vmtail-wide-1m-w16/vm_native_gap_retdec_batch877.c
dumps/vmtail-wide-1m-w16/vm_native_gap_retdec_batch877.c: In function ‘function_19efc2’:
dumps/vmtail-wide-1m-w16/vm_native_gap_retdec_batch877.c:849:5: error: implicit declaration of function ‘__asm_vpsubsb’; did you mean ‘__asm_subsd’? [-Wimplicit-function-declaration]
  849 |     __asm_vpsubsb(v42, *(int128_t *)v19);
      |     ^~~~~~~~~~~~~
      |     __asm_subsd
# elapsed 0.01s
quarantined_range_file	native_gap_retdec_batch877.ranges	native_gap_retdec_batch877.ranges.failed
removed_failed_sidecar	dumps/vmtail-wide-1m-w16/vm_native_gap_retdec_batch877.c
salvage_batch_start	877	8
salvage_try	0x19ea85-0x19ec85	batch=877
+ make -j 8 native-gap-retdec-batch877
make dumps/vmtail-wide-1m-w16/vm_native_gap_retdec_batch877.c
make[1]: Entering directory '/models/dev/sc-rev/eac/eacsym'
python3 vm_native_gap_retdec_batch.py --batch-index 877 --ranges-file native_gap_retdec_batch877.ranges > dumps/vmtail-wide-1m-w16/vm_native_gap_retdec_batch877.c
native_gap_retdec_batch=877
native_gap_retdec_selected_ranges=1
make[1]: Leaving directory '/models/dev/sc-rev/eac/eacsym'
# elapsed 1.70s
+ cc -std=c11 -fsyntax-only -w dumps/vmtail-wide-1m-w16/vm_native_gap_retdec_batch877.c
# elapsed 0.02s
salvage_try	0x19ec85-0x19ed85	batch=878
+ make -j 8 native-gap-retdec-batch878
make dumps/vmtail-wide-1m-w16/vm_native_gap_retdec_batch878.c
make[1]: Entering directory '/models/dev/sc-rev/eac/eacsym'
python3 vm_native_gap_retdec_batch.py --batch-index 878 --ranges-file native_gap_retdec_batch878.ranges > dumps/vmtail-wide-1m-w16/vm_native_gap_retdec_batch878.c
native_gap_retdec_batch=878
native_gap_retdec_selected_ranges=1
make[1]: Leaving directory '/models/dev/sc-rev/eac/eacsym'
# elapsed 1.67s
+ cc -std=c11 -fsyntax-only -w dumps/vmtail-wide-1m-w16/vm_native_gap_retdec_batch878.c
# elapsed 0.01s
salvage_try	0x19ee85-0x19f085	batch=879
+ make -j 8 native-gap-retdec-batch879
make dumps/vmtail-wide-1m-w16/vm_native_gap_retdec_batch879.c
make[1]: Entering directory '/models/dev/sc-rev/eac/eacsym'
python3 vm_native_gap_retdec_batch.py --batch-index 879 --ranges-file native_gap_retdec_batch879.ranges > dumps/vmtail-wide-1m-w16/vm_native_gap_retdec_batch879.c
native_gap_retdec_batch=879
native_gap_retdec_selected_ranges=1
make[1]: Leaving directory '/models/dev/sc-rev/eac/eacsym'
# elapsed 1.77s
+ cc -std=c11 -fsyntax-only -w dumps/vmtail-wide-1m-w16/vm_native_gap_retdec_batch879.c
# elapsed 0.01s
salvage_try	0x19f085-0x19f285	batch=880
+ make -j 8 native-gap-retdec-batch880
make dumps/vmtail-wide-1m-w16/vm_native_gap_retdec_batch880.c
make[1]: Entering directory '/models/dev/sc-rev/eac/eacsym'
python3 vm_native_gap_retdec_batch.py --batch-index 880 --ranges-file native_gap_retdec_batch880.ranges > dumps/vmtail-wide-1m-w16/vm_native_gap_retdec_batch880.c
native_gap_retdec_batch=880
native_gap_retdec_selected_ranges=1
make[1]: Leaving directory '/models/dev/sc-rev/eac/eacsym'
# elapsed 1.67s
+ cc -std=c11 -fsyntax-only -w dumps/vmtail-wide-1m-w16/vm_native_gap_retdec_batch880.c
# elapsed 0.01s
salvage_try	0x19f285-0x19f485	batch=881
+ make -j 8 native-gap-retdec-batch881
make dumps/vmtail-wide-1m-w16/vm_native_gap_retdec_batch881.c
make[1]: Entering directory '/models/dev/sc-rev/eac/eacsym'
python3 vm_native_gap_retdec_batch.py --batch-index 881 --ranges-file native_gap_retdec_batch881.ranges > dumps/vmtail-wide-1m-w16/vm_native_gap_retdec_batch881.c
native_gap_retdec_batch=881
native_gap_retdec_selected_ranges=1
make[1]: Leaving directory '/models/dev/sc-rev/eac/eacsym'
# elapsed 1.66s
+ cc -std=c11 -fsyntax-only -w dumps/vmtail-wide-1m-w16/vm_native_gap_retdec_batch881.c
# elapsed 0.01s
salvage_try	0x361bbe-0x361dbe	batch=882
+ make -j 8 native-gap-retdec-batch882
make dumps/vmtail-wide-1m-w16/vm_native_gap_retdec_batch882.c
make[1]: Entering directory '/models/dev/sc-rev/eac/eacsym'
python3 vm_native_gap_retdec_batch.py --batch-index 882 --ranges-file native_gap_retdec_batch882.ranges > dumps/vmtail-wide-1m-w16/vm_native_gap_retdec_batch882.c
native_gap_retdec_batch=882
native_gap_retdec_selected_ranges=1
make[1]: Leaving directory '/models/dev/sc-rev/eac/eacsym'
# elapsed 1.70s
+ cc -std=c11 -fsyntax-only -w dumps/vmtail-wide-1m-w16/vm_native_gap_retdec_batch882.c
# elapsed 0.01s
salvage_try	0x415342-0x415542	batch=883
+ make -j 8 native-gap-retdec-batch883
make dumps/vmtail-wide-1m-w16/vm_native_gap_retdec_batch883.c
make[1]: Entering directory '/models/dev/sc-rev/eac/eacsym'
python3 vm_native_gap_retdec_batch.py --batch-index 883 --ranges-file native_gap_retdec_batch883.ranges > dumps/vmtail-wide-1m-w16/vm_native_gap_retdec_batch883.c
native_gap_retdec_batch=883
native_gap_retdec_selected_ranges=1
make[1]: Leaving directory '/models/dev/sc-rev/eac/eacsym'
# elapsed 1.99s
+ cc -std=c11 -fsyntax-only -w dumps/vmtail-wide-1m-w16/vm_native_gap_retdec_batch883.c
# elapsed 0.01s
salvage_try	0x415742-0x415942	batch=884
+ make -j 8 native-gap-retdec-batch884
make dumps/vmtail-wide-1m-w16/vm_native_gap_retdec_batch884.c
make[1]: Entering directory '/models/dev/sc-rev/eac/eacsym'
python3 vm_native_gap_retdec_batch.py --batch-index 884 --ranges-file native_gap_retdec_batch884.ranges > dumps/vmtail-wide-1m-w16/vm_native_gap_retdec_batch884.c
native_gap_retdec_batch=884
native_gap_retdec_selected_ranges=1
make[1]: Leaving directory '/models/dev/sc-rev/eac/eacsym'
# elapsed 1.67s
+ cc -std=c11 -fsyntax-only -w dumps/vmtail-wide-1m-w16/vm_native_gap_retdec_batch884.c
# elapsed 0.01s
salvage_batch_done	877	salvaged=877,878,879,880,881,882,883,884	rejected=0
+ make -s native-executable-coverage-audit native-retdec-gap-queue
# elapsed 1.94s
+ make -s uncovered-executable-gaps
uncovered_executable_gaps=2975 bytes=2461162
uncovered_executable_gaps=2975 bytes=2461162
uncovered_executable_gaps=2975 bytes=2461162
# elapsed 1.09s
coverage_delta
native_executable_coverage_range_rows	38446	38747	delta=+301
native_executable_coverage_gap_rows	2977	2980	delta=+3
native_executable_coverage_recovered_bytes	3165558	3189878	delta=+24320
native_executable_coverage_uncovered_bytes	2485482	2461162	delta=-24320
round_start	7
+ python3 vm_executable_gap_retdec_probe.py --root . --section .text --chunk-bytes 0x200 --min-chunk-bytes 0x80 --max-split-candidates 64 --max-gap-chunks 5 --max-candidates 192 --max-accepted 8 --probe-jobs 8 --timeout 30 --reject-cache dumps/vmtail-wide-1m-w16/vm_executable_gap_retdec_reject_cache.tsv
try	0x3654b6-0x3656b6	ok
try	0x3c9479-0x3c9679	ok
try	0x3c9679-0x3c9879	ok
try	0x3658b6-0x365ab6	ok
try	0x3c9879-0x3c9a79	ok
try	0x3650b6-0x3652b6	ok
try	0x3656b6-0x3658b6	ok
try	0x3652b6-0x3654b6	ok
wrote	native_gap_retdec_batch885.ranges	8
# elapsed 4.25s
created_batches	885
+ make -j 8 native-gap-retdec-batch885
make dumps/vmtail-wide-1m-w16/vm_native_gap_retdec_batch885.c
make[1]: Entering directory '/models/dev/sc-rev/eac/eacsym'
python3 vm_native_gap_retdec_batch.py --batch-index 885 --ranges-file native_gap_retdec_batch885.ranges > dumps/vmtail-wide-1m-w16/vm_native_gap_retdec_batch885.c
native_gap_retdec_batch=885
native_gap_retdec_selected_ranges=8
make[1]: Leaving directory '/models/dev/sc-rev/eac/eacsym'
# elapsed 1.81s
+ cc -std=c11 -fsyntax-only -w dumps/vmtail-wide-1m-w16/vm_native_gap_retdec_batch885.c
# elapsed 0.02s
+ make -s native-executable-coverage-audit native-retdec-gap-queue
# elapsed 1.92s
+ make -s uncovered-executable-gaps
uncovered_executable_gaps=2975 bytes=2457066
uncovered_executable_gaps=2975 bytes=2457066
uncovered_executable_gaps=2975 bytes=2457066
# elapsed 1.05s
coverage_delta
native_executable_coverage_range_rows	38446	38791	delta=+345
native_executable_coverage_gap_rows	2977	2980	delta=+3
native_executable_coverage_recovered_bytes	3165558	3193974	delta=+28416
native_executable_coverage_uncovered_bytes	2485482	2457066	delta=-28416
round_start	8
+ python3 vm_executable_gap_retdec_probe.py --root . --section .text --chunk-bytes 0x200 --min-chunk-bytes 0x80 --max-split-candidates 64 --max-gap-chunks 5 --max-candidates 192 --max-accepted 8 --probe-jobs 8 --timeout 30 --reject-cache dumps/vmtail-wide-1m-w16/vm_executable_gap_retdec_reject_cache.tsv
try	0x3af815-0x3afa15	ok
try	0x3af015-0x3af215	ok
try	0x1017ee-0x1019ee	ok
try	0x1019ee-0x101bee	ok
try	0x3af415-0x3af615	ok
try	0x101bee-0x101dee	ok
try	0x3af615-0x3af815	ok
try	0x3af215-0x3af415	ok
wrote	native_gap_retdec_batch886.ranges	8
# elapsed 4.21s
created_batches	886
+ make -j 8 native-gap-retdec-batch886
make dumps/vmtail-wide-1m-w16/vm_native_gap_retdec_batch886.c
make[1]: Entering directory '/models/dev/sc-rev/eac/eacsym'
python3 vm_native_gap_retdec_batch.py --batch-index 886 --ranges-file native_gap_retdec_batch886.ranges > dumps/vmtail-wide-1m-w16/vm_native_gap_retdec_batch886.c
native_gap_retdec_batch=886
native_gap_retdec_selected_ranges=8
make[1]: Leaving directory '/models/dev/sc-rev/eac/eacsym'
# elapsed 1.85s
+ cc -std=c11 -fsyntax-only -w dumps/vmtail-wide-1m-w16/vm_native_gap_retdec_batch886.c
# elapsed 0.01s
+ make -s native-executable-coverage-audit native-retdec-gap-queue
# elapsed 1.90s
+ make -s uncovered-executable-gaps
uncovered_executable_gaps=2975 bytes=2452970
uncovered_executable_gaps=2975 bytes=2452970
uncovered_executable_gaps=2975 bytes=2452970
# elapsed 1.06s
coverage_delta
native_executable_coverage_range_rows	38446	38855	delta=+409
native_executable_coverage_gap_rows	2977	2980	delta=+3
native_executable_coverage_recovered_bytes	3165558	3198070	delta=+32512
native_executable_coverage_uncovered_bytes	2485482	2452970	delta=-32512
round_start	9
+ python3 vm_executable_gap_retdec_probe.py --root . --section .text --chunk-bytes 0x200 --min-chunk-bytes 0x80 --max-split-candidates 64 --max-gap-chunks 5 --max-candidates 192 --max-accepted 8 --probe-jobs 8 --timeout 30 --reject-cache dumps/vmtail-wide-1m-w16/vm_executable_gap_retdec_reject_cache.tsv
try	0x303c1e-0x303e1e	ok
try	0x30421e-0x30441e	ok
try	0x2ddf0e-0x2de10e	ok
try	0x30441e-0x30461e	ok
try	0x2de10e-0x2de30e	ok
try	0x2ddd0e-0x2ddf0e	ok
try	0x303e1e-0x30401e	ok
try	0x30401e-0x30421e	ok
wrote	native_gap_retdec_batch887.ranges	8
# elapsed 4.20s
created_batches	887
+ make -j 8 native-gap-retdec-batch887
make dumps/vmtail-wide-1m-w16/vm_native_gap_retdec_batch887.c
make[1]: Entering directory '/models/dev/sc-rev/eac/eacsym'
python3 vm_native_gap_retdec_batch.py --batch-index 887 --ranges-file native_gap_retdec_batch887.ranges > dumps/vmtail-wide-1m-w16/vm_native_gap_retdec_batch887.c
native_gap_retdec_batch=887
native_gap_retdec_selected_ranges=8
make[1]: Leaving directory '/models/dev/sc-rev/eac/eacsym'
# elapsed 1.75s
+ cc -std=c11 -fsyntax-only -w dumps/vmtail-wide-1m-w16/vm_native_gap_retdec_batch887.c
# elapsed 0.02s
+ make -s native-executable-coverage-audit native-retdec-gap-queue
# elapsed 1.95s
+ make -s uncovered-executable-gaps
uncovered_executable_gaps=2975 bytes=2448874
uncovered_executable_gaps=2975 bytes=2448874
uncovered_executable_gaps=2975 bytes=2448874
# elapsed 1.04s
coverage_delta
native_executable_coverage_range_rows	38446	38908	delta=+462
native_executable_coverage_gap_rows	2977	2980	delta=+3
native_executable_coverage_recovered_bytes	3165558	3202166	delta=+36608
native_executable_coverage_uncovered_bytes	2485482	2448874	delta=-36608
round_start	10
+ python3 vm_executable_gap_retdec_probe.py --root . --section .text --chunk-bytes 0x200 --min-chunk-bytes 0x80 --max-split-candidates 64 --max-gap-chunks 5 --max-candidates 192 --max-accepted 8 --probe-jobs 8 --timeout 30 --reject-cache dumps/vmtail-wide-1m-w16/vm_executable_gap_retdec_reject_cache.tsv
try	0x38eca0-0x38eea0	ok
try	0x38f2a0-0x38f4a0	ok
try	0x38f4a0-0x38f6a0	reject
split	0x38f4a0-0x38f6a0	0x38f4a0-0x38f5a0
split	0x38f4a0-0x38f6a0	0x38f5a0-0x38f6a0
try	0x3959e1-0x395be1	ok
try	0x38eea0-0x38f0a0	ok
try	0x38f0a0-0x38f2a0	ok
try	0x3955e1-0x3957e1	ok
try	0x3957e1-0x3959e1	ok
try	0x395de1-0x395fe1	ok
wrote	native_gap_retdec_batch888.ranges	8
appended_reject_cache	dumps/vmtail-wide-1m-w16/vm_executable_gap_retdec_reject_cache.tsv	1
# elapsed 4.30s
created_batches	888
+ make -j 8 native-gap-retdec-batch888
make dumps/vmtail-wide-1m-w16/vm_native_gap_retdec_batch888.c
make[1]: Entering directory '/models/dev/sc-rev/eac/eacsym'
python3 vm_native_gap_retdec_batch.py --batch-index 888 --ranges-file native_gap_retdec_batch888.ranges > dumps/vmtail-wide-1m-w16/vm_native_gap_retdec_batch888.c
native_gap_retdec_batch=888
native_gap_retdec_selected_ranges=8
make[1]: Leaving directory '/models/dev/sc-rev/eac/eacsym'
# elapsed 1.74s
+ cc -std=c11 -fsyntax-only -w dumps/vmtail-wide-1m-w16/vm_native_gap_retdec_batch888.c
# elapsed 0.02s
+ make -s native-executable-coverage-audit native-retdec-gap-queue
# elapsed 1.92s
+ make -s uncovered-executable-gaps
uncovered_executable_gaps=2976 bytes=2444778
uncovered_executable_gaps=2976 bytes=2444778
uncovered_executable_gaps=2976 bytes=2444778
# elapsed 1.04s
coverage_delta
native_executable_coverage_range_rows	38446	38956	delta=+510
native_executable_coverage_gap_rows	2977	2981	delta=+4
native_executable_coverage_recovered_bytes	3165558	3206262	delta=+40704
native_executable_coverage_uncovered_bytes	2485482	2444778	delta=-40704
round_start	11
+ python3 vm_executable_gap_retdec_probe.py --root . --section .text --chunk-bytes 0x200 --min-chunk-bytes 0x80 --max-split-candidates 64 --max-gap-chunks 5 --max-candidates 192 --max-accepted 8 --probe-jobs 8 --timeout 30 --reject-cache dumps/vmtail-wide-1m-w16/vm_executable_gap_retdec_reject_cache.tsv
try	0x51efc0-0x51f1c0	ok
try	0x51f1c0-0x51f3c0	ok
try	0x51edc0-0x51efc0	ok
try	0x33827b-0x33847b	ok
try	0x33847b-0x33867b	ok
try	0x33807b-0x33827b	ok
try	0x337e7b-0x33807b	ok
try	0x33867b-0x33887b	ok
wrote	native_gap_retdec_batch889.ranges	8
# elapsed 4.06s
created_batches	889
+ make -j 8 native-gap-retdec-batch889
make dumps/vmtail-wide-1m-w16/vm_native_gap_retdec_batch889.c
make[1]: Entering directory '/models/dev/sc-rev/eac/eacsym'
python3 vm_native_gap_retdec_batch.py --batch-index 889 --ranges-file native_gap_retdec_batch889.ranges > dumps/vmtail-wide-1m-w16/vm_native_gap_retdec_batch889.c
native_gap_retdec_batch=889
native_gap_retdec_selected_ranges=8
make[1]: Leaving directory '/models/dev/sc-rev/eac/eacsym'
# elapsed 1.81s
+ cc -std=c11 -fsyntax-only -w dumps/vmtail-wide-1m-w16/vm_native_gap_retdec_batch889.c
# elapsed 0.02s
+ make -s native-executable-coverage-audit native-retdec-gap-queue
