+ python3 vm_executable_gap_retdec_autopilot.py --rounds 24 --jobs 16 --probe-jobs 16 --chunk-bytes 0x200 --min-chunk-bytes 0x80 --max-split-candidates 128 --max-gap-chunks 8 --max-candidates 384 --max-accepted 16 --timeout 30 --salvage-failed-batches --skip-manifest --section .text
round_start	1
+ python3 vm_executable_gap_retdec_probe.py --root . --section .text --chunk-bytes 0x200 --min-chunk-bytes 0x80 --max-split-candidates 128 --max-gap-chunks 8 --max-candidates 384 --max-accepted 16 --probe-jobs 16 --timeout 30 --reject-cache dumps/vmtail-wide-1m-w16/vm_executable_gap_retdec_reject_cache.tsv
try	0x35b045-0x35b245	ok
try	0x35b245-0x35b445	ok
try	0x1e09ab-0x1e0bab	ok
try	0x35ac45-0x35ae45	ok
try	0x1e05ab-0x1e07ab	reject
split	0x1e05ab-0x1e07ab	0x1e05ab-0x1e06ab
split	0x1e05ab-0x1e07ab	0x1e06ab-0x1e07ab
try	0x35ba45-0x35bc45	ok
try	0x35ae45-0x35b045	ok
try	0x35b645-0x35b845	ok
try	0x1e0fab-0x1e11ab	ok
try	0x1e11ab-0x1e13ab	ok
try	0x35b845-0x35ba45	ok
try	0x1e0bab-0x1e0dab	ok
try	0x35b445-0x35b645	ok
try	0x1e0dab-0x1e0fab	ok
try	0x1e13ab-0x1e15ab	ok
try	0x1e07ab-0x1e09ab	ok
try	0x483e20-0x484020	ok
wrote	native_gap_retdec_batch1419.ranges	16
appended_reject_cache	dumps/vmtail-wide-1m-w16/vm_executable_gap_retdec_reject_cache.tsv	1
# elapsed 4.68s
created_batches	1419
+ make -j 16 native-gap-retdec-batch1419
make[1]: Entering directory '/models/dev/sc-rev/eac/eacsym'
make dumps/vmtail-wide-1m-w16/vm_native_gap_retdec_batch1419.c
make[2]: Entering directory '/models/dev/sc-rev/eac/eacsym'
python3 vm_native_gap_retdec_batch.py --batch-index 1419 --ranges-file native_gap_retdec_batch1419.ranges > dumps/vmtail-wide-1m-w16/vm_native_gap_retdec_batch1419.c
native_gap_retdec_batch=1419
native_gap_retdec_selected_ranges=16
make[2]: Leaving directory '/models/dev/sc-rev/eac/eacsym'
make[1]: Leaving directory '/models/dev/sc-rev/eac/eacsym'
# elapsed 1.84s
+ cc -std=c11 -fsyntax-only -w dumps/vmtail-wide-1m-w16/vm_native_gap_retdec_batch1419.c
# elapsed 0.01s
+ make -s native-executable-coverage-audit native-retdec-gap-queue
# elapsed 2.54s
+ make -s uncovered-executable-gaps
uncovered_executable_gaps=3270 bytes=1301866
uncovered_executable_gaps=3270 bytes=1301866
uncovered_executable_gaps=3270 bytes=1301866
# elapsed 0.90s
coverage_delta
native_executable_coverage_range_rows	55325	55397	delta=+72
native_executable_coverage_gap_rows	3273	3275	delta=+2
native_executable_coverage_recovered_bytes	4340982	4349174	delta=+8192
native_executable_coverage_uncovered_bytes	1310058	1301866	delta=-8192
round_start	2
+ python3 vm_executable_gap_retdec_probe.py --root . --section .text --chunk-bytes 0x200 --min-chunk-bytes 0x80 --max-split-candidates 128 --max-gap-chunks 8 --max-candidates 384 --max-accepted 16 --probe-jobs 16 --timeout 30 --reject-cache dumps/vmtail-wide-1m-w16/vm_executable_gap_retdec_reject_cache.tsv
try	0x46f0cb-0x46f2cb	ok
try	0x46f6cb-0x46f8cb	ok
try	0x46f8cb-0x46facb	reject
split	0x46f8cb-0x46facb	0x46f8cb-0x46f9cb
split	0x46f8cb-0x46facb	0x46f9cb-0x46facb
try	0x2c2600-0x2c2800	ok
try	0x46f2cb-0x46f4cb	reject
split	0x46f2cb-0x46f4cb	0x46f2cb-0x46f3cb
split	0x46f2cb-0x46f4cb	0x46f3cb-0x46f4cb
try	0x46facb-0x46fccb	ok
try	0x2c2400-0x2c2600	ok
try	0x2c3200-0x2c3400	ok
try	0x2c2c00-0x2c2e00	ok
try	0x2c2800-0x2c2a00	ok
try	0x2c2a00-0x2c2c00	ok
try	0x2c2e00-0x2c3000	ok
try	0x46fecb-0x4700cb	ok
try	0x46fccb-0x46fecb	ok
try	0x46f4cb-0x46f6cb	ok
try	0x2c3000-0x2c3200	ok
try	0x2c6664-0x2c6864	ok
try	0x46f3cb-0x46f4cb	ok
wrote	native_gap_retdec_batch1420.ranges	16
appended_reject_cache	dumps/vmtail-wide-1m-w16/vm_executable_gap_retdec_reject_cache.tsv	2
# elapsed 5.70s
created_batches	1420
+ make -j 16 native-gap-retdec-batch1420
make[1]: Entering directory '/models/dev/sc-rev/eac/eacsym'
make dumps/vmtail-wide-1m-w16/vm_native_gap_retdec_batch1420.c
make[2]: Entering directory '/models/dev/sc-rev/eac/eacsym'
python3 vm_native_gap_retdec_batch.py --batch-index 1420 --ranges-file native_gap_retdec_batch1420.ranges > dumps/vmtail-wide-1m-w16/vm_native_gap_retdec_batch1420.c
native_gap_retdec_batch=1420
native_gap_retdec_selected_ranges=16
make[2]: Leaving directory '/models/dev/sc-rev/eac/eacsym'
make[1]: Leaving directory '/models/dev/sc-rev/eac/eacsym'
# elapsed 1.77s
+ cc -std=c11 -fsyntax-only -w dumps/vmtail-wide-1m-w16/vm_native_gap_retdec_batch1420.c
# elapsed 0.02s
+ make -s native-executable-coverage-audit native-retdec-gap-queue
# elapsed 2.52s
+ make -s uncovered-executable-gaps
uncovered_executable_gaps=3272 bytes=1293930
uncovered_executable_gaps=3272 bytes=1293930
uncovered_executable_gaps=3272 bytes=1293930
# elapsed 0.90s
coverage_delta
native_executable_coverage_range_rows	55325	55481	delta=+156
native_executable_coverage_gap_rows	3273	3277	delta=+4
native_executable_coverage_recovered_bytes	4340982	4357110	delta=+16128
native_executable_coverage_uncovered_bytes	1310058	1293930	delta=-16128
round_start	3
+ python3 vm_executable_gap_retdec_probe.py --root . --section .text --chunk-bytes 0x200 --min-chunk-bytes 0x80 --max-split-candidates 128 --max-gap-chunks 8 --max-candidates 384 --max-accepted 16 --probe-jobs 16 --timeout 30 --reject-cache dumps/vmtail-wide-1m-w16/vm_executable_gap_retdec_reject_cache.tsv
try	0x1abf1c-0x1ac11c	ok
try	0x161600-0x161800	ok
try	0x161800-0x161a00	ok
try	0x161200-0x161400	ok
try	0x1abd1c-0x1abf1c	reject
split	0x1abd1c-0x1abf1c	0x1abd1c-0x1abe1c
split	0x1abd1c-0x1abf1c	0x1abe1c-0x1abf1c
try	0x1ac71c-0x1ac91c	ok
try	0x1ac91c-0x1acb1c	ok
try	0x1ac51c-0x1ac71c	reject
split	0x1ac51c-0x1ac71c	0x1ac51c-0x1ac61c
split	0x1ac51c-0x1ac71c	0x1ac61c-0x1ac71c
try	0x1acb1c-0x1acd1b	ok
try	0x161000-0x161200	ok
try	0x161400-0x161600	ok
try	0x1ac11c-0x1ac31c	ok
try	0x160e00-0x161000	ok
try	0x161c00-0x161df6	ok
try	0x161a00-0x161c00	ok
try	0x1ac31c-0x1ac51c	reject
split	0x1ac31c-0x1ac51c	0x1ac31c-0x1ac41c
split	0x1ac31c-0x1ac51c	0x1ac41c-0x1ac51c
try	0x23fa34-0x23fc34	ok
try	0x1abd1c-0x1abe1c	ok
try	0x23fc34-0x23fe34	ok
wrote	native_gap_retdec_batch1421.ranges	16
appended_reject_cache	dumps/vmtail-wide-1m-w16/vm_executable_gap_retdec_reject_cache.tsv	3
# elapsed 5.98s
created_batches	1421
+ make -j 16 native-gap-retdec-batch1421
make[1]: Entering directory '/models/dev/sc-rev/eac/eacsym'
make dumps/vmtail-wide-1m-w16/vm_native_gap_retdec_batch1421.c
make[2]: Entering directory '/models/dev/sc-rev/eac/eacsym'
python3 vm_native_gap_retdec_batch.py --batch-index 1421 --ranges-file native_gap_retdec_batch1421.ranges > dumps/vmtail-wide-1m-w16/vm_native_gap_retdec_batch1421.c
native_gap_retdec_batch=1421
native_gap_retdec_selected_ranges=16
make[2]: Leaving directory '/models/dev/sc-rev/eac/eacsym'
make[1]: Leaving directory '/models/dev/sc-rev/eac/eacsym'
# elapsed 1.84s
+ cc -std=c11 -fsyntax-only -w dumps/vmtail-wide-1m-w16/vm_native_gap_retdec_batch1421.c
# elapsed 0.02s
+ make -s native-executable-coverage-audit native-retdec-gap-queue
# elapsed 2.54s
+ make -s uncovered-executable-gaps
uncovered_executable_gaps=3272 bytes=1286005
uncovered_executable_gaps=3272 bytes=1286005
uncovered_executable_gaps=3272 bytes=1286005
# elapsed 0.90s
coverage_delta
native_executable_coverage_range_rows	55325	55565	delta=+240
native_executable_coverage_gap_rows	3273	3277	delta=+4
native_executable_coverage_recovered_bytes	4340982	4365035	delta=+24053
native_executable_coverage_uncovered_bytes	1310058	1286005	delta=-24053
round_start	4
+ python3 vm_executable_gap_retdec_probe.py --root . --section .text --chunk-bytes 0x200 --min-chunk-bytes 0x80 --max-split-candidates 128 --max-gap-chunks 8 --max-candidates 384 --max-accepted 16 --probe-jobs 16 --timeout 30 --reject-cache dumps/vmtail-wide-1m-w16/vm_executable_gap_retdec_reject_cache.tsv
try	0x54153d-0x54173d	ok
try	0x2b9375-0x2b9575	reject
split	0x2b9375-0x2b9575	0x2b9375-0x2b9475
split	0x2b9375-0x2b9575	0x2b9475-0x2b9575
try	0x54193d-0x541b3d	ok
try	0x2b8f75-0x2b9175	reject
split	0x2b8f75-0x2b9175	0x2b8f75-0x2b9075
split	0x2b8f75-0x2b9175	0x2b9075-0x2b9175
try	0x2b9575-0x2b9775	ok
try	0x54173d-0x54193d	ok
try	0x2b9175-0x2b9375	ok
try	0x540f3d-0x54113d	ok
try	0x2b9775-0x2b9975	ok
try	0x541b3d-0x541d3d	ok
try	0x2b9975-0x2b9b75	ok
try	0x54113d-0x54133d	ok
try	0x2b9d75-0x2b9f30	ok
try	0x541d3d-0x541ef0	ok
try	0x2b9b75-0x2b9d75	reject
split	0x2b9b75-0x2b9d75	0x2b9b75-0x2b9c75
split	0x2b9b75-0x2b9d75	0x2b9c75-0x2b9d75
try	0x54133d-0x54153d	ok
try	0x2b8f75-0x2b9075	ok
