+ python3 vm_executable_gap_retdec_autopilot.py --rounds 24 --jobs 16 --probe-jobs 16 --chunk-bytes 0x200 --min-chunk-bytes 0x80 --max-split-candidates 128 --max-gap-chunks 8 --max-candidates 384 --max-accepted 16 --timeout 30 --salvage-failed-batches --skip-manifest --section .text
round_start	1
+ python3 vm_executable_gap_retdec_probe.py --root . --section .text --chunk-bytes 0x200 --min-chunk-bytes 0x80 --max-split-candidates 128 --max-gap-chunks 8 --max-candidates 384 --max-accepted 16 --probe-jobs 16 --timeout 30 --reject-cache dumps/vmtail-wide-1m-w16/vm_executable_gap_retdec_reject_cache.tsv
try	0x46ce7e-0x46d07e	ok
try	0x46d07e-0x46d27e	ok
try	0x46cc7e-0x46ce7e	ok
try	0x29e4bf-0x29e6bf	ok
try	0x29d8bf-0x29dabf	ok
try	0x46ca7e-0x46cc7e	ok
try	0x29e0bf-0x29e2bf	ok
try	0x46d27e-0x46d47e	ok
try	0x29dabf-0x29dcbf	ok
try	0x46c67e-0x46c87e	ok
try	0x29e6bf-0x29e8bf	ok
try	0x46c87e-0x46ca7e	reject
split	0x46c87e-0x46ca7e	0x46c87e-0x46c97e
split	0x46c87e-0x46ca7e	0x46c97e-0x46ca7e
try	0x46c47e-0x46c67e	reject
split	0x46c47e-0x46c67e	0x46c47e-0x46c57e
split	0x46c47e-0x46c67e	0x46c57e-0x46c67e
try	0x29dcbf-0x29debf	ok
try	0x29debf-0x29e0bf	ok
try	0x29e2bf-0x29e4bf	ok
try	0x469834-0x469a34	ok
try	0x46a034-0x46a234	ok
wrote	native_gap_retdec_batch969.ranges	16
appended_reject_cache	dumps/vmtail-wide-1m-w16/vm_executable_gap_retdec_reject_cache.tsv	2
# elapsed 5.69s
created_batches	969
+ make -j 16 native-gap-retdec-batch969
make[1]: Entering directory '/models/dev/sc-rev/eac/eacsym'
make dumps/vmtail-wide-1m-w16/vm_native_gap_retdec_batch969.c
make[2]: Entering directory '/models/dev/sc-rev/eac/eacsym'
python3 vm_native_gap_retdec_batch.py --batch-index 969 --ranges-file native_gap_retdec_batch969.ranges > dumps/vmtail-wide-1m-w16/vm_native_gap_retdec_batch969.c
native_gap_retdec_batch=969
native_gap_retdec_selected_ranges=16
make[2]: Leaving directory '/models/dev/sc-rev/eac/eacsym'
make[1]: Leaving directory '/models/dev/sc-rev/eac/eacsym'
# elapsed 1.89s
+ cc -std=c11 -fsyntax-only -w dumps/vmtail-wide-1m-w16/vm_native_gap_retdec_batch969.c
# elapsed 0.02s
+ make -s native-executable-coverage-audit native-retdec-gap-queue
# elapsed 2.01s
+ make -s uncovered-executable-gaps
uncovered_executable_gaps=3024 bytes=2261738
uncovered_executable_gaps=3024 bytes=2261738
uncovered_executable_gaps=3024 bytes=2261738
# elapsed 1.03s
coverage_delta
native_executable_coverage_range_rows	41606	41736	delta=+130
native_executable_coverage_gap_rows	3026	3029	delta=+3
native_executable_coverage_recovered_bytes	3381110	3389302	delta=+8192
native_executable_coverage_uncovered_bytes	2269930	2261738	delta=-8192
round_start	2
+ python3 vm_executable_gap_retdec_probe.py --root . --section .text --chunk-bytes 0x200 --min-chunk-bytes 0x80 --max-split-candidates 128 --max-gap-chunks 8 --max-candidates 384 --max-accepted 16 --probe-jobs 16 --timeout 30 --reject-cache dumps/vmtail-wide-1m-w16/vm_executable_gap_retdec_reject_cache.tsv
try	0x1cea01-0x1cec01	ok
try	0x37291b-0x372b1b	ok
try	0x1cee01-0x1cf001	ok
try	0x372b1b-0x372d1b	ok
try	0x37211b-0x37231b	ok
try	0x1ce601-0x1ce801	ok
try	0x1cf001-0x1cf201	ok
try	0x372d1b-0x372f1b	ok
try	0x372f1b-0x37311b	ok
try	0x1cec01-0x1cee01	ok
try	0x37271b-0x37291b	ok
try	0x1cf401-0x1cf601	ok
try	0x37231b-0x37251b	ok
try	0x1ce801-0x1cea01	reject
split	0x1ce801-0x1cea01	0x1ce801-0x1ce901
split	0x1ce801-0x1cea01	0x1ce901-0x1cea01
try	0x1cf201-0x1cf401	ok
try	0x37251b-0x37271b	ok
try	0x4dc3f9-0x4dc5f9	reject
split	0x4dc3f9-0x4dc5f9	0x4dc3f9-0x4dc4f9
split	0x4dc3f9-0x4dc5f9	0x4dc4f9-0x4dc5f9
try	0x4dc5f9-0x4dc7f9	reject
split	0x4dc5f9-0x4dc7f9	0x4dc5f9-0x4dc6f9
split	0x4dc5f9-0x4dc7f9	0x4dc6f9-0x4dc7f9
try	0x4dc7f9-0x4dc9f9	reject
split	0x4dc7f9-0x4dc9f9	0x4dc7f9-0x4dc8f9
split	0x4dc7f9-0x4dc9f9	0x4dc8f9-0x4dc9f9
try	0x4dc1f9-0x4dc3f9	reject
split	0x4dc1f9-0x4dc3f9	0x4dc1f9-0x4dc2f9
split	0x4dc1f9-0x4dc3f9	0x4dc2f9-0x4dc3f9
try	0x3bddb5-0x3bdfb5	ok
wrote	native_gap_retdec_batch970.ranges	16
appended_reject_cache	dumps/vmtail-wide-1m-w16/vm_executable_gap_retdec_reject_cache.tsv	5
# elapsed 6.10s
created_batches	970
+ make -j 16 native-gap-retdec-batch970
make[1]: Entering directory '/models/dev/sc-rev/eac/eacsym'
make dumps/vmtail-wide-1m-w16/vm_native_gap_retdec_batch970.c
make[2]: Entering directory '/models/dev/sc-rev/eac/eacsym'
python3 vm_native_gap_retdec_batch.py --batch-index 970 --ranges-file native_gap_retdec_batch970.ranges > dumps/vmtail-wide-1m-w16/vm_native_gap_retdec_batch970.c
native_gap_retdec_batch=970
native_gap_retdec_selected_ranges=16
make[2]: Leaving directory '/models/dev/sc-rev/eac/eacsym'
make[1]: Leaving directory '/models/dev/sc-rev/eac/eacsym'
# elapsed 1.85s
+ cc -std=c11 -fsyntax-only -w dumps/vmtail-wide-1m-w16/vm_native_gap_retdec_batch970.c
# elapsed 0.01s
+ make -s native-executable-coverage-audit native-retdec-gap-queue
# elapsed 2.02s
+ make -s uncovered-executable-gaps
uncovered_executable_gaps=3025 bytes=2253546
uncovered_executable_gaps=3025 bytes=2253546
uncovered_executable_gaps=3025 bytes=2253546
# elapsed 1.02s
coverage_delta
native_executable_coverage_range_rows	41606	41833	delta=+227
native_executable_coverage_gap_rows	3026	3030	delta=+4
native_executable_coverage_recovered_bytes	3381110	3397494	delta=+16384
native_executable_coverage_uncovered_bytes	2269930	2253546	delta=-16384
round_start	3
+ python3 vm_executable_gap_retdec_probe.py --root . --section .text --chunk-bytes 0x200 --min-chunk-bytes 0x80 --max-split-candidates 128 --max-gap-chunks 8 --max-candidates 384 --max-accepted 16 --probe-jobs 16 --timeout 30 --reject-cache dumps/vmtail-wide-1m-w16/vm_executable_gap_retdec_reject_cache.tsv
try	0x20dc40-0x20de40	ok
try	0x4dc8f9-0x4dc9f9	reject
split	0x4dc8f9-0x4dc9f9	0x4dc8f9-0x4dc979
split	0x4dc8f9-0x4dc9f9	0x4dc979-0x4dc9f9
try	0x20da40-0x20dc40	ok
try	0x4dc3f9-0x4dc4f9	reject
split	0x4dc3f9-0x4dc4f9	0x4dc3f9-0x4dc479
split	0x4dc3f9-0x4dc4f9	0x4dc479-0x4dc4f9
try	0x4dc6f9-0x4dc7f9	reject
split	0x4dc6f9-0x4dc7f9	0x4dc6f9-0x4dc779
split	0x4dc6f9-0x4dc7f9	0x4dc779-0x4dc7f9
try	0x4dc5f9-0x4dc6f9	reject
split	0x4dc5f9-0x4dc6f9	0x4dc5f9-0x4dc679
split	0x4dc5f9-0x4dc6f9	0x4dc679-0x4dc6f9
try	0x4dc4f9-0x4dc5f9	reject
split	0x4dc4f9-0x4dc5f9	0x4dc4f9-0x4dc579
split	0x4dc4f9-0x4dc5f9	0x4dc579-0x4dc5f9
try	0x4dc1f9-0x4dc2f9	reject
split	0x4dc1f9-0x4dc2f9	0x4dc1f9-0x4dc279
split	0x4dc1f9-0x4dc2f9	0x4dc279-0x4dc2f9
try	0x20d040-0x20d240	ok
try	0x20d440-0x20d640	ok
try	0x20d840-0x20da40	ok
try	0x4dc2f9-0x4dc3f9	ok
try	0x20d640-0x20d840	ok
try	0x4dc7f9-0x4dc8f9	reject
split	0x4dc7f9-0x4dc8f9	0x4dc7f9-0x4dc879
split	0x4dc7f9-0x4dc8f9	0x4dc879-0x4dc8f9
try	0x20d240-0x20d440	ok
try	0x20ce40-0x20d040	ok
try	0x4dc979-0x4dc9f9	reject
try	0x15f200-0x15f400	ok
try	0x4dc8f9-0x4dc979	ok
try	0x4dc1f9-0x4dc279	reject
try	0x4dc479-0x4dc4f9	reject
try	0x4dc4f9-0x4dc579	reject
try	0x4dc5f9-0x4dc679	reject
try	0x4dc6f9-0x4dc779	reject
try	0x4dc279-0x4dc2f9	reject
try	0x4dc679-0x4dc6f9	reject
try	0x4dc779-0x4dc7f9	reject
try	0x4dc579-0x4dc5f9	reject
try	0x4dc879-0x4dc8f9	reject
try	0x4dc3f9-0x4dc479	reject
try	0x4dc7f9-0x4dc879	reject
try	0x15f400-0x15f600	ok
try	0x15f600-0x15f800	ok
try	0x15fc00-0x15fe00	ok
try	0x15f800-0x15fa00	ok
try	0x15fa00-0x15fc00	ok
wrote	native_gap_retdec_batch971.ranges	16
appended_reject_cache	dumps/vmtail-wide-1m-w16/vm_executable_gap_retdec_reject_cache.tsv	20
# elapsed 7.91s
created_batches	971
+ make -j 16 native-gap-retdec-batch971
make[1]: Entering directory '/models/dev/sc-rev/eac/eacsym'
make dumps/vmtail-wide-1m-w16/vm_native_gap_retdec_batch971.c
make[2]: Entering directory '/models/dev/sc-rev/eac/eacsym'
python3 vm_native_gap_retdec_batch.py --batch-index 971 --ranges-file native_gap_retdec_batch971.ranges > dumps/vmtail-wide-1m-w16/vm_native_gap_retdec_batch971.c
native_gap_retdec_batch=971
native_gap_retdec_selected_ranges=16
make[2]: Leaving directory '/models/dev/sc-rev/eac/eacsym'
make[1]: Leaving directory '/models/dev/sc-rev/eac/eacsym'
# elapsed 1.90s
+ cc -std=c11 -fsyntax-only -w dumps/vmtail-wide-1m-w16/vm_native_gap_retdec_batch971.c
# elapsed 0.01s
+ make -s native-executable-coverage-audit native-retdec-gap-queue
# elapsed 1.98s
+ make -s uncovered-executable-gaps
uncovered_executable_gaps=3027 bytes=2245994
uncovered_executable_gaps=3027 bytes=2245994
uncovered_executable_gaps=3027 bytes=2245994
# elapsed 1.00s
coverage_delta
native_executable_coverage_range_rows	41606	41957	delta=+351
native_executable_coverage_gap_rows	3026	3032	delta=+6
native_executable_coverage_recovered_bytes	3381110	3405046	delta=+23936
native_executable_coverage_uncovered_bytes	2269930	2245994	delta=-23936
round_start	4
+ python3 vm_executable_gap_retdec_probe.py --root . --section .text --chunk-bytes 0x200 --min-chunk-bytes 0x80 --max-split-candidates 128 --max-gap-chunks 8 --max-candidates 384 --max-accepted 16 --probe-jobs 16 --timeout 30 --reject-cache dumps/vmtail-wide-1m-w16/vm_executable_gap_retdec_reject_cache.tsv
try	0x2d0707-0x2d0907	ok
try	0x2d0107-0x2d0307	ok
try	0x2d0d07-0x2d0f07	ok
try	0x38f5a0-0x38f6a0	ok
try	0x38f4a0-0x38f5a0	reject
split	0x38f4a0-0x38f5a0	0x38f4a0-0x38f520
split	0x38f4a0-0x38f5a0	0x38f520-0x38f5a0
try	0x38f8a0-0x38faa0	ok
try	0x3900a0-0x3902a0	ok
try	0x38fea0-0x3900a0	ok
try	0x2d0507-0x2d0707	ok
try	0x2d0307-0x2d0507	ok
try	0x2d0907-0x2d0b07	ok
try	0x38f6a0-0x38f8a0	ok
try	0x38fca0-0x38fea0	ok
try	0x38faa0-0x38fca0	reject
split	0x38faa0-0x38fca0	0x38faa0-0x38fba0
split	0x38faa0-0x38fca0	0x38fba0-0x38fca0
try	0x2d0b07-0x2d0d07	ok
try	0x2d0f07-0x2d1107	ok
try	0x481230-0x481430	ok
try	0x480e30-0x481030	ok
wrote	native_gap_retdec_batch972.ranges	16
appended_reject_cache	dumps/vmtail-wide-1m-w16/vm_executable_gap_retdec_reject_cache.tsv	2
# elapsed 5.76s
created_batches	972
+ make -j 16 native-gap-retdec-batch972
make[1]: Entering directory '/models/dev/sc-rev/eac/eacsym'
make dumps/vmtail-wide-1m-w16/vm_native_gap_retdec_batch972.c
make[2]: Entering directory '/models/dev/sc-rev/eac/eacsym'
python3 vm_native_gap_retdec_batch.py --batch-index 972 --ranges-file native_gap_retdec_batch972.ranges > dumps/vmtail-wide-1m-w16/vm_native_gap_retdec_batch972.c
native_gap_retdec_batch=972
native_gap_retdec_selected_ranges=16
make[2]: Leaving directory '/models/dev/sc-rev/eac/eacsym'
make[1]: Leaving directory '/models/dev/sc-rev/eac/eacsym'
# elapsed 1.81s
+ cc -std=c11 -fsyntax-only -w dumps/vmtail-wide-1m-w16/vm_native_gap_retdec_batch972.c
# elapsed 0.02s
+ make -s native-executable-coverage-audit native-retdec-gap-queue
# elapsed 2.06s
+ make -s uncovered-executable-gaps
uncovered_executable_gaps=3030 bytes=2238058
uncovered_executable_gaps=3030 bytes=2238058
uncovered_executable_gaps=3030 bytes=2238058
# elapsed 0.99s
coverage_delta
native_executable_coverage_range_rows	41606	42040	delta=+434
native_executable_coverage_gap_rows	3026	3035	delta=+9
native_executable_coverage_recovered_bytes	3381110	3412982	delta=+31872
native_executable_coverage_uncovered_bytes	2269930	2238058	delta=-31872
round_start	5
+ python3 vm_executable_gap_retdec_probe.py --root . --section .text --chunk-bytes 0x200 --min-chunk-bytes 0x80 --max-split-candidates 128 --max-gap-chunks 8 --max-candidates 384 --max-accepted 16 --probe-jobs 16 --timeout 30 --reject-cache dumps/vmtail-wide-1m-w16/vm_executable_gap_retdec_reject_cache.tsv
try	0x131fa5-0x1321a5	ok
try	0x1173bf-0x1175bf	ok
try	0x1175bf-0x1177bf	ok
try	0x131da5-0x131fa5	ok
try	0x1327a5-0x1329a5	ok
try	0x116fbf-0x1171bf	reject
split	0x116fbf-0x1171bf	0x116fbf-0x1170bf
split	0x116fbf-0x1171bf	0x1170bf-0x1171bf
try	0x1323a5-0x1325a5	ok
try	0x1329a5-0x132ba5	ok
try	0x1177bf-0x1179bf	reject
split	0x1177bf-0x1179bf	0x1177bf-0x1178bf
split	0x1177bf-0x1179bf	0x1178bf-0x1179bf
try	0x1325a5-0x1327a5	reject
split	0x1325a5-0x1327a5	0x1325a5-0x1326a5
split	0x1325a5-0x1327a5	0x1326a5-0x1327a5
try	0x1171bf-0x1173bf	ok
try	0x117dbf-0x117fbf	ok
try	0x1179bf-0x117bbf	ok
try	0x117bbf-0x117dbf	ok
try	0x1321a5-0x1323a5	ok
try	0x131ba5-0x131da5	ok
try	0x3dafb9-0x3db1b9	ok
try	0x3db3b9-0x3db5b9	ok
try	0x3db7b9-0x3db9b9	reject
split	0x3db7b9-0x3db9b9	0x3db7b9-0x3db8b9
split	0x3db7b9-0x3db9b9	0x3db8b9-0x3db9b9
try	0x3db1b9-0x3db3b9	ok
wrote	native_gap_retdec_batch973.ranges	16
appended_reject_cache	dumps/vmtail-wide-1m-w16/vm_executable_gap_retdec_reject_cache.tsv	4
# elapsed 5.84s
created_batches	973
+ make -j 16 native-gap-retdec-batch973
make[1]: Entering directory '/models/dev/sc-rev/eac/eacsym'
make dumps/vmtail-wide-1m-w16/vm_native_gap_retdec_batch973.c
make[2]: Entering directory '/models/dev/sc-rev/eac/eacsym'
python3 vm_native_gap_retdec_batch.py --batch-index 973 --ranges-file native_gap_retdec_batch973.ranges > dumps/vmtail-wide-1m-w16/vm_native_gap_retdec_batch973.c
native_gap_retdec_batch=973
native_gap_retdec_selected_ranges=16
make[2]: Leaving directory '/models/dev/sc-rev/eac/eacsym'
make[1]: Leaving directory '/models/dev/sc-rev/eac/eacsym'
# elapsed 1.83s
+ cc -std=c11 -fsyntax-only -w dumps/vmtail-wide-1m-w16/vm_native_gap_retdec_batch973.c
# elapsed 0.02s
+ make -s native-executable-coverage-audit native-retdec-gap-queue
# elapsed 1.97s
+ make -s uncovered-executable-gaps
uncovered_executable_gaps=3033 bytes=2229866
uncovered_executable_gaps=3033 bytes=2229866
uncovered_executable_gaps=3033 bytes=2229866
# elapsed 0.99s
coverage_delta
native_executable_coverage_range_rows	41606	42176	delta=+570
native_executable_coverage_gap_rows	3026	3038	delta=+12
native_executable_coverage_recovered_bytes	3381110	3421174	delta=+40064
native_executable_coverage_uncovered_bytes	2269930	2229866	delta=-40064
round_start	6
+ python3 vm_executable_gap_retdec_probe.py --root . --section .text --chunk-bytes 0x200 --min-chunk-bytes 0x80 --max-split-candidates 128 --max-gap-chunks 8 --max-candidates 384 --max-accepted 16 --probe-jobs 16 --timeout 30 --reject-cache dumps/vmtail-wide-1m-w16/vm_executable_gap_retdec_reject_cache.tsv
try	0x35c08a-0x35c28a	ok
try	0x35ca8a-0x35cc8a	ok
try	0x35c68a-0x35c88a	ok
try	0x3d24ff-0x3d26ff	ok
try	0x35c48a-0x35c68a	ok
try	0x3d26ff-0x3d28ff	ok
try	0x3d1eff-0x3d20ff	reject
split	0x3d1eff-0x3d20ff	0x3d1eff-0x3d1fff
split	0x3d1eff-0x3d20ff	0x3d1fff-0x3d20ff
try	0x3d22ff-0x3d24ff	ok
try	0x3d2aff-0x3d2cff	ok
try	0x35be8a-0x35c08a	ok
try	0x35c28a-0x35c48a	ok
try	0x3d28ff-0x3d2aff	ok
try	0x35c88a-0x35ca8a	ok
try	0x3d2cff-0x3d2eff	ok
try	0x3d20ff-0x3d22ff	ok
try	0x35cc8a-0x35ce8a	ok
try	0x292f1f-0x29311f	ok
wrote	native_gap_retdec_batch974.ranges	16
appended_reject_cache	dumps/vmtail-wide-1m-w16/vm_executable_gap_retdec_reject_cache.tsv	1
# elapsed 4.78s
created_batches	974
+ make -j 16 native-gap-retdec-batch974
make[1]: Entering directory '/models/dev/sc-rev/eac/eacsym'
make dumps/vmtail-wide-1m-w16/vm_native_gap_retdec_batch974.c
make[2]: Entering directory '/models/dev/sc-rev/eac/eacsym'
python3 vm_native_gap_retdec_batch.py --batch-index 974 --ranges-file native_gap_retdec_batch974.ranges > dumps/vmtail-wide-1m-w16/vm_native_gap_retdec_batch974.c
native_gap_retdec_batch=974
native_gap_retdec_selected_ranges=16
make[2]: Leaving directory '/models/dev/sc-rev/eac/eacsym'
make[1]: Leaving directory '/models/dev/sc-rev/eac/eacsym'
# elapsed 1.83s
+ cc -std=c11 -fsyntax-only -w dumps/vmtail-wide-1m-w16/vm_native_gap_retdec_batch974.c
# elapsed 0.02s
+ make -s native-executable-coverage-audit native-retdec-gap-queue
# elapsed 2.00s
+ make -s uncovered-executable-gaps
uncovered_executable_gaps=3035 bytes=2221674
uncovered_executable_gaps=3035 bytes=2221674
uncovered_executable_gaps=3035 bytes=2221674
# elapsed 1.00s
coverage_delta
native_executable_coverage_range_rows	41606	42271	delta=+665
native_executable_coverage_gap_rows	3026	3040	delta=+14
native_executable_coverage_recovered_bytes	3381110	3429366	delta=+48256
native_executable_coverage_uncovered_bytes	2269930	2221674	delta=-48256
round_start	7
+ python3 vm_executable_gap_retdec_probe.py --root . --section .text --chunk-bytes 0x200 --min-chunk-bytes 0x80 --max-split-candidates 128 --max-gap-chunks 8 --max-candidates 384 --max-accepted 16 --probe-jobs 16 --timeout 30 --reject-cache dumps/vmtail-wide-1m-w16/vm_executable_gap_retdec_reject_cache.tsv
try	0x532cac-0x532eac	ok
try	0x246018-0x246218	ok
try	0x532eac-0x5330ac	ok
try	0x532aac-0x532cac	ok
try	0x246818-0x246a18	ok
try	0x5336ac-0x5338ac	ok
try	0x5332ac-0x5334ac	ok
try	0x5338ac-0x533aac	ok
try	0x246218-0x246418	ok
try	0x5330ac-0x5332ac	ok
try	0x245e18-0x246018	ok
try	0x246418-0x246618	ok
try	0x245c18-0x245e18	ok
try	0x246a18-0x246c18	ok
try	0x246618-0x246818	ok
try	0x5334ac-0x5336ac	ok
wrote	native_gap_retdec_batch975.ranges	16
# elapsed 4.67s
created_batches	975
+ make -j 16 native-gap-retdec-batch975
make[1]: Entering directory '/models/dev/sc-rev/eac/eacsym'
make dumps/vmtail-wide-1m-w16/vm_native_gap_retdec_batch975.c
make[2]: Entering directory '/models/dev/sc-rev/eac/eacsym'
python3 vm_native_gap_retdec_batch.py --batch-index 975 --ranges-file native_gap_retdec_batch975.ranges > dumps/vmtail-wide-1m-w16/vm_native_gap_retdec_batch975.c
native_gap_retdec_batch=975
native_gap_retdec_selected_ranges=16
make[2]: Leaving directory '/models/dev/sc-rev/eac/eacsym'
make[1]: Leaving directory '/models/dev/sc-rev/eac/eacsym'
# elapsed 1.84s
+ cc -std=c11 -fsyntax-only -w dumps/vmtail-wide-1m-w16/vm_native_gap_retdec_batch975.c
# elapsed 0.01s
+ make -s native-executable-coverage-audit native-retdec-gap-queue
# elapsed 1.99s
+ make -s uncovered-executable-gaps
uncovered_executable_gaps=3035 bytes=2213482
uncovered_executable_gaps=3035 bytes=2213482
uncovered_executable_gaps=3035 bytes=2213482
# elapsed 1.01s
coverage_delta
native_executable_coverage_range_rows	41606	42302	delta=+696
native_executable_coverage_gap_rows	3026	3040	delta=+14
native_executable_coverage_recovered_bytes	3381110	3437558	delta=+56448
native_executable_coverage_uncovered_bytes	2269930	2213482	delta=-56448
round_start	8
+ python3 vm_executable_gap_retdec_probe.py --root . --section .text --chunk-bytes 0x200 --min-chunk-bytes 0x80 --max-split-candidates 128 --max-gap-chunks 8 --max-candidates 384 --max-accepted 16 --probe-jobs 16 --timeout 30 --reject-cache dumps/vmtail-wide-1m-w16/vm_executable_gap_retdec_reject_cache.tsv
try	0x3fa19e-0x3fa39e	ok
try	0x3f9f9e-0x3fa19e	reject
split	0x3f9f9e-0x3fa19e	0x3f9f9e-0x3fa09e
split	0x3f9f9e-0x3fa19e	0x3fa09e-0x3fa19e
try	0x3fa79e-0x3fa99e	ok
try	0xfc99c-0xfcb9c	ok
try	0xfc59c-0xfc79c	ok
try	0xfcd9c-0xfcf9c	ok
try	0x3f9d9e-0x3f9f9e	ok
try	0x3fa99e-0x3fab9e	ok
try	0xfd19c-0xfd39c	ok
try	0xfcf9c-0xfd19c	ok
try	0xfcb9c-0xfcd9c	ok
try	0x3fa59e-0x3fa79e	ok
try	0xfc79c-0xfc99c	ok
try	0x3fa39e-0x3fa59e	ok
try	0x3f9b9e-0x3f9d9e	ok
try	0xfc39c-0xfc59c	ok
try	0x3fa09e-0x3fa19e	reject
split	0x3fa09e-0x3fa19e	0x3fa09e-0x3fa11e
split	0x3fa09e-0x3fa19e	0x3fa11e-0x3fa19e
try	0x3f9f9e-0x3fa09e	ok
wrote	native_gap_retdec_batch976.ranges	16
appended_reject_cache	dumps/vmtail-wide-1m-w16/vm_executable_gap_retdec_reject_cache.tsv	2
# elapsed 5.63s
created_batches	976
+ make -j 16 native-gap-retdec-batch976
make[1]: Entering directory '/models/dev/sc-rev/eac/eacsym'
make dumps/vmtail-wide-1m-w16/vm_native_gap_retdec_batch976.c
make[2]: Entering directory '/models/dev/sc-rev/eac/eacsym'
python3 vm_native_gap_retdec_batch.py --batch-index 976 --ranges-file native_gap_retdec_batch976.ranges > dumps/vmtail-wide-1m-w16/vm_native_gap_retdec_batch976.c
native_gap_retdec_batch=976
native_gap_retdec_selected_ranges=16
make[2]: Leaving directory '/models/dev/sc-rev/eac/eacsym'
make[1]: Leaving directory '/models/dev/sc-rev/eac/eacsym'
# elapsed 2.01s
+ cc -std=c11 -fsyntax-only -w dumps/vmtail-wide-1m-w16/vm_native_gap_retdec_batch976.c
# elapsed 0.02s
+ make -s native-executable-coverage-audit native-retdec-gap-queue
# elapsed 1.99s
+ make -s uncovered-executable-gaps
uncovered_executable_gaps=3036 bytes=2205546
uncovered_executable_gaps=3036 bytes=2205546
uncovered_executable_gaps=3036 bytes=2205546
# elapsed 1.01s
coverage_delta
native_executable_coverage_range_rows	41606	42424	delta=+818
native_executable_coverage_gap_rows	3026	3041	delta=+15
native_executable_coverage_recovered_bytes	3381110	3445494	delta=+64384
native_executable_coverage_uncovered_bytes	2269930	2205546	delta=-64384
round_start	9
+ python3 vm_executable_gap_retdec_probe.py --root . --section .text --chunk-bytes 0x200 --min-chunk-bytes 0x80 --max-split-candidates 128 --max-gap-chunks 8 --max-candidates 384 --max-accepted 16 --probe-jobs 16 --timeout 30 --reject-cache dumps/vmtail-wide-1m-w16/vm_executable_gap_retdec_reject_cache.tsv
try	0x1a0285-0x1a0485	ok
try	0x19f485-0x19f685	ok
try	0x2e6f3-0x2e8f3	ok
try	0x19f685-0x19f885	ok
try	0x19f885-0x19fa85	ok
try	0x2eaf3-0x2ecf3	ok
try	0x2e4f3-0x2e6f3	ok
try	0x19fa85-0x19fc85	ok
try	0x2e0f3-0x2e2f3	ok
try	0x19fe85-0x1a0085	ok
try	0x1a0085-0x1a0285	ok
try	0x19fc85-0x19fe85	ok
try	0x2dcf3-0x2def3	ok
try	0x2e8f3-0x2eaf3	ok
try	0x2def3-0x2e0f3	ok
try	0x2e2f3-0x2e4f3	ok
wrote	native_gap_retdec_batch977.ranges	16
# elapsed 4.67s
created_batches	977
+ make -j 16 native-gap-retdec-batch977
make[1]: Entering directory '/models/dev/sc-rev/eac/eacsym'
make dumps/vmtail-wide-1m-w16/vm_native_gap_retdec_batch977.c
make[2]: Entering directory '/models/dev/sc-rev/eac/eacsym'
python3 vm_native_gap_retdec_batch.py --batch-index 977 --ranges-file native_gap_retdec_batch977.ranges > dumps/vmtail-wide-1m-w16/vm_native_gap_retdec_batch977.c
native_gap_retdec_batch=977
native_gap_retdec_selected_ranges=16
make[2]: Leaving directory '/models/dev/sc-rev/eac/eacsym'
make[1]: Leaving directory '/models/dev/sc-rev/eac/eacsym'
# elapsed 1.86s
+ cc -std=c11 -fsyntax-only -w dumps/vmtail-wide-1m-w16/vm_native_gap_retdec_batch977.c
# elapsed 0.01s
+ make -s native-executable-coverage-audit native-retdec-gap-queue
# elapsed 1.97s
+ make -s uncovered-executable-gaps
uncovered_executable_gaps=3036 bytes=2197354
uncovered_executable_gaps=3036 bytes=2197354
uncovered_executable_gaps=3036 bytes=2197354
# elapsed 0.98s
coverage_delta
native_executable_coverage_range_rows	41606	42523	delta=+917
native_executable_coverage_gap_rows	3026	3041	delta=+15
native_executable_coverage_recovered_bytes	3381110	3453686	delta=+72576
native_executable_coverage_uncovered_bytes	2269930	2197354	delta=-72576
round_start	10
+ python3 vm_executable_gap_retdec_probe.py --root . --section .text --chunk-bytes 0x200 --min-chunk-bytes 0x80 --max-split-candidates 128 --max-gap-chunks 8 --max-candidates 384 --max-accepted 16 --probe-jobs 16 --timeout 30 --reject-cache dumps/vmtail-wide-1m-w16/vm_executable_gap_retdec_reject_cache.tsv
try	0x3664b6-0x3666b6	ok
try	0x3666b6-0x3668b6	ok
try	0x365eb6-0x3660b6	ok
try	0x3b0615-0x3b0815	ok
try	0x365cb6-0x365eb6	ok
try	0x3b0415-0x3b0615	ok
try	0x3afe15-0x3b0015	ok
try	0x3660b6-0x3662b6	ok
try	0x3afc15-0x3afe15	ok
try	0x3662b6-0x3664b6	ok
try	0x3668b6-0x366ab6	ok
try	0x365ab6-0x365cb6	ok
try	0x3b0815-0x3b0a15	ok
try	0x3b0015-0x3b0215	ok
try	0x3afa15-0x3afc15	ok
try	0x3b0215-0x3b0415	ok
wrote	native_gap_retdec_batch978.ranges	16
# elapsed 4.69s
created_batches	978
+ make -j 16 native-gap-retdec-batch978
make[1]: Entering directory '/models/dev/sc-rev/eac/eacsym'
make dumps/vmtail-wide-1m-w16/vm_native_gap_retdec_batch978.c
make[2]: Entering directory '/models/dev/sc-rev/eac/eacsym'
python3 vm_native_gap_retdec_batch.py --batch-index 978 --ranges-file native_gap_retdec_batch978.ranges > dumps/vmtail-wide-1m-w16/vm_native_gap_retdec_batch978.c
native_gap_retdec_batch=978
native_gap_retdec_selected_ranges=16
make[2]: Leaving directory '/models/dev/sc-rev/eac/eacsym'
make[1]: Leaving directory '/models/dev/sc-rev/eac/eacsym'
# elapsed 1.83s
+ cc -std=c11 -fsyntax-only -w dumps/vmtail-wide-1m-w16/vm_native_gap_retdec_batch978.c
# elapsed 0.02s
+ make -s native-executable-coverage-audit native-retdec-gap-queue
