+ python3 vm_executable_gap_retdec_autopilot.py --rounds 24 --jobs 16 --probe-jobs 16 --chunk-bytes 0x200 --min-chunk-bytes 0x80 --max-split-candidates 128 --max-gap-chunks 8 --max-candidates 384 --max-accepted 16 --timeout 30 --salvage-failed-batches --skip-manifest --section .text
round_start	1
+ python3 vm_executable_gap_retdec_probe.py --root . --section .text --chunk-bytes 0x200 --min-chunk-bytes 0x80 --max-split-candidates 128 --max-gap-chunks 8 --max-candidates 384 --max-accepted 16 --probe-jobs 16 --timeout 30 --reject-cache dumps/vmtail-wide-1m-w16/vm_executable_gap_retdec_reject_cache.tsv
try	0x1befce-0x1bf1ce	ok
try	0x29311f-0x29331f	ok
try	0x293b1f-0x293d1f	reject
split	0x293b1f-0x293d1f	0x293b1f-0x293c1f
split	0x293b1f-0x293d1f	0x293c1f-0x293d1f
try	0x1be5ce-0x1be7ce	ok
try	0x29391f-0x293b1f	ok
try	0x1bedce-0x1befce	ok
try	0x1be7ce-0x1be9ce	reject
split	0x1be7ce-0x1be9ce	0x1be7ce-0x1be8ce
split	0x1be7ce-0x1be9ce	0x1be8ce-0x1be9ce
try	0x293d1f-0x293f1f	ok
try	0x1bebce-0x1bedce	ok
try	0x29371f-0x29391f	ok
try	0x1be3ce-0x1be5ce	ok
try	0x293f1f-0x29411f	ok
try	0x1be9ce-0x1bebce	reject
split	0x1be9ce-0x1bebce	0x1be9ce-0x1beace
split	0x1be9ce-0x1bebce	0x1beace-0x1bebce
try	0x29331f-0x29351f	ok
try	0x29351f-0x29371f	ok
try	0x1bf1ce-0x1bf3ce	ok
try	0x293c1f-0x293d1f	reject
split	0x293c1f-0x293d1f	0x293c1f-0x293c9f
split	0x293c1f-0x293d1f	0x293c9f-0x293d1f
try	0x3c35dd-0x3c37dd	ok
try	0x293b1f-0x293c1f	reject
split	0x293b1f-0x293c1f	0x293b1f-0x293b9f
split	0x293b1f-0x293c1f	0x293b9f-0x293c1f
try	0x3c3bdd-0x3c3ddd	ok
try	0x3c33dd-0x3c35dd	ok
wrote	native_gap_retdec_batch1008.ranges	16
appended_reject_cache	dumps/vmtail-wide-1m-w16/vm_executable_gap_retdec_reject_cache.tsv	5
# elapsed 6.08s
created_batches	1008
+ make -j 16 native-gap-retdec-batch1008
make[1]: Entering directory '/models/dev/sc-rev/eac/eacsym'
make dumps/vmtail-wide-1m-w16/vm_native_gap_retdec_batch1008.c
make[2]: Entering directory '/models/dev/sc-rev/eac/eacsym'
python3 vm_native_gap_retdec_batch.py --batch-index 1008 --ranges-file native_gap_retdec_batch1008.ranges > dumps/vmtail-wide-1m-w16/vm_native_gap_retdec_batch1008.c
native_gap_retdec_batch=1008
native_gap_retdec_selected_ranges=16
make[2]: Leaving directory '/models/dev/sc-rev/eac/eacsym'
make[1]: Leaving directory '/models/dev/sc-rev/eac/eacsym'
# elapsed 1.90s
+ cc -std=c11 -fsyntax-only -w dumps/vmtail-wide-1m-w16/vm_native_gap_retdec_batch1008.c
# elapsed 0.01s
+ make -s native-executable-coverage-audit native-retdec-gap-queue
# elapsed 2.05s
+ make -s uncovered-executable-gaps
uncovered_executable_gaps=3067 bytes=2067306
uncovered_executable_gaps=3067 bytes=2067306
uncovered_executable_gaps=3067 bytes=2067306
# elapsed 0.99s
coverage_delta
native_executable_coverage_range_rows	44232	44362	delta=+130
native_executable_coverage_gap_rows	3069	3072	delta=+3
native_executable_coverage_recovered_bytes	3575542	3583734	delta=+8192
native_executable_coverage_uncovered_bytes	2075498	2067306	delta=-8192
round_start	2
+ python3 vm_executable_gap_retdec_probe.py --root . --section .text --chunk-bytes 0x200 --min-chunk-bytes 0x80 --max-split-candidates 128 --max-gap-chunks 8 --max-candidates 384 --max-accepted 16 --probe-jobs 16 --timeout 30 --reject-cache dumps/vmtail-wide-1m-w16/vm_executable_gap_retdec_reject_cache.tsv
try	0x432c93-0x432e93	ok
try	0x1de05a-0x1de25a	ok
try	0x432e93-0x433093	ok
try	0x1dde5a-0x1de05a	ok
try	0x433093-0x433293	reject
split	0x433093-0x433293	0x433093-0x433193
split	0x433093-0x433293	0x433193-0x433293
try	0x1dec5a-0x1dee5a	ok
try	0x433493-0x433693	ok
try	0x433a93-0x433c93	ok
try	0x1de65a-0x1de85a	ok
try	0x433293-0x433493	ok
try	0x1de85a-0x1dea5a	ok
try	0x1dea5a-0x1dec5a	ok
try	0x1de45a-0x1de65a	ok
try	0x1de25a-0x1de45a	ok
try	0x433893-0x433a93	reject
split	0x433893-0x433a93	0x433893-0x433993
split	0x433893-0x433a93	0x433993-0x433a93
try	0x433693-0x433893	ok
try	0x433193-0x433293	ok
try	0x27cf9f-0x27d19f	ok
wrote	native_gap_retdec_batch1009.ranges	16
appended_reject_cache	dumps/vmtail-wide-1m-w16/vm_executable_gap_retdec_reject_cache.tsv	2
# elapsed 5.92s
created_batches	1009
+ make -j 16 native-gap-retdec-batch1009
make[1]: Entering directory '/models/dev/sc-rev/eac/eacsym'
make dumps/vmtail-wide-1m-w16/vm_native_gap_retdec_batch1009.c
make[2]: Entering directory '/models/dev/sc-rev/eac/eacsym'
python3 vm_native_gap_retdec_batch.py --batch-index 1009 --ranges-file native_gap_retdec_batch1009.ranges > dumps/vmtail-wide-1m-w16/vm_native_gap_retdec_batch1009.c
native_gap_retdec_batch=1009
native_gap_retdec_selected_ranges=16
make[2]: Leaving directory '/models/dev/sc-rev/eac/eacsym'
make[1]: Leaving directory '/models/dev/sc-rev/eac/eacsym'
# elapsed 1.81s
+ cc -std=c11 -fsyntax-only -w dumps/vmtail-wide-1m-w16/vm_native_gap_retdec_batch1009.c
# elapsed 0.02s
+ make -s native-executable-coverage-audit native-retdec-gap-queue
# elapsed 2.13s
+ make -s uncovered-executable-gaps
uncovered_executable_gaps=3070 bytes=2059370
uncovered_executable_gaps=3070 bytes=2059370
uncovered_executable_gaps=3070 bytes=2059370
# elapsed 0.99s
coverage_delta
native_executable_coverage_range_rows	44232	44453	delta=+221
native_executable_coverage_gap_rows	3069	3075	delta=+6
native_executable_coverage_recovered_bytes	3575542	3591670	delta=+16128
native_executable_coverage_uncovered_bytes	2075498	2059370	delta=-16128
round_start	3
+ python3 vm_executable_gap_retdec_probe.py --root . --section .text --chunk-bytes 0x200 --min-chunk-bytes 0x80 --max-split-candidates 128 --max-gap-chunks 8 --max-candidates 384 --max-accepted 16 --probe-jobs 16 --timeout 30 --reject-cache dumps/vmtail-wide-1m-w16/vm_executable_gap_retdec_reject_cache.tsv
try	0x15d0ec-0x15d2ec	ok
try	0x479eee-0x47a0ee	ok
try	0x47a0ee-0x47a2ee	ok
try	0x47a2ee-0x47a4ee	ok
try	0x47a6ee-0x47a8ee	ok
try	0x15ccec-0x15ceec	ok
try	0x15d4ec-0x15d6ec	ok
try	0x479aee-0x479cee	ok
try	0x15ceec-0x15d0ec	ok
try	0x479cee-0x479eee	ok
try	0x15d6ec-0x15d8ec	ok
try	0x47a4ee-0x47a6ee	ok
try	0x15d8ec-0x15daec	ok
try	0x15caec-0x15ccec	ok
try	0x15d2ec-0x15d4ec	ok
try	0x47a8ee-0x47aaee	reject
split	0x47a8ee-0x47aaee	0x47a8ee-0x47a9ee
split	0x47a8ee-0x47aaee	0x47a9ee-0x47aaee
try	0x24b57d-0x24b77d	ok
wrote	native_gap_retdec_batch1010.ranges	16
appended_reject_cache	dumps/vmtail-wide-1m-w16/vm_executable_gap_retdec_reject_cache.tsv	1
# elapsed 4.84s
created_batches	1010
+ make -j 16 native-gap-retdec-batch1010
make[1]: Entering directory '/models/dev/sc-rev/eac/eacsym'
make dumps/vmtail-wide-1m-w16/vm_native_gap_retdec_batch1010.c
make[2]: Entering directory '/models/dev/sc-rev/eac/eacsym'
python3 vm_native_gap_retdec_batch.py --batch-index 1010 --ranges-file native_gap_retdec_batch1010.ranges > dumps/vmtail-wide-1m-w16/vm_native_gap_retdec_batch1010.c
