+ python3 vm_executable_gap_retdec_autopilot.py --rounds 24 --jobs 8 --probe-jobs 8 --chunk-bytes 0x200 --min-chunk-bytes 0x80 --max-split-candidates 64 --max-gap-chunks 5 --max-candidates 192 --max-accepted 8 --timeout 30 --final-checkpoint --salvage-failed-batches --completion-audit --skip-manifest --section .text
round_start	1
+ python3 vm_executable_gap_retdec_probe.py --root . --section .text --chunk-bytes 0x200 --min-chunk-bytes 0x80 --max-split-candidates 64 --max-gap-chunks 5 --max-candidates 192 --max-accepted 8 --probe-jobs 8 --timeout 30 --reject-cache dumps/vmtail-wide-1m-w16/vm_executable_gap_retdec_reject_cache.tsv
try	0x120546-0x120746	ok
try	0x3f619e-0x3f639e	ok
try	0x120346-0x120546	ok
try	0x3f639e-0x3f659e	ok
try	0x3f659e-0x3f679e	ok
try	0x3f679e-0x3f699e	ok
try	0x3f699e-0x3f6b9e	ok
try	0x120746-0x120946	reject
split	0x120746-0x120946	0x120746-0x120846
split	0x120746-0x120946	0x120846-0x120946
try	0x120b46-0x120d46	ok
wrote	native_gap_retdec_batch596.ranges	8
appended_reject_cache	dumps/vmtail-wide-1m-w16/vm_executable_gap_retdec_reject_cache.tsv	1
# elapsed 4.27s
created_batches	596
+ make -j 8 native-gap-retdec-batch596
make dumps/vmtail-wide-1m-w16/vm_native_gap_retdec_batch596.c
make[1]: Entering directory '/models/dev/sc-rev/eac/eacsym'
python3 vm_native_gap_retdec_batch.py --batch-index 596 --ranges-file native_gap_retdec_batch596.ranges > dumps/vmtail-wide-1m-w16/vm_native_gap_retdec_batch596.c
native_gap_retdec_batch=596
native_gap_retdec_selected_ranges=8
make[1]: Leaving directory '/models/dev/sc-rev/eac/eacsym'
# elapsed 1.80s
+ cc -std=c11 -fsyntax-only -w dumps/vmtail-wide-1m-w16/vm_native_gap_retdec_batch596.c
# elapsed 0.02s
+ make -s native-executable-coverage-audit native-retdec-gap-queue
# elapsed 1.37s
+ make -s uncovered-executable-gaps
uncovered_executable_gaps=2769 bytes=3237738
uncovered_executable_gaps=2769 bytes=3237738
uncovered_executable_gaps=2769 bytes=3237738
# elapsed 1.14s
coverage_delta
native_executable_coverage_range_rows	27834	27897	delta=+63
native_executable_coverage_gap_rows	2773	2774	delta=+1
native_executable_coverage_recovered_bytes	2409206	2413302	delta=+4096
native_executable_coverage_uncovered_bytes	3241834	3237738	delta=-4096
round_start	2
+ python3 vm_executable_gap_retdec_probe.py --root . --section .text --chunk-bytes 0x200 --min-chunk-bytes 0x80 --max-split-candidates 64 --max-gap-chunks 5 --max-candidates 192 --max-accepted 8 --probe-jobs 8 --timeout 30 --reject-cache dumps/vmtail-wide-1m-w16/vm_executable_gap_retdec_reject_cache.tsv
try	0x3865a8-0x3867a8	ok
try	0x3867a8-0x3869a8	ok
try	0x412542-0x412742	ok
try	0x412742-0x412942	reject
split	0x412742-0x412942	0x412742-0x412842
split	0x412742-0x412942	0x412842-0x412942
try	0x412342-0x412542	ok
try	0x412b42-0x412d42	ok
try	0x3863a8-0x3865a8	ok
try	0x412942-0x412b42	ok
try	0x386ba8-0x386da8	ok
wrote	native_gap_retdec_batch597.ranges	8
appended_reject_cache	dumps/vmtail-wide-1m-w16/vm_executable_gap_retdec_reject_cache.tsv	1
# elapsed 4.19s
created_batches	597
+ make -j 8 native-gap-retdec-batch597
make dumps/vmtail-wide-1m-w16/vm_native_gap_retdec_batch597.c
make[1]: Entering directory '/models/dev/sc-rev/eac/eacsym'
python3 vm_native_gap_retdec_batch.py --batch-index 597 --ranges-file native_gap_retdec_batch597.ranges > dumps/vmtail-wide-1m-w16/vm_native_gap_retdec_batch597.c
native_gap_retdec_batch=597
native_gap_retdec_selected_ranges=8
make[1]: Leaving directory '/models/dev/sc-rev/eac/eacsym'
# elapsed 1.80s
+ cc -std=c11 -fsyntax-only -w dumps/vmtail-wide-1m-w16/vm_native_gap_retdec_batch597.c
# elapsed 0.02s
+ make -s native-executable-coverage-audit native-retdec-gap-queue
# elapsed 1.37s
+ make -s uncovered-executable-gaps
uncovered_executable_gaps=2771 bytes=3233642
uncovered_executable_gaps=2771 bytes=3233642
uncovered_executable_gaps=2771 bytes=3233642
# elapsed 1.11s
coverage_delta
native_executable_coverage_range_rows	27834	27960	delta=+126
native_executable_coverage_gap_rows	2773	2776	delta=+3
native_executable_coverage_recovered_bytes	2409206	2417398	delta=+8192
native_executable_coverage_uncovered_bytes	3241834	3233642	delta=-8192
round_start	3
+ python3 vm_executable_gap_retdec_probe.py --root . --section .text --chunk-bytes 0x200 --min-chunk-bytes 0x80 --max-split-candidates 64 --max-gap-chunks 5 --max-candidates 192 --max-accepted 8 --probe-jobs 8 --timeout 30 --reject-cache dumps/vmtail-wide-1m-w16/vm_executable_gap_retdec_reject_cache.tsv
try	0x3ac215-0x3ac415	ok
try	0x3ac415-0x3ac615	ok
try	0x3ce5ff-0x3ce7ff	ok
try	0x3ce9ff-0x3cebff	ok
try	0x3ce7ff-0x3ce9ff	ok
try	0x3cebff-0x3cedff	reject
split	0x3cebff-0x3cedff	0x3cebff-0x3cecff
split	0x3cebff-0x3cedff	0x3cecff-0x3cedff
try	0x3ac015-0x3ac215	ok
try	0x3cedff-0x3cefff	reject
split	0x3cedff-0x3cefff	0x3cedff-0x3ceeff
split	0x3cedff-0x3cefff	0x3ceeff-0x3cefff
try	0x3ac615-0x3ac815	ok
try	0x441467-0x441667	ok
wrote	native_gap_retdec_batch598.ranges	8
appended_reject_cache	dumps/vmtail-wide-1m-w16/vm_executable_gap_retdec_reject_cache.tsv	2
# elapsed 5.31s
created_batches	598
+ make -j 8 native-gap-retdec-batch598
make dumps/vmtail-wide-1m-w16/vm_native_gap_retdec_batch598.c
make[1]: Entering directory '/models/dev/sc-rev/eac/eacsym'
python3 vm_native_gap_retdec_batch.py --batch-index 598 --ranges-file native_gap_retdec_batch598.ranges > dumps/vmtail-wide-1m-w16/vm_native_gap_retdec_batch598.c
native_gap_retdec_batch=598
native_gap_retdec_selected_ranges=8
make[1]: Leaving directory '/models/dev/sc-rev/eac/eacsym'
# elapsed 1.75s
+ cc -std=c11 -fsyntax-only -w dumps/vmtail-wide-1m-w16/vm_native_gap_retdec_batch598.c
# elapsed 0.01s
+ make -s native-executable-coverage-audit native-retdec-gap-queue
# elapsed 1.40s
+ make -s uncovered-executable-gaps
uncovered_executable_gaps=2771 bytes=3229546
uncovered_executable_gaps=2771 bytes=3229546
uncovered_executable_gaps=2771 bytes=3229546
# elapsed 1.11s
coverage_delta
native_executable_coverage_range_rows	27834	28003	delta=+169
native_executable_coverage_gap_rows	2773	2776	delta=+3
native_executable_coverage_recovered_bytes	2409206	2421494	delta=+12288
native_executable_coverage_uncovered_bytes	3241834	3229546	delta=-12288
round_start	4
+ python3 vm_executable_gap_retdec_probe.py --root . --section .text --chunk-bytes 0x200 --min-chunk-bytes 0x80 --max-split-candidates 64 --max-gap-chunks 5 --max-candidates 192 --max-accepted 8 --probe-jobs 8 --timeout 30 --reject-cache dumps/vmtail-wide-1m-w16/vm_executable_gap_retdec_reject_cache.tsv
try	0x37ff30-0x380130	ok
try	0x380330-0x380530	ok
try	0x380130-0x380330	ok
try	0x30101e-0x30121e	ok
try	0x300e1e-0x30101e	ok
try	0x300c1e-0x300e1e	reject
split	0x300c1e-0x300e1e	0x300c1e-0x300d1e
split	0x300c1e-0x300e1e	0x300d1e-0x300e1e
try	0x30121e-0x30141e	ok
try	0x30141e-0x30161e	ok
try	0x380530-0x380730	reject
split	0x380530-0x380730	0x380530-0x380630
split	0x380530-0x380730	0x380630-0x380730
try	0x300d1e-0x300e1e	reject
split	0x300d1e-0x300e1e	0x300d1e-0x300d9e
split	0x300d1e-0x300e1e	0x300d9e-0x300e1e
try	0x380730-0x380930	ok
wrote	native_gap_retdec_batch599.ranges	8
appended_reject_cache	dumps/vmtail-wide-1m-w16/vm_executable_gap_retdec_reject_cache.tsv	3
# elapsed 5.47s
created_batches	599
+ make -j 8 native-gap-retdec-batch599
make dumps/vmtail-wide-1m-w16/vm_native_gap_retdec_batch599.c
make[1]: Entering directory '/models/dev/sc-rev/eac/eacsym'
python3 vm_native_gap_retdec_batch.py --batch-index 599 --ranges-file native_gap_retdec_batch599.ranges > dumps/vmtail-wide-1m-w16/vm_native_gap_retdec_batch599.c
native_gap_retdec_batch=599
native_gap_retdec_selected_ranges=8
make[1]: Leaving directory '/models/dev/sc-rev/eac/eacsym'
# elapsed 1.85s
+ cc -std=c11 -fsyntax-only -w dumps/vmtail-wide-1m-w16/vm_native_gap_retdec_batch599.c
# elapsed 0.01s
+ make -s native-executable-coverage-audit native-retdec-gap-queue
# elapsed 1.42s
+ make -s uncovered-executable-gaps
uncovered_executable_gaps=2773 bytes=3225450
uncovered_executable_gaps=2773 bytes=3225450
uncovered_executable_gaps=2773 bytes=3225450
# elapsed 1.11s
coverage_delta
native_executable_coverage_range_rows	27834	28073	delta=+239
native_executable_coverage_gap_rows	2773	2778	delta=+5
native_executable_coverage_recovered_bytes	2409206	2425590	delta=+16384
native_executable_coverage_uncovered_bytes	3241834	3225450	delta=-16384
round_start	5
+ python3 vm_executable_gap_retdec_probe.py --root . --section .text --chunk-bytes 0x200 --min-chunk-bytes 0x80 --max-split-candidates 64 --max-gap-chunks 5 --max-candidates 192 --max-accepted 8 --probe-jobs 8 --timeout 30 --reject-cache dumps/vmtail-wide-1m-w16/vm_executable_gap_retdec_reject_cache.tsv
try	0x466034-0x466234	ok
try	0x344bd8-0x344dd8	ok
try	0x466634-0x466834	reject
split	0x466634-0x466834	0x466634-0x466734
split	0x466634-0x466834	0x466734-0x466834
try	0x466234-0x466434	reject
split	0x466234-0x466434	0x466234-0x466334
split	0x466234-0x466434	0x466334-0x466434
try	0x3447d8-0x3449d8	ok
try	0x466434-0x466634	ok
try	0x3449d8-0x344bd8	ok
try	0x466834-0x466a34	ok
try	0x344dd8-0x344fd8	ok
try	0x466734-0x466834	reject
split	0x466734-0x466834	0x466734-0x4667b4
split	0x466734-0x466834	0x4667b4-0x466834
try	0x344fd8-0x3451d8	reject
split	0x344fd8-0x3451d8	0x344fd8-0x3450d8
split	0x344fd8-0x3451d8	0x3450d8-0x3451d8
try	0x466634-0x466734	ok
wrote	native_gap_retdec_batch600.ranges	8
appended_reject_cache	dumps/vmtail-wide-1m-w16/vm_executable_gap_retdec_reject_cache.tsv	4
# elapsed 5.55s
created_batches	600
+ make -j 8 native-gap-retdec-batch600
make dumps/vmtail-wide-1m-w16/vm_native_gap_retdec_batch600.c
make[1]: Entering directory '/models/dev/sc-rev/eac/eacsym'
python3 vm_native_gap_retdec_batch.py --batch-index 600 --ranges-file native_gap_retdec_batch600.ranges > dumps/vmtail-wide-1m-w16/vm_native_gap_retdec_batch600.c
native_gap_retdec_batch=600
native_gap_retdec_selected_ranges=8
make[1]: Leaving directory '/models/dev/sc-rev/eac/eacsym'
# elapsed 1.78s
+ cc -std=c11 -fsyntax-only -w dumps/vmtail-wide-1m-w16/vm_native_gap_retdec_batch600.c
# elapsed 0.02s
+ make -s native-executable-coverage-audit native-retdec-gap-queue
# elapsed 1.40s
+ make -s uncovered-executable-gaps
uncovered_executable_gaps=2775 bytes=3221610
uncovered_executable_gaps=2775 bytes=3221610
uncovered_executable_gaps=2775 bytes=3221610
# elapsed 1.13s
coverage_delta
native_executable_coverage_range_rows	27834	28148	delta=+314
native_executable_coverage_gap_rows	2773	2780	delta=+7
native_executable_coverage_recovered_bytes	2409206	2429430	delta=+20224
native_executable_coverage_uncovered_bytes	3241834	3221610	delta=-20224
round_start	6
+ python3 vm_executable_gap_retdec_probe.py --root . --section .text --chunk-bytes 0x200 --min-chunk-bytes 0x80 --max-split-candidates 64 --max-gap-chunks 5 --max-candidates 192 --max-accepted 8 --probe-jobs 8 --timeout 30 --reject-cache dumps/vmtail-wide-1m-w16/vm_executable_gap_retdec_reject_cache.tsv
try	0x352a8a-0x352c8a	ok
try	0x47d630-0x47d830	ok
try	0x47da30-0x47dc30	ok
try	0x35268a-0x35288a	ok
try	0x47de30-0x47e030	ok
try	0x47dc30-0x47de30	ok
try	0x47d830-0x47da30	ok
try	0x35288a-0x352a8a	ok
wrote	native_gap_retdec_batch601.ranges	8
# elapsed 4.05s
created_batches	601
+ make -j 8 native-gap-retdec-batch601
make dumps/vmtail-wide-1m-w16/vm_native_gap_retdec_batch601.c
make[1]: Entering directory '/models/dev/sc-rev/eac/eacsym'
python3 vm_native_gap_retdec_batch.py --batch-index 601 --ranges-file native_gap_retdec_batch601.ranges > dumps/vmtail-wide-1m-w16/vm_native_gap_retdec_batch601.c
native_gap_retdec_batch=601
native_gap_retdec_selected_ranges=8
make[1]: Leaving directory '/models/dev/sc-rev/eac/eacsym'
# elapsed 1.77s
+ cc -std=c11 -fsyntax-only -w dumps/vmtail-wide-1m-w16/vm_native_gap_retdec_batch601.c
# elapsed 0.01s
+ make -s native-executable-coverage-audit native-retdec-gap-queue
# elapsed 1.37s
+ make -s uncovered-executable-gaps
uncovered_executable_gaps=2775 bytes=3217514
uncovered_executable_gaps=2775 bytes=3217514
uncovered_executable_gaps=2775 bytes=3217514
# elapsed 1.11s
coverage_delta
native_executable_coverage_range_rows	27834	28206	delta=+372
native_executable_coverage_gap_rows	2773	2780	delta=+7
native_executable_coverage_recovered_bytes	2409206	2433526	delta=+24320
native_executable_coverage_uncovered_bytes	3241834	3217514	delta=-24320
round_start	7
+ python3 vm_executable_gap_retdec_probe.py --root . --section .text --chunk-bytes 0x200 --min-chunk-bytes 0x80 --max-split-candidates 64 --max-gap-chunks 5 --max-candidates 192 --max-accepted 8 --probe-jobs 8 --timeout 30 --reject-cache dumps/vmtail-wide-1m-w16/vm_executable_gap_retdec_reject_cache.tsv
try	0x1da25a-0x1da45a	ok
try	0x1ba7ce-0x1ba9ce	ok
try	0x1badce-0x1bafce	ok
try	0x1bafce-0x1bb1ce	ok
try	0x1da65a-0x1da85a	ok
try	0x1ba9ce-0x1babce	ok
try	0x1da45a-0x1da65a	ok
try	0x1babce-0x1badce	ok
wrote	native_gap_retdec_batch602.ranges	8
# elapsed 3.94s
created_batches	602
+ make -j 8 native-gap-retdec-batch602
make dumps/vmtail-wide-1m-w16/vm_native_gap_retdec_batch602.c
make[1]: Entering directory '/models/dev/sc-rev/eac/eacsym'
python3 vm_native_gap_retdec_batch.py --batch-index 602 --ranges-file native_gap_retdec_batch602.ranges > dumps/vmtail-wide-1m-w16/vm_native_gap_retdec_batch602.c
native_gap_retdec_batch=602
native_gap_retdec_selected_ranges=8
make[1]: Leaving directory '/models/dev/sc-rev/eac/eacsym'
# elapsed 1.81s
+ cc -std=c11 -fsyntax-only -w dumps/vmtail-wide-1m-w16/vm_native_gap_retdec_batch602.c
# elapsed 0.01s
+ make -s native-executable-coverage-audit native-retdec-gap-queue
# elapsed 1.40s
+ make -s uncovered-executable-gaps
uncovered_executable_gaps=2775 bytes=3213418
uncovered_executable_gaps=2775 bytes=3213418
uncovered_executable_gaps=2775 bytes=3213418
# elapsed 1.11s
coverage_delta
native_executable_coverage_range_rows	27834	28266	delta=+432
native_executable_coverage_gap_rows	2773	2780	delta=+7
native_executable_coverage_recovered_bytes	2409206	2437622	delta=+28416
native_executable_coverage_uncovered_bytes	3241834	3213418	delta=-28416
round_start	8
+ python3 vm_executable_gap_retdec_probe.py --root . --section .text --chunk-bytes 0x200 --min-chunk-bytes 0x80 --max-split-candidates 64 --max-gap-chunks 5 --max-candidates 192 --max-accepted 8 --probe-jobs 8 --timeout 30 --reject-cache dumps/vmtail-wide-1m-w16/vm_executable_gap_retdec_reject_cache.tsv
try	0x3212bb-0x3214bb	ok
try	0x3216bb-0x3218bb	ok
try	0x321abb-0x321cbb	ok
try	0x201634-0x201834	ok
try	0x3214bb-0x3216bb	ok
try	0x201834-0x201a34	ok
try	0x3218bb-0x321abb	ok
try	0x201a34-0x201c34	ok
wrote	native_gap_retdec_batch603.ranges	8
# elapsed 3.91s
created_batches	603
+ make -j 8 native-gap-retdec-batch603
make dumps/vmtail-wide-1m-w16/vm_native_gap_retdec_batch603.c
make[1]: Entering directory '/models/dev/sc-rev/eac/eacsym'
python3 vm_native_gap_retdec_batch.py --batch-index 603 --ranges-file native_gap_retdec_batch603.ranges > dumps/vmtail-wide-1m-w16/vm_native_gap_retdec_batch603.c
