+ python3 vm_executable_gap_retdec_autopilot.py --rounds 24 --jobs 8 --probe-jobs 8 --chunk-bytes 0x200 --min-chunk-bytes 0x80 --max-split-candidates 64 --max-gap-chunks 5 --max-candidates 192 --max-accepted 8 --timeout 30 --salvage-failed-batches --skip-manifest --section .text
round_start	1
+ python3 vm_executable_gap_retdec_probe.py --root . --section .text --chunk-bytes 0x200 --min-chunk-bytes 0x80 --max-split-candidates 64 --max-gap-chunks 5 --max-candidates 192 --max-accepted 8 --probe-jobs 8 --timeout 30 --reject-cache dumps/vmtail-wide-1m-w16/vm_executable_gap_retdec_reject_cache.tsv
try	0xe2166-0xe2366	ok
try	0x2991c9-0x2992c9	ok
try	0x2994c9-0x2996c9	ok
try	0xe2366-0xe2566	ok
try	0x2996c9-0x2998c9	ok
try	0x2992c9-0x2994c9	ok
try	0x2990c9-0x2991c9	reject
split	0x2990c9-0x2991c9	0x2990c9-0x299149
split	0x2990c9-0x2991c9	0x299149-0x2991c9
try	0xe1f66-0xe2166	ok
try	0xe2566-0xe2766	ok
wrote	native_gap_retdec_batch910.ranges	8
appended_reject_cache	dumps/vmtail-wide-1m-w16/vm_executable_gap_retdec_reject_cache.tsv	1
# elapsed 4.17s
created_batches	910
+ make -j 8 native-gap-retdec-batch910
make[1]: Entering directory '/models/dev/sc-rev/eac/eacsym'
make dumps/vmtail-wide-1m-w16/vm_native_gap_retdec_batch910.c
make[2]: Entering directory '/models/dev/sc-rev/eac/eacsym'
python3 vm_native_gap_retdec_batch.py --batch-index 910 --ranges-file native_gap_retdec_batch910.ranges > dumps/vmtail-wide-1m-w16/vm_native_gap_retdec_batch910.c
native_gap_retdec_batch=910
native_gap_retdec_selected_ranges=8
make[2]: Leaving directory '/models/dev/sc-rev/eac/eacsym'
make[1]: Leaving directory '/models/dev/sc-rev/eac/eacsym'
# elapsed 2.09s
+ cc -std=c11 -fsyntax-only -w dumps/vmtail-wide-1m-w16/vm_native_gap_retdec_batch910.c
dumps/vmtail-wide-1m-w16/vm_native_gap_retdec_batch910.c: In function ‘function_2993e7’:
dumps/vmtail-wide-1m-w16/vm_native_gap_retdec_batch910.c:762:5: error: implicit declaration of function ‘__asm_pandn’; did you mean ‘__asm_paddq’? [-Wimplicit-function-declaration]
  762 |     __asm_pandn(v1, a2);
      |     ^~~~~~~~~~~
      |     __asm_paddq
# elapsed 0.02s
quarantined_range_file	native_gap_retdec_batch910.ranges	native_gap_retdec_batch910.ranges.failed
removed_failed_sidecar	dumps/vmtail-wide-1m-w16/vm_native_gap_retdec_batch910.c
salvage_batch_start	910	8
salvage_try	0xe1f66-0xe2166	batch=910
+ make -j 8 native-gap-retdec-batch910
make[1]: Entering directory '/models/dev/sc-rev/eac/eacsym'
make dumps/vmtail-wide-1m-w16/vm_native_gap_retdec_batch910.c
make[2]: Entering directory '/models/dev/sc-rev/eac/eacsym'
python3 vm_native_gap_retdec_batch.py --batch-index 910 --ranges-file native_gap_retdec_batch910.ranges > dumps/vmtail-wide-1m-w16/vm_native_gap_retdec_batch910.c
native_gap_retdec_batch=910
native_gap_retdec_selected_ranges=1
make[2]: Leaving directory '/models/dev/sc-rev/eac/eacsym'
make[1]: Leaving directory '/models/dev/sc-rev/eac/eacsym'
# elapsed 1.83s
+ cc -std=c11 -fsyntax-only -w dumps/vmtail-wide-1m-w16/vm_native_gap_retdec_batch910.c
# elapsed 0.01s
salvage_try	0xe2166-0xe2366	batch=911
+ make -j 8 native-gap-retdec-batch911
make[1]: Entering directory '/models/dev/sc-rev/eac/eacsym'
make dumps/vmtail-wide-1m-w16/vm_native_gap_retdec_batch911.c
make[2]: Entering directory '/models/dev/sc-rev/eac/eacsym'
python3 vm_native_gap_retdec_batch.py --batch-index 911 --ranges-file native_gap_retdec_batch911.ranges > dumps/vmtail-wide-1m-w16/vm_native_gap_retdec_batch911.c
native_gap_retdec_batch=911
native_gap_retdec_selected_ranges=1
make[2]: Leaving directory '/models/dev/sc-rev/eac/eacsym'
make[1]: Leaving directory '/models/dev/sc-rev/eac/eacsym'
# elapsed 1.67s
+ cc -std=c11 -fsyntax-only -w dumps/vmtail-wide-1m-w16/vm_native_gap_retdec_batch911.c
# elapsed 0.01s
salvage_try	0xe2366-0xe2566	batch=912
+ make -j 8 native-gap-retdec-batch912
make[1]: Entering directory '/models/dev/sc-rev/eac/eacsym'
make dumps/vmtail-wide-1m-w16/vm_native_gap_retdec_batch912.c
make[2]: Entering directory '/models/dev/sc-rev/eac/eacsym'
python3 vm_native_gap_retdec_batch.py --batch-index 912 --ranges-file native_gap_retdec_batch912.ranges > dumps/vmtail-wide-1m-w16/vm_native_gap_retdec_batch912.c
native_gap_retdec_batch=912
native_gap_retdec_selected_ranges=1
make[2]: Leaving directory '/models/dev/sc-rev/eac/eacsym'
make[1]: Leaving directory '/models/dev/sc-rev/eac/eacsym'
# elapsed 1.66s
+ cc -std=c11 -fsyntax-only -w dumps/vmtail-wide-1m-w16/vm_native_gap_retdec_batch912.c
# elapsed 0.01s
salvage_try	0xe2566-0xe2766	batch=913
+ make -j 8 native-gap-retdec-batch913
make[1]: Entering directory '/models/dev/sc-rev/eac/eacsym'
make dumps/vmtail-wide-1m-w16/vm_native_gap_retdec_batch913.c
make[2]: Entering directory '/models/dev/sc-rev/eac/eacsym'
python3 vm_native_gap_retdec_batch.py --batch-index 913 --ranges-file native_gap_retdec_batch913.ranges > dumps/vmtail-wide-1m-w16/vm_native_gap_retdec_batch913.c
native_gap_retdec_batch=913
native_gap_retdec_selected_ranges=1
make[2]: Leaving directory '/models/dev/sc-rev/eac/eacsym'
make[1]: Leaving directory '/models/dev/sc-rev/eac/eacsym'
# elapsed 1.67s
+ cc -std=c11 -fsyntax-only -w dumps/vmtail-wide-1m-w16/vm_native_gap_retdec_batch913.c
# elapsed 0.01s
salvage_try	0x2991c9-0x2992c9	batch=914
+ make -j 8 native-gap-retdec-batch914
make[1]: Entering directory '/models/dev/sc-rev/eac/eacsym'
make dumps/vmtail-wide-1m-w16/vm_native_gap_retdec_batch914.c
make[2]: Entering directory '/models/dev/sc-rev/eac/eacsym'
python3 vm_native_gap_retdec_batch.py --batch-index 914 --ranges-file native_gap_retdec_batch914.ranges > dumps/vmtail-wide-1m-w16/vm_native_gap_retdec_batch914.c
native_gap_retdec_batch=914
native_gap_retdec_selected_ranges=1
make[2]: Leaving directory '/models/dev/sc-rev/eac/eacsym'
make[1]: Leaving directory '/models/dev/sc-rev/eac/eacsym'
# elapsed 1.63s
+ cc -std=c11 -fsyntax-only -w dumps/vmtail-wide-1m-w16/vm_native_gap_retdec_batch914.c
# elapsed 0.01s
salvage_try	0x2992c9-0x2994c9	batch=915
+ make -j 8 native-gap-retdec-batch915
make[1]: Entering directory '/models/dev/sc-rev/eac/eacsym'
make dumps/vmtail-wide-1m-w16/vm_native_gap_retdec_batch915.c
make[2]: Entering directory '/models/dev/sc-rev/eac/eacsym'
python3 vm_native_gap_retdec_batch.py --batch-index 915 --ranges-file native_gap_retdec_batch915.ranges > dumps/vmtail-wide-1m-w16/vm_native_gap_retdec_batch915.c
native_gap_retdec_batch=915
native_gap_retdec_selected_ranges=1
make[2]: Leaving directory '/models/dev/sc-rev/eac/eacsym'
make[1]: Leaving directory '/models/dev/sc-rev/eac/eacsym'
# elapsed 1.75s
+ cc -std=c11 -fsyntax-only -w dumps/vmtail-wide-1m-w16/vm_native_gap_retdec_batch915.c
# elapsed 0.01s
salvage_try	0x2994c9-0x2996c9	batch=916
+ make -j 8 native-gap-retdec-batch916
make[1]: Entering directory '/models/dev/sc-rev/eac/eacsym'
make dumps/vmtail-wide-1m-w16/vm_native_gap_retdec_batch916.c
make[2]: Entering directory '/models/dev/sc-rev/eac/eacsym'
python3 vm_native_gap_retdec_batch.py --batch-index 916 --ranges-file native_gap_retdec_batch916.ranges > dumps/vmtail-wide-1m-w16/vm_native_gap_retdec_batch916.c
native_gap_retdec_batch=916
native_gap_retdec_selected_ranges=1
make[2]: Leaving directory '/models/dev/sc-rev/eac/eacsym'
make[1]: Leaving directory '/models/dev/sc-rev/eac/eacsym'
# elapsed 1.66s
+ cc -std=c11 -fsyntax-only -w dumps/vmtail-wide-1m-w16/vm_native_gap_retdec_batch916.c
# elapsed 0.01s
salvage_try	0x2996c9-0x2998c9	batch=917
+ make -j 8 native-gap-retdec-batch917
make[1]: Entering directory '/models/dev/sc-rev/eac/eacsym'
make dumps/vmtail-wide-1m-w16/vm_native_gap_retdec_batch917.c
make[2]: Entering directory '/models/dev/sc-rev/eac/eacsym'
python3 vm_native_gap_retdec_batch.py --batch-index 917 --ranges-file native_gap_retdec_batch917.ranges > dumps/vmtail-wide-1m-w16/vm_native_gap_retdec_batch917.c
native_gap_retdec_batch=917
native_gap_retdec_selected_ranges=1
make[2]: Leaving directory '/models/dev/sc-rev/eac/eacsym'
make[1]: Leaving directory '/models/dev/sc-rev/eac/eacsym'
# elapsed 1.76s
+ cc -std=c11 -fsyntax-only -w dumps/vmtail-wide-1m-w16/vm_native_gap_retdec_batch917.c
# elapsed 0.01s
salvage_batch_done	910	salvaged=910,911,912,913,914,915,916,917	rejected=0
+ make -s native-executable-coverage-audit native-retdec-gap-queue
# elapsed 1.93s
+ make -s uncovered-executable-gaps
uncovered_executable_gaps=2988 bytes=2385002
uncovered_executable_gaps=2988 bytes=2385002
uncovered_executable_gaps=2988 bytes=2385002
# elapsed 1.05s
coverage_delta
native_executable_coverage_range_rows	39837	39890	delta=+53
native_executable_coverage_gap_rows	2992	2993	delta=+1
native_executable_coverage_recovered_bytes	3262198	3266038	delta=+3840
native_executable_coverage_uncovered_bytes	2388842	2385002	delta=-3840
round_start	2
+ python3 vm_executable_gap_retdec_probe.py --root . --section .text --chunk-bytes 0x200 --min-chunk-bytes 0x80 --max-split-candidates 64 --max-gap-chunks 5 --max-candidates 192 --max-accepted 8 --probe-jobs 8 --timeout 30 --reject-cache dumps/vmtail-wide-1m-w16/vm_executable_gap_retdec_reject_cache.tsv
try	0x1bd9ce-0x1bdbce	ok
try	0x1be1ce-0x1be3ce	ok
try	0x1bddce-0x1bdfce	ok
try	0x1bdbce-0x1bddce	ok
try	0x29291f-0x292b1f	ok
try	0x292b1f-0x292d1f	ok
try	0x29271f-0x29291f	ok
try	0x1bdfce-0x1be1ce	ok
wrote	native_gap_retdec_batch918.ranges	8
# elapsed 4.34s
created_batches	918
+ make -j 8 native-gap-retdec-batch918
make[1]: Entering directory '/models/dev/sc-rev/eac/eacsym'
make dumps/vmtail-wide-1m-w16/vm_native_gap_retdec_batch918.c
make[2]: Entering directory '/models/dev/sc-rev/eac/eacsym'
python3 vm_native_gap_retdec_batch.py --batch-index 918 --ranges-file native_gap_retdec_batch918.ranges > dumps/vmtail-wide-1m-w16/vm_native_gap_retdec_batch918.c
native_gap_retdec_batch=918
native_gap_retdec_selected_ranges=8
make[2]: Leaving directory '/models/dev/sc-rev/eac/eacsym'
make[1]: Leaving directory '/models/dev/sc-rev/eac/eacsym'
# elapsed 1.80s
+ cc -std=c11 -fsyntax-only -w dumps/vmtail-wide-1m-w16/vm_native_gap_retdec_batch918.c
# elapsed 0.01s
+ make -s native-executable-coverage-audit native-retdec-gap-queue
# elapsed 1.90s
+ make -s uncovered-executable-gaps
uncovered_executable_gaps=2988 bytes=2380906
uncovered_executable_gaps=2988 bytes=2380906
uncovered_executable_gaps=2988 bytes=2380906
# elapsed 1.07s
coverage_delta
native_executable_coverage_range_rows	39837	39961	delta=+124
native_executable_coverage_gap_rows	2992	2993	delta=+1
native_executable_coverage_recovered_bytes	3262198	3270134	delta=+7936
native_executable_coverage_uncovered_bytes	2388842	2380906	delta=-7936
round_start	3
+ python3 vm_executable_gap_retdec_probe.py --root . --section .text --chunk-bytes 0x200 --min-chunk-bytes 0x80 --max-split-candidates 64 --max-gap-chunks 5 --max-candidates 192 --max-accepted 8 --probe-jobs 8 --timeout 30 --reject-cache dumps/vmtail-wide-1m-w16/vm_executable_gap_retdec_reject_cache.tsv
try	0x3c2fdd-0x3c31dd	ok
try	0x428d17-0x428f17	ok
try	0x429117-0x429317	reject
split	0x429117-0x429317	0x429117-0x429217
split	0x429117-0x429317	0x429217-0x429317
try	0x428f17-0x429117	reject
split	0x428f17-0x429117	0x428f17-0x429017
split	0x428f17-0x429117	0x429017-0x429117
try	0x3c31dd-0x3c33dd	ok
try	0x3c2bdd-0x3c2ddd	ok
try	0x3c2ddd-0x3c2fdd	reject
split	0x3c2ddd-0x3c2fdd	0x3c2ddd-0x3c2edd
split	0x3c2ddd-0x3c2fdd	0x3c2edd-0x3c2fdd
try	0x3c29dd-0x3c2bdd	reject
split	0x3c29dd-0x3c2bdd	0x3c29dd-0x3c2add
split	0x3c29dd-0x3c2bdd	0x3c2add-0x3c2bdd
try	0x429517-0x429717	reject
split	0x429517-0x429717	0x429517-0x429617
split	0x429517-0x429717	0x429617-0x429717
try	0x429217-0x429317	reject
split	0x429217-0x429317	0x429217-0x429297
split	0x429217-0x429317	0x429297-0x429317
try	0x429317-0x429517	ok
try	0x3c2edd-0x3c2fdd	ok
try	0x428f17-0x429017	ok
try	0x429017-0x429117	reject
split	0x429017-0x429117	0x429017-0x429097
split	0x429017-0x429117	0x429097-0x429117
try	0x429117-0x429217	ok
wrote	native_gap_retdec_batch919.ranges	8
appended_reject_cache	dumps/vmtail-wide-1m-w16/vm_executable_gap_retdec_reject_cache.tsv	7
# elapsed 6.27s
created_batches	919
+ make -j 8 native-gap-retdec-batch919
make[1]: Entering directory '/models/dev/sc-rev/eac/eacsym'
make dumps/vmtail-wide-1m-w16/vm_native_gap_retdec_batch919.c
make[2]: Entering directory '/models/dev/sc-rev/eac/eacsym'
python3 vm_native_gap_retdec_batch.py --batch-index 919 --ranges-file native_gap_retdec_batch919.ranges > dumps/vmtail-wide-1m-w16/vm_native_gap_retdec_batch919.c
native_gap_retdec_batch=919
native_gap_retdec_selected_ranges=8
make[2]: Leaving directory '/models/dev/sc-rev/eac/eacsym'
make[1]: Leaving directory '/models/dev/sc-rev/eac/eacsym'
# elapsed 2.03s
+ cc -std=c11 -fsyntax-only -w dumps/vmtail-wide-1m-w16/vm_native_gap_retdec_batch919.c
# elapsed 0.02s
+ make -s native-executable-coverage-audit native-retdec-gap-queue
# elapsed 1.90s
+ make -s uncovered-executable-gaps
uncovered_executable_gaps=2992 bytes=2377578
uncovered_executable_gaps=2992 bytes=2377578
uncovered_executable_gaps=2992 bytes=2377578
# elapsed 1.01s
coverage_delta
native_executable_coverage_range_rows	39837	40022	delta=+185
native_executable_coverage_gap_rows	2992	2997	delta=+5
native_executable_coverage_recovered_bytes	3262198	3273462	delta=+11264
native_executable_coverage_uncovered_bytes	2388842	2377578	delta=-11264
round_start	4
+ python3 vm_executable_gap_retdec_probe.py --root . --section .text --chunk-bytes 0x200 --min-chunk-bytes 0x80 --max-split-candidates 64 --max-gap-chunks 5 --max-candidates 192 --max-accepted 8 --probe-jobs 8 --timeout 30 --reject-cache dumps/vmtail-wide-1m-w16/vm_executable_gap_retdec_reject_cache.tsv
try	0x3f999e-0x3f9b9e	ok
try	0x3f979e-0x3f999e	ok
try	0x1dd85a-0x1dda5a	ok
try	0x1ddc5a-0x1dde5a	ok
try	0x1dd45a-0x1dd65a	ok
try	0x3f959e-0x3f979e	ok
try	0x1dda5a-0x1ddc5a	ok
try	0x1dd65a-0x1dd85a	ok
wrote	native_gap_retdec_batch920.ranges	8
# elapsed 4.21s
created_batches	920
+ make -j 8 native-gap-retdec-batch920
make[1]: Entering directory '/models/dev/sc-rev/eac/eacsym'
make dumps/vmtail-wide-1m-w16/vm_native_gap_retdec_batch920.c
make[2]: Entering directory '/models/dev/sc-rev/eac/eacsym'
python3 vm_native_gap_retdec_batch.py --batch-index 920 --ranges-file native_gap_retdec_batch920.ranges > dumps/vmtail-wide-1m-w16/vm_native_gap_retdec_batch920.c
native_gap_retdec_batch=920
native_gap_retdec_selected_ranges=8
make[2]: Leaving directory '/models/dev/sc-rev/eac/eacsym'
make[1]: Leaving directory '/models/dev/sc-rev/eac/eacsym'
# elapsed 1.79s
+ cc -std=c11 -fsyntax-only -w dumps/vmtail-wide-1m-w16/vm_native_gap_retdec_batch920.c
dumps/vmtail-wide-1m-w16/vm_native_gap_retdec_batch920.c: In function ‘function_3f978b’:
dumps/vmtail-wide-1m-w16/vm_native_gap_retdec_batch920.c:746:5: error: implicit declaration of function ‘__writefsdword’; did you mean ‘__writegsdword’? [-Wimplicit-function-declaration]
  746 |     __writefsdword(v6, __readfsdword(v6) ^ (int32_t)v1);
      |     ^~~~~~~~~~~~~~
      |     __writegsdword
# elapsed 0.01s
quarantined_range_file	native_gap_retdec_batch920.ranges	native_gap_retdec_batch920.ranges.failed
removed_failed_sidecar	dumps/vmtail-wide-1m-w16/vm_native_gap_retdec_batch920.c
salvage_batch_start	920	8
salvage_try	0x1dd45a-0x1dd65a	batch=920
+ make -j 8 native-gap-retdec-batch920
make[1]: Entering directory '/models/dev/sc-rev/eac/eacsym'
make dumps/vmtail-wide-1m-w16/vm_native_gap_retdec_batch920.c
make[2]: Entering directory '/models/dev/sc-rev/eac/eacsym'
python3 vm_native_gap_retdec_batch.py --batch-index 920 --ranges-file native_gap_retdec_batch920.ranges > dumps/vmtail-wide-1m-w16/vm_native_gap_retdec_batch920.c
native_gap_retdec_batch=920
native_gap_retdec_selected_ranges=1
make[2]: Leaving directory '/models/dev/sc-rev/eac/eacsym'
make[1]: Leaving directory '/models/dev/sc-rev/eac/eacsym'
# elapsed 1.75s
+ cc -std=c11 -fsyntax-only -w dumps/vmtail-wide-1m-w16/vm_native_gap_retdec_batch920.c
# elapsed 0.01s
salvage_try	0x1dd65a-0x1dd85a	batch=921
+ make -j 8 native-gap-retdec-batch921
make[1]: Entering directory '/models/dev/sc-rev/eac/eacsym'
make dumps/vmtail-wide-1m-w16/vm_native_gap_retdec_batch921.c
make[2]: Entering directory '/models/dev/sc-rev/eac/eacsym'
python3 vm_native_gap_retdec_batch.py --batch-index 921 --ranges-file native_gap_retdec_batch921.ranges > dumps/vmtail-wide-1m-w16/vm_native_gap_retdec_batch921.c
native_gap_retdec_batch=921
native_gap_retdec_selected_ranges=1
make[2]: Leaving directory '/models/dev/sc-rev/eac/eacsym'
make[1]: Leaving directory '/models/dev/sc-rev/eac/eacsym'
# elapsed 1.77s
+ cc -std=c11 -fsyntax-only -w dumps/vmtail-wide-1m-w16/vm_native_gap_retdec_batch921.c
# elapsed 0.01s
salvage_try	0x1dd85a-0x1dda5a	batch=922
+ make -j 8 native-gap-retdec-batch922
make[1]: Entering directory '/models/dev/sc-rev/eac/eacsym'
make dumps/vmtail-wide-1m-w16/vm_native_gap_retdec_batch922.c
make[2]: Entering directory '/models/dev/sc-rev/eac/eacsym'
python3 vm_native_gap_retdec_batch.py --batch-index 922 --ranges-file native_gap_retdec_batch922.ranges > dumps/vmtail-wide-1m-w16/vm_native_gap_retdec_batch922.c
native_gap_retdec_batch=922
native_gap_retdec_selected_ranges=1
make[2]: Leaving directory '/models/dev/sc-rev/eac/eacsym'
make[1]: Leaving directory '/models/dev/sc-rev/eac/eacsym'
# elapsed 1.73s
+ cc -std=c11 -fsyntax-only -w dumps/vmtail-wide-1m-w16/vm_native_gap_retdec_batch922.c
# elapsed 0.01s
salvage_try	0x1dda5a-0x1ddc5a	batch=923
+ make -j 8 native-gap-retdec-batch923
make[1]: Entering directory '/models/dev/sc-rev/eac/eacsym'
make dumps/vmtail-wide-1m-w16/vm_native_gap_retdec_batch923.c
make[2]: Entering directory '/models/dev/sc-rev/eac/eacsym'
python3 vm_native_gap_retdec_batch.py --batch-index 923 --ranges-file native_gap_retdec_batch923.ranges > dumps/vmtail-wide-1m-w16/vm_native_gap_retdec_batch923.c
native_gap_retdec_batch=923
native_gap_retdec_selected_ranges=1
make[2]: Leaving directory '/models/dev/sc-rev/eac/eacsym'
make[1]: Leaving directory '/models/dev/sc-rev/eac/eacsym'
# elapsed 1.66s
+ cc -std=c11 -fsyntax-only -w dumps/vmtail-wide-1m-w16/vm_native_gap_retdec_batch923.c
# elapsed 0.02s
salvage_try	0x1ddc5a-0x1dde5a	batch=924
+ make -j 8 native-gap-retdec-batch924
make[1]: Entering directory '/models/dev/sc-rev/eac/eacsym'
make dumps/vmtail-wide-1m-w16/vm_native_gap_retdec_batch924.c
make[2]: Entering directory '/models/dev/sc-rev/eac/eacsym'
python3 vm_native_gap_retdec_batch.py --batch-index 924 --ranges-file native_gap_retdec_batch924.ranges > dumps/vmtail-wide-1m-w16/vm_native_gap_retdec_batch924.c
native_gap_retdec_batch=924
native_gap_retdec_selected_ranges=1
make[2]: Leaving directory '/models/dev/sc-rev/eac/eacsym'
make[1]: Leaving directory '/models/dev/sc-rev/eac/eacsym'
# elapsed 1.75s
+ cc -std=c11 -fsyntax-only -w dumps/vmtail-wide-1m-w16/vm_native_gap_retdec_batch924.c
# elapsed 0.01s
salvage_try	0x3f959e-0x3f979e	batch=925
+ make -j 8 native-gap-retdec-batch925
make[1]: Entering directory '/models/dev/sc-rev/eac/eacsym'
make dumps/vmtail-wide-1m-w16/vm_native_gap_retdec_batch925.c
make[2]: Entering directory '/models/dev/sc-rev/eac/eacsym'
python3 vm_native_gap_retdec_batch.py --batch-index 925 --ranges-file native_gap_retdec_batch925.ranges > dumps/vmtail-wide-1m-w16/vm_native_gap_retdec_batch925.c
native_gap_retdec_batch=925
native_gap_retdec_selected_ranges=1
make[2]: Leaving directory '/models/dev/sc-rev/eac/eacsym'
make[1]: Leaving directory '/models/dev/sc-rev/eac/eacsym'
# elapsed 1.64s
+ cc -std=c11 -fsyntax-only -w dumps/vmtail-wide-1m-w16/vm_native_gap_retdec_batch925.c
# elapsed 0.01s
salvage_try	0x3f979e-0x3f999e	batch=926
+ make -j 8 native-gap-retdec-batch926
make[1]: Entering directory '/models/dev/sc-rev/eac/eacsym'
make dumps/vmtail-wide-1m-w16/vm_native_gap_retdec_batch926.c
make[2]: Entering directory '/models/dev/sc-rev/eac/eacsym'
python3 vm_native_gap_retdec_batch.py --batch-index 926 --ranges-file native_gap_retdec_batch926.ranges > dumps/vmtail-wide-1m-w16/vm_native_gap_retdec_batch926.c
native_gap_retdec_batch=926
native_gap_retdec_selected_ranges=1
make[2]: Leaving directory '/models/dev/sc-rev/eac/eacsym'
make[1]: Leaving directory '/models/dev/sc-rev/eac/eacsym'
# elapsed 1.73s
+ cc -std=c11 -fsyntax-only -w dumps/vmtail-wide-1m-w16/vm_native_gap_retdec_batch926.c
# elapsed 0.01s
salvage_try	0x3f999e-0x3f9b9e	batch=927
+ make -j 8 native-gap-retdec-batch927
make[1]: Entering directory '/models/dev/sc-rev/eac/eacsym'
make dumps/vmtail-wide-1m-w16/vm_native_gap_retdec_batch927.c
make[2]: Entering directory '/models/dev/sc-rev/eac/eacsym'
python3 vm_native_gap_retdec_batch.py --batch-index 927 --ranges-file native_gap_retdec_batch927.ranges > dumps/vmtail-wide-1m-w16/vm_native_gap_retdec_batch927.c
native_gap_retdec_batch=927
native_gap_retdec_selected_ranges=1
make[2]: Leaving directory '/models/dev/sc-rev/eac/eacsym'
make[1]: Leaving directory '/models/dev/sc-rev/eac/eacsym'
# elapsed 1.72s
+ cc -std=c11 -fsyntax-only -w dumps/vmtail-wide-1m-w16/vm_native_gap_retdec_batch927.c
# elapsed 0.01s
salvage_batch_done	920	salvaged=920,921,922,923,924,925,926,927	rejected=0
+ make -s native-executable-coverage-audit native-retdec-gap-queue
# elapsed 1.90s
+ make -s uncovered-executable-gaps
uncovered_executable_gaps=2992 bytes=2373482
uncovered_executable_gaps=2992 bytes=2373482
uncovered_executable_gaps=2992 bytes=2373482
# elapsed 1.05s
coverage_delta
native_executable_coverage_range_rows	39837	40068	delta=+231
native_executable_coverage_gap_rows	2992	2997	delta=+5
native_executable_coverage_recovered_bytes	3262198	3277558	delta=+15360
native_executable_coverage_uncovered_bytes	2388842	2373482	delta=-15360
round_start	5
+ python3 vm_executable_gap_retdec_probe.py --root . --section .text --chunk-bytes 0x200 --min-chunk-bytes 0x80 --max-split-candidates 64 --max-gap-chunks 5 --max-candidates 192 --max-accepted 8 --probe-jobs 8 --timeout 30 --reject-cache dumps/vmtail-wide-1m-w16/vm_executable_gap_retdec_reject_cache.tsv
try	0x24a97d-0x24ab7d	reject
split	0x24a97d-0x24ab7d	0x24a97d-0x24aa7d
split	0x24a97d-0x24ab7d	0x24aa7d-0x24ab7d
try	0x3246bb-0x3248bb	ok
try	0x24ad7d-0x24af7d	ok
try	0x24ab7d-0x24ad7d	ok
try	0x24af7d-0x24b17d	ok
try	0x24b17d-0x24b37d	ok
try	0x3244bb-0x3245bb	reject
split	0x3244bb-0x3245bb	0x3244bb-0x32453b
split	0x3244bb-0x3245bb	0x32453b-0x3245bb
try	0x3245bb-0x3246bb	ok
try	0x24aa7d-0x24ab7d	ok
try	0x324abb-0x324cbb	ok
wrote	native_gap_retdec_batch928.ranges	8
appended_reject_cache	dumps/vmtail-wide-1m-w16/vm_executable_gap_retdec_reject_cache.tsv	2
# elapsed 5.44s
created_batches	928
+ make -j 8 native-gap-retdec-batch928
make[1]: Entering directory '/models/dev/sc-rev/eac/eacsym'
make dumps/vmtail-wide-1m-w16/vm_native_gap_retdec_batch928.c
make[2]: Entering directory '/models/dev/sc-rev/eac/eacsym'
python3 vm_native_gap_retdec_batch.py --batch-index 928 --ranges-file native_gap_retdec_batch928.ranges > dumps/vmtail-wide-1m-w16/vm_native_gap_retdec_batch928.c
native_gap_retdec_batch=928
native_gap_retdec_selected_ranges=8
make[2]: Leaving directory '/models/dev/sc-rev/eac/eacsym'
make[1]: Leaving directory '/models/dev/sc-rev/eac/eacsym'
# elapsed 1.78s
+ cc -std=c11 -fsyntax-only -w dumps/vmtail-wide-1m-w16/vm_native_gap_retdec_batch928.c
# elapsed 0.01s
+ make -s native-executable-coverage-audit native-retdec-gap-queue
# elapsed 1.90s
+ make -s uncovered-executable-gaps
uncovered_executable_gaps=2995 bytes=2369898
uncovered_executable_gaps=2995 bytes=2369898
uncovered_executable_gaps=2995 bytes=2369898
# elapsed 1.02s
coverage_delta
native_executable_coverage_range_rows	39837	40124	delta=+287
native_executable_coverage_gap_rows	2992	3000	delta=+8
native_executable_coverage_recovered_bytes	3262198	3281142	delta=+18944
native_executable_coverage_uncovered_bytes	2388842	2369898	delta=-18944
round_start	6
+ python3 vm_executable_gap_retdec_probe.py --root . --section .text --chunk-bytes 0x200 --min-chunk-bytes 0x80 --max-split-candidates 64 --max-gap-chunks 5 --max-candidates 192 --max-accepted 8 --probe-jobs 8 --timeout 30 --reject-cache dumps/vmtail-wide-1m-w16/vm_executable_gap_retdec_reject_cache.tsv
try	0x34d685-0x34d885	ok
try	0x425e1f-0x42601f	reject
split	0x425e1f-0x42601f	0x425e1f-0x425f1f
split	0x425e1f-0x42601f	0x425f1f-0x42601f
try	0x42621f-0x42641f	ok
try	0x42601f-0x42621f	ok
try	0x42641f-0x42661f	reject
split	0x42641f-0x42661f	0x42641f-0x42651f
split	0x42641f-0x42661f	0x42651f-0x42661f
try	0x425c1f-0x425e1f	ok
try	0x34d285-0x34d485	ok
try	0x34d485-0x34d685	ok
try	0x425f1f-0x42601f	reject
split	0x425f1f-0x42601f	0x425f1f-0x425f9f
split	0x425f1f-0x42601f	0x425f9f-0x42601f
try	0x42651f-0x42661f	ok
try	0x34da85-0x34dc85	ok
wrote	native_gap_retdec_batch929.ranges	8
appended_reject_cache	dumps/vmtail-wide-1m-w16/vm_executable_gap_retdec_reject_cache.tsv	3
# elapsed 5.47s
created_batches	929
+ make -j 8 native-gap-retdec-batch929
make[1]: Entering directory '/models/dev/sc-rev/eac/eacsym'
make dumps/vmtail-wide-1m-w16/vm_native_gap_retdec_batch929.c
make[2]: Entering directory '/models/dev/sc-rev/eac/eacsym'
python3 vm_native_gap_retdec_batch.py --batch-index 929 --ranges-file native_gap_retdec_batch929.ranges > dumps/vmtail-wide-1m-w16/vm_native_gap_retdec_batch929.c
native_gap_retdec_batch=929
native_gap_retdec_selected_ranges=8
make[2]: Leaving directory '/models/dev/sc-rev/eac/eacsym'
make[1]: Leaving directory '/models/dev/sc-rev/eac/eacsym'
# elapsed 1.74s
+ cc -std=c11 -fsyntax-only -w dumps/vmtail-wide-1m-w16/vm_native_gap_retdec_batch929.c
# elapsed 0.01s
+ make -s native-executable-coverage-audit native-retdec-gap-queue
# elapsed 1.91s
+ make -s uncovered-executable-gaps
uncovered_executable_gaps=2998 bytes=2366058
uncovered_executable_gaps=2998 bytes=2366058
uncovered_executable_gaps=2998 bytes=2366058
# elapsed 1.02s
coverage_delta
native_executable_coverage_range_rows	39837	40186	delta=+349
native_executable_coverage_gap_rows	2992	3003	delta=+11
native_executable_coverage_recovered_bytes	3262198	3284982	delta=+22784
native_executable_coverage_uncovered_bytes	2388842	2366058	delta=-22784
round_start	7
+ python3 vm_executable_gap_retdec_probe.py --root . --section .text --chunk-bytes 0x200 --min-chunk-bytes 0x80 --max-split-candidates 64 --max-gap-chunks 5 --max-candidates 192 --max-accepted 8 --probe-jobs 8 --timeout 30 --reject-cache dumps/vmtail-wide-1m-w16/vm_executable_gap_retdec_reject_cache.tsv
try	0x158513-0x158713	ok
try	0x158713-0x158913	ok
try	0x158913-0x158b13	ok
try	0x13d668-0x13d868	ok
try	0x13da68-0x13dc68	ok
try	0x13d868-0x13da68	ok
try	0x13de68-0x13e068	ok
try	0x13dc68-0x13de68	reject
split	0x13dc68-0x13de68	0x13dc68-0x13dd68
split	0x13dc68-0x13de68	0x13dd68-0x13de68
try	0x158d13-0x158f13	ok
wrote	native_gap_retdec_batch930.ranges	8
appended_reject_cache	dumps/vmtail-wide-1m-w16/vm_executable_gap_retdec_reject_cache.tsv	1
# elapsed 4.15s
created_batches	930
+ make -j 8 native-gap-retdec-batch930
make[1]: Entering directory '/models/dev/sc-rev/eac/eacsym'
make dumps/vmtail-wide-1m-w16/vm_native_gap_retdec_batch930.c
make[2]: Entering directory '/models/dev/sc-rev/eac/eacsym'
python3 vm_native_gap_retdec_batch.py --batch-index 930 --ranges-file native_gap_retdec_batch930.ranges > dumps/vmtail-wide-1m-w16/vm_native_gap_retdec_batch930.c
native_gap_retdec_batch=930
native_gap_retdec_selected_ranges=8
make[2]: Leaving directory '/models/dev/sc-rev/eac/eacsym'
make[1]: Leaving directory '/models/dev/sc-rev/eac/eacsym'
# elapsed 1.78s
+ cc -std=c11 -fsyntax-only -w dumps/vmtail-wide-1m-w16/vm_native_gap_retdec_batch930.c
# elapsed 0.01s
+ make -s native-executable-coverage-audit native-retdec-gap-queue
# elapsed 1.95s
+ make -s uncovered-executable-gaps
uncovered_executable_gaps=3000 bytes=2361962
uncovered_executable_gaps=3000 bytes=2361962
uncovered_executable_gaps=3000 bytes=2361962
# elapsed 1.02s
coverage_delta
native_executable_coverage_range_rows	39837	40230	delta=+393
native_executable_coverage_gap_rows	2992	3005	delta=+13
native_executable_coverage_recovered_bytes	3262198	3289078	delta=+26880
native_executable_coverage_uncovered_bytes	2388842	2361962	delta=-26880
round_start	8
+ python3 vm_executable_gap_retdec_probe.py --root . --section .text --chunk-bytes 0x200 --min-chunk-bytes 0x80 --max-split-candidates 64 --max-gap-chunks 5 --max-candidates 192 --max-accepted 8 --probe-jobs 8 --timeout 30 --reject-cache dumps/vmtail-wide-1m-w16/vm_executable_gap_retdec_reject_cache.tsv
try	0x137ba4-0x137da4	ok
try	0x1379a4-0x137ba4	ok
try	0x1792aa-0x1794aa	ok
try	0x178eaa-0x1790aa	ok
try	0x1377a4-0x1379a4	ok
try	0x1796aa-0x1798aa	ok
try	0x1790aa-0x1792aa	ok
try	0x1794aa-0x1796aa	ok
wrote	native_gap_retdec_batch931.ranges	8
# elapsed 3.96s
created_batches	931
+ make -j 8 native-gap-retdec-batch931
make[1]: Entering directory '/models/dev/sc-rev/eac/eacsym'
make dumps/vmtail-wide-1m-w16/vm_native_gap_retdec_batch931.c
make[2]: Entering directory '/models/dev/sc-rev/eac/eacsym'
python3 vm_native_gap_retdec_batch.py --batch-index 931 --ranges-file native_gap_retdec_batch931.ranges > dumps/vmtail-wide-1m-w16/vm_native_gap_retdec_batch931.c
native_gap_retdec_batch=931
native_gap_retdec_selected_ranges=8
make[2]: Leaving directory '/models/dev/sc-rev/eac/eacsym'
make[1]: Leaving directory '/models/dev/sc-rev/eac/eacsym'
# elapsed 1.85s
+ cc -std=c11 -fsyntax-only -w dumps/vmtail-wide-1m-w16/vm_native_gap_retdec_batch931.c
# elapsed 0.01s
+ make -s native-executable-coverage-audit native-retdec-gap-queue
# elapsed 1.90s
+ make -s uncovered-executable-gaps
uncovered_executable_gaps=3000 bytes=2357866
uncovered_executable_gaps=3000 bytes=2357866
uncovered_executable_gaps=3000 bytes=2357866
# elapsed 1.06s
coverage_delta
native_executable_coverage_range_rows	39837	40304	delta=+467
native_executable_coverage_gap_rows	2992	3005	delta=+13
native_executable_coverage_recovered_bytes	3262198	3293174	delta=+30976
native_executable_coverage_uncovered_bytes	2388842	2357866	delta=-30976
round_start	9
+ python3 vm_executable_gap_retdec_probe.py --root . --section .text --chunk-bytes 0x200 --min-chunk-bytes 0x80 --max-split-candidates 64 --max-gap-chunks 5 --max-candidates 192 --max-accepted 8 --probe-jobs 8 --timeout 30 --reject-cache dumps/vmtail-wide-1m-w16/vm_executable_gap_retdec_reject_cache.tsv
try	0x2c0400-0x2c0600	reject
split	0x2c0400-0x2c0600	0x2c0400-0x2c0500
split	0x2c0400-0x2c0600	0x2c0500-0x2c0600
try	0x469634-0x469834	reject
split	0x469634-0x469834	0x469634-0x469734
split	0x469634-0x469834	0x469734-0x469834
try	0x2c0a00-0x2c0c00	ok
try	0x469534-0x469634	ok
try	0x469434-0x469534	reject
split	0x469434-0x469534	0x469434-0x4694b4
split	0x469434-0x469534	0x4694b4-0x469534
try	0x2c0600-0x2c0800	ok
try	0x2c0c00-0x2c0e00	ok
try	0x2c0800-0x2c0a00	ok
try	0x2c0500-0x2c0600	ok
try	0x469634-0x469734	reject
split	0x469634-0x469734	0x469634-0x4696b4
split	0x469634-0x469734	0x4696b4-0x469734
try	0x469734-0x469834	ok
try	0x2c0400-0x2c0500	ok
wrote	native_gap_retdec_batch932.ranges	8
appended_reject_cache	dumps/vmtail-wide-1m-w16/vm_executable_gap_retdec_reject_cache.tsv	4
# elapsed 5.62s
created_batches	932
+ make -j 8 native-gap-retdec-batch932
make[1]: Entering directory '/models/dev/sc-rev/eac/eacsym'
make dumps/vmtail-wide-1m-w16/vm_native_gap_retdec_batch932.c
make[2]: Entering directory '/models/dev/sc-rev/eac/eacsym'
python3 vm_native_gap_retdec_batch.py --batch-index 932 --ranges-file native_gap_retdec_batch932.ranges > dumps/vmtail-wide-1m-w16/vm_native_gap_retdec_batch932.c
