round_start	1
+ python3 vm_executable_gap_retdec_probe.py --root . --section .text --chunk-bytes 0x200 --min-chunk-bytes 0x80 --max-split-candidates 64 --max-gap-chunks 5 --max-candidates 192 --max-accepted 8 --probe-jobs 8 --timeout 30 --reject-cache dumps/vmtail-wide-1m-w16/vm_executable_gap_retdec_reject_cache.tsv
try	0x42f693-0x42f893	ok
try	0x42ee93-0x42f093	ok
try	0x51bfc0-0x51c1c0	ok
try	0x42f293-0x42f493	ok
try	0x42f093-0x42f293	ok
try	0x42f493-0x42f693	ok
try	0x51bbc0-0x51bdc0	ok
try	0x51bdc0-0x51bfc0	ok
wrote	native_gap_retdec_batch594.ranges	8
# elapsed 4.15s
created_batches	594
+ make -j 8 native-gap-retdec-batch594
make dumps/vmtail-wide-1m-w16/vm_native_gap_retdec_batch594.c
make[1]: Entering directory '/models/dev/sc-rev/eac/eacsym'
python3 vm_native_gap_retdec_batch.py --batch-index 594 --ranges-file native_gap_retdec_batch594.ranges > dumps/vmtail-wide-1m-w16/vm_native_gap_retdec_batch594.c
native_gap_retdec_batch=594
native_gap_retdec_selected_ranges=8
make[1]: Leaving directory '/models/dev/sc-rev/eac/eacsym'
# elapsed 1.79s
+ cc -std=c11 -fsyntax-only -w dumps/vmtail-wide-1m-w16/vm_native_gap_retdec_batch594.c
# elapsed 0.01s
+ make -s native-executable-coverage-audit native-retdec-gap-queue
# elapsed 1.39s
+ make -s uncovered-executable-gaps
uncovered_executable_gaps=2768 bytes=3245930
uncovered_executable_gaps=2768 bytes=3245930
uncovered_executable_gaps=2768 bytes=3245930
# elapsed 1.13s
coverage_delta
native_executable_coverage_range_rows	27708	27757	delta=+49
native_executable_coverage_gap_rows	2773	2773	delta=+0
native_executable_coverage_recovered_bytes	2401014	2405110	delta=+4096
native_executable_coverage_uncovered_bytes	3250026	3245930	delta=-4096
round_start	2
+ python3 vm_executable_gap_retdec_probe.py --root . --section .text --chunk-bytes 0x200 --min-chunk-bytes 0x80 --max-split-candidates 64 --max-gap-chunks 5 --max-candidates 192 --max-accepted 8 --probe-jobs 8 --timeout 30 --reject-cache dumps/vmtail-wide-1m-w16/vm_executable_gap_retdec_reject_cache.tsv
try	0x4760ee-0x4762ee	ok
try	0x475cee-0x475eee	ok
try	0x276641-0x276841	ok
try	0x276a41-0x276c41	ok
try	0x276c41-0x276e41	ok
try	0x276e41-0x277041	ok
try	0x475eee-0x4760ee	ok
try	0x276841-0x276a41	ok
wrote	native_gap_retdec_batch595.ranges	8
# elapsed 4.06s
created_batches	595
+ make -j 8 native-gap-retdec-batch595
make dumps/vmtail-wide-1m-w16/vm_native_gap_retdec_batch595.c
make[1]: Entering directory '/models/dev/sc-rev/eac/eacsym'
python3 vm_native_gap_retdec_batch.py --batch-index 595 --ranges-file native_gap_retdec_batch595.ranges > dumps/vmtail-wide-1m-w16/vm_native_gap_retdec_batch595.c
native_gap_retdec_batch=595
native_gap_retdec_selected_ranges=8
make[1]: Leaving directory '/models/dev/sc-rev/eac/eacsym'
# elapsed 1.77s
+ cc -std=c11 -fsyntax-only -w dumps/vmtail-wide-1m-w16/vm_native_gap_retdec_batch595.c
# elapsed 0.01s
+ make -s native-executable-coverage-audit native-retdec-gap-queue
# elapsed 1.39s
+ make -s uncovered-executable-gaps
uncovered_executable_gaps=2768 bytes=3241834
uncovered_executable_gaps=2768 bytes=3241834
uncovered_executable_gaps=2768 bytes=3241834
# elapsed 1.14s
coverage_delta
native_executable_coverage_range_rows	27708	27834	delta=+126
native_executable_coverage_gap_rows	2773	2773	delta=+0
native_executable_coverage_recovered_bytes	2401014	2409206	delta=+8192
native_executable_coverage_uncovered_bytes	3250026	3241834	delta=-8192
+ make -s uncovered-executable-gaps
# elapsed 0.08s
+ make -s all-evidence-bundle
uncovered_executable_gaps=2768 bytes=3241834
