+ python3 vm_executable_gap_retdec_autopilot.py --rounds 24 --jobs 8 --probe-jobs 8 --chunk-bytes 0x200 --min-chunk-bytes 0x80 --max-split-candidates 64 --max-gap-chunks 5 --max-candidates 192 --max-accepted 8 --timeout 30 --final-checkpoint --salvage-failed-batches --completion-audit --skip-manifest --section .text
round_start	1
+ python3 vm_executable_gap_retdec_probe.py --root . --section .text --chunk-bytes 0x200 --min-chunk-bytes 0x80 --max-split-candidates 64 --max-gap-chunks 5 --max-candidates 192 --max-accepted 8 --probe-jobs 8 --timeout 30 --reject-cache dumps/vmtail-wide-1m-w16/vm_executable_gap_retdec_reject_cache.tsv
try	0x277741-0x277841	reject
split	0x277741-0x277841	0x277741-0x2777c1
split	0x277741-0x277841	0x2777c1-0x277841
try	0x277841-0x277a41	reject
split	0x277841-0x277a41	0x277841-0x277941
split	0x277841-0x277a41	0x277941-0x277a41
try	0x243418-0x243618	ok
try	0x243218-0x243418	ok
try	0x277a41-0x277c41	ok
try	0x277c41-0x277e41	ok
try	0x277641-0x277741	ok
try	0x243618-0x243818	ok
try	0x2777c1-0x277841	ok
try	0x243818-0x243a18	ok
wrote	native_gap_retdec_batch665.ranges	8
appended_reject_cache	dumps/vmtail-wide-1m-w16/vm_executable_gap_retdec_reject_cache.tsv	2
# elapsed 5.40s
created_batches	665
+ make -j 8 native-gap-retdec-batch665
make dumps/vmtail-wide-1m-w16/vm_native_gap_retdec_batch665.c
make[1]: Entering directory '/models/dev/sc-rev/eac/eacsym'
python3 vm_native_gap_retdec_batch.py --batch-index 665 --ranges-file native_gap_retdec_batch665.ranges > dumps/vmtail-wide-1m-w16/vm_native_gap_retdec_batch665.c
native_gap_retdec_batch=665
native_gap_retdec_selected_ranges=8
make[1]: Leaving directory '/models/dev/sc-rev/eac/eacsym'
# elapsed 1.78s
+ cc -std=c11 -fsyntax-only -w dumps/vmtail-wide-1m-w16/vm_native_gap_retdec_batch665.c
# elapsed 0.02s
+ make -s native-executable-coverage-audit native-retdec-gap-queue
# elapsed 1.50s
+ make -s uncovered-executable-gaps
uncovered_executable_gaps=2831 bytes=3048042
uncovered_executable_gaps=2831 bytes=3048042
uncovered_executable_gaps=2831 bytes=3048042
# elapsed 1.11s
coverage_delta
native_executable_coverage_range_rows	30537	30578	delta=+41
native_executable_coverage_gap_rows	2834	2836	delta=+2
native_executable_coverage_recovered_bytes	2599542	2602998	delta=+3456
native_executable_coverage_uncovered_bytes	3051498	3048042	delta=-3456
round_start	2
+ python3 vm_executable_gap_retdec_probe.py --root . --section .text --chunk-bytes 0x200 --min-chunk-bytes 0x80 --max-split-candidates 64 --max-gap-chunks 5 --max-candidates 192 --max-accepted 8 --probe-jobs 8 --timeout 30 --reject-cache dumps/vmtail-wide-1m-w16/vm_executable_gap_retdec_reject_cache.tsv
try	0x2876cb-0x2878cb	ok
try	0x2878cb-0x287acb	ok
try	0x3e9896-0x3e9a96	ok
try	0x3e9496-0x3e9696	reject
split	0x3e9496-0x3e9696	0x3e9496-0x3e9596
split	0x3e9496-0x3e9696	0x3e9596-0x3e9696
try	0x3e9c96-0x3e9e96	ok
try	0x3e9696-0x3e9896	ok
try	0x287acb-0x287ccb	ok
try	0x3e9a96-0x3e9c96	ok
try	0x287ccb-0x287ecb	ok
wrote	native_gap_retdec_batch666.ranges	8
appended_reject_cache	dumps/vmtail-wide-1m-w16/vm_executable_gap_retdec_reject_cache.tsv	1
# elapsed 4.26s
created_batches	666
+ make -j 8 native-gap-retdec-batch666
make dumps/vmtail-wide-1m-w16/vm_native_gap_retdec_batch666.c
make[1]: Entering directory '/models/dev/sc-rev/eac/eacsym'
python3 vm_native_gap_retdec_batch.py --batch-index 666 --ranges-file native_gap_retdec_batch666.ranges > dumps/vmtail-wide-1m-w16/vm_native_gap_retdec_batch666.c
native_gap_retdec_batch=666
native_gap_retdec_selected_ranges=8
make[1]: Leaving directory '/models/dev/sc-rev/eac/eacsym'
# elapsed 1.75s
+ cc -std=c11 -fsyntax-only -w dumps/vmtail-wide-1m-w16/vm_native_gap_retdec_batch666.c
dumps/vmtail-wide-1m-w16/vm_native_gap_retdec_batch666.c: In function ‘function_3e9861’:
dumps/vmtail-wide-1m-w16/vm_native_gap_retdec_batch666.c:681:9: error: implicit declaration of function ‘__asm_pminub’; did you mean ‘__asm_pmaxub’? [-Wimplicit-function-declaration]
  681 |         __asm_pminub(v1, *(int64_t *)(v19 + 0x56340010 + 8 * v19));
      |         ^~~~~~~~~~~~
      |         __asm_pmaxub
# elapsed 0.01s
quarantined_range_file	native_gap_retdec_batch666.ranges	native_gap_retdec_batch666.ranges.failed
removed_failed_sidecar	dumps/vmtail-wide-1m-w16/vm_native_gap_retdec_batch666.c
salvage_batch_start	666	8
salvage_try	0x2876cb-0x2878cb	batch=666
+ make -j 8 native-gap-retdec-batch666
make dumps/vmtail-wide-1m-w16/vm_native_gap_retdec_batch666.c
make[1]: Entering directory '/models/dev/sc-rev/eac/eacsym'
python3 vm_native_gap_retdec_batch.py --batch-index 666 --ranges-file native_gap_retdec_batch666.ranges > dumps/vmtail-wide-1m-w16/vm_native_gap_retdec_batch666.c
native_gap_retdec_batch=666
native_gap_retdec_selected_ranges=1
make[1]: Leaving directory '/models/dev/sc-rev/eac/eacsym'
# elapsed 1.64s
+ cc -std=c11 -fsyntax-only -w dumps/vmtail-wide-1m-w16/vm_native_gap_retdec_batch666.c
# elapsed 0.01s
salvage_try	0x2878cb-0x287acb	batch=667
+ make -j 8 native-gap-retdec-batch667
make dumps/vmtail-wide-1m-w16/vm_native_gap_retdec_batch667.c
make[1]: Entering directory '/models/dev/sc-rev/eac/eacsym'
python3 vm_native_gap_retdec_batch.py --batch-index 667 --ranges-file native_gap_retdec_batch667.ranges > dumps/vmtail-wide-1m-w16/vm_native_gap_retdec_batch667.c
native_gap_retdec_batch=667
native_gap_retdec_selected_ranges=1
make[1]: Leaving directory '/models/dev/sc-rev/eac/eacsym'
# elapsed 1.64s
+ cc -std=c11 -fsyntax-only -w dumps/vmtail-wide-1m-w16/vm_native_gap_retdec_batch667.c
# elapsed 0.01s
salvage_try	0x287acb-0x287ccb	batch=668
+ make -j 8 native-gap-retdec-batch668
make dumps/vmtail-wide-1m-w16/vm_native_gap_retdec_batch668.c
make[1]: Entering directory '/models/dev/sc-rev/eac/eacsym'
python3 vm_native_gap_retdec_batch.py --batch-index 668 --ranges-file native_gap_retdec_batch668.ranges > dumps/vmtail-wide-1m-w16/vm_native_gap_retdec_batch668.c
native_gap_retdec_batch=668
native_gap_retdec_selected_ranges=1
make[1]: Leaving directory '/models/dev/sc-rev/eac/eacsym'
# elapsed 1.65s
+ cc -std=c11 -fsyntax-only -w dumps/vmtail-wide-1m-w16/vm_native_gap_retdec_batch668.c
# elapsed 0.01s
salvage_try	0x287ccb-0x287ecb	batch=669
+ make -j 8 native-gap-retdec-batch669
make dumps/vmtail-wide-1m-w16/vm_native_gap_retdec_batch669.c
make[1]: Entering directory '/models/dev/sc-rev/eac/eacsym'
python3 vm_native_gap_retdec_batch.py --batch-index 669 --ranges-file native_gap_retdec_batch669.ranges > dumps/vmtail-wide-1m-w16/vm_native_gap_retdec_batch669.c
native_gap_retdec_batch=669
native_gap_retdec_selected_ranges=1
make[1]: Leaving directory '/models/dev/sc-rev/eac/eacsym'
# elapsed 1.65s
+ cc -std=c11 -fsyntax-only -w dumps/vmtail-wide-1m-w16/vm_native_gap_retdec_batch669.c
# elapsed 0.01s
salvage_try	0x3e9696-0x3e9896	batch=670
+ make -j 8 native-gap-retdec-batch670
make dumps/vmtail-wide-1m-w16/vm_native_gap_retdec_batch670.c
make[1]: Entering directory '/models/dev/sc-rev/eac/eacsym'
python3 vm_native_gap_retdec_batch.py --batch-index 670 --ranges-file native_gap_retdec_batch670.ranges > dumps/vmtail-wide-1m-w16/vm_native_gap_retdec_batch670.c
native_gap_retdec_batch=670
native_gap_retdec_selected_ranges=1
make[1]: Leaving directory '/models/dev/sc-rev/eac/eacsym'
# elapsed 1.69s
+ cc -std=c11 -fsyntax-only -w dumps/vmtail-wide-1m-w16/vm_native_gap_retdec_batch670.c
# elapsed 0.01s
salvage_try	0x3e9896-0x3e9a96	batch=671
+ make -j 8 native-gap-retdec-batch671
make dumps/vmtail-wide-1m-w16/vm_native_gap_retdec_batch671.c
make[1]: Entering directory '/models/dev/sc-rev/eac/eacsym'
python3 vm_native_gap_retdec_batch.py --batch-index 671 --ranges-file native_gap_retdec_batch671.ranges > dumps/vmtail-wide-1m-w16/vm_native_gap_retdec_batch671.c
native_gap_retdec_batch=671
native_gap_retdec_selected_ranges=1
make[1]: Leaving directory '/models/dev/sc-rev/eac/eacsym'
# elapsed 1.68s
+ cc -std=c11 -fsyntax-only -w dumps/vmtail-wide-1m-w16/vm_native_gap_retdec_batch671.c
# elapsed 0.01s
salvage_try	0x3e9a96-0x3e9c96	batch=672
+ make -j 8 native-gap-retdec-batch672
make dumps/vmtail-wide-1m-w16/vm_native_gap_retdec_batch672.c
make[1]: Entering directory '/models/dev/sc-rev/eac/eacsym'
python3 vm_native_gap_retdec_batch.py --batch-index 672 --ranges-file native_gap_retdec_batch672.ranges > dumps/vmtail-wide-1m-w16/vm_native_gap_retdec_batch672.c
native_gap_retdec_batch=672
native_gap_retdec_selected_ranges=1
make[1]: Leaving directory '/models/dev/sc-rev/eac/eacsym'
# elapsed 1.64s
+ cc -std=c11 -fsyntax-only -w dumps/vmtail-wide-1m-w16/vm_native_gap_retdec_batch672.c
# elapsed 0.01s
salvage_try	0x3e9c96-0x3e9e96	batch=673
+ make -j 8 native-gap-retdec-batch673
make dumps/vmtail-wide-1m-w16/vm_native_gap_retdec_batch673.c
make[1]: Entering directory '/models/dev/sc-rev/eac/eacsym'
python3 vm_native_gap_retdec_batch.py --batch-index 673 --ranges-file native_gap_retdec_batch673.ranges > dumps/vmtail-wide-1m-w16/vm_native_gap_retdec_batch673.c
native_gap_retdec_batch=673
native_gap_retdec_selected_ranges=1
make[1]: Leaving directory '/models/dev/sc-rev/eac/eacsym'
# elapsed 1.67s
+ cc -std=c11 -fsyntax-only -w dumps/vmtail-wide-1m-w16/vm_native_gap_retdec_batch673.c
# elapsed 0.01s
salvage_batch_done	666	salvaged=666,667,668,669,670,671,672,673	rejected=0
+ make -s native-executable-coverage-audit native-retdec-gap-queue
# elapsed 1.54s
+ make -s uncovered-executable-gaps
uncovered_executable_gaps=2832 bytes=3043946
uncovered_executable_gaps=2832 bytes=3043946
uncovered_executable_gaps=2832 bytes=3043946
# elapsed 1.11s
coverage_delta
native_executable_coverage_range_rows	30537	30640	delta=+103
native_executable_coverage_gap_rows	2834	2837	delta=+3
native_executable_coverage_recovered_bytes	2599542	2607094	delta=+7552
native_executable_coverage_uncovered_bytes	3051498	3043946	delta=-7552
round_start	3
+ python3 vm_executable_gap_retdec_probe.py --root . --section .text --chunk-bytes 0x200 --min-chunk-bytes 0x80 --max-split-candidates 64 --max-gap-chunks 5 --max-candidates 192 --max-accepted 8 --probe-jobs 8 --timeout 30 --reject-cache dumps/vmtail-wide-1m-w16/vm_executable_gap_retdec_reject_cache.tsv
try	0x406fe5-0x4071e5	ok
try	0x4075e5-0x4077e5	ok
try	0x4077e5-0x4079e5	ok
try	0x207b9e-0x207d9e	ok
try	0x4073e5-0x4075e5	ok
try	0x20799e-0x207b9e	ok
try	0x207d9e-0x207f9e	ok
try	0x4071e5-0x4073e5	ok
wrote	native_gap_retdec_batch674.ranges	8
# elapsed 4.04s
created_batches	674
+ make -j 8 native-gap-retdec-batch674
make dumps/vmtail-wide-1m-w16/vm_native_gap_retdec_batch674.c
make[1]: Entering directory '/models/dev/sc-rev/eac/eacsym'
python3 vm_native_gap_retdec_batch.py --batch-index 674 --ranges-file native_gap_retdec_batch674.ranges > dumps/vmtail-wide-1m-w16/vm_native_gap_retdec_batch674.c
native_gap_retdec_batch=674
native_gap_retdec_selected_ranges=8
make[1]: Leaving directory '/models/dev/sc-rev/eac/eacsym'
# elapsed 1.77s
+ cc -std=c11 -fsyntax-only -w dumps/vmtail-wide-1m-w16/vm_native_gap_retdec_batch674.c
# elapsed 0.01s
+ make -s native-executable-coverage-audit native-retdec-gap-queue
# elapsed 1.52s
+ make -s uncovered-executable-gaps
uncovered_executable_gaps=2832 bytes=3039850
uncovered_executable_gaps=2832 bytes=3039850
uncovered_executable_gaps=2832 bytes=3039850
# elapsed 1.09s
coverage_delta
native_executable_coverage_range_rows	30537	30698	delta=+161
native_executable_coverage_gap_rows	2834	2837	delta=+3
native_executable_coverage_recovered_bytes	2599542	2611190	delta=+11648
native_executable_coverage_uncovered_bytes	3051498	3039850	delta=-11648
round_start	4
+ python3 vm_executable_gap_retdec_probe.py --root . --section .text --chunk-bytes 0x200 --min-chunk-bytes 0x80 --max-split-candidates 64 --max-gap-chunks 5 --max-candidates 192 --max-accepted 8 --probe-jobs 8 --timeout 30 --reject-cache dumps/vmtail-wide-1m-w16/vm_executable_gap_retdec_reject_cache.tsv
try	0xff9ee-0xffbee	reject
split	0xff9ee-0xffbee	0xff9ee-0xffaee
split	0xff9ee-0xffbee	0xffaee-0xffbee
try	0x329c55-0x329e55	ok
try	0x329455-0x329655	ok
try	0x329855-0x329a55	ok
try	0x329a55-0x329c55	ok
try	0x329655-0x329855	ok
try	0xffbee-0xffdee	ok
try	0xff7ee-0xff9ee	ok
try	0xffaee-0xffbee	reject
split	0xffaee-0xffbee	0xffaee-0xffb6e
split	0xffaee-0xffbee	0xffb6e-0xffbee
try	0x2384b6-0x2386b6	ok
wrote	native_gap_retdec_batch675.ranges	8
appended_reject_cache	dumps/vmtail-wide-1m-w16/vm_executable_gap_retdec_reject_cache.tsv	2
# elapsed 5.43s
created_batches	675
+ make -j 8 native-gap-retdec-batch675
make dumps/vmtail-wide-1m-w16/vm_native_gap_retdec_batch675.c
make[1]: Entering directory '/models/dev/sc-rev/eac/eacsym'
python3 vm_native_gap_retdec_batch.py --batch-index 675 --ranges-file native_gap_retdec_batch675.ranges > dumps/vmtail-wide-1m-w16/vm_native_gap_retdec_batch675.c
native_gap_retdec_batch=675
native_gap_retdec_selected_ranges=8
make[1]: Leaving directory '/models/dev/sc-rev/eac/eacsym'
# elapsed 1.81s
+ cc -std=c11 -fsyntax-only -w dumps/vmtail-wide-1m-w16/vm_native_gap_retdec_batch675.c
# elapsed 0.01s
+ make -s native-executable-coverage-audit native-retdec-gap-queue
# elapsed 1.54s
+ make -s uncovered-executable-gaps
uncovered_executable_gaps=2833 bytes=3035754
uncovered_executable_gaps=2833 bytes=3035754
uncovered_executable_gaps=2833 bytes=3035754
# elapsed 1.12s
coverage_delta
native_executable_coverage_range_rows	30537	30771	delta=+234
native_executable_coverage_gap_rows	2834	2838	delta=+4
native_executable_coverage_recovered_bytes	2599542	2615286	delta=+15744
native_executable_coverage_uncovered_bytes	3051498	3035754	delta=-15744
round_start	5
+ python3 vm_executable_gap_retdec_probe.py --root . --section .text --chunk-bytes 0x200 --min-chunk-bytes 0x80 --max-split-candidates 64 --max-gap-chunks 5 --max-candidates 192 --max-accepted 8 --probe-jobs 8 --timeout 30 --reject-cache dumps/vmtail-wide-1m-w16/vm_executable_gap_retdec_reject_cache.tsv
try	0x24fabc-0x24fcbc	ok
try	0x2656c2-0x2658c2	ok
try	0x2658c2-0x265ac2	ok
try	0x24f8bc-0x24fabc	ok
try	0x2654c2-0x2656c2	ok
try	0x24f6bc-0x24f8bc	ok
try	0x24fcbc-0x24febc	ok
try	0x24febc-0x2500bc	ok
wrote	native_gap_retdec_batch676.ranges	8
# elapsed 4.13s
created_batches	676
+ make -j 8 native-gap-retdec-batch676
make dumps/vmtail-wide-1m-w16/vm_native_gap_retdec_batch676.c
make[1]: Entering directory '/models/dev/sc-rev/eac/eacsym'
python3 vm_native_gap_retdec_batch.py --batch-index 676 --ranges-file native_gap_retdec_batch676.ranges > dumps/vmtail-wide-1m-w16/vm_native_gap_retdec_batch676.c
native_gap_retdec_batch=676
native_gap_retdec_selected_ranges=8
make[1]: Leaving directory '/models/dev/sc-rev/eac/eacsym'
# elapsed 1.91s
+ cc -std=c11 -fsyntax-only -w dumps/vmtail-wide-1m-w16/vm_native_gap_retdec_batch676.c
# elapsed 0.01s
+ make -s native-executable-coverage-audit native-retdec-gap-queue
# elapsed 1.53s
+ make -s uncovered-executable-gaps
uncovered_executable_gaps=2833 bytes=3031658
uncovered_executable_gaps=2833 bytes=3031658
uncovered_executable_gaps=2833 bytes=3031658
# elapsed 1.10s
coverage_delta
native_executable_coverage_range_rows	30537	30819	delta=+282
native_executable_coverage_gap_rows	2834	2838	delta=+4
native_executable_coverage_recovered_bytes	2599542	2619382	delta=+19840
native_executable_coverage_uncovered_bytes	3051498	3031658	delta=-19840
round_start	6
+ python3 vm_executable_gap_retdec_probe.py --root . --section .text --chunk-bytes 0x200 --min-chunk-bytes 0x80 --max-split-candidates 64 --max-gap-chunks 5 --max-candidates 192 --max-accepted 8 --probe-jobs 8 --timeout 30 --reject-cache dumps/vmtail-wide-1m-w16/vm_executable_gap_retdec_reject_cache.tsv
try	0x37596a-0x375b6a	reject
split	0x37596a-0x375b6a	0x37596a-0x375a6a
split	0x37596a-0x375b6a	0x375a6a-0x375b6a
try	0xf9d9c-0xf9f9c	ok
try	0x375b6a-0x375d6a	ok
try	0xf9b9c-0xf9d9c	ok
try	0xf9f9c-0xfa19c	reject
split	0xf9f9c-0xfa19c	0xf9f9c-0xfa09c
split	0xf9f9c-0xfa19c	0xfa09c-0xfa19c
try	0x37576a-0x37596a	ok
try	0x37556a-0x37576a	ok
try	0x37536a-0x37556a	reject
split	0x37536a-0x37556a	0x37536a-0x37546a
split	0x37536a-0x37556a	0x37546a-0x37556a
try	0x375a6a-0x375b6a	reject
split	0x375a6a-0x375b6a	0x375a6a-0x375aea
split	0x375a6a-0x375b6a	0x375aea-0x375b6a
try	0x37596a-0x375a6a	ok
try	0xfa19c-0xfa39c	ok
try	0xfa39c-0xfa59c	ok
