+ python3 vm_executable_gap_retdec_autopilot.py --rounds 24 --jobs 8 --probe-jobs 8 --chunk-bytes 0x200 --min-chunk-bytes 0x80 --max-split-candidates 64 --max-gap-chunks 5 --max-candidates 192 --max-accepted 8 --timeout 30 --final-checkpoint --salvage-failed-batches --completion-audit --skip-manifest --section .text
round_start	1
+ python3 vm_executable_gap_retdec_probe.py --root . --section .text --chunk-bytes 0x200 --min-chunk-bytes 0x80 --max-split-candidates 64 --max-gap-chunks 5 --max-candidates 192 --max-accepted 8 --probe-jobs 8 --timeout 30 --reject-cache dumps/vmtail-wide-1m-w16/vm_executable_gap_retdec_reject_cache.tsv
try	0x203034-0x203234	ok
try	0x413f42-0x414142	ok
try	0x414742-0x414942	ok
try	0x414342-0x414542	ok
try	0x414142-0x414342	ok
try	0x203434-0x203634	ok
try	0x203234-0x203434	ok
try	0x414542-0x414742	ok
wrote	native_gap_retdec_batch762.ranges	8
# elapsed 4.09s
created_batches	762
+ make -j 8 native-gap-retdec-batch762
make dumps/vmtail-wide-1m-w16/vm_native_gap_retdec_batch762.c
make[1]: Entering directory '/models/dev/sc-rev/eac/eacsym'
python3 vm_native_gap_retdec_batch.py --batch-index 762 --ranges-file native_gap_retdec_batch762.ranges > dumps/vmtail-wide-1m-w16/vm_native_gap_retdec_batch762.c
native_gap_retdec_batch=762
native_gap_retdec_selected_ranges=8
make[1]: Leaving directory '/models/dev/sc-rev/eac/eacsym'
# elapsed 1.76s
+ cc -std=c11 -fsyntax-only -w dumps/vmtail-wide-1m-w16/vm_native_gap_retdec_batch762.c
# elapsed 0.02s
+ make -s native-executable-coverage-audit native-retdec-gap-queue
# elapsed 1.64s
+ make -s uncovered-executable-gaps
uncovered_executable_gaps=2873 bytes=2857322
uncovered_executable_gaps=2873 bytes=2857322
uncovered_executable_gaps=2873 bytes=2857322
# elapsed 1.10s
coverage_delta
native_executable_coverage_range_rows	33277	33358	delta=+81
native_executable_coverage_gap_rows	2878	2878	delta=+0
native_executable_coverage_recovered_bytes	2789622	2793718	delta=+4096
native_executable_coverage_uncovered_bytes	2861418	2857322	delta=-4096
round_start	2
+ python3 vm_executable_gap_retdec_probe.py --root . --section .text --chunk-bytes 0x200 --min-chunk-bytes 0x80 --max-split-candidates 64 --max-gap-chunks 5 --max-candidates 192 --max-accepted 8 --probe-jobs 8 --timeout 30 --reject-cache dumps/vmtail-wide-1m-w16/vm_executable_gap_retdec_reject_cache.tsv
try	0x28cc4c-0x28ce4c	ok
try	0x3c8879-0x3c8a79	ok
try	0x28d04c-0x28d24c	ok
try	0x3c8079-0x3c8279	ok
try	0x28ce4c-0x28d04c	ok
try	0x3c8279-0x3c8479	ok
try	0x3c8479-0x3c8679	ok
try	0x3c8679-0x3c8879	ok
wrote	native_gap_retdec_batch763.ranges	8
# elapsed 4.13s
created_batches	763
+ make -j 8 native-gap-retdec-batch763
make dumps/vmtail-wide-1m-w16/vm_native_gap_retdec_batch763.c
make[1]: Entering directory '/models/dev/sc-rev/eac/eacsym'
python3 vm_native_gap_retdec_batch.py --batch-index 763 --ranges-file native_gap_retdec_batch763.ranges > dumps/vmtail-wide-1m-w16/vm_native_gap_retdec_batch763.c
native_gap_retdec_batch=763
native_gap_retdec_selected_ranges=8
make[1]: Leaving directory '/models/dev/sc-rev/eac/eacsym'
# elapsed 1.82s
+ cc -std=c11 -fsyntax-only -w dumps/vmtail-wide-1m-w16/vm_native_gap_retdec_batch763.c
# elapsed 0.02s
+ make -s native-executable-coverage-audit native-retdec-gap-queue
# elapsed 1.66s
+ make -s uncovered-executable-gaps
uncovered_executable_gaps=2873 bytes=2853226
uncovered_executable_gaps=2873 bytes=2853226
uncovered_executable_gaps=2873 bytes=2853226
# elapsed 1.08s
coverage_delta
native_executable_coverage_range_rows	33277	33405	delta=+128
native_executable_coverage_gap_rows	2878	2878	delta=+0
native_executable_coverage_recovered_bytes	2789622	2797814	delta=+8192
native_executable_coverage_uncovered_bytes	2861418	2853226	delta=-8192
round_start	3
+ python3 vm_executable_gap_retdec_probe.py --root . --section .text --chunk-bytes 0x200 --min-chunk-bytes 0x80 --max-split-candidates 64 --max-gap-chunks 5 --max-candidates 192 --max-accepted 8 --probe-jobs 8 --timeout 30 --reject-cache dumps/vmtail-wide-1m-w16/vm_executable_gap_retdec_reject_cache.tsv
try	0x3d07ff-0x3d09ff	ok
try	0x3d09ff-0x3d0bff	reject
split	0x3d09ff-0x3d0bff	0x3d09ff-0x3d0aff
split	0x3d09ff-0x3d0bff	0x3d0aff-0x3d0bff
try	0x443067-0x443267	ok
try	0x443267-0x443467	ok
try	0x443467-0x443667	reject
split	0x443467-0x443667	0x443467-0x443567
split	0x443467-0x443667	0x443567-0x443667
try	0x3d05ff-0x3d07ff	ok
try	0x3d03ff-0x3d05ff	ok
try	0x3d01ff-0x3d03ff	ok
try	0x3d09ff-0x3d0aff	ok
try	0x443567-0x443667	ok
wrote	native_gap_retdec_batch764.ranges	8
appended_reject_cache	dumps/vmtail-wide-1m-w16/vm_executable_gap_retdec_reject_cache.tsv	2
# elapsed 5.50s
created_batches	764
+ make -j 8 native-gap-retdec-batch764
make dumps/vmtail-wide-1m-w16/vm_native_gap_retdec_batch764.c
make[1]: Entering directory '/models/dev/sc-rev/eac/eacsym'
python3 vm_native_gap_retdec_batch.py --batch-index 764 --ranges-file native_gap_retdec_batch764.ranges > dumps/vmtail-wide-1m-w16/vm_native_gap_retdec_batch764.c
native_gap_retdec_batch=764
native_gap_retdec_selected_ranges=8
make[1]: Leaving directory '/models/dev/sc-rev/eac/eacsym'
# elapsed 1.75s
+ cc -std=c11 -fsyntax-only -w dumps/vmtail-wide-1m-w16/vm_native_gap_retdec_batch764.c
# elapsed 0.02s
+ make -s native-executable-coverage-audit native-retdec-gap-queue
# elapsed 1.66s
+ make -s uncovered-executable-gaps
uncovered_executable_gaps=2874 bytes=2849642
uncovered_executable_gaps=2874 bytes=2849642
uncovered_executable_gaps=2874 bytes=2849642
# elapsed 1.09s
coverage_delta
native_executable_coverage_range_rows	33277	33454	delta=+177
native_executable_coverage_gap_rows	2878	2879	delta=+1
native_executable_coverage_recovered_bytes	2789622	2801398	delta=+11776
native_executable_coverage_uncovered_bytes	2861418	2849642	delta=-11776
round_start	4
+ python3 vm_executable_gap_retdec_probe.py --root . --section .text --chunk-bytes 0x200 --min-chunk-bytes 0x80 --max-split-candidates 64 --max-gap-chunks 5 --max-candidates 192 --max-accepted 8 --probe-jobs 8 --timeout 30 --reject-cache dumps/vmtail-wide-1m-w16/vm_executable_gap_retdec_reject_cache.tsv
try	0x30281e-0x302a1e	ok
try	0x2dc90e-0x2dcb0e	ok
try	0x2dcb0e-0x2dcd0e	ok
try	0x302a1e-0x302c1e	ok
try	0x30301e-0x30321e	ok
try	0x302c1e-0x302e1e	ok
try	0x302e1e-0x30301e	ok
try	0x2dcd0e-0x2dcf0e	ok
wrote	native_gap_retdec_batch765.ranges	8
# elapsed 4.16s
created_batches	765
+ make -j 8 native-gap-retdec-batch765
make dumps/vmtail-wide-1m-w16/vm_native_gap_retdec_batch765.c
make[1]: Entering directory '/models/dev/sc-rev/eac/eacsym'
python3 vm_native_gap_retdec_batch.py --batch-index 765 --ranges-file native_gap_retdec_batch765.ranges > dumps/vmtail-wide-1m-w16/vm_native_gap_retdec_batch765.c
native_gap_retdec_batch=765
native_gap_retdec_selected_ranges=8
make[1]: Leaving directory '/models/dev/sc-rev/eac/eacsym'
# elapsed 1.81s
+ cc -std=c11 -fsyntax-only -w dumps/vmtail-wide-1m-w16/vm_native_gap_retdec_batch765.c
# elapsed 0.02s
+ make -s native-executable-coverage-audit native-retdec-gap-queue
# elapsed 1.62s
+ make -s uncovered-executable-gaps
uncovered_executable_gaps=2874 bytes=2845546
uncovered_executable_gaps=2874 bytes=2845546
uncovered_executable_gaps=2874 bytes=2845546
# elapsed 1.07s
coverage_delta
native_executable_coverage_range_rows	33277	33515	delta=+238
native_executable_coverage_gap_rows	2878	2879	delta=+1
native_executable_coverage_recovered_bytes	2789622	2805494	delta=+15872
native_executable_coverage_uncovered_bytes	2861418	2845546	delta=-15872
round_start	5
+ python3 vm_executable_gap_retdec_probe.py --root . --section .text --chunk-bytes 0x200 --min-chunk-bytes 0x80 --max-split-candidates 64 --max-gap-chunks 5 --max-candidates 192 --max-accepted 8 --probe-jobs 8 --timeout 30 --reject-cache dumps/vmtail-wide-1m-w16/vm_executable_gap_retdec_reject_cache.tsv
try	0x381b30-0x381d30	reject
split	0x381b30-0x381d30	0x381b30-0x381c30
split	0x381b30-0x381d30	0x381c30-0x381d30
try	0x6c890-0x6ca90	ok
try	0x381d30-0x381f30	ok
try	0x382330-0x382530	reject
split	0x382330-0x382530	0x382330-0x382430
split	0x382330-0x382530	0x382430-0x382530
try	0x6c690-0x6c890	ok
try	0x6ca90-0x6cc90	ok
try	0x381f30-0x382130	ok
try	0x382130-0x382330	ok
try	0x381c30-0x381d30	reject
split	0x381c30-0x381d30	0x381c30-0x381cb0
split	0x381c30-0x381d30	0x381cb0-0x381d30
try	0x381b30-0x381c30	ok
try	0x382330-0x382430	ok
wrote	native_gap_retdec_batch766.ranges	8
appended_reject_cache	dumps/vmtail-wide-1m-w16/vm_executable_gap_retdec_reject_cache.tsv	3
# elapsed 5.50s
created_batches	766
+ make -j 8 native-gap-retdec-batch766
make dumps/vmtail-wide-1m-w16/vm_native_gap_retdec_batch766.c
make[1]: Entering directory '/models/dev/sc-rev/eac/eacsym'
python3 vm_native_gap_retdec_batch.py --batch-index 766 --ranges-file native_gap_retdec_batch766.ranges > dumps/vmtail-wide-1m-w16/vm_native_gap_retdec_batch766.c
native_gap_retdec_batch=766
native_gap_retdec_selected_ranges=8
make[1]: Leaving directory '/models/dev/sc-rev/eac/eacsym'
# elapsed 1.83s
+ cc -std=c11 -fsyntax-only -w dumps/vmtail-wide-1m-w16/vm_native_gap_retdec_batch766.c
# elapsed 0.01s
+ make -s native-executable-coverage-audit native-retdec-gap-queue
# elapsed 1.66s
+ make -s uncovered-executable-gaps
uncovered_executable_gaps=2875 bytes=2841962
uncovered_executable_gaps=2875 bytes=2841962
uncovered_executable_gaps=2875 bytes=2841962
# elapsed 1.09s
coverage_delta
native_executable_coverage_range_rows	33277	33566	delta=+289
native_executable_coverage_gap_rows	2878	2880	delta=+2
native_executable_coverage_recovered_bytes	2789622	2809078	delta=+19456
native_executable_coverage_uncovered_bytes	2861418	2841962	delta=-19456
round_start	6
+ python3 vm_executable_gap_retdec_probe.py --root . --section .text --chunk-bytes 0x200 --min-chunk-bytes 0x80 --max-split-candidates 64 --max-gap-chunks 5 --max-candidates 192 --max-accepted 8 --probe-jobs 8 --timeout 30 --reject-cache dumps/vmtail-wide-1m-w16/vm_executable_gap_retdec_reject_cache.tsv
try	0x3bc3b5-0x3bc5b5	ok
try	0x1361a4-0x1363a4	ok
try	0x1367a4-0x1369a4	reject
split	0x1367a4-0x1369a4	0x1367a4-0x1368a4
split	0x1367a4-0x1369a4	0x1368a4-0x1369a4
try	0x135fa4-0x1361a4	ok
try	0x1363a4-0x1365a4	ok
try	0x1365a4-0x1367a4	ok
try	0x3bc1b5-0x3bc3b5	ok
try	0x3bc5b5-0x3bc7b5	ok
try	0x3bc7b5-0x3bc9b5	ok
wrote	native_gap_retdec_batch767.ranges	8
appended_reject_cache	dumps/vmtail-wide-1m-w16/vm_executable_gap_retdec_reject_cache.tsv	1
# elapsed 4.19s
created_batches	767
+ make -j 8 native-gap-retdec-batch767
make dumps/vmtail-wide-1m-w16/vm_native_gap_retdec_batch767.c
make[1]: Entering directory '/models/dev/sc-rev/eac/eacsym'
python3 vm_native_gap_retdec_batch.py --batch-index 767 --ranges-file native_gap_retdec_batch767.ranges > dumps/vmtail-wide-1m-w16/vm_native_gap_retdec_batch767.c
native_gap_retdec_batch=767
native_gap_retdec_selected_ranges=8
make[1]: Leaving directory '/models/dev/sc-rev/eac/eacsym'
# elapsed 1.81s
+ cc -std=c11 -fsyntax-only -w dumps/vmtail-wide-1m-w16/vm_native_gap_retdec_batch767.c
dumps/vmtail-wide-1m-w16/vm_native_gap_retdec_batch767.c: In function ‘function_136167’:
dumps/vmtail-wide-1m-w16/vm_native_gap_retdec_batch767.c:576:27: error: invalid use of void expression
  576 |     *(char *)0x69cc0508 = (char)__asm_pause();
      |                           ^
# elapsed 0.01s
quarantined_range_file	native_gap_retdec_batch767.ranges	native_gap_retdec_batch767.ranges.failed
removed_failed_sidecar	dumps/vmtail-wide-1m-w16/vm_native_gap_retdec_batch767.c
salvage_batch_start	767	8
salvage_try	0x135fa4-0x1361a4	batch=767
+ make -j 8 native-gap-retdec-batch767
make dumps/vmtail-wide-1m-w16/vm_native_gap_retdec_batch767.c
make[1]: Entering directory '/models/dev/sc-rev/eac/eacsym'
python3 vm_native_gap_retdec_batch.py --batch-index 767 --ranges-file native_gap_retdec_batch767.ranges > dumps/vmtail-wide-1m-w16/vm_native_gap_retdec_batch767.c
native_gap_retdec_batch=767
native_gap_retdec_selected_ranges=1
make[1]: Leaving directory '/models/dev/sc-rev/eac/eacsym'
# elapsed 1.65s
+ cc -std=c11 -fsyntax-only -w dumps/vmtail-wide-1m-w16/vm_native_gap_retdec_batch767.c
# elapsed 0.01s
salvage_try	0x1361a4-0x1363a4	batch=768
+ make -j 8 native-gap-retdec-batch768
make dumps/vmtail-wide-1m-w16/vm_native_gap_retdec_batch768.c
make[1]: Entering directory '/models/dev/sc-rev/eac/eacsym'
python3 vm_native_gap_retdec_batch.py --batch-index 768 --ranges-file native_gap_retdec_batch768.ranges > dumps/vmtail-wide-1m-w16/vm_native_gap_retdec_batch768.c
native_gap_retdec_batch=768
native_gap_retdec_selected_ranges=1
make[1]: Leaving directory '/models/dev/sc-rev/eac/eacsym'
# elapsed 1.72s
+ cc -std=c11 -fsyntax-only -w dumps/vmtail-wide-1m-w16/vm_native_gap_retdec_batch768.c
# elapsed 0.01s
salvage_try	0x1363a4-0x1365a4	batch=769
+ make -j 8 native-gap-retdec-batch769
make dumps/vmtail-wide-1m-w16/vm_native_gap_retdec_batch769.c
make[1]: Entering directory '/models/dev/sc-rev/eac/eacsym'
python3 vm_native_gap_retdec_batch.py --batch-index 769 --ranges-file native_gap_retdec_batch769.ranges > dumps/vmtail-wide-1m-w16/vm_native_gap_retdec_batch769.c
native_gap_retdec_batch=769
native_gap_retdec_selected_ranges=1
make[1]: Leaving directory '/models/dev/sc-rev/eac/eacsym'
# elapsed 1.64s
+ cc -std=c11 -fsyntax-only -w dumps/vmtail-wide-1m-w16/vm_native_gap_retdec_batch769.c
# elapsed 0.01s
salvage_try	0x1365a4-0x1367a4	batch=770
+ make -j 8 native-gap-retdec-batch770
make dumps/vmtail-wide-1m-w16/vm_native_gap_retdec_batch770.c
make[1]: Entering directory '/models/dev/sc-rev/eac/eacsym'
python3 vm_native_gap_retdec_batch.py --batch-index 770 --ranges-file native_gap_retdec_batch770.ranges > dumps/vmtail-wide-1m-w16/vm_native_gap_retdec_batch770.c
native_gap_retdec_batch=770
native_gap_retdec_selected_ranges=1
make[1]: Leaving directory '/models/dev/sc-rev/eac/eacsym'
# elapsed 1.68s
+ cc -std=c11 -fsyntax-only -w dumps/vmtail-wide-1m-w16/vm_native_gap_retdec_batch770.c
# elapsed 0.01s
salvage_try	0x3bc1b5-0x3bc3b5	batch=771
+ make -j 8 native-gap-retdec-batch771
make dumps/vmtail-wide-1m-w16/vm_native_gap_retdec_batch771.c
make[1]: Entering directory '/models/dev/sc-rev/eac/eacsym'
python3 vm_native_gap_retdec_batch.py --batch-index 771 --ranges-file native_gap_retdec_batch771.ranges > dumps/vmtail-wide-1m-w16/vm_native_gap_retdec_batch771.c
native_gap_retdec_batch=771
native_gap_retdec_selected_ranges=1
make[1]: Leaving directory '/models/dev/sc-rev/eac/eacsym'
# elapsed 1.65s
+ cc -std=c11 -fsyntax-only -w dumps/vmtail-wide-1m-w16/vm_native_gap_retdec_batch771.c
# elapsed 0.01s
salvage_try	0x3bc3b5-0x3bc5b5	batch=772
+ make -j 8 native-gap-retdec-batch772
make dumps/vmtail-wide-1m-w16/vm_native_gap_retdec_batch772.c
make[1]: Entering directory '/models/dev/sc-rev/eac/eacsym'
python3 vm_native_gap_retdec_batch.py --batch-index 772 --ranges-file native_gap_retdec_batch772.ranges > dumps/vmtail-wide-1m-w16/vm_native_gap_retdec_batch772.c
native_gap_retdec_batch=772
native_gap_retdec_selected_ranges=1
make[1]: Leaving directory '/models/dev/sc-rev/eac/eacsym'
# elapsed 1.66s
+ cc -std=c11 -fsyntax-only -w dumps/vmtail-wide-1m-w16/vm_native_gap_retdec_batch772.c
# elapsed 0.01s
salvage_try	0x3bc5b5-0x3bc7b5	batch=773
+ make -j 8 native-gap-retdec-batch773
make dumps/vmtail-wide-1m-w16/vm_native_gap_retdec_batch773.c
make[1]: Entering directory '/models/dev/sc-rev/eac/eacsym'
python3 vm_native_gap_retdec_batch.py --batch-index 773 --ranges-file native_gap_retdec_batch773.ranges > dumps/vmtail-wide-1m-w16/vm_native_gap_retdec_batch773.c
native_gap_retdec_batch=773
native_gap_retdec_selected_ranges=1
make[1]: Leaving directory '/models/dev/sc-rev/eac/eacsym'
# elapsed 1.64s
+ cc -std=c11 -fsyntax-only -w dumps/vmtail-wide-1m-w16/vm_native_gap_retdec_batch773.c
# elapsed 0.01s
salvage_try	0x3bc7b5-0x3bc9b5	batch=774
+ make -j 8 native-gap-retdec-batch774
make dumps/vmtail-wide-1m-w16/vm_native_gap_retdec_batch774.c
make[1]: Entering directory '/models/dev/sc-rev/eac/eacsym'
python3 vm_native_gap_retdec_batch.py --batch-index 774 --ranges-file native_gap_retdec_batch774.ranges > dumps/vmtail-wide-1m-w16/vm_native_gap_retdec_batch774.c
native_gap_retdec_batch=774
native_gap_retdec_selected_ranges=1
make[1]: Leaving directory '/models/dev/sc-rev/eac/eacsym'
# elapsed 1.64s
+ cc -std=c11 -fsyntax-only -w dumps/vmtail-wide-1m-w16/vm_native_gap_retdec_batch774.c
# elapsed 0.01s
salvage_batch_done	767	salvaged=767,768,769,770,771,772,773,774	rejected=0
+ make -s native-executable-coverage-audit native-retdec-gap-queue
# elapsed 1.63s
+ make -s uncovered-executable-gaps
uncovered_executable_gaps=2875 bytes=2837866
uncovered_executable_gaps=2875 bytes=2837866
uncovered_executable_gaps=2875 bytes=2837866
# elapsed 1.07s
coverage_delta
native_executable_coverage_range_rows	33277	33620	delta=+343
native_executable_coverage_gap_rows	2878	2880	delta=+2
native_executable_coverage_recovered_bytes	2789622	2813174	delta=+23552
native_executable_coverage_uncovered_bytes	2861418	2837866	delta=-23552
round_start	7
+ python3 vm_executable_gap_retdec_probe.py --root . --section .text --chunk-bytes 0x200 --min-chunk-bytes 0x80 --max-split-candidates 64 --max-gap-chunks 5 --max-candidates 192 --max-accepted 8 --probe-jobs 8 --timeout 30 --reject-cache dumps/vmtail-wide-1m-w16/vm_executable_gap_retdec_reject_cache.tsv
try	0x3d9bb9-0x3d9db9	ok
try	0x3d95b9-0x3d97b9	reject
split	0x3d95b9-0x3d97b9	0x3d95b9-0x3d96b9
split	0x3d95b9-0x3d97b9	0x3d96b9-0x3d97b9
try	0x3d97b9-0x3d99b9	reject
split	0x3d97b9-0x3d99b9	0x3d97b9-0x3d98b9
split	0x3d97b9-0x3d99b9	0x3d98b9-0x3d99b9
try	0x3c17dd-0x3c19dd	ok
try	0x3c13dd-0x3c15dd	ok
try	0x3d93b9-0x3d95b9	ok
try	0x3d99b9-0x3d9bb9	ok
try	0x3c15dd-0x3c17dd	ok
try	0x3d96b9-0x3d97b9	reject
split	0x3d96b9-0x3d97b9	0x3d96b9-0x3d9739
split	0x3d96b9-0x3d97b9	0x3d9739-0x3d97b9
try	0x3d98b9-0x3d99b9	reject
split	0x3d98b9-0x3d99b9	0x3d98b9-0x3d9939
split	0x3d98b9-0x3d99b9	0x3d9939-0x3d99b9
try	0x3d95b9-0x3d96b9	ok
try	0x3d97b9-0x3d98b9	ok
wrote	native_gap_retdec_batch775.ranges	8
appended_reject_cache	dumps/vmtail-wide-1m-w16/vm_executable_gap_retdec_reject_cache.tsv	4
# elapsed 5.56s
created_batches	775
+ make -j 8 native-gap-retdec-batch775
make dumps/vmtail-wide-1m-w16/vm_native_gap_retdec_batch775.c
make[1]: Entering directory '/models/dev/sc-rev/eac/eacsym'
python3 vm_native_gap_retdec_batch.py --batch-index 775 --ranges-file native_gap_retdec_batch775.ranges > dumps/vmtail-wide-1m-w16/vm_native_gap_retdec_batch775.c
native_gap_retdec_batch=775
native_gap_retdec_selected_ranges=8
make[1]: Leaving directory '/models/dev/sc-rev/eac/eacsym'
# elapsed 1.78s
+ cc -std=c11 -fsyntax-only -w dumps/vmtail-wide-1m-w16/vm_native_gap_retdec_batch775.c
# elapsed 0.01s
+ make -s native-executable-coverage-audit native-retdec-gap-queue
# elapsed 1.64s
+ make -s uncovered-executable-gaps
uncovered_executable_gaps=2877 bytes=2834282
uncovered_executable_gaps=2877 bytes=2834282
uncovered_executable_gaps=2877 bytes=2834282
# elapsed 1.07s
coverage_delta
native_executable_coverage_range_rows	33277	33677	delta=+400
native_executable_coverage_gap_rows	2878	2882	delta=+4
native_executable_coverage_recovered_bytes	2789622	2816758	delta=+27136
native_executable_coverage_uncovered_bytes	2861418	2834282	delta=-27136
round_start	8
+ python3 vm_executable_gap_retdec_probe.py --root . --section .text --chunk-bytes 0x200 --min-chunk-bytes 0x80 --max-split-candidates 64 --max-gap-chunks 5 --max-candidates 192 --max-accepted 8 --probe-jobs 8 --timeout 30 --reject-cache dumps/vmtail-wide-1m-w16/vm_executable_gap_retdec_reject_cache.tsv
try	0x51dbc0-0x51ddc0	ok
try	0x5314ac-0x5316ac	ok
try	0x530eac-0x5310ac	ok
try	0x51d9c0-0x51dbc0	ok
try	0x51ddc0-0x51dfc0	ok
try	0x5312ac-0x5314ac	ok
try	0x5316ac-0x5318ac	ok
try	0x5310ac-0x5312ac	ok
wrote	native_gap_retdec_batch776.ranges	8
# elapsed 3.92s
created_batches	776
+ make -j 8 native-gap-retdec-batch776
make dumps/vmtail-wide-1m-w16/vm_native_gap_retdec_batch776.c
make[1]: Entering directory '/models/dev/sc-rev/eac/eacsym'
python3 vm_native_gap_retdec_batch.py --batch-index 776 --ranges-file native_gap_retdec_batch776.ranges > dumps/vmtail-wide-1m-w16/vm_native_gap_retdec_batch776.c
native_gap_retdec_batch=776
native_gap_retdec_selected_ranges=8
make[1]: Leaving directory '/models/dev/sc-rev/eac/eacsym'
# elapsed 1.83s
+ cc -std=c11 -fsyntax-only -w dumps/vmtail-wide-1m-w16/vm_native_gap_retdec_batch776.c
# elapsed 0.01s
+ make -s native-executable-coverage-audit native-retdec-gap-queue
# elapsed 1.62s
+ make -s uncovered-executable-gaps
uncovered_executable_gaps=2877 bytes=2830186
uncovered_executable_gaps=2877 bytes=2830186
uncovered_executable_gaps=2877 bytes=2830186
# elapsed 1.07s
coverage_delta
native_executable_coverage_range_rows	33277	33694	delta=+417
native_executable_coverage_gap_rows	2878	2882	delta=+4
native_executable_coverage_recovered_bytes	2789622	2820854	delta=+31232
native_executable_coverage_uncovered_bytes	2861418	2830186	delta=-31232
round_start	9
+ python3 vm_executable_gap_retdec_probe.py --root . --section .text --chunk-bytes 0x200 --min-chunk-bytes 0x80 --max-split-candidates 64 --max-gap-chunks 5 --max-candidates 192 --max-accepted 8 --probe-jobs 8 --timeout 30 --reject-cache dumps/vmtail-wide-1m-w16/vm_executable_gap_retdec_reject_cache.tsv
try	0x2668c2-0x266ac2	ok
try	0x2660c2-0x2662c2	ok
try	0x3993b1-0x3995b1	ok
try	0x2664c2-0x2666c2	ok
try	0x3995b1-0x3997b1	ok
try	0x2662c2-0x2664c2	ok
try	0x3997b1-0x3999b1	ok
try	0x2666c2-0x2668c2	ok
wrote	native_gap_retdec_batch777.ranges	8
# elapsed 4.10s
created_batches	777
+ make -j 8 native-gap-retdec-batch777
make dumps/vmtail-wide-1m-w16/vm_native_gap_retdec_batch777.c
make[1]: Entering directory '/models/dev/sc-rev/eac/eacsym'
python3 vm_native_gap_retdec_batch.py --batch-index 777 --ranges-file native_gap_retdec_batch777.ranges > dumps/vmtail-wide-1m-w16/vm_native_gap_retdec_batch777.c
native_gap_retdec_batch=777
native_gap_retdec_selected_ranges=8
make[1]: Leaving directory '/models/dev/sc-rev/eac/eacsym'
# elapsed 1.75s
+ cc -std=c11 -fsyntax-only -w dumps/vmtail-wide-1m-w16/vm_native_gap_retdec_batch777.c
# elapsed 0.01s
+ make -s native-executable-coverage-audit native-retdec-gap-queue
# elapsed 1.67s
+ make -s uncovered-executable-gaps
uncovered_executable_gaps=2877 bytes=2826090
uncovered_executable_gaps=2877 bytes=2826090
uncovered_executable_gaps=2877 bytes=2826090
# elapsed 1.09s
coverage_delta
native_executable_coverage_range_rows	33277	33725	delta=+448
native_executable_coverage_gap_rows	2878	2882	delta=+4
native_executable_coverage_recovered_bytes	2789622	2824950	delta=+35328
native_executable_coverage_uncovered_bytes	2861418	2826090	delta=-35328
round_start	10
+ python3 vm_executable_gap_retdec_probe.py --root . --section .text --chunk-bytes 0x200 --min-chunk-bytes 0x80 --max-split-candidates 64 --max-gap-chunks 5 --max-candidates 192 --max-accepted 8 --probe-jobs 8 --timeout 30 --reject-cache dumps/vmtail-wide-1m-w16/vm_executable_gap_retdec_reject_cache.tsv
try	0x244818-0x244a18	ok
try	0x244018-0x244218	ok
try	0x244618-0x244818	ok
try	0x244418-0x244618	ok
try	0x360bbe-0x360dbe	ok
try	0x244218-0x244418	ok
try	0x3609be-0x360bbe	ok
try	0x360dbe-0x360fbe	ok
wrote	native_gap_retdec_batch778.ranges	8
# elapsed 3.99s
created_batches	778
+ make -j 8 native-gap-retdec-batch778
make dumps/vmtail-wide-1m-w16/vm_native_gap_retdec_batch778.c
make[1]: Entering directory '/models/dev/sc-rev/eac/eacsym'
python3 vm_native_gap_retdec_batch.py --batch-index 778 --ranges-file native_gap_retdec_batch778.ranges > dumps/vmtail-wide-1m-w16/vm_native_gap_retdec_batch778.c
native_gap_retdec_batch=778
native_gap_retdec_selected_ranges=8
make[1]: Leaving directory '/models/dev/sc-rev/eac/eacsym'
# elapsed 1.73s
+ cc -std=c11 -fsyntax-only -w dumps/vmtail-wide-1m-w16/vm_native_gap_retdec_batch778.c
# elapsed 0.01s
+ make -s native-executable-coverage-audit native-retdec-gap-queue
# elapsed 1.64s
+ make -s uncovered-executable-gaps
uncovered_executable_gaps=2877 bytes=2821994
uncovered_executable_gaps=2877 bytes=2821994
uncovered_executable_gaps=2877 bytes=2821994
# elapsed 1.07s
coverage_delta
native_executable_coverage_range_rows	33277	33767	delta=+490
native_executable_coverage_gap_rows	2878	2882	delta=+4
native_executable_coverage_recovered_bytes	2789622	2829046	delta=+39424
native_executable_coverage_uncovered_bytes	2861418	2821994	delta=-39424
round_start	11
+ python3 vm_executable_gap_retdec_probe.py --root . --section .text --chunk-bytes 0x200 --min-chunk-bytes 0x80 --max-split-candidates 64 --max-gap-chunks 5 --max-candidates 192 --max-accepted 8 --probe-jobs 8 --timeout 30 --reject-cache dumps/vmtail-wide-1m-w16/vm_executable_gap_retdec_reject_cache.tsv
try	0x4e55f9-0x4e57f9	reject
split	0x4e55f9-0x4e57f9	0x4e55f9-0x4e56f9
split	0x4e55f9-0x4e57f9	0x4e56f9-0x4e57f9
try	0x4e5bf9-0x4e5df9	reject
split	0x4e5bf9-0x4e5df9	0x4e5bf9-0x4e5cf9
split	0x4e5bf9-0x4e5df9	0x4e5cf9-0x4e5df9
try	0x332223-0x332423	reject
split	0x332223-0x332423	0x332223-0x332323
split	0x332223-0x332423	0x332323-0x332423
try	0x332023-0x332223	reject
split	0x332023-0x332223	0x332023-0x332123
split	0x332023-0x332223	0x332123-0x332223
try	0x4e53f9-0x4e55f9	reject
split	0x4e53f9-0x4e55f9	0x4e53f9-0x4e54f9
split	0x4e53f9-0x4e55f9	0x4e54f9-0x4e55f9
try	0x4e57f9-0x4e59f9	ok
try	0x331e23-0x332023	ok
try	0x4e59f9-0x4e5bf9	reject
split	0x4e59f9-0x4e5bf9	0x4e59f9-0x4e5af9
split	0x4e59f9-0x4e5bf9	0x4e5af9-0x4e5bf9
try	0x4e5cf9-0x4e5df9	reject
split	0x4e5cf9-0x4e5df9	0x4e5cf9-0x4e5d79
split	0x4e5cf9-0x4e5df9	0x4e5d79-0x4e5df9
try	0x4e56f9-0x4e57f9	reject
split	0x4e56f9-0x4e57f9	0x4e56f9-0x4e5779
split	0x4e56f9-0x4e57f9	0x4e5779-0x4e57f9
try	0x332323-0x332423	ok
try	0x4e54f9-0x4e55f9	reject
split	0x4e54f9-0x4e55f9	0x4e54f9-0x4e5579
split	0x4e54f9-0x4e55f9	0x4e5579-0x4e55f9
try	0x332023-0x332123	reject
split	0x332023-0x332123	0x332023-0x3320a3
split	0x332023-0x332123	0x3320a3-0x332123
try	0x332123-0x332223	ok
try	0x4e5af9-0x4e5bf9	reject
split	0x4e5af9-0x4e5bf9	0x4e5af9-0x4e5b79
split	0x4e5af9-0x4e5bf9	0x4e5b79-0x4e5bf9
try	0x4e53f9-0x4e54f9	reject
split	0x4e53f9-0x4e54f9	0x4e53f9-0x4e5479
split	0x4e53f9-0x4e54f9	0x4e5479-0x4e54f9
try	0x4e5d79-0x4e5df9	reject
try	0x4e5779-0x4e57f9	reject
try	0x4e56f9-0x4e5779	reject
try	0x4e5579-0x4e55f9	reject
try	0x3320a3-0x332123	ok
try	0x332023-0x3320a3	reject
try	0x4e5b79-0x4e5bf9	reject
try	0x4e5479-0x4e54f9	ok
try	0x4e53f9-0x4e5479	reject
try	0x4e5cf9-0x4e5d79	reject
try	0x4e5af9-0x4e5b79	reject
try	0x4e59f9-0x4e5af9	reject
split	0x4e59f9-0x4e5af9	0x4e59f9-0x4e5a79
split	0x4e59f9-0x4e5af9	0x4e5a79-0x4e5af9
try	0x332223-0x332323	reject
split	0x332223-0x332323	0x332223-0x3322a3
split	0x332223-0x332323	0x3322a3-0x332323
try	0x4e54f9-0x4e5579	reject
try	0x4e5bf9-0x4e5cf9	reject
split	0x4e5bf9-0x4e5cf9	0x4e5bf9-0x4e5c79
split	0x4e5bf9-0x4e5cf9	0x4e5c79-0x4e5cf9
try	0x4e55f9-0x4e56f9	reject
split	0x4e55f9-0x4e56f9	0x4e55f9-0x4e5679
split	0x4e55f9-0x4e56f9	0x4e5679-0x4e56f9
try	0x332423-0x332623	ok
try	0x332623-0x332823	ok
wrote	native_gap_retdec_batch779.ranges	8
appended_reject_cache	dumps/vmtail-wide-1m-w16/vm_executable_gap_retdec_reject_cache.tsv	26
# elapsed 10.85s
created_batches	779
+ make -j 8 native-gap-retdec-batch779
make dumps/vmtail-wide-1m-w16/vm_native_gap_retdec_batch779.c
make[1]: Entering directory '/models/dev/sc-rev/eac/eacsym'
python3 vm_native_gap_retdec_batch.py --batch-index 779 --ranges-file native_gap_retdec_batch779.ranges > dumps/vmtail-wide-1m-w16/vm_native_gap_retdec_batch779.c
native_gap_retdec_batch=779
native_gap_retdec_selected_ranges=8
make[1]: Leaving directory '/models/dev/sc-rev/eac/eacsym'
# elapsed 1.75s
+ cc -std=c11 -fsyntax-only -w dumps/vmtail-wide-1m-w16/vm_native_gap_retdec_batch779.c
# elapsed 0.01s
+ make -s native-executable-coverage-audit native-retdec-gap-queue
# elapsed 1.65s
+ make -s uncovered-executable-gaps
uncovered_executable_gaps=2881 bytes=2819178
uncovered_executable_gaps=2881 bytes=2819178
uncovered_executable_gaps=2881 bytes=2819178
# elapsed 1.10s
coverage_delta
native_executable_coverage_range_rows	33277	33836	delta=+559
native_executable_coverage_gap_rows	2878	2886	delta=+8
native_executable_coverage_recovered_bytes	2789622	2831862	delta=+42240
native_executable_coverage_uncovered_bytes	2861418	2819178	delta=-42240
round_start	12
+ python3 vm_executable_gap_retdec_probe.py --root . --section .text --chunk-bytes 0x200 --min-chunk-bytes 0x80 --max-split-candidates 64 --max-gap-chunks 5 --max-candidates 192 --max-accepted 8 --probe-jobs 8 --timeout 30 --reject-cache dumps/vmtail-wide-1m-w16/vm_executable_gap_retdec_reject_cache.tsv
try	0x3ae015-0x3ae215	ok
try	0x424e1f-0x42501f	reject
split	0x424e1f-0x42501f	0x424e1f-0x424f1f
split	0x424e1f-0x42501f	0x424f1f-0x42501f
try	0x3ae215-0x3ae415	ok
try	0x424c1f-0x424e1f	ok
try	0x424a1f-0x424c1f	ok
try	0x3ade15-0x3ae015	ok
try	0x42481f-0x424a1f	ok
try	0x42461f-0x42481f	reject
split	0x42461f-0x42481f	0x42461f-0x42471f
split	0x42461f-0x42481f	0x42471f-0x42481f
try	0x3ae415-0x3ae615	ok
try	0x424e1f-0x424f1f	reject
split	0x424e1f-0x424f1f	0x424e1f-0x424e9f
split	0x424e1f-0x424f1f	0x424e9f-0x424f1f
try	0x424f1f-0x42501f	ok
wrote	native_gap_retdec_batch780.ranges	8
appended_reject_cache	dumps/vmtail-wide-1m-w16/vm_executable_gap_retdec_reject_cache.tsv	3
# elapsed 5.47s
created_batches	780
+ make -j 8 native-gap-retdec-batch780
make dumps/vmtail-wide-1m-w16/vm_native_gap_retdec_batch780.c
make[1]: Entering directory '/models/dev/sc-rev/eac/eacsym'
python3 vm_native_gap_retdec_batch.py --batch-index 780 --ranges-file native_gap_retdec_batch780.ranges > dumps/vmtail-wide-1m-w16/vm_native_gap_retdec_batch780.c
native_gap_retdec_batch=780
native_gap_retdec_selected_ranges=8
make[1]: Leaving directory '/models/dev/sc-rev/eac/eacsym'
# elapsed 1.75s
+ cc -std=c11 -fsyntax-only -w dumps/vmtail-wide-1m-w16/vm_native_gap_retdec_batch780.c
# elapsed 0.01s
+ make -s native-executable-coverage-audit native-retdec-gap-queue
# elapsed 1.64s
+ make -s uncovered-executable-gaps
uncovered_executable_gaps=2883 bytes=2815338
uncovered_executable_gaps=2883 bytes=2815338
uncovered_executable_gaps=2883 bytes=2815338
# elapsed 1.09s
coverage_delta
native_executable_coverage_range_rows	33277	33891	delta=+614
native_executable_coverage_gap_rows	2878	2888	delta=+10
native_executable_coverage_recovered_bytes	2789622	2835702	delta=+46080
native_executable_coverage_uncovered_bytes	2861418	2815338	delta=-46080
round_start	13
+ python3 vm_executable_gap_retdec_probe.py --root . --section .text --chunk-bytes 0x200 --min-chunk-bytes 0x80 --max-split-candidates 64 --max-gap-chunks 5 --max-candidates 192 --max-accepted 8 --probe-jobs 8 --timeout 30 --reject-cache dumps/vmtail-wide-1m-w16/vm_executable_gap_retdec_reject_cache.tsv
try	0x2ba1a9-0x2ba3a9	ok
try	0x2d3869-0x2d3a69	ok
try	0x2d4069-0x2d4269	ok
try	0x2d3e69-0x2d4069	ok
try	0x2ba3a9-0x2ba5a9	ok
try	0x2b9fa9-0x2ba1a9	ok
try	0x2d3c69-0x2d3e69	reject
split	0x2d3c69-0x2d3e69	0x2d3c69-0x2d3d69
split	0x2d3c69-0x2d3e69	0x2d3d69-0x2d3e69
try	0x2d3a69-0x2d3c69	ok
try	0x2ba7a9-0x2ba9a9	reject
split	0x2ba7a9-0x2ba9a9	0x2ba7a9-0x2ba8a9
split	0x2ba7a9-0x2ba9a9	0x2ba8a9-0x2ba9a9
try	0x2ba5a9-0x2ba7a9	ok
wrote	native_gap_retdec_batch781.ranges	8
appended_reject_cache	dumps/vmtail-wide-1m-w16/vm_executable_gap_retdec_reject_cache.tsv	2
# elapsed 5.41s
created_batches	781
+ make -j 8 native-gap-retdec-batch781
make dumps/vmtail-wide-1m-w16/vm_native_gap_retdec_batch781.c
make[1]: Entering directory '/models/dev/sc-rev/eac/eacsym'
python3 vm_native_gap_retdec_batch.py --batch-index 781 --ranges-file native_gap_retdec_batch781.ranges > dumps/vmtail-wide-1m-w16/vm_native_gap_retdec_batch781.c
native_gap_retdec_batch=781
native_gap_retdec_selected_ranges=8
make[1]: Leaving directory '/models/dev/sc-rev/eac/eacsym'
# elapsed 1.73s
+ cc -std=c11 -fsyntax-only -w dumps/vmtail-wide-1m-w16/vm_native_gap_retdec_batch781.c
# elapsed 0.01s
+ make -s native-executable-coverage-audit native-retdec-gap-queue
# elapsed 1.65s
+ make -s uncovered-executable-gaps
uncovered_executable_gaps=2884 bytes=2811242
uncovered_executable_gaps=2884 bytes=2811242
uncovered_executable_gaps=2884 bytes=2811242
# elapsed 1.08s
coverage_delta
native_executable_coverage_range_rows	33277	33957	delta=+680
native_executable_coverage_gap_rows	2878	2889	delta=+11
native_executable_coverage_recovered_bytes	2789622	2839798	delta=+50176
native_executable_coverage_uncovered_bytes	2861418	2811242	delta=-50176
round_start	14
+ python3 vm_executable_gap_retdec_probe.py --root . --section .text --chunk-bytes 0x200 --min-chunk-bytes 0x80 --max-split-candidates 64 --max-gap-chunks 5 --max-candidates 192 --max-accepted 8 --probe-jobs 8 --timeout 30 --reject-cache dumps/vmtail-wide-1m-w16/vm_executable_gap_retdec_reject_cache.tsv
try	0x2bf200-0x2bf400	reject
split	0x2bf200-0x2bf400	0x2bf200-0x2bf300
split	0x2bf200-0x2bf400	0x2bf300-0x2bf400
try	0x2bf400-0x2bf600	ok
try	0x467e34-0x468034	ok
try	0x2bee00-0x2bf000	ok
try	0x2bf000-0x2bf200	reject
split	0x2bf000-0x2bf200	0x2bf000-0x2bf100
split	0x2bf000-0x2bf200	0x2bf100-0x2bf200
try	0x468034-0x468234	ok
try	0x2bf600-0x2bf800	ok
try	0x468234-0x468434	ok
try	0x468434-0x468634	ok
try	0x2bf300-0x2bf400	reject
split	0x2bf300-0x2bf400	0x2bf300-0x2bf380
split	0x2bf300-0x2bf400	0x2bf380-0x2bf400
try	0x2bf200-0x2bf300	ok
wrote	native_gap_retdec_batch782.ranges	8
appended_reject_cache	dumps/vmtail-wide-1m-w16/vm_executable_gap_retdec_reject_cache.tsv	3
# elapsed 5.45s
created_batches	782
+ make -j 8 native-gap-retdec-batch782
make dumps/vmtail-wide-1m-w16/vm_native_gap_retdec_batch782.c
make[1]: Entering directory '/models/dev/sc-rev/eac/eacsym'
python3 vm_native_gap_retdec_batch.py --batch-index 782 --ranges-file native_gap_retdec_batch782.ranges > dumps/vmtail-wide-1m-w16/vm_native_gap_retdec_batch782.c
native_gap_retdec_batch=782
native_gap_retdec_selected_ranges=8
make[1]: Leaving directory '/models/dev/sc-rev/eac/eacsym'
# elapsed 1.89s
+ cc -std=c11 -fsyntax-only -w dumps/vmtail-wide-1m-w16/vm_native_gap_retdec_batch782.c
# elapsed 0.01s
+ make -s native-executable-coverage-audit native-retdec-gap-queue
# elapsed 1.65s
+ make -s uncovered-executable-gaps
uncovered_executable_gaps=2886 bytes=2807402
uncovered_executable_gaps=2886 bytes=2807402
uncovered_executable_gaps=2886 bytes=2807402
# elapsed 1.08s
coverage_delta
native_executable_coverage_range_rows	33277	34024	delta=+747
native_executable_coverage_gap_rows	2878	2891	delta=+13
native_executable_coverage_recovered_bytes	2789622	2843638	delta=+54016
native_executable_coverage_uncovered_bytes	2861418	2807402	delta=-54016
round_start	15
+ python3 vm_executable_gap_retdec_probe.py --root . --section .text --chunk-bytes 0x200 --min-chunk-bytes 0x80 --max-split-candidates 64 --max-gap-chunks 5 --max-candidates 192 --max-accepted 8 --probe-jobs 8 --timeout 30 --reject-cache dumps/vmtail-wide-1m-w16/vm_executable_gap_retdec_reject_cache.tsv
try	0x1cd001-0x1cd201	ok
try	0x370b1b-0x370d1b	ok
try	0x1cd201-0x1cd401	ok
try	0x1ccc01-0x1cce01	ok
try	0x37071b-0x37091b	ok
try	0x1cd401-0x1cd601	ok
try	0x37091b-0x370b1b	ok
try	0x1cce01-0x1cd001	ok
wrote	native_gap_retdec_batch783.ranges	8
# elapsed 4.04s
created_batches	783
+ make -j 8 native-gap-retdec-batch783
make dumps/vmtail-wide-1m-w16/vm_native_gap_retdec_batch783.c
make[1]: Entering directory '/models/dev/sc-rev/eac/eacsym'
python3 vm_native_gap_retdec_batch.py --batch-index 783 --ranges-file native_gap_retdec_batch783.ranges > dumps/vmtail-wide-1m-w16/vm_native_gap_retdec_batch783.c
native_gap_retdec_batch=783
native_gap_retdec_selected_ranges=8
make[1]: Leaving directory '/models/dev/sc-rev/eac/eacsym'
# elapsed 1.90s
+ cc -std=c11 -fsyntax-only -w dumps/vmtail-wide-1m-w16/vm_native_gap_retdec_batch783.c
# elapsed 0.01s
+ make -s native-executable-coverage-audit native-retdec-gap-queue
# elapsed 1.64s
+ make -s uncovered-executable-gaps
uncovered_executable_gaps=2886 bytes=2803306
uncovered_executable_gaps=2886 bytes=2803306
uncovered_executable_gaps=2886 bytes=2803306
# elapsed 1.07s
coverage_delta
native_executable_coverage_range_rows	33277	34066	delta=+789
native_executable_coverage_gap_rows	2878	2891	delta=+13
native_executable_coverage_recovered_bytes	2789622	2847734	delta=+58112
native_executable_coverage_uncovered_bytes	2861418	2803306	delta=-58112
round_start	16
+ python3 vm_executable_gap_retdec_probe.py --root . --section .text --chunk-bytes 0x200 --min-chunk-bytes 0x80 --max-split-candidates 64 --max-gap-chunks 5 --max-candidates 192 --max-accepted 8 --probe-jobs 8 --timeout 30 --reject-cache dumps/vmtail-wide-1m-w16/vm_executable_gap_retdec_reject_cache.tsv
try	0x1c7b55-0x1c7d55	ok
try	0x4e09f9-0x4e0bf9	reject
split	0x4e09f9-0x4e0bf9	0x4e09f9-0x4e0af9
split	0x4e09f9-0x4e0bf9	0x4e0af9-0x4e0bf9
try	0x1c7d55-0x1c7f55	ok
try	0x4e0bf9-0x4e0df9	reject
split	0x4e0bf9-0x4e0df9	0x4e0bf9-0x4e0cf9
split	0x4e0bf9-0x4e0df9	0x4e0cf9-0x4e0df9
try	0x4e07f9-0x4e09f9	reject
split	0x4e07f9-0x4e09f9	0x4e07f9-0x4e08f9
split	0x4e07f9-0x4e09f9	0x4e08f9-0x4e09f9
try	0x1c7955-0x1c7b55	reject
split	0x1c7955-0x1c7b55	0x1c7955-0x1c7a55
split	0x1c7955-0x1c7b55	0x1c7a55-0x1c7b55
try	0x4e03f9-0x4e05f9	reject
split	0x4e03f9-0x4e05f9	0x4e03f9-0x4e04f9
split	0x4e03f9-0x4e05f9	0x4e04f9-0x4e05f9
try	0x4e05f9-0x4e07f9	reject
split	0x4e05f9-0x4e07f9	0x4e05f9-0x4e06f9
split	0x4e05f9-0x4e07f9	0x4e06f9-0x4e07f9
try	0x4e09f9-0x4e0af9	reject
split	0x4e09f9-0x4e0af9	0x4e09f9-0x4e0a79
split	0x4e09f9-0x4e0af9	0x4e0a79-0x4e0af9
try	0x4e0af9-0x4e0bf9	reject
split	0x4e0af9-0x4e0bf9	0x4e0af9-0x4e0b79
split	0x4e0af9-0x4e0bf9	0x4e0b79-0x4e0bf9
try	0x1c7f55-0x1c8155	ok
try	0x1c7a55-0x1c7b55	ok
try	0x4e04f9-0x4e05f9	reject
split	0x4e04f9-0x4e05f9	0x4e04f9-0x4e0579
split	0x4e04f9-0x4e05f9	0x4e0579-0x4e05f9
try	0x4e08f9-0x4e09f9	reject
split	0x4e08f9-0x4e09f9	0x4e08f9-0x4e0979
split	0x4e08f9-0x4e09f9	0x4e0979-0x4e09f9
try	0x4e0cf9-0x4e0df9	reject
split	0x4e0cf9-0x4e0df9	0x4e0cf9-0x4e0d79
split	0x4e0cf9-0x4e0df9	0x4e0d79-0x4e0df9
try	0x4e06f9-0x4e07f9	reject
split	0x4e06f9-0x4e07f9	0x4e06f9-0x4e0779
split	0x4e06f9-0x4e07f9	0x4e0779-0x4e07f9
try	0x4e0af9-0x4e0b79	reject
try	0x4e0a79-0x4e0af9	reject
try	0x4e09f9-0x4e0a79	reject
try	0x4e0979-0x4e09f9	reject
try	0x4e0579-0x4e05f9	reject
try	0x4e0b79-0x4e0bf9	reject
try	0x4e0d79-0x4e0df9	reject
try	0x4e0779-0x4e07f9	ok
try	0x4e06f9-0x4e0779	reject
try	0x4e0cf9-0x4e0d79	reject
try	0x4e05f9-0x4e06f9	reject
split	0x4e05f9-0x4e06f9	0x4e05f9-0x4e0679
split	0x4e05f9-0x4e06f9	0x4e0679-0x4e06f9
try	0x1c7955-0x1c7a55	reject
split	0x1c7955-0x1c7a55	0x1c7955-0x1c79d5
split	0x1c7955-0x1c7a55	0x1c79d5-0x1c7a55
try	0x4e03f9-0x4e04f9	reject
split	0x4e03f9-0x4e04f9	0x4e03f9-0x4e0479
split	0x4e03f9-0x4e04f9	0x4e0479-0x4e04f9
try	0x4e08f9-0x4e0979	reject
try	0x4e04f9-0x4e0579	reject
try	0x4e07f9-0x4e08f9	reject
split	0x4e07f9-0x4e08f9	0x4e07f9-0x4e0879
split	0x4e07f9-0x4e08f9	0x4e0879-0x4e08f9
try	0x4e0679-0x4e06f9	reject
try	0x4e0bf9-0x4e0cf9	reject
split	0x4e0bf9-0x4e0cf9	0x4e0bf9-0x4e0c79
split	0x4e0bf9-0x4e0cf9	0x4e0c79-0x4e0cf9
try	0x1c8155-0x1c8355	ok
try	0x1c79d5-0x1c7a55	reject
try	0x4e0479-0x4e04f9	reject
try	0x4e0879-0x4e08f9	reject
try	0x1c7955-0x1c79d5	ok
try	0x4e03f9-0x4e0479	reject
try	0x4e0bf9-0x4e0c79	reject
try	0x4e05f9-0x4e0679	ok
wrote	native_gap_retdec_batch784.ranges	8
appended_reject_cache	dumps/vmtail-wide-1m-w16/vm_executable_gap_retdec_reject_cache.tsv	34
# elapsed 12.92s
created_batches	784
+ make -j 8 native-gap-retdec-batch784
make dumps/vmtail-wide-1m-w16/vm_native_gap_retdec_batch784.c
make[1]: Entering directory '/models/dev/sc-rev/eac/eacsym'
python3 vm_native_gap_retdec_batch.py --batch-index 784 --ranges-file native_gap_retdec_batch784.ranges > dumps/vmtail-wide-1m-w16/vm_native_gap_retdec_batch784.c
native_gap_retdec_batch=784
native_gap_retdec_selected_ranges=8
make[1]: Leaving directory '/models/dev/sc-rev/eac/eacsym'
# elapsed 1.71s
+ cc -std=c11 -fsyntax-only -w dumps/vmtail-wide-1m-w16/vm_native_gap_retdec_batch784.c
# elapsed 0.01s
+ make -s native-executable-coverage-audit native-retdec-gap-queue
# elapsed 1.67s
+ make -s uncovered-executable-gaps
uncovered_executable_gaps=2889 bytes=2800618
uncovered_executable_gaps=2889 bytes=2800618
uncovered_executable_gaps=2889 bytes=2800618
# elapsed 1.08s
coverage_delta
native_executable_coverage_range_rows	33277	34094	delta=+817
native_executable_coverage_gap_rows	2878	2894	delta=+16
native_executable_coverage_recovered_bytes	2789622	2850422	delta=+60800
native_executable_coverage_uncovered_bytes	2861418	2800618	delta=-60800
round_start	17
+ python3 vm_executable_gap_retdec_probe.py --root . --section .text --chunk-bytes 0x200 --min-chunk-bytes 0x80 --max-split-candidates 64 --max-gap-chunks 5 --max-candidates 192 --max-accepted 8 --probe-jobs 8 --timeout 30 --reject-cache dumps/vmtail-wide-1m-w16/vm_executable_gap_retdec_reject_cache.tsv
try	0x2ce907-0x2ceb07	ok
try	0x26ae24-0x26b024	ok
try	0x2ceb07-0x2ced07	ok
try	0x26ac24-0x26ae24	ok
try	0x26b024-0x26b224	ok
try	0x26a824-0x26aa24	ok
try	0x26aa24-0x26ac24	ok
try	0x2ce707-0x2ce907	ok
wrote	native_gap_retdec_batch785.ranges	8
# elapsed 4.02s
created_batches	785
+ make -j 8 native-gap-retdec-batch785
make dumps/vmtail-wide-1m-w16/vm_native_gap_retdec_batch785.c
make[1]: Entering directory '/models/dev/sc-rev/eac/eacsym'
python3 vm_native_gap_retdec_batch.py --batch-index 785 --ranges-file native_gap_retdec_batch785.ranges > dumps/vmtail-wide-1m-w16/vm_native_gap_retdec_batch785.c
native_gap_retdec_batch=785
native_gap_retdec_selected_ranges=8
make[1]: Leaving directory '/models/dev/sc-rev/eac/eacsym'
# elapsed 1.81s
+ cc -std=c11 -fsyntax-only -w dumps/vmtail-wide-1m-w16/vm_native_gap_retdec_batch785.c
# elapsed 0.02s
+ make -s native-executable-coverage-audit native-retdec-gap-queue
# elapsed 1.66s
+ make -s uncovered-executable-gaps
uncovered_executable_gaps=2889 bytes=2796522
uncovered_executable_gaps=2889 bytes=2796522
uncovered_executable_gaps=2889 bytes=2796522
# elapsed 1.08s
coverage_delta
native_executable_coverage_range_rows	33277	34163	delta=+886
native_executable_coverage_gap_rows	2878	2894	delta=+16
native_executable_coverage_recovered_bytes	2789622	2854518	delta=+64896
native_executable_coverage_uncovered_bytes	2861418	2796522	delta=-64896
round_start	18
+ python3 vm_executable_gap_retdec_probe.py --root . --section .text --chunk-bytes 0x200 --min-chunk-bytes 0x80 --max-split-candidates 64 --max-gap-chunks 5 --max-candidates 192 --max-accepted 8 --probe-jobs 8 --timeout 30 --reject-cache dumps/vmtail-wide-1m-w16/vm_executable_gap_retdec_reject_cache.tsv
try	0x115bbf-0x115dbf	ok
try	0x1157bf-0x1159bf	ok
try	0x2b5975-0x2b5b75	ok
try	0x1155bf-0x1157bf	ok
try	0x1159bf-0x115bbf	ok
try	0x2b5d75-0x2b5f75	ok
try	0x115dbf-0x115fbf	ok
try	0x2b5b75-0x2b5d75	ok
wrote	native_gap_retdec_batch786.ranges	8
# elapsed 4.09s
created_batches	786
+ make -j 8 native-gap-retdec-batch786
make dumps/vmtail-wide-1m-w16/vm_native_gap_retdec_batch786.c
make[1]: Entering directory '/models/dev/sc-rev/eac/eacsym'
python3 vm_native_gap_retdec_batch.py --batch-index 786 --ranges-file native_gap_retdec_batch786.ranges > dumps/vmtail-wide-1m-w16/vm_native_gap_retdec_batch786.c
native_gap_retdec_batch=786
native_gap_retdec_selected_ranges=8
make[1]: Leaving directory '/models/dev/sc-rev/eac/eacsym'
# elapsed 1.89s
+ cc -std=c11 -fsyntax-only -w dumps/vmtail-wide-1m-w16/vm_native_gap_retdec_batch786.c
# elapsed 0.01s
+ make -s native-executable-coverage-audit native-retdec-gap-queue
# elapsed 1.64s
+ make -s uncovered-executable-gaps
uncovered_executable_gaps=2889 bytes=2792426
uncovered_executable_gaps=2889 bytes=2792426
uncovered_executable_gaps=2889 bytes=2792426
# elapsed 1.08s
coverage_delta
native_executable_coverage_range_rows	33277	34212	delta=+935
native_executable_coverage_gap_rows	2878	2894	delta=+16
native_executable_coverage_recovered_bytes	2789622	2858614	delta=+68992
native_executable_coverage_uncovered_bytes	2861418	2792426	delta=-68992
round_start	19
+ python3 vm_executable_gap_retdec_probe.py --root . --section .text --chunk-bytes 0x200 --min-chunk-bytes 0x80 --max-split-candidates 64 --max-gap-chunks 5 --max-candidates 192 --max-accepted 8 --probe-jobs 8 --timeout 30 --reject-cache dumps/vmtail-wide-1m-w16/vm_executable_gap_retdec_reject_cache.tsv
try	0x1bc7ce-0x1bc9ce	ok
try	0x213c33-0x213e33	ok
try	0x1bc5ce-0x1bc7ce	ok
try	0x1bcbce-0x1bcdce	ok
try	0x1bcdce-0x1bcfce	ok
try	0x213e33-0x214033	ok
try	0x1bc9ce-0x1bcbce	ok
try	0x213a33-0x213c33	ok
wrote	native_gap_retdec_batch787.ranges	8
# elapsed 4.03s
created_batches	787
+ make -j 8 native-gap-retdec-batch787
make dumps/vmtail-wide-1m-w16/vm_native_gap_retdec_batch787.c
make[1]: Entering directory '/models/dev/sc-rev/eac/eacsym'
python3 vm_native_gap_retdec_batch.py --batch-index 787 --ranges-file native_gap_retdec_batch787.ranges > dumps/vmtail-wide-1m-w16/vm_native_gap_retdec_batch787.c
native_gap_retdec_batch=787
native_gap_retdec_selected_ranges=8
make[1]: Leaving directory '/models/dev/sc-rev/eac/eacsym'
# elapsed 1.85s
+ cc -std=c11 -fsyntax-only -w dumps/vmtail-wide-1m-w16/vm_native_gap_retdec_batch787.c
# elapsed 0.01s
+ make -s native-executable-coverage-audit native-retdec-gap-queue
# elapsed 1.66s
+ make -s uncovered-executable-gaps
uncovered_executable_gaps=2889 bytes=2788330
uncovered_executable_gaps=2889 bytes=2788330
uncovered_executable_gaps=2889 bytes=2788330
# elapsed 1.07s
coverage_delta
native_executable_coverage_range_rows	33277	34275	delta=+998
native_executable_coverage_gap_rows	2878	2894	delta=+16
native_executable_coverage_recovered_bytes	2789622	2862710	delta=+73088
native_executable_coverage_uncovered_bytes	2861418	2788330	delta=-73088
round_start	20
+ python3 vm_executable_gap_retdec_probe.py --root . --section .text --chunk-bytes 0x200 --min-chunk-bytes 0x80 --max-split-candidates 64 --max-gap-chunks 5 --max-candidates 192 --max-accepted 8 --probe-jobs 8 --timeout 30 --reject-cache dumps/vmtail-wide-1m-w16/vm_executable_gap_retdec_reject_cache.tsv
try	0x22d666-0x22d866	ok
try	0x3885a8-0x3887a8	ok
try	0x22d466-0x22d666	ok
try	0x22d266-0x22d466	ok
try	0x3883a8-0x3885a8	ok
try	0x3887a8-0x3889a8	ok
try	0x22d866-0x22da66	ok
try	0x22d066-0x22d266	ok
wrote	native_gap_retdec_batch788.ranges	8
# elapsed 4.16s
created_batches	788
+ make -j 8 native-gap-retdec-batch788
make dumps/vmtail-wide-1m-w16/vm_native_gap_retdec_batch788.c
make[1]: Entering directory '/models/dev/sc-rev/eac/eacsym'
python3 vm_native_gap_retdec_batch.py --batch-index 788 --ranges-file native_gap_retdec_batch788.ranges > dumps/vmtail-wide-1m-w16/vm_native_gap_retdec_batch788.c
native_gap_retdec_batch=788
native_gap_retdec_selected_ranges=8
make[1]: Leaving directory '/models/dev/sc-rev/eac/eacsym'
# elapsed 1.68s
+ cc -std=c11 -fsyntax-only -w dumps/vmtail-wide-1m-w16/vm_native_gap_retdec_batch788.c
# elapsed 0.01s
+ make -s native-executable-coverage-audit native-retdec-gap-queue
# elapsed 1.73s
+ make -s uncovered-executable-gaps
uncovered_executable_gaps=2889 bytes=2784234
uncovered_executable_gaps=2889 bytes=2784234
uncovered_executable_gaps=2889 bytes=2784234
# elapsed 1.09s
coverage_delta
native_executable_coverage_range_rows	33277	34303	delta=+1026
native_executable_coverage_gap_rows	2878	2894	delta=+16
native_executable_coverage_recovered_bytes	2789622	2866806	delta=+77184
native_executable_coverage_uncovered_bytes	2861418	2784234	delta=-77184
round_start	21
+ python3 vm_executable_gap_retdec_probe.py --root . --section .text --chunk-bytes 0x200 --min-chunk-bytes 0x80 --max-split-candidates 64 --max-gap-chunks 5 --max-candidates 192 --max-accepted 8 --probe-jobs 8 --timeout 30 --reject-cache dumps/vmtail-wide-1m-w16/vm_executable_gap_retdec_reject_cache.tsv
try	0x4535e3-0x4537e3	ok
try	0x4022d1-0x4024d1	reject
split	0x4022d1-0x4024d1	0x4022d1-0x4023d1
split	0x4022d1-0x4024d1	0x4023d1-0x4024d1
try	0x4024d1-0x4026d1	ok
try	0x4539e3-0x453be3	ok
try	0x4537e3-0x4539e3	ok
try	0x4026d1-0x4028d1	ok
try	0x4020d1-0x4022d1	ok
try	0x4028d1-0x402ad1	ok
try	0x4023d1-0x4024d1	ok
wrote	native_gap_retdec_batch789.ranges	8
appended_reject_cache	dumps/vmtail-wide-1m-w16/vm_executable_gap_retdec_reject_cache.tsv	1
# elapsed 4.73s
created_batches	789
+ make -j 8 native-gap-retdec-batch789
make dumps/vmtail-wide-1m-w16/vm_native_gap_retdec_batch789.c
make[1]: Entering directory '/models/dev/sc-rev/eac/eacsym'
python3 vm_native_gap_retdec_batch.py --batch-index 789 --ranges-file native_gap_retdec_batch789.ranges > dumps/vmtail-wide-1m-w16/vm_native_gap_retdec_batch789.c
native_gap_retdec_batch=789
native_gap_retdec_selected_ranges=8
make[1]: Leaving directory '/models/dev/sc-rev/eac/eacsym'
# elapsed 1.78s
+ cc -std=c11 -fsyntax-only -w dumps/vmtail-wide-1m-w16/vm_native_gap_retdec_batch789.c
# elapsed 0.01s
+ make -s native-executable-coverage-audit native-retdec-gap-queue
# elapsed 1.71s
+ make -s uncovered-executable-gaps
uncovered_executable_gaps=2890 bytes=2780394
uncovered_executable_gaps=2890 bytes=2780394
uncovered_executable_gaps=2890 bytes=2780394
# elapsed 1.08s
coverage_delta
native_executable_coverage_range_rows	33277	34365	delta=+1088
native_executable_coverage_gap_rows	2878	2895	delta=+17
native_executable_coverage_recovered_bytes	2789622	2870646	delta=+81024
native_executable_coverage_uncovered_bytes	2861418	2780394	delta=-81024
round_start	22
+ python3 vm_executable_gap_retdec_probe.py --root . --section .text --chunk-bytes 0x200 --min-chunk-bytes 0x80 --max-split-candidates 64 --max-gap-chunks 5 --max-candidates 192 --max-accepted 8 --probe-jobs 8 --timeout 30 --reject-cache dumps/vmtail-wide-1m-w16/vm_executable_gap_retdec_reject_cache.tsv
try	0x13ca68-0x13cc68	ok
try	0x13c268-0x13c468	ok
try	0x208d9e-0x208f9e	ok
try	0x208b9e-0x208d9e	ok
try	0x20899e-0x208b9e	ok
try	0x13c668-0x13c868	ok
try	0x13c468-0x13c668	ok
try	0x13c868-0x13ca68	ok
wrote	native_gap_retdec_batch790.ranges	8
# elapsed 4.17s
created_batches	790
+ make -j 8 native-gap-retdec-batch790
make dumps/vmtail-wide-1m-w16/vm_native_gap_retdec_batch790.c
make[1]: Entering directory '/models/dev/sc-rev/eac/eacsym'
python3 vm_native_gap_retdec_batch.py --batch-index 790 --ranges-file native_gap_retdec_batch790.ranges > dumps/vmtail-wide-1m-w16/vm_native_gap_retdec_batch790.c
native_gap_retdec_batch=790
native_gap_retdec_selected_ranges=8
make[1]: Leaving directory '/models/dev/sc-rev/eac/eacsym'
# elapsed 1.92s
+ cc -std=c11 -fsyntax-only -w dumps/vmtail-wide-1m-w16/vm_native_gap_retdec_batch790.c
# elapsed 0.02s
+ make -s native-executable-coverage-audit native-retdec-gap-queue
# elapsed 1.69s
+ make -s uncovered-executable-gaps
uncovered_executable_gaps=2890 bytes=2776298
uncovered_executable_gaps=2890 bytes=2776298
uncovered_executable_gaps=2890 bytes=2776298
# elapsed 1.09s
coverage_delta
native_executable_coverage_range_rows	33277	34418	delta=+1141
native_executable_coverage_gap_rows	2878	2895	delta=+17
native_executable_coverage_recovered_bytes	2789622	2874742	delta=+85120
native_executable_coverage_uncovered_bytes	2861418	2776298	delta=-85120
round_start	23
+ python3 vm_executable_gap_retdec_probe.py --root . --section .text --chunk-bytes 0x200 --min-chunk-bytes 0x80 --max-split-candidates 64 --max-gap-chunks 5 --max-candidates 192 --max-accepted 8 --probe-jobs 8 --timeout 30 --reject-cache dumps/vmtail-wide-1m-w16/vm_executable_gap_retdec_reject_cache.tsv
try	0x177eaa-0x1780aa	ok
try	0x100fee-0x1011ee	ok
try	0x100bee-0x100dee	reject
split	0x100bee-0x100dee	0x100bee-0x100cee
split	0x100bee-0x100dee	0x100cee-0x100dee
try	0x1009ee-0x100bee	ok
try	0x177caa-0x177eaa	ok
try	0x1007ee-0x1009ee	reject
split	0x1007ee-0x1009ee	0x1007ee-0x1008ee
split	0x1007ee-0x1009ee	0x1008ee-0x1009ee
try	0x177aaa-0x177caa	ok
try	0x100dee-0x100fee	ok
try	0xdbbc7-0xdbdc7	ok
try	0x1780aa-0x1782aa	ok
wrote	native_gap_retdec_batch791.ranges	8
appended_reject_cache	dumps/vmtail-wide-1m-w16/vm_executable_gap_retdec_reject_cache.tsv	2
# elapsed 5.55s
created_batches	791
+ make -j 8 native-gap-retdec-batch791
make dumps/vmtail-wide-1m-w16/vm_native_gap_retdec_batch791.c
make[1]: Entering directory '/models/dev/sc-rev/eac/eacsym'
python3 vm_native_gap_retdec_batch.py --batch-index 791 --ranges-file native_gap_retdec_batch791.ranges > dumps/vmtail-wide-1m-w16/vm_native_gap_retdec_batch791.c
native_gap_retdec_batch=791
native_gap_retdec_selected_ranges=8
make[1]: Leaving directory '/models/dev/sc-rev/eac/eacsym'
# elapsed 1.79s
+ cc -std=c11 -fsyntax-only -w dumps/vmtail-wide-1m-w16/vm_native_gap_retdec_batch791.c
# elapsed 0.01s
+ make -s native-executable-coverage-audit native-retdec-gap-queue
# elapsed 1.66s
+ make -s uncovered-executable-gaps
uncovered_executable_gaps=2892 bytes=2772202
uncovered_executable_gaps=2892 bytes=2772202
uncovered_executable_gaps=2892 bytes=2772202
# elapsed 1.07s
coverage_delta
native_executable_coverage_range_rows	33277	34469	delta=+1192
native_executable_coverage_gap_rows	2878	2897	delta=+19
native_executable_coverage_recovered_bytes	2789622	2878838	delta=+89216
native_executable_coverage_uncovered_bytes	2861418	2772202	delta=-89216
round_start	24
+ python3 vm_executable_gap_retdec_probe.py --root . --section .text --chunk-bytes 0x200 --min-chunk-bytes 0x80 --max-split-candidates 64 --max-gap-chunks 5 --max-candidates 192 --max-accepted 8 --probe-jobs 8 --timeout 30 --reject-cache dumps/vmtail-wide-1m-w16/vm_executable_gap_retdec_reject_cache.tsv
try	0x38dea0-0x38e0a0	ok
try	0x38e0a0-0x38e2a0	ok
try	0x12c2dc-0x12c4dc	ok
try	0x12bcdc-0x12bedc	ok
try	0x12c4dc-0x12c6dc	ok
try	0x12c0dc-0x12c2dc	ok
try	0x38dca0-0x38dea0	ok
try	0x12bedc-0x12c0dc	ok
wrote	native_gap_retdec_batch792.ranges	8
# elapsed 4.08s
created_batches	792
+ make -j 8 native-gap-retdec-batch792
make dumps/vmtail-wide-1m-w16/vm_native_gap_retdec_batch792.c
make[1]: Entering directory '/models/dev/sc-rev/eac/eacsym'
python3 vm_native_gap_retdec_batch.py --batch-index 792 --ranges-file native_gap_retdec_batch792.ranges > dumps/vmtail-wide-1m-w16/vm_native_gap_retdec_batch792.c
native_gap_retdec_batch=792
native_gap_retdec_selected_ranges=8
make[1]: Leaving directory '/models/dev/sc-rev/eac/eacsym'
# elapsed 1.75s
+ cc -std=c11 -fsyntax-only -w dumps/vmtail-wide-1m-w16/vm_native_gap_retdec_batch792.c
# elapsed 0.02s
+ make -s native-executable-coverage-audit native-retdec-gap-queue
# elapsed 1.68s
+ make -s uncovered-executable-gaps
uncovered_executable_gaps=2892 bytes=2768106
uncovered_executable_gaps=2892 bytes=2768106
uncovered_executable_gaps=2892 bytes=2768106
# elapsed 1.06s
coverage_delta
native_executable_coverage_range_rows	33277	34526	delta=+1249
native_executable_coverage_gap_rows	2878	2897	delta=+19
native_executable_coverage_recovered_bytes	2789622	2882934	delta=+93312
native_executable_coverage_uncovered_bytes	2861418	2768106	delta=-93312
+ make -s uncovered-executable-gaps
# elapsed 0.11s
+ make -s all-evidence-bundle
uncovered_executable_gaps=2892 bytes=2768106
all_evidence_bundle_sidecars=842 symbol_rewrites=296160
# elapsed 108.23s
checkpoint_manifest_skipped
+ make -s reconstruction-completion-audit
uncovered_executable_gaps=2892 bytes=2768106
objective=reconstruct the binary back to C/C++ in full, including executable semantics and referenced static data
success_criteria=single C/C++ evidence artifact, all referenced static data present, all executable bytes covered by decompiled/manual semantics or exact byte carriers, no uncovered executable semantics
bundle_exists=ok	dumps/vmtail-wide-1m-w16/vm_recovered_source_all_evidence_bundle.c
coverage_exists=ok	dumps/vmtail-wide-1m-w16/vm_native_executable_coverage_audit.tsv
uncovered_carrier_exists=ok	dumps/vmtail-wide-1m-w16/vm_uncovered_executable_gaps.tsv
uncovered_carrier_matches_coverage=ok	coverage_gaps=2892 carrier_gaps=2892 coverage_bytes=2768106 carrier_bytes=2768106
text_semantic_coverage=2878822/5646928 bytes (50.98%)
bundle_includes_expected_sidecars=ok	expected=842 present=842 missing=0
bundle_includes_binary_data_sidecar=ok	static ELF section/string/data carrier sidecar marker
bundle_includes_uncovered_executable_carrier=ok	exact byte carrier sidecar marker and byte-count enum
aggregate_c_syntax=ok	command=cc -std=c11 -fsyntax-only -w dumps/vmtail-wide-1m-w16/vm_recovered_source_all_evidence_bundle.c
incomplete_reason=remaining executable semantics: text_uncovered_bytes=2768106 audit_gap_bytes=2768106
completion_status=not_complete
# elapsed 4.01s
executable_gap_autopilot_created_batches	762,763,764,765,766,767,768,769,770,771,772,773,774,775,776,777,778,779,780,781,782,783,784,785,786,787,788,789,790,791,792
