+ python3 vm_executable_gap_retdec_autopilot.py --rounds 24 --jobs 8 --probe-jobs 8 --chunk-bytes 0x200 --min-chunk-bytes 0x80 --max-split-candidates 64 --max-gap-chunks 5 --max-candidates 192 --max-accepted 8 --timeout 30 --final-checkpoint --salvage-failed-batches --completion-audit --skip-manifest --section .text
round_start	1
+ python3 vm_executable_gap_retdec_probe.py --root . --section .text --chunk-bytes 0x200 --min-chunk-bytes 0x80 --max-split-candidates 64 --max-gap-chunks 5 --max-candidates 192 --max-accepted 8 --probe-jobs 8 --timeout 30 --reject-cache dumps/vmtail-wide-1m-w16/vm_executable_gap_retdec_reject_cache.tsv
try	0xfefee-0xff1ee	ok
try	0xff1ee-0xff3ee	ok
try	0x3aca15-0x3acc15	ok
try	0xff3ee-0xff5ee	ok
try	0x3acc15-0x3ace15	reject
split	0x3acc15-0x3ace15	0x3acc15-0x3acd15
split	0x3acc15-0x3ace15	0x3acd15-0x3ace15
try	0x3ad015-0x3ad215	ok
try	0x3ac815-0x3aca15	ok
try	0x3ace15-0x3ad015	ok
try	0xff5ee-0xff7ee	ok
wrote	native_gap_retdec_batch634.ranges	8
appended_reject_cache	dumps/vmtail-wide-1m-w16/vm_executable_gap_retdec_reject_cache.tsv	1
# elapsed 4.13s
created_batches	634
+ make -j 8 native-gap-retdec-batch634
make dumps/vmtail-wide-1m-w16/vm_native_gap_retdec_batch634.c
make[1]: Entering directory '/models/dev/sc-rev/eac/eacsym'
python3 vm_native_gap_retdec_batch.py --batch-index 634 --ranges-file native_gap_retdec_batch634.ranges > dumps/vmtail-wide-1m-w16/vm_native_gap_retdec_batch634.c
native_gap_retdec_batch=634
native_gap_retdec_selected_ranges=8
make[1]: Leaving directory '/models/dev/sc-rev/eac/eacsym'
# elapsed 1.75s
+ cc -std=c11 -fsyntax-only -w dumps/vmtail-wide-1m-w16/vm_native_gap_retdec_batch634.c
# elapsed 0.02s
+ make -s native-executable-coverage-audit native-retdec-gap-queue
# elapsed 1.45s
+ make -s uncovered-executable-gaps
uncovered_executable_gaps=2799 bytes=3142378
uncovered_executable_gaps=2799 bytes=3142378
uncovered_executable_gaps=2799 bytes=3142378
# elapsed 1.09s
coverage_delta
native_executable_coverage_range_rows	29248	29292	delta=+44
native_executable_coverage_gap_rows	2803	2804	delta=+1
native_executable_coverage_recovered_bytes	2504566	2508662	delta=+4096
native_executable_coverage_uncovered_bytes	3146474	3142378	delta=-4096
round_start	2
+ python3 vm_executable_gap_retdec_probe.py --root . --section .text --chunk-bytes 0x200 --min-chunk-bytes 0x80 --max-split-candidates 64 --max-gap-chunks 5 --max-candidates 192 --max-accepted 8 --probe-jobs 8 --timeout 30 --reject-cache dumps/vmtail-wide-1m-w16/vm_executable_gap_retdec_reject_cache.tsv
try	0x3451d8-0x3453d8	ok
try	0x1764aa-0x1766aa	ok
try	0x1766aa-0x1768aa	ok
try	0x3453d8-0x3455d8	ok
try	0x344fd8-0x3451d8	reject
split	0x344fd8-0x3451d8	0x344fd8-0x3450d8
split	0x344fd8-0x3451d8	0x3450d8-0x3451d8
try	0x176aaa-0x176caa	ok
try	0x1768aa-0x176aaa	ok
try	0x1762aa-0x1764aa	ok
try	0x2cd107-0x2cd307	ok
wrote	native_gap_retdec_batch635.ranges	8
appended_reject_cache	dumps/vmtail-wide-1m-w16/vm_executable_gap_retdec_reject_cache.tsv	1
# elapsed 4.06s
created_batches	635
+ make -j 8 native-gap-retdec-batch635
make dumps/vmtail-wide-1m-w16/vm_native_gap_retdec_batch635.c
make[1]: Entering directory '/models/dev/sc-rev/eac/eacsym'
python3 vm_native_gap_retdec_batch.py --batch-index 635 --ranges-file native_gap_retdec_batch635.ranges > dumps/vmtail-wide-1m-w16/vm_native_gap_retdec_batch635.c
native_gap_retdec_batch=635
native_gap_retdec_selected_ranges=8
make[1]: Leaving directory '/models/dev/sc-rev/eac/eacsym'
# elapsed 1.77s
+ cc -std=c11 -fsyntax-only -w dumps/vmtail-wide-1m-w16/vm_native_gap_retdec_batch635.c
# elapsed 0.01s
+ make -s native-executable-coverage-audit native-retdec-gap-queue
# elapsed 1.46s
+ make -s uncovered-executable-gaps
uncovered_executable_gaps=2800 bytes=3138282
uncovered_executable_gaps=2800 bytes=3138282
uncovered_executable_gaps=2800 bytes=3138282
# elapsed 1.11s
coverage_delta
native_executable_coverage_range_rows	29248	29334	delta=+86
native_executable_coverage_gap_rows	2803	2805	delta=+2
native_executable_coverage_recovered_bytes	2504566	2512758	delta=+8192
native_executable_coverage_uncovered_bytes	3146474	3138282	delta=-8192
round_start	3
+ python3 vm_executable_gap_retdec_probe.py --root . --section .text --chunk-bytes 0x200 --min-chunk-bytes 0x80 --max-split-candidates 64 --max-gap-chunks 5 --max-candidates 192 --max-accepted 8 --probe-jobs 8 --timeout 30 --reject-cache dumps/vmtail-wide-1m-w16/vm_executable_gap_retdec_reject_cache.tsv
try	0x277441-0x277641	ok
try	0x277241-0x277441	ok
try	0x42f893-0x42fa93	ok
try	0x430093-0x430293	ok
try	0x42fe93-0x430093	ok
try	0x277041-0x277241	ok
try	0x42fc93-0x42fe93	ok
try	0x42fa93-0x42fc93	reject
split	0x42fa93-0x42fc93	0x42fa93-0x42fb93
split	0x42fa93-0x42fc93	0x42fb93-0x42fc93
try	0x277641-0x277841	reject
split	0x277641-0x277841	0x277641-0x277741
split	0x277641-0x277841	0x277741-0x277841
try	0x3f6b9e-0x3f6d9e	ok
wrote	native_gap_retdec_batch636.ranges	8
appended_reject_cache	dumps/vmtail-wide-1m-w16/vm_executable_gap_retdec_reject_cache.tsv	2
# elapsed 5.38s
created_batches	636
+ make -j 8 native-gap-retdec-batch636
make dumps/vmtail-wide-1m-w16/vm_native_gap_retdec_batch636.c
make[1]: Entering directory '/models/dev/sc-rev/eac/eacsym'
python3 vm_native_gap_retdec_batch.py --batch-index 636 --ranges-file native_gap_retdec_batch636.ranges > dumps/vmtail-wide-1m-w16/vm_native_gap_retdec_batch636.c
native_gap_retdec_batch=636
native_gap_retdec_selected_ranges=8
make[1]: Leaving directory '/models/dev/sc-rev/eac/eacsym'
# elapsed 1.75s
+ cc -std=c11 -fsyntax-only -w dumps/vmtail-wide-1m-w16/vm_native_gap_retdec_batch636.c
# elapsed 0.01s
+ make -s native-executable-coverage-audit native-retdec-gap-queue
# elapsed 1.48s
+ make -s uncovered-executable-gaps
uncovered_executable_gaps=2801 bytes=3134186
uncovered_executable_gaps=2801 bytes=3134186
uncovered_executable_gaps=2801 bytes=3134186
# elapsed 1.12s
coverage_delta
native_executable_coverage_range_rows	29248	29426	delta=+178
native_executable_coverage_gap_rows	2803	2806	delta=+3
native_executable_coverage_recovered_bytes	2504566	2516854	delta=+12288
native_executable_coverage_uncovered_bytes	3146474	3134186	delta=-12288
round_start	4
+ python3 vm_executable_gap_retdec_probe.py --root . --section .text --chunk-bytes 0x200 --min-chunk-bytes 0x80 --max-split-candidates 64 --max-gap-chunks 5 --max-candidates 192 --max-accepted 8 --probe-jobs 8 --timeout 30 --reject-cache dumps/vmtail-wide-1m-w16/vm_executable_gap_retdec_reject_cache.tsv
try	0x121146-0x121346	ok
try	0x413142-0x413342	ok
try	0x121546-0x121746	ok
try	0x412d42-0x412f42	ok
try	0x120d46-0x120f46	ok
try	0x121346-0x121546	reject
split	0x121346-0x121546	0x121346-0x121446
split	0x121346-0x121546	0x121446-0x121546
try	0x412f42-0x413142	ok
try	0x120f46-0x121146	reject
split	0x120f46-0x121146	0x120f46-0x121046
split	0x120f46-0x121146	0x121046-0x121146
try	0x413342-0x413542	ok
try	0x386da8-0x386fa8	ok
wrote	native_gap_retdec_batch637.ranges	8
appended_reject_cache	dumps/vmtail-wide-1m-w16/vm_executable_gap_retdec_reject_cache.tsv	2
# elapsed 5.38s
created_batches	637
+ make -j 8 native-gap-retdec-batch637
make dumps/vmtail-wide-1m-w16/vm_native_gap_retdec_batch637.c
make[1]: Entering directory '/models/dev/sc-rev/eac/eacsym'
python3 vm_native_gap_retdec_batch.py --batch-index 637 --ranges-file native_gap_retdec_batch637.ranges > dumps/vmtail-wide-1m-w16/vm_native_gap_retdec_batch637.c
native_gap_retdec_batch=637
native_gap_retdec_selected_ranges=8
make[1]: Leaving directory '/models/dev/sc-rev/eac/eacsym'
# elapsed 1.80s
+ cc -std=c11 -fsyntax-only -w dumps/vmtail-wide-1m-w16/vm_native_gap_retdec_batch637.c
# elapsed 0.01s
+ make -s native-executable-coverage-audit native-retdec-gap-queue
# elapsed 1.44s
+ make -s uncovered-executable-gaps
uncovered_executable_gaps=2803 bytes=3130090
uncovered_executable_gaps=2803 bytes=3130090
uncovered_executable_gaps=2803 bytes=3130090
# elapsed 1.10s
coverage_delta
native_executable_coverage_range_rows	29248	29489	delta=+241
native_executable_coverage_gap_rows	2803	2808	delta=+5
native_executable_coverage_recovered_bytes	2504566	2520950	delta=+16384
native_executable_coverage_uncovered_bytes	3146474	3130090	delta=-16384
round_start	5
+ python3 vm_executable_gap_retdec_probe.py --root . --section .text --chunk-bytes 0x200 --min-chunk-bytes 0x80 --max-split-candidates 64 --max-gap-chunks 5 --max-candidates 192 --max-accepted 8 --probe-jobs 8 --timeout 30 --reject-cache dumps/vmtail-wide-1m-w16/vm_executable_gap_retdec_reject_cache.tsv
try	0x35fbbe-0x35fdbe	ok
try	0x35f7be-0x35f9be	ok
try	0x2874cb-0x2876cb	ok
try	0x35fdbe-0x35ffbe	ok
try	0x35f5be-0x35f7be	ok
try	0x2872cb-0x2874cb	ok
try	0x2870cb-0x2872cb	ok
try	0x35f9be-0x35fbbe	ok
wrote	native_gap_retdec_batch638.ranges	8
# elapsed 3.87s
created_batches	638
+ make -j 8 native-gap-retdec-batch638
make dumps/vmtail-wide-1m-w16/vm_native_gap_retdec_batch638.c
make[1]: Entering directory '/models/dev/sc-rev/eac/eacsym'
python3 vm_native_gap_retdec_batch.py --batch-index 638 --ranges-file native_gap_retdec_batch638.ranges > dumps/vmtail-wide-1m-w16/vm_native_gap_retdec_batch638.c
native_gap_retdec_batch=638
native_gap_retdec_selected_ranges=8
make[1]: Leaving directory '/models/dev/sc-rev/eac/eacsym'
# elapsed 1.76s
+ cc -std=c11 -fsyntax-only -w dumps/vmtail-wide-1m-w16/vm_native_gap_retdec_batch638.c
# elapsed 0.01s
+ make -s native-executable-coverage-audit native-retdec-gap-queue
# elapsed 1.43s
+ make -s uncovered-executable-gaps
uncovered_executable_gaps=2803 bytes=3125994
uncovered_executable_gaps=2803 bytes=3125994
uncovered_executable_gaps=2803 bytes=3125994
# elapsed 1.10s
coverage_delta
native_executable_coverage_range_rows	29248	29517	delta=+269
native_executable_coverage_gap_rows	2803	2808	delta=+5
native_executable_coverage_recovered_bytes	2504566	2525046	delta=+20480
native_executable_coverage_uncovered_bytes	3146474	3125994	delta=-20480
round_start	6
+ python3 vm_executable_gap_retdec_probe.py --root . --section .text --chunk-bytes 0x200 --min-chunk-bytes 0x80 --max-split-candidates 64 --max-gap-chunks 5 --max-candidates 192 --max-accepted 8 --probe-jobs 8 --timeout 30 --reject-cache dumps/vmtail-wide-1m-w16/vm_executable_gap_retdec_reject_cache.tsv
try	0x155d13-0x155f13	ok
try	0x155f13-0x156113	ok
try	0x30161e-0x30181e	reject
split	0x30161e-0x30181e	0x30161e-0x30171e
split	0x30161e-0x30181e	0x30171e-0x30181e
try	0x301a1e-0x301c1e	ok
try	0x156113-0x156313	ok
try	0x30181e-0x301a1e	ok
try	0x155b13-0x155d13	ok
try	0x156313-0x156513	ok
try	0x301c1e-0x301e1e	ok
wrote	native_gap_retdec_batch639.ranges	8
appended_reject_cache	dumps/vmtail-wide-1m-w16/vm_executable_gap_retdec_reject_cache.tsv	1
# elapsed 4.23s
created_batches	639
+ make -j 8 native-gap-retdec-batch639
make dumps/vmtail-wide-1m-w16/vm_native_gap_retdec_batch639.c
make[1]: Entering directory '/models/dev/sc-rev/eac/eacsym'
python3 vm_native_gap_retdec_batch.py --batch-index 639 --ranges-file native_gap_retdec_batch639.ranges > dumps/vmtail-wide-1m-w16/vm_native_gap_retdec_batch639.c
native_gap_retdec_batch=639
native_gap_retdec_selected_ranges=8
make[1]: Leaving directory '/models/dev/sc-rev/eac/eacsym'
# elapsed 1.79s
+ cc -std=c11 -fsyntax-only -w dumps/vmtail-wide-1m-w16/vm_native_gap_retdec_batch639.c
# elapsed 0.01s
+ make -s native-executable-coverage-audit native-retdec-gap-queue
# elapsed 1.45s
+ make -s uncovered-executable-gaps
uncovered_executable_gaps=2804 bytes=3121898
uncovered_executable_gaps=2804 bytes=3121898
uncovered_executable_gaps=2804 bytes=3121898
# elapsed 1.09s
coverage_delta
native_executable_coverage_range_rows	29248	29550	delta=+302
native_executable_coverage_gap_rows	2803	2809	delta=+6
native_executable_coverage_recovered_bytes	2504566	2529142	delta=+24576
native_executable_coverage_uncovered_bytes	3146474	3121898	delta=-24576
round_start	7
+ python3 vm_executable_gap_retdec_probe.py --root . --section .text --chunk-bytes 0x200 --min-chunk-bytes 0x80 --max-split-candidates 64 --max-gap-chunks 5 --max-candidates 192 --max-accepted 8 --probe-jobs 8 --timeout 30 --reject-cache dumps/vmtail-wide-1m-w16/vm_executable_gap_retdec_reject_cache.tsv
try	0x2dbb0e-0x2dbd0e	ok
try	0x2db90e-0x2dbb0e	ok
try	0x380930-0x380b30	ok
try	0x380d30-0x380f30	ok
try	0x2db70e-0x2db90e	ok
try	0x380b30-0x380d30	ok
try	0x2dbf0e-0x2dc10e	ok
try	0x2dbd0e-0x2dbf0e	reject
split	0x2dbd0e-0x2dbf0e	0x2dbd0e-0x2dbe0e
split	0x2dbd0e-0x2dbf0e	0x2dbe0e-0x2dbf0e
try	0x381130-0x381330	ok
wrote	native_gap_retdec_batch640.ranges	8
appended_reject_cache	dumps/vmtail-wide-1m-w16/vm_executable_gap_retdec_reject_cache.tsv	1
# elapsed 4.31s
created_batches	640
+ make -j 8 native-gap-retdec-batch640
make dumps/vmtail-wide-1m-w16/vm_native_gap_retdec_batch640.c
make[1]: Entering directory '/models/dev/sc-rev/eac/eacsym'
python3 vm_native_gap_retdec_batch.py --batch-index 640 --ranges-file native_gap_retdec_batch640.ranges > dumps/vmtail-wide-1m-w16/vm_native_gap_retdec_batch640.c
native_gap_retdec_batch=640
native_gap_retdec_selected_ranges=8
make[1]: Leaving directory '/models/dev/sc-rev/eac/eacsym'
# elapsed 1.84s
+ cc -std=c11 -fsyntax-only -w dumps/vmtail-wide-1m-w16/vm_native_gap_retdec_batch640.c
# elapsed 0.01s
+ make -s native-executable-coverage-audit native-retdec-gap-queue
# elapsed 1.45s
+ make -s uncovered-executable-gaps
uncovered_executable_gaps=2806 bytes=3117802
uncovered_executable_gaps=2806 bytes=3117802
uncovered_executable_gaps=2806 bytes=3117802
# elapsed 1.09s
coverage_delta
native_executable_coverage_range_rows	29248	29618	delta=+370
native_executable_coverage_gap_rows	2803	2811	delta=+8
native_executable_coverage_recovered_bytes	2504566	2533238	delta=+28672
native_executable_coverage_uncovered_bytes	3146474	3117802	delta=-28672
round_start	8
+ python3 vm_executable_gap_retdec_probe.py --root . --section .text --chunk-bytes 0x200 --min-chunk-bytes 0x80 --max-split-candidates 64 --max-gap-chunks 5 --max-candidates 192 --max-accepted 8 --probe-jobs 8 --timeout 30 --reject-cache dumps/vmtail-wide-1m-w16/vm_executable_gap_retdec_reject_cache.tsv
try	0x466a34-0x466c34	ok
try	0x36f31b-0x36f51b	ok
try	0x36f71b-0x36f91b	ok
try	0x466c34-0x466e34	ok
try	0x467234-0x467434	reject
split	0x467234-0x467434	0x467234-0x467334
split	0x467234-0x467434	0x467334-0x467434
try	0x466e34-0x467034	reject
split	0x466e34-0x467034	0x466e34-0x466f34
split	0x466e34-0x467034	0x466f34-0x467034
try	0x36f51b-0x36f71b	reject
split	0x36f51b-0x36f71b	0x36f51b-0x36f61b
split	0x36f51b-0x36f71b	0x36f61b-0x36f71b
try	0x467034-0x467234	reject
split	0x467034-0x467234	0x467034-0x467134
split	0x467034-0x467234	0x467134-0x467234
try	0x467334-0x467434	ok
try	0x36f91b-0x36fb1b	ok
try	0x36fb1b-0x36fd1b	ok
try	0x36f61b-0x36f71b	ok
wrote	native_gap_retdec_batch641.ranges	8
appended_reject_cache	dumps/vmtail-wide-1m-w16/vm_executable_gap_retdec_reject_cache.tsv	4
# elapsed 5.60s
created_batches	641
+ make -j 8 native-gap-retdec-batch641
make dumps/vmtail-wide-1m-w16/vm_native_gap_retdec_batch641.c
make[1]: Entering directory '/models/dev/sc-rev/eac/eacsym'
python3 vm_native_gap_retdec_batch.py --batch-index 641 --ranges-file native_gap_retdec_batch641.ranges > dumps/vmtail-wide-1m-w16/vm_native_gap_retdec_batch641.c
native_gap_retdec_batch=641
native_gap_retdec_selected_ranges=8
make[1]: Leaving directory '/models/dev/sc-rev/eac/eacsym'
# elapsed 1.75s
+ cc -std=c11 -fsyntax-only -w dumps/vmtail-wide-1m-w16/vm_native_gap_retdec_batch641.c
# elapsed 0.01s
+ make -s native-executable-coverage-audit native-retdec-gap-queue
# elapsed 1.45s
+ make -s uncovered-executable-gaps
uncovered_executable_gaps=2808 bytes=3114218
uncovered_executable_gaps=2808 bytes=3114218
uncovered_executable_gaps=2808 bytes=3114218
# elapsed 1.10s
coverage_delta
native_executable_coverage_range_rows	29248	29690	delta=+442
native_executable_coverage_gap_rows	2803	2813	delta=+10
native_executable_coverage_recovered_bytes	2504566	2536822	delta=+32256
native_executable_coverage_uncovered_bytes	3146474	3114218	delta=-32256
round_start	9
+ python3 vm_executable_gap_retdec_probe.py --root . --section .text --chunk-bytes 0x200 --min-chunk-bytes 0x80 --max-split-candidates 64 --max-gap-chunks 5 --max-candidates 192 --max-accepted 8 --probe-jobs 8 --timeout 30 --reject-cache dumps/vmtail-wide-1m-w16/vm_executable_gap_retdec_reject_cache.tsv
try	0x4df1f9-0x4df3f9	reject
split	0x4df1f9-0x4df3f9	0x4df1f9-0x4df2f9
split	0x4df1f9-0x4df3f9	0x4df2f9-0x4df3f9
try	0x4df3f9-0x4df5f9	reject
split	0x4df3f9-0x4df5f9	0x4df3f9-0x4df4f9
split	0x4df3f9-0x4df5f9	0x4df4f9-0x4df5f9
try	0x4df7f9-0x4df9f9	reject
split	0x4df7f9-0x4df9f9	0x4df7f9-0x4df8f9
split	0x4df7f9-0x4df9f9	0x4df8f9-0x4df9f9
try	0x4df5f9-0x4df7f9	reject
split	0x4df5f9-0x4df7f9	0x4df5f9-0x4df6f9
split	0x4df5f9-0x4df7f9	0x4df6f9-0x4df7f9
try	0x2cd507-0x2cd707	ok
try	0x2cd307-0x2cd507	ok
try	0x4deff9-0x4df1f9	reject
split	0x4deff9-0x4df1f9	0x4deff9-0x4df0f9
split	0x4deff9-0x4df1f9	0x4df0f9-0x4df1f9
try	0x2cd707-0x2cd907	ok
try	0x4df2f9-0x4df3f9	reject
split	0x4df2f9-0x4df3f9	0x4df2f9-0x4df379
split	0x4df2f9-0x4df3f9	0x4df379-0x4df3f9
try	0x4df8f9-0x4df9f9	ok
try	0x4df5f9-0x4df6f9	reject
split	0x4df5f9-0x4df6f9	0x4df5f9-0x4df679
split	0x4df5f9-0x4df6f9	0x4df679-0x4df6f9
try	0x4df6f9-0x4df7f9	reject
split	0x4df6f9-0x4df7f9	0x4df6f9-0x4df779
split	0x4df6f9-0x4df7f9	0x4df779-0x4df7f9
try	0x4df4f9-0x4df5f9	reject
split	0x4df4f9-0x4df5f9	0x4df4f9-0x4df579
split	0x4df4f9-0x4df5f9	0x4df579-0x4df5f9
try	0x4df0f9-0x4df1f9	reject
split	0x4df0f9-0x4df1f9	0x4df0f9-0x4df179
split	0x4df0f9-0x4df1f9	0x4df179-0x4df1f9
try	0x4df7f9-0x4df8f9	reject
split	0x4df7f9-0x4df8f9	0x4df7f9-0x4df879
split	0x4df7f9-0x4df8f9	0x4df879-0x4df8f9
try	0x4deff9-0x4df0f9	reject
split	0x4deff9-0x4df0f9	0x4deff9-0x4df079
split	0x4deff9-0x4df0f9	0x4df079-0x4df0f9
try	0x4df2f9-0x4df379	reject
try	0x4df779-0x4df7f9	reject
try	0x4df679-0x4df6f9	reject
try	0x4df379-0x4df3f9	reject
try	0x4df579-0x4df5f9	reject
try	0x4df879-0x4df8f9	reject
try	0x4df179-0x4df1f9	reject
try	0x4df079-0x4df0f9	reject
try	0x4df4f9-0x4df579	ok
try	0x4df0f9-0x4df179	reject
try	0x4df7f9-0x4df879	reject
try	0x4df5f9-0x4df679	reject
try	0x4df6f9-0x4df779	reject
try	0x4df3f9-0x4df4f9	reject
split	0x4df3f9-0x4df4f9	0x4df3f9-0x4df479
split	0x4df3f9-0x4df4f9	0x4df479-0x4df4f9
try	0x4deff9-0x4df079	ok
try	0x4df1f9-0x4df2f9	reject
split	0x4df1f9-0x4df2f9	0x4df1f9-0x4df279
split	0x4df1f9-0x4df2f9	0x4df279-0x4df2f9
try	0x2cd907-0x2cdb07	ok
try	0x2cdb07-0x2cdd07	ok
wrote	native_gap_retdec_batch642.ranges	8
appended_reject_cache	dumps/vmtail-wide-1m-w16/vm_executable_gap_retdec_reject_cache.tsv	26
# elapsed 10.85s
created_batches	642
+ make -j 8 native-gap-retdec-batch642
make dumps/vmtail-wide-1m-w16/vm_native_gap_retdec_batch642.c
make[1]: Entering directory '/models/dev/sc-rev/eac/eacsym'
python3 vm_native_gap_retdec_batch.py --batch-index 642 --ranges-file native_gap_retdec_batch642.ranges > dumps/vmtail-wide-1m-w16/vm_native_gap_retdec_batch642.c
native_gap_retdec_batch=642
native_gap_retdec_selected_ranges=8
make[1]: Leaving directory '/models/dev/sc-rev/eac/eacsym'
# elapsed 1.70s
+ cc -std=c11 -fsyntax-only -w dumps/vmtail-wide-1m-w16/vm_native_gap_retdec_batch642.c
# elapsed 0.01s
+ make -s native-executable-coverage-audit native-retdec-gap-queue
# elapsed 1.44s
+ make -s uncovered-executable-gaps
