[DRIVER] dlopen path=./eac.elf
[TRACE] caller=driver+0x1608 dlopen file=./eac.elf flags=0x2
[DRIVER] dlsym x=0x731c74c380dc
[TRACE] caller=driver+0x2325 getenv name=EAC_DISPATCH_TRACE -> set
[TRACE] caller=driver+0x1a7a getenv name=EAC_DISPATCH_LIMIT -> set
[TRACE] caller=driver+0x2325 getenv name=EAC_DISPATCH_DETAIL -> null
[TRACE] caller=driver+0x2325 getenv name=EAC_VMTAIL_TRACE -> set
[TRACE] caller=driver+0x2325 getenv name=EAC_VMTAIL_REGS -> set
[TRACE] caller=driver+0x2325 getenv name=EAC_VMTAIL_SCRATCH -> null
[TRACE] caller=driver+0x2325 getenv name=EAC_VMTAIL_MEM -> set
[TRACE] caller=driver+0x1b09 getenv name=EAC_VMTAIL_MEM_REGS -> set
[TRACE] caller=driver+0x1b23 getenv name=EAC_VMTAIL_LIMIT -> set
[TRACE] caller=driver+0x1b6e getenv name=EAC_VMTAIL_FOCUS_IPS -> set
[TRACE] caller=driver+0x1b82 getenv name=EAC_VMTAIL_STOP_AFTER_MATCHES -> set
[TRACE] caller=driver+0x1bc5 getenv name=EAC_VMTAIL_SITES -> set
[TRACE] caller=driver+0x2bc9 fopen path=/proc/self/maps mode=r
[TRACE] caller=driver+0x30a2 mprotect addr=0x731c74cc8000 len=0x1000 prot=0x7
[TRACE] caller=driver+0x30a2 mprotect addr=0x731c74ccd000 len=0x1000 prot=0x7
[TRACE] caller=driver+0x30a2 mprotect addr=0x731c74c81000 len=0x1000 prot=0x7
[TRACE] caller=driver+0x30a2 mprotect addr=0x731c74c8a000 len=0x1000 prot=0x7
[TRACE] caller=driver+0x30a2 mprotect addr=0x731c74c9a000 len=0x1000 prot=0x7
[TRACE] caller=driver+0x30a2 mprotect addr=0x731c74c9b000 len=0x1000 prot=0x7
[TRACE] caller=driver+0x30a2 mprotect addr=0x731c74c9b000 len=0x1000 prot=0x7
[TRACE] caller=driver+0x30a2 mprotect addr=0x731c74cb8000 len=0x1000 prot=0x7
[TRACE] caller=driver+0x30a2 mprotect addr=0x731c74cbb000 len=0x1000 prot=0x7
[TRACE] caller=driver+0x30a2 mprotect addr=0x731c74cbb000 len=0x1000 prot=0x7
[TRACE] caller=driver+0x30a2 mprotect addr=0x731c74cc2000 len=0x1000 prot=0x7
[TRACE] caller=driver+0x30a2 mprotect addr=0x731c74c9c000 len=0x1000 prot=0x7
[TRACE] caller=driver+0x30a2 mprotect addr=0x731c74ca0000 len=0x1000 prot=0x7
[TRACE] caller=driver+0x30a2 mprotect addr=0x731c74cb2000 len=0x1000 prot=0x7
[TRACE] caller=driver+0x30a2 mprotect addr=0x731c74cb7000 len=0x1000 prot=0x7
[TRACE] caller=driver+0x30a2 mprotect addr=0x731c74cc2000 len=0x1000 prot=0x7
[TRACE] caller=driver+0x30a2 mprotect addr=0x731c74c99000 len=0x1000 prot=0x7
[TRACE] caller=driver+0x30a2 mprotect addr=0x731c74c91000 len=0x1000 prot=0x7
[TRACE] caller=driver+0x30a2 mprotect addr=0x731c74c9d000 len=0x1000 prot=0x7
[TRACE] caller=driver+0x30a2 mprotect addr=0x731c74c9c000 len=0x1000 prot=0x7
[TRACE] caller=driver+0x30a2 mprotect addr=0x731c74c99000 len=0x1000 prot=0x7
[TRACE] caller=driver+0x30a2 mprotect addr=0x731c74c7c000 len=0x1000 prot=0x7
[DRIVER] dispatch trace enabled base=0x731c74c00000 sites=+0xc80b9,+0xcdac7 limit=1 detail=0 tail=1 tail_regs=1 tail_scratch=0 tail_mem=1 tail_limit=200 tail_sites=20 scratch_offsets=0 read_ranges=54 focus_ips=21 stop_after_matches=42
[DRIVER] tail site +0x8173b -> rax
[DRIVER] tail site +0x8a49b -> r8
[DRIVER] tail site +0x9a46b -> r9
[DRIVER] tail site +0x9b0c5 -> r10
[DRIVER] tail site +0x9b687 -> r14
[DRIVER] tail site +0xb86f5 -> r13
[DRIVER] tail site +0xbb8a8 -> rax
[DRIVER] tail site +0xbba0c -> r12
[DRIVER] tail site +0xc240d -> rdx
[DRIVER] tail site +0x9c3f4 -> r13
[DRIVER] tail site +0xa0068 -> r10
[DRIVER] tail site +0xb265e -> r10
[DRIVER] tail site +0xb708a -> r12
[DRIVER] tail site +0xc2d35 -> rbx
[DRIVER] tail site +0x992ca -> r13
[DRIVER] tail site +0x91e7f -> rdx
[DRIVER] tail site +0x9d961 -> r13
[DRIVER] tail site +0x9c08c -> r15
[DRIVER] tail site +0x99b3a -> rax
[DRIVER] tail site +0x7ca96 -> rcx
[DRIVER] call x(buf=0x5d8835668010,len=0x800,mode=1,out=0x5d8835668820)
[DISPATCH] site=0xc80b9 count=1 slot=0x731c74cc39c8 slot_off=0xc39c8 idx=0x2b0 frame=0x731c74c7836d frame_off=0x7836d vm_ip=0x731c74e6cd71 vm_ip_off=0x26cd71 vm_flags=0x0 vm_state=0x0 vm_byte=0x0 target=0x731c74c8a37f target_off=0x8a37f
[TRACE] caller=eac.elf+0x4c000b fopen path=/dev/urandom mode=rb
[VMTAIL] site=0x7ca96 count=1 frame=0x731c74c7836d frame_off=0x7836d vm_ip=0x731c74e4bd2a vm_ip_off=0x24bd2a vm_flags=0xf9ffff2e vm_state=0xf05f0900 vm_byte=0x3a table=0x731c74cc3718 table_off=0xc3718 rax=0x958 rbx=0x731c74cb6e9b rcx=0x731c74cb6bba rdx=0xfffea6abf898b27d rsi=0x731c90643e99 rdi=0x159555e5b4381 r8=0xffffffff705f0958 r9=0x731c74c784dd r10=0x12 r11=0x7fffff3a r12=0x1 r13=0x731c74c7836d r14=0x731c74c78377 r15=0x731c74c784dd rbp=0x731c74c7836d rsp=0x7fff52423918 mem_rbx=0xcc3149e801490000 mem_rdi=? mem_r9=0xf05f0900 mem_r10=? mem_r12=? mem_r13=0x5d8838cbffc9 mem_r14=0x731c74e4bd2a ip_w0=0x3f53 ip_w1=0x6 ip_w2=0x80 ip_w3=0x419c ip_w4=0x4953 ip_w5=0xe389 ip_w6=0x8349 ip_w7=0x8c3 ip_w8=0x8149 ip_w9=0x8eb ip_w10=0x0 ip_w11=0x4c00 ip_w12=0x1c87 ip_w13=0x5c24 ip_w14=0x8948 ip_w15=0x243c target=0x731c74cb6bba target_off=0xb6bba
[TRACE] caller=eac.elf+0x4c000b fopen path=/dev/urandom mode=rb
[VMTAIL] site=0x7ca96 count=2 frame=0x731c74c7836d frame_off=0x7836d vm_ip=0x731c74e4bd2a vm_ip_off=0x24bd2a vm_flags=0xf9ffff2e vm_state=0xf05f0900 vm_byte=0x3a table=0x731c74cc3718 table_off=0xc3718 rax=0x958 rbx=0x731c74cb6e9b rcx=0x731c74cb6bba rdx=0xfffea6abf898b27d rsi=0x731c90643e99 rdi=0x159555e5b4381 r8=0xffffffff705f0958 r9=0x731c74c784dd r10=0x12 r11=0x7fffff3a r12=0x1 r13=0x731c74c7836d r14=0x731c74c78377 r15=0x731c74c784dd rbp=0x731c74c7836d rsp=0x7fff52423918 mem_rbx=0xcc3149e801490000 mem_rdi=? mem_r9=0xf05f0900 mem_r10=? mem_r12=? mem_r13=0x5d8838cbfe29 mem_r14=0x731c74e4bd2a ip_w0=0x3f53 ip_w1=0x6 ip_w2=0x80 ip_w3=0x419c ip_w4=0x4953 ip_w5=0xe389 ip_w6=0x8349 ip_w7=0x8c3 ip_w8=0x8149 ip_w9=0x8eb ip_w10=0x0 ip_w11=0x4c00 ip_w12=0x1c87 ip_w13=0x5c24 ip_w14=0x8948 ip_w15=0x243c target=0x731c74cb6bba target_off=0xb6bba
[VMTAIL] site=0x9d961 count=3 frame=0x731c74c7836d frame_off=0x7836d vm_ip=0x731c74e304b8 vm_ip_off=0x2304b8 vm_flags=0x111280 vm_state=0x3f062202 vm_byte=0x3a table=0x731c74cc3718 table_off=0xc3718 rax=0x731c74c78390 rbx=0x731c74c7f3f9 rcx=0x731c74c784dd rdx=0x731bf4c7844f rsi=0x618 rdi=0x6f6cf927a r8=0x731c74cc3d30 r9=0x731c74c78390 r10=0x731c74c78377 r11=0x731c74c784dd r12=0xf1 r13=0x731c74c9fb50 r14=0x731c74c9ffff r15=0x731c7dfcad12 rbp=0x731c74c7836d rsp=0x7fff524233d0 mem_rbx=0x4900000001c2c748 mem_rdi=? mem_r9=0x812ac00000111280 mem_r10=0x731c74e304b8 mem_r12=? mem_r13=0x4900000000c5c749 mem_r14=0xc88149da31490000 ip_w0=0x4d7b ip_w1=0x4 ip_w2=0x80 ip_w3=0xf741 ip_w4=0x9cf2 ip_w5=0x5241 ip_w6=0x8348 ip_w7=0x8ec ip_w8=0x894c ip_w9=0x2414 ip_w10=0x5a41 ip_w11=0x4851 ip_w12=0x36b9 ip_w13=0x1 ip_w14=0x0 ip_w15=0x0 target=0x731c74c9fb50 target_off=0x9fb50
[VMTAIL] site=0x992ca count=4 frame=0x731c74c7836d frame_off=0x7836d vm_ip=0x731c74cd1445 vm_ip_off=0xd1445 vm_flags=0xc032108 vm_state=0x4001032f vm_byte=0x3a table=0x731c74cc3718 table_off=0xc3718 rax=0xc032108 rbx=0x0 rcx=0x731c74cc3c90 rdx=0x578 rsi=0x731c74c784dd rdi=0x13723d9d r8=0x0 r9=0x731c74c78377 r10=0x731c74c78521 r11=0xffffffffe995fd1f r12=0xffff19c7226e6647 r13=0x731c74c9c08f r14=0x731c74c783de r15=0x102a30 rbp=0x731c74c7836d rsp=0x7fff524233d8 mem_rbx=? mem_rdi=? mem_r9=0x731c74cd1445 mem_r10=0x0 mem_r12=? mem_r13=0x4800000000c6c749 mem_r14=0x1a44e52f ip_w0=0x17cb ip_w1=0x2 ip_w2=0x80 ip_w3=0x689c ip_w4=0x3ba7 ip_w5=0x33c ip_w6=0x8948 ip_w7=0x2404 ip_w8=0x4850 ip_w9=0x2c81 ip_w10=0xdf24 ip_w11=0x4e91 ip_w12=0x482b ip_w13=0x48b ip_w14=0x4824 ip_w15=0xc483 target=0x731c74c9c08f target_off=0x9c08f
[VMTAIL] site=0x91e7f count=5 frame=0x731c74c7836d frame_off=0x7836d vm_ip=0x731c74cd5ebc vm_ip_off=0xd5ebc vm_flags=0x6040000 vm_state=0x5944d5eb vm_byte=0x3a table=0x731c74cc3718 table_off=0xc3718 rax=0x731c74c784dd rbx=0x0 rcx=0x12 rdx=0x731c74c9fb50 rsi=0x731c74cc375a rdi=0x618 r8=0x731c74cc3d30 r9=0x731c74c783ee r10=0x731c74c784dd r11=0x12 r12=0x731c7defffdf r13=0x731c1a697d55 r14=0x731c74c784cf r15=0x731c74c78377 rbp=0x731c74c7836d rsp=0x7fff52423578 mem_rbx=? mem_rdi=? mem_r9=0x731c5a829f31 mem_r10=0x5944d5eb mem_r12=? mem_r13=? mem_r14=0x0 ip_w0=0x1e1e ip_w1=0x2 ip_w2=0x80 ip_w3=0x9c99 ip_w4=0x8348 ip_w5=0x8ec ip_w6=0x8948 ip_w7=0x240c ip_w8=0x4151 ip_w9=0x5253 ip_w10=0xba48 ip_w11=0x593a ip_w12=0x7f28 ip_w13=0x0 ip_w14=0x0 ip_w15=0x8949 target=0x731c74c9fb50 target_off=0x9fb50
[VMTAIL] site=0x9d961 count=6 frame=0x731c74c7836d frame_off=0x7836d vm_ip=0x731c74cdaf39 vm_ip_off=0xdaf39 vm_flags=0x4000000 vm_state=0x3f060dea vm_byte=0x3a table=0x731c74cc3718 table_off=0xc3718 rax=0x731c74c78390 rbx=0x731c74c7dfe1 rcx=0x731c74c784dd rdx=0x731bf4c7844f rsi=0x618 rdi=0x6f4ffb27a r8=0x731c74cc3d30 r9=0x731c74c78390 r10=0x731c74c78377 r11=0x731c74c784dd r12=0xf1 r13=0x731c74c9fb50 r14=0x731c74c9ffff r15=0x731c7fcc8d12 rbp=0x731c74c7836d rsp=0x7fff52423548 mem_rbx=0x8b480000000ac781 mem_rdi=? mem_r9=0x812ac00004000000 mem_r10=0x731c74cdaf39 mem_r12=? mem_r13=0x4900000000c5c749 mem_r14=0xc88149da31490000 ip_w0=0x30d4 ip_w1=0x2 ip_w2=0x80 ip_w3=0x940f ip_w4=0x9cc0 ip_w5=0x5341 ip_w6=0x5041 ip_w7=0x5341 ip_w8=0x8148 ip_w9=0x2434 ip_w10=0x83cc ip_w11=0x2fdd ip_w12=0x8b4c ip_w13=0x2404 ip_w14=0x8148 ip_w15=0x8c4 target=0x731c74c9fb50 target_off=0x9fb50
[VMTAIL] site=0x9d961 count=7 frame=0x731c74c7836d frame_off=0x7836d vm_ip=0x731c74d8c467 vm_ip_off=0x18c467 vm_flags=0x40b30000 vm_state=0x3f061d5a vm_byte=0x3a table=0x731c74cc3718 table_off=0xc3718 rax=0x731c74c78390 rbx=0x731c74c7ef51 rcx=0x731c74c784dd rdx=0x731bf4c7844f rsi=0x618 rdi=0x37dffca7a r8=0x731c74cc3d30 r9=0x731c74c78390 r10=0x731c74c78377 r11=0x731c74c784dd r12=0xf1 r13=0x731c74c9fb50 r14=0x731c74c9ffff r15=0x731ff6cc7512 rbp=0x731c74c7836d rsp=0x7fff52423608 mem_rbx=0x49ee8949c5314972 mem_rdi=? mem_r9=0x812ac00040b30000 mem_r10=0x731c74d8c467 mem_r12=? mem_r13=0x4900000000c5c749 mem_r14=0xc88149da31490000 ip_w0=0x22fe ip_w1=0x3 ip_w2=0x80 ip_w3=0x489c ip_w4=0xec81 ip_w5=0x8 ip_w6=0x0 ip_w7=0x894c ip_w8=0x2414 ip_w9=0x4c52 ip_w10=0xd289 ip_w11=0x8949 ip_w12=0xffd2 ip_w13=0x2434 ip_w14=0x485a ip_w15=0xc483 target=0x731c74c9fb50 target_off=0x9fb50
[TRACE] caller=eac.elf+0x3376ac open path=/proc/3965023/comm flags=0x0
[VMTAIL] site=0x9c3f4 count=8 frame=0x731c74c7836d frame_off=0x7836d vm_ip=0x731c74f3710f vm_ip_off=0x33710f vm_flags=0x16833a04 vm_state=0x16833a04 vm_byte=0x3a table=0x731c74cc3718 table_off=0xc3718 rax=0x10 rbx=0x731c74c784dd rcx=0x958 rdx=0x731c74c78377 rsi=0x731c74c784dd rdi=0x80 r8=0x7fffffff r9=0x731c74cc4070 r10=0x95a r11=0x80003e6b2f05 r12=0xffff6adb62bccbda r13=0x731c74cb6bba r14=0xffff8ce38b33c907 r15=0x731c74c78390 rbp=0x731c74c7836d rsp=0x7fff52423738 mem_rbx=0x16833a04 mem_rdi=? mem_r9=0x731c74cb6bba mem_r10=? mem_r12=? mem_r13=0x4900000000c1c749 mem_r14=? ip_w0=0x4b3d ip_w1=0x7 ip_w2=0x80 ip_w3=0x519c ip_w4=0xff51 ip_w5=0x2434 ip_w6=0x5759 ip_w7=0x8948 ip_w8=0x48e7 ip_w9=0xc783 ip_w10=0x4808 ip_w11=0xc781 ip_w12=0x8 ip_w13=0x0 ip_w14=0x8748 ip_w15=0x243c target=0x731c74cb6bba target_off=0xb6bba
[TRACE] caller=eac.elf+0x334271 open path=/proc/3965023/cmdline flags=0x0
[VMTAIL] site=0x9c08c count=9 frame=0x731c74c7836d frame_off=0x7836d vm_ip=0x731c74f33bc9 vm_ip_off=0x333bc9 vm_flags=0x76ec0266 vm_state=0xfbfbd6df vm_byte=0x3a table=0x731c74cc3718 table_off=0xc3718 rax=0x7fff8a18a93d rbx=0x731c74c783bd rcx=0x731c74c784dd rdx=0x0 rsi=0x618 rdi=0x731c74c7833a r8=0x731c74cc3d30 r9=0x80 r10=0x731c74cc3718 r11=0x731c74ccff87 r12=0x731c74c78377 r13=0x731c74c78555 r14=0xffff8ce40b33a92b r15=0x731c74c9fb50 rbp=0x731c74c7836d rsp=0x7fff52423738 mem_rbx=0x0 mem_rdi=0x4800558949182454 mem_r9=? mem_r10=0x731c74c78561 mem_r12=0x731c74f33bc9 mem_r13=0x7fff52423738 mem_r14=? ip_w0=0x48d8 ip_w1=0x7 ip_w2=0x80 ip_w3=0xd269 ip_w4=0x43fd ip_w5=0x43fd ip_w6=0x419c ip_w7=0x6854 ip_w8=0x4e89 ip_w9=0x6012 ip_w10=0x894c ip_w11=0x2424 ip_w12=0x34ff ip_w13=0x4124 ip_w14=0x485c ip_w15=0xc483 target=0x731c74c9fb50 target_off=0x9fb50
[TRACE] caller=eac.elf+0x33ae27 open path=/proc/3965023/status flags=0x0
[VMTAIL] site=0x9c3f4 count=10 frame=0x731c74c7836d frame_off=0x7836d vm_ip=0x731c74f3a6cc vm_ip_off=0x33a6cc vm_flags=0xbc9fe3e5 vm_state=0xbcdfe7e7 vm_byte=0x3a table=0x731c74cc3718 table_off=0xc3718 rax=0x10 rbx=0x731c74c784dd rcx=0x958 rdx=0x731c74c78377 rsi=0x731c74c784dd rdi=0x80 r8=0x7fffffff r9=0x731c74cc4070 r10=0x95a r11=0xf31c3f50f0a5 r12=0xffff6adb62bccbda r13=0x731c74cb6bba r14=0xffff8ce38b33c927 r15=0x731c74c78390 rbp=0x731c74c7836d rsp=0x7fff52423758 mem_rbx=0xbcdfe7e7 mem_rdi=? mem_r9=0x731c74cb6bba mem_r10=? mem_r12=? mem_r13=0x4900000000c1c749 mem_r14=? ip_w0=0x4d92 ip_w1=0x7 ip_w2=0x80 ip_w3=0xc069 ip_w4=0x8629 ip_w5=0x0 ip_w6=0x689c ip_w7=0x61b3 ip_w8=0x4caa ip_w9=0x8948 ip_w10=0x242c ip_w11=0x5241 ip_w12=0x8949 ip_w13=0x4cea ip_w14=0xd589 ip_w15=0x5a41 target=0x731c74cb6bba target_off=0xb6bba
[TRACE] caller=eac.elf+0x33d5f1 open path=/proc/self/maps flags=0x0
[VMTAIL] site=0x9c3f4 count=11 frame=0x731c74c7836d frame_off=0x7836d vm_ip=0x731c74f3d2d9 vm_ip_off=0x33d2d9 vm_flags=0xe5baf3c5 vm_state=0xe5baf3c5 vm_byte=0x3a table=0x731c74cc3718 table_off=0xc3718 rax=0x10 rbx=0x731c74c784dd rcx=0x618 rdx=0x731c74c78377 rsi=0x731c74c784dd rdi=0x80 r8=0x7fffffff r9=0x731c74cc3d30 r10=0x61a r11=0xce3a127f347 r12=0xffff6adb62bcc6da r13=0x731c74c9fb50 r14=0xffff8ce38b33c947 r15=0x731c74c78390 rbp=0x731c74c7836d rsp=0x7fff52423798 mem_rbx=0xe5baf3c5 mem_rdi=? mem_r9=0x731c74c9fb50 mem_r10=? mem_r12=? mem_r13=0x4900000000c5c749 mem_r14=? ip_w0=0x4f88 ip_w1=0x7 ip_w2=0x80 ip_w3=0x9848 ip_w4=0x489c ip_w5=0xec81 ip_w6=0x8 ip_w7=0x0 ip_w8=0x8948 ip_w9=0x240c ip_w10=0x4851 ip_w11=0x3481 ip_w12=0x5c24 ip_w13=0xef50 ip_w14=0x5905 ip_w15=0x8148 target=0x731c74c9fb50 target_off=0x9fb50
[VMTAIL] site=0x9d961 count=12 frame=0x731c74c7836d frame_off=0x7836d vm_ip=0x731c74f1f2b1 vm_ip_off=0x31f2b1 vm_flags=0x20000 vm_state=0x3f063b30 vm_byte=0x3a table=0x731c74cc3718 table_off=0xc3718 rax=0x731c74c78390 rbx=0x731c74c80d27 rcx=0x731c74c784dd rdx=0x731bf4c7844f rsi=0x618 rdi=0x6f7e7ea7a r8=0x731c74cc3d30 r9=0x731c74c78390 r10=0x731c74c78377 r11=0x731c74c784dd r12=0xf1 r13=0x731c74c9fb50 r14=0x731c74c9ffff r15=0x731c7ce45512 rbp=0x731c74c7836d rsp=0x7fff52423808 mem_rbx=0xc8094c0e09440000 mem_rdi=? mem_r9=0x2020000020000 mem_r10=0x731c74f1f2b1 mem_r12=? mem_r13=0x4900000000c5c749 mem_r14=0xc88149da31490000 ip_w0=0x3c3f ip_w1=0x7 ip_w2=0x80 ip_w3=0xc069 ip_w4=0x43fd ip_w5=0x3 ip_w6=0x419c ip_w7=0x4155 ip_w8=0x5450 ip_w9=0x5841 ip_w10=0x8349 ip_w11=0x8c0 ip_w12=0x8149 ip_w13=0x8e8 ip_w14=0x0 ip_w15=0x4c00 target=0x731c74c9fb50 target_off=0x9fb50
[DISPATCH] site=0xcdac7 count=1 slot=0x731c74cc4130 slot_off=0xc4130 idx=0xa18 frame=0x731c74c7836d frame_off=0x7836d vm_ip=0x731c74f3f278 vm_ip_off=0x33f278 vm_flags=0xd56bbddf vm_state=0xbffcd2b0 vm_byte=0x3a target=0x731c74cbb6e6 target_off=0xbb6e6
[TRACE] caller=eac.elf+0x58b24 open path=/proc/mounts flags=0x0
[VMTAIL] site=0x9c3f4 count=13 frame=0x731c74c7836d frame_off=0x7836d vm_ip=0x731c74f4556c vm_ip_off=0x34556c vm_flags=0xe049820 vm_state=0xe049820 vm_byte=0x3a table=0x731c74cc3718 table_off=0xc3718 rax=0x10 rbx=0x731c74c784dd rcx=0x578 rdx=0x731c74c78377 rsi=0x731c74c784dd rdi=0x0 r8=0x7fffffff r9=0x731c74cc3c90 r10=0x57a r11=0xce3a127f5af r12=0xffff6adb62bcc7fa r13=0x731c74c9c08f r14=0xffff8ce38b33c8e7 r15=0x731c74c78390 rbp=0x731c74c7836d rsp=0x7fff524236e8 mem_rbx=0xe049820 mem_rdi=? mem_r9=0x731c74c9c08f mem_r10=? mem_r12=? mem_r13=0x4800000000c6c749 mem_r14=? ip_w0=0x5b51 ip_w1=0x7 ip_w2=0x80 ip_w3=0xd269 ip_w4=0x4e6d ip_w5=0x41c6 ip_w6=0x689c ip_w7=0xe6f7 ip_w8=0x5330 ip_w9=0x894c ip_w10=0x242c ip_w11=0xe268 ip_w12=0xf1aa ip_w13=0x4c1e ip_w14=0x2c89 ip_w15=0x4824 target=0x731c74c9c08f target_off=0x9c08f
[TRACE] caller=eac.elf+0x36a519 open path=/sys/devices/virtual/dmi/id/board_name flags=0x0
[TRACE] caller=eac.elf+0x36e0cf open path=/sys/devices/virtual/dmi/id/product_name flags=0x0
[TRACE] caller=eac.elf+0x3722d8 fopen path=/proc/bus/pci/devices mode=r
[VMTAIL] site=0x992ca count=14 frame=0x731c74c7836d frame_off=0x7836d vm_ip=0x731c74f655e4 vm_ip_off=0x3655e4 vm_flags=0xa597810c vm_state=0xbffce60a vm_byte=0x3a table=0x731c74cc3718 table_off=0xc3718 rax=0xa597810c rbx=0x0 rcx=0x731c74cc3d30 rdx=0x618 rsi=0x731c74c784dd rdi=0xbae69d99 r8=0x0 r9=0x731c74c78377 r10=0x731c74c78521 r11=0xe9963880 r12=0xffff19c7bc02c65d r13=0x731c74c9fb50 r14=0x731c74c783de r15=0x86a20 rbp=0x731c74c7836d rsp=0x7fff52423808 mem_rbx=? mem_rdi=? mem_r9=0x731c74f655e4 mem_r10=0x0 mem_r12=? mem_r13=0x4900000000c5c749 mem_r14=0x1a44e4ef ip_w0=0x79bd ip_w1=0x7 ip_w2=0x80 ip_w3=0xc969 ip_w4=0x43fd ip_w5=0x43fd ip_w6=0x559c ip_w7=0x8948 ip_w8=0x48e5 ip_w9=0xc583 ip_w10=0x4808 ip_w11=0xed81 ip_w12=0x8 ip_w13=0x0 ip_w14=0x8748 ip_w15=0x242c target=0x731c74c9fb50 target_off=0x9fb50
[TRACE] caller=eac.elf+0x2d6ae getenv name=EAC_LAUNCHERDIR -> set
[VMTAIL] site=0x99b3a count=15 frame=0x731c74c7836d frame_off=0x7836d vm_ip=0x731c74d7a420 vm_ip_off=0x17a420 vm_flags=0x9b018cc6 vm_state=0x69145e5a vm_byte=0x3a table=0x731c74cc3718 table_off=0xc3718 rax=0x731c74c9c08f rbx=0x0 rcx=0x731c74c784dd rdx=0x731c74c78501 rsi=0x0 rdi=0xffff8ce38b33c8e8 r8=0x731c74c7836d r9=0x731c74cc3c90 r10=0x731c74cc3c20 r11=0x1 r12=0x6914d7a4 r13=0x731c74c78377 r14=0xffff8ce3eb37daff r15=0x0 rbp=0x731c74c7836d rsp=0x7fff52423638 mem_rbx=? mem_rdi=? mem_r9=0x731c74c9c08f mem_r10=0x731c74c9975a mem_r12=? mem_r13=0x731c74d7a420 mem_r14=? ip_w0=0x1703 ip_w1=0x3 ip_w2=0x80 ip_w3=0xc148 ip_w4=0x3fa ip_w5=0x689c ip_w6=0x37c9 ip_w7=0x5b9d ip_w8=0x894c ip_w9=0x2434 ip_w10=0x5641 ip_w11=0x5141 ip_w12=0xb949 ip_w13=0x9300 ip_w14=0x77ff ip_w15=0x0 target=0x731c74c9c08f target_off=0x9c08f
[TRACE] caller=eac.elf+0x72b70 pthread_create caller=eac.elf+0x729fe arg=0x5d8835683a20
[TRACE] caller=eac.elf+0x72b70 pthread_create caller=eac.elf+0x729fe arg=0x5d8835683bc0
[TRACE] caller=eac.elf+0x6b74f getaddrinfo node=api.epicgames.dev service=443 DENY
[TRACE] caller=eac.elf+0x6b7f7 popen command=host -4 api.epicgames.dev type=r DENY
[TRACE] caller=eac.elf+0x6b74f getaddrinfo node=datarouter.ol.epicgames.com service=443 DENY
[TRACE] caller=eac.elf+0x6b7f7 popen command=host -4 datarouter.ol.epicgames.com type=r DENY
[VMTAIL] site=0x9c08c count=16 frame=0x731c74c7836d frame_off=0x7836d vm_ip=0x731c74e31b74 vm_ip_off=0x231b74 vm_flags=0x5676b3d0 vm_state=0xffc5b7b9 vm_byte=0x3a table=0x731c74cc3718 table_off=0xc3718 rax=0x5d88a932a8ed rbx=0x731c74c78381 rcx=0x731c74c784dd rdx=0x210 rsi=0x618 rdi=0x731c74c7833a r8=0x731c74cc3d30 r9=0x84 r10=0x731c74cc3798 r11=0x731c74ccff87 r12=0x731c74c78377 r13=0x731c74c78555 r14=0xffff8ce40b33b136 r15=0x731c74c9fb50 rbp=0x731c74c7836d rsp=0x731c74bfed28 mem_rbx=0x731c70000f mem_rdi=0x4800558949182454 mem_r9=? mem_r10=0x731c74c7b77c mem_r12=0x731c74e31b74 mem_r13=0x731c74bfed28 mem_r14=? ip_w0=0xf1c6 ip_w1=0x5 ip_w2=0x80 ip_w3=0x419c ip_w4=0x6851 ip_w5=0x6185 ip_w6=0x7f44 ip_w7=0x4c56 ip_w8=0xe689 ip_w9=0x8948 ip_w10=0x2474 ip_w11=0x4808 ip_w12=0x348b ip_w13=0x4824 ip_w14=0xc481 ip_w15=0x8 target=0x731c74c9fb50 target_off=0x9fb50
[TRACE] caller=eac.elf+0x72b70 pthread_create caller=eac.elf+0x729fe arg=0x5d8835683868
[VMTAIL] site=0x99b3a count=17 frame=0x731c74c7836d frame_off=0x7836d vm_ip=0x731c74ded483 vm_ip_off=0x1ed483 vm_flags=0x124c7dc5 vm_state=0xf9955f7f vm_byte=0x3a table=0x731c74cc3718 table_off=0xc3718 rax=0x731c74c9fb50 rbx=0x0 rcx=0x731c74c784dd rdx=0xfffff37ffed7c7a1 rsi=0x0 rdi=0xffff8ce38b33c8e8 r8=0x731c74c7836d r9=0x731c74cc3d30 r10=0x208 r11=0x1 r12=0xf995d684 r13=0x731c74c78377 r14=0xffff8ce3fbb7dbeb r15=0x0 rbp=0x731c74c7836d rsp=0x7fff52423848 mem_rbx=? mem_rdi=? mem_r9=0x731c74c9fb50 mem_r10=? mem_r12=? mem_r13=0x731c74ded483 mem_r14=? ip_w0=0x7af9 ip_w1=0x3 ip_w2=0x80 ip_w3=0x689c ip_w4=0x5f4a ip_w5=0x5136 ip_w6=0x8148 ip_w7=0x8ec ip_w8=0x0 ip_w9=0x4c00 ip_w10=0x1489 ip_w11=0x8f24 ip_w12=0x2404 ip_w13=0x4c50 ip_w14=0xd089 ip_w15=0x8949 target=0x731c74c9fb50 target_off=0x9fb50
[TRACE] caller=eac.elf+0x1a689b mprotect addr=0x731c74c00000 len=0x1000 prot=0x3
[TRACE] caller=eac.elf+0x1a6a09 mprotect addr=0x731c74c00000 len=0x1000 prot=0x1
[VMTAIL] site=0x9c08c count=18 frame=0x731c74c7836d frame_off=0x7836d vm_ip=0x731c74da6041 vm_ip_off=0x1a6041 vm_flags=0xc008010 vm_state=0xc7ab57f9 vm_byte=0x3a table=0x731c74cc3718 table_off=0xc3718 rax=0xfcdb5132 rbx=0x731c74c7843d rcx=0x731c74c784dd rdx=0x0 rsi=0x578 rdi=0x731c74c7833a r8=0x731c74cc3c90 r9=0x80 r10=0x731c74cc3798 r11=0x731c74ccff87 r12=0x731c74c78377 r13=0x731c74c78555 r14=0xffff8ce40b32e827 r15=0x731c74c9c08f rbp=0x731c74c7836d rsp=0x7fff52423898 mem_rbx=0x1000073 mem_rdi=0x4800558949182454 mem_r9=? mem_r10=0x731c74c7b77c mem_r12=0x731c74da6041 mem_r13=0x7fff52423898 mem_r14=? ip_w0=0x39bd ip_w1=0x3 ip_w2=0x80 ip_w3=0x950f ip_w4=0x9cc0 ip_w5=0x8148 ip_w6=0x8ec ip_w7=0x0 ip_w8=0x4800 ip_w9=0xec83 ip_w10=0x4c08 ip_w11=0x3c89 ip_w12=0x8f24 ip_w13=0x2404 ip_w14=0x894d ip_w15=0x53ff target=0x731c74c9c08f target_off=0x9c08f
[VMTAIL] site=0x9c08c count=19 frame=0x731c74c7836d frame_off=0x7836d vm_ip=0x731c74d2906f vm_ip_off=0x12906f vm_flags=0x7adefd7b vm_state=0xeb832ff4 vm_byte=0x3a table=0x731c74cc3718 table_off=0xc3718 rax=0x731c699b787d rbx=0x731c74c783fd rcx=0x731c74c784dd rdx=0x0 rsi=0x8b0 rdi=0x731c74c7833a r8=0x731c74cc3fc8 r9=0x80 r10=0x731c74cc3718 r11=0x731c74ccff87 r12=0x731c74c78377 r13=0x731c74c78555 r14=0xffff8ce40b33b3e7 r15=0x731c74cb2342 rbp=0x731c74c7836d rsp=0x731c74bfe5f0 mem_rbx=0x5d8835683a2000 mem_rdi=0x4800558949182454 mem_r9=? mem_r10=0x731c74c78561 mem_r12=0x731c74d2906f mem_r13=0x731c74bfe5f0 mem_r14=? ip_w0=0xb5b2 ip_w1=0x15 ip_w2=0x80 ip_w3=0xc010 ip_w4=0x6 ip_w5=0x162 ip_w6=0x1e8 ip_w7=0xa8 ip_w8=0x99 ip_w9=0xd496 ip_w10=0x826b ip_w11=0xda3a ip_w12=0x858d ip_w13=0x6cdb ip_w14=0xe89b ip_w15=0xa701 target=0x731c74cb2342 target_off=0xb2342
[VMTAIL] site=0x91e7f count=20 frame=0x731c74c7836d frame_off=0x7836d vm_ip=0x731c74d7452e vm_ip_off=0x17452e vm_flags=0x3cb1dfde vm_state=0xd6a444b3 vm_byte=0x3a table=0x731c74cc3718 table_off=0xc3718 rax=0x731c74c784dd rbx=0x0 rcx=0x12 rdx=0x731c74cb6bba rsi=0x731c74cc3f5a rdi=0x958 r8=0x731c74cc4070 r9=0x731c74c783ee r10=0x731c74c784dd r11=0x12 r12=0xf3bcfff7ffdf r13=0x731c6b1b7a15 r14=0x731c74c784cf r15=0x731c74c78377 rbp=0x731c74c7836d rsp=0x7fff52423848 mem_rbx=? mem_rdi=? mem_r9=0x731c5a829f31 mem_r10=0xd6a444b3 mem_r12=? mem_r13=? mem_r14=0x0 ip_w0=0x13eb ip_w1=0x3 ip_w2=0x80 ip_w3=0x419c ip_w4=0x6853 ip_w5=0x3ecd ip_w6=0x6f01 ip_w7=0x894c ip_w8=0x241c ip_w9=0x4851 ip_w10=0xd1b9 ip_w11=0xd765 ip_w12=0x3d ip_w13=0x0 ip_w14=0x4800 ip_w15=0x4c29 target=0x731c74cb6bba target_off=0xb6bba
[VMTAIL] site=0x91e7f count=21 frame=0x731c74c7836d frame_off=0x7836d vm_ip=0x731c74ec045a vm_ip_off=0x2c045a vm_flags=0x2a040889 vm_state=0x978d01e4 vm_byte=0x3a table=0x731c74cc3718 table_off=0xc3718 rax=0x731c74c784dd rbx=0x0 rcx=0x12 rdx=0x731c74cc291a rsi=0x731c74cc3f62 rdi=0xb20 r8=0x731c74cc4238 r9=0x731c74c783ee r10=0x731c74c784dd r11=0x12 r12=0x731c7ccfffdf r13=0x731c458e784d r14=0x731c74c784cf r15=0x731c74c78377 rbp=0x731c74c7836d rsp=0x731c74bfdf30 mem_rbx=? mem_rdi=? mem_r9=0x731c5a829e91 mem_r10=0x978d01e4 mem_r12=? mem_r13=? mem_r14=0x0 ip_w0=0x224c ip_w1=0x2d ip_w2=0x80 ip_w3=0x5148 ip_w4=0x2 ip_w5=0xa5 ip_w6=0x1e8 ip_w7=0x2b ip_w8=0x74f5 ip_w9=0x99 ip_w10=0x5e8 ip_w11=0xae3a ip_w12=0x7ca5 ip_w13=0xe89e ip_w14=0xb401 ip_w15=0x5881 target=0x731c74cc291a target_off=0xc291a
[VMTAIL] site=0x9c08c count=22 frame=0x731c74c7836d frame_off=0x7836d vm_ip=0x731c74d22e3c vm_ip_off=0x122e3c vm_flags=0x40a25e4 vm_state=0xdfbf99dd vm_byte=0x3a table=0x731c74cc3718 table_off=0xc3718 rax=0x731c699b7c7d rbx=0x731c74c783bd rcx=0x731c74c784dd rdx=0x5d88356878a0 rsi=0x958 rdi=0x731c74c7833a r8=0x731c74cc4070 r9=0x84 r10=0x731c74cc3718 r11=0x731c74ccff87 r12=0x731c74c78377 r13=0x731c74c78555 r14=0xffff8ce40b333f2a r15=0x731c74cb6bba rbp=0x731c74c7836d rsp=0x7fff52423908 mem_rbx=0x0 mem_rdi=0x4800558949182454 mem_r9=? mem_r10=0x731c74c78561 mem_r12=0x731c74d22e3c mem_r13=0x7fff52423908 mem_r14=? ip_w0=0xd409 ip_w1=0x2 ip_w2=0x80 ip_w3=0x950f ip_w4=0x9cc0 ip_w5=0x4855 ip_w6=0xed89 ip_w7=0x5241 ip_w8=0xba49 ip_w9=0x136 ip_w10=0x0 ip_w11=0x0 ip_w12=0x0 ip_w13=0x5241 ip_w14=0x448f ip_w15=0x824 target=0x731c74cb6bba target_off=0xb6bba
[DRIVER] x returned 0x0
[DRIVER] out[0..31]=0100000000000000000000000000000000000000000000000000000000000000
[TRACE] caller=driver+0x5084 getenv name=EAC_DUMP_DIR -> set
[TRACE] caller=driver+0x50e4 fopen path=dumps/vmtail-mem-focus-starts/postcall_out.bin mode=wb
[DRIVER] dump postcall base=0x731c74c00000 ctx_slot=+0x84cd20 ctx=0x5d8835681df0
[TRACE] caller=driver+0x50e4 fopen path=dumps/vmtail-mem-focus-starts/postcall_ctx_0x5d8835681df0.bin mode=wb
[TRACE] caller=driver+0x20fb fopen path=/proc/self/maps mode=r
[TRACE] caller=driver+0x217b fopen path=dumps/vmtail-mem-focus-starts/postcall_maps.txt mode=w
[TRACE] caller=driver+0x50e4 fopen path=dumps/vmtail-mem-focus-starts/postcall_map_731c74c00000_731c74c01000_r--p_off_0.bin mode=wb
[TRACE] caller=driver+0x50e4 fopen path=dumps/vmtail-mem-focus-starts/postcall_map_731c74c01000_731c7523d000_rwxp_off_1000.bin mode=wb
[TRACE] caller=eac.elf+0x30d25c open path=/sys/class/dmi/id/bios_vendor flags=0x0
[VMTAIL] site=0x91e7f count=23 frame=0x731c74c7836d frame_off=0x7836d vm_ip=0x731c74ec045a vm_ip_off=0x2c045a vm_flags=0x2a040889 vm_state=0x978d01e4 vm_byte=0x3a table=0x731c74cc3718 table_off=0xc3718 rax=0x731c74c784dd rbx=0x0 rcx=0x12 rdx=0x731c74cc291a rsi=0x731c74cc3f62 rdi=0xb20 r8=0x731c74cc4238 r9=0x731c74c783ee r10=0x731c74c784dd r11=0x12 r12=0x731c7ccfffdf r13=0x731c458e784d r14=0x731c74c784cf r15=0x731c74c78377 rbp=0x731c74c7836d rsp=0x731c74bfdf30 mem_rbx=? mem_rdi=? mem_r9=0x731c5a829e91 mem_r10=0x978d01e4 mem_r12=? mem_r13=? mem_r14=0x0 ip_w0=0x224c ip_w1=0x2d ip_w2=0x80 ip_w3=0x5148 ip_w4=0x2 ip_w5=0xa5 ip_w6=0x1e8 ip_w7=0x2b ip_w8=0x74f5 ip_w9=0x99 ip_w10=0x5e8 ip_w11=0xae3a ip_w12=0x7ca5 ip_w13=0xe89e ip_w14=0xb401 ip_w15=0x5881 target=0x731c74cc291a target_off=0xc291a
[TRACE] caller=driver+0x50e4 fopen path=dumps/vmtail-mem-focus-starts/postcall_map_731c7543c000_731c75449000_r--p_off_63c000.bin mode=wb
[TRACE] caller=eac.elf+0x30d25c open path=/sys/class/dmi/id/bios_date flags=0x0
[TRACE] caller=driver+0x50e4 fopen path=dumps/vmtail-mem-focus-starts/postcall_map_731c75449000_731c7544b000_rw-p_off_649000.bin mode=wb
[DRIVER] sleeping 5 second(s) for worker threads
[VMTAIL] site=0x91e7f count=24 frame=0x731c74c7836d frame_off=0x7836d vm_ip=0x731c74ec045a vm_ip_off=0x2c045a vm_flags=0x2a040889 vm_state=0x978d01e4 vm_byte=0x3a table=0x731c74cc3718 table_off=0xc3718 rax=0x731c74c784dd rbx=0x0 rcx=0x12 rdx=0x731c74cc291a rsi=0x731c74cc3f62 rdi=0xb20 r8=0x731c74cc4238 r9=0x731c74c783ee r10=0x731c74c784dd r11=0x12 r12=0x731c7ccfffdf r13=0x731c458e784d r14=0x731c74c784cf r15=0x731c74c78377 rbp=0x731c74c7836d rsp=0x731c74bfdf30 mem_rbx=? mem_rdi=? mem_r9=0x731c5a829e91 mem_r10=0x978d01e4 mem_r12=? mem_r13=? mem_r14=0x0 ip_w0=0x224c ip_w1=0x2d ip_w2=0x80 ip_w3=0x5148 ip_w4=0x2 ip_w5=0xa5 ip_w6=0x1e8 ip_w7=0x2b ip_w8=0x74f5 ip_w9=0x99 ip_w10=0x5e8 ip_w11=0xae3a ip_w12=0x7ca5 ip_w13=0xe89e ip_w14=0xb401 ip_w15=0x5881 target=0x731c74cc291a target_off=0xc291a
[TRACE] caller=eac.elf+0x30d25c open path=/sys/class/dmi/id/sys_vendor flags=0x0
[VMTAIL] site=0x91e7f count=25 frame=0x731c74c7836d frame_off=0x7836d vm_ip=0x731c74ec045a vm_ip_off=0x2c045a vm_flags=0x2a040889 vm_state=0x978d01e4 vm_byte=0x3a table=0x731c74cc3718 table_off=0xc3718 rax=0x731c74c784dd rbx=0x0 rcx=0x12 rdx=0x731c74cc291a rsi=0x731c74cc3f62 rdi=0xb20 r8=0x731c74cc4238 r9=0x731c74c783ee r10=0x731c74c784dd r11=0x12 r12=0x731c7ccfffdf r13=0x731c458e784d r14=0x731c74c784cf r15=0x731c74c78377 rbp=0x731c74c7836d rsp=0x731c74bfdf30 mem_rbx=? mem_rdi=? mem_r9=0x731c5a829e91 mem_r10=0x978d01e4 mem_r12=? mem_r13=? mem_r14=0x0 ip_w0=0x224c ip_w1=0x2d ip_w2=0x80 ip_w3=0x5148 ip_w4=0x2 ip_w5=0xa5 ip_w6=0x1e8 ip_w7=0x2b ip_w8=0x74f5 ip_w9=0x99 ip_w10=0x5e8 ip_w11=0xae3a ip_w12=0x7ca5 ip_w13=0xe89e ip_w14=0xb401 ip_w15=0x5881 target=0x731c74cc291a target_off=0xc291a
[TRACE] caller=eac.elf+0x30d25c open path=/sys/class/dmi/id/product_name flags=0x0
[VMTAIL] site=0x91e7f count=26 frame=0x731c74c7836d frame_off=0x7836d vm_ip=0x731c74ec045a vm_ip_off=0x2c045a vm_flags=0x2a040889 vm_state=0x978d01e4 vm_byte=0x3a table=0x731c74cc3718 table_off=0xc3718 rax=0x731c74c784dd rbx=0x0 rcx=0x12 rdx=0x731c74cc291a rsi=0x731c74cc3f62 rdi=0xb20 r8=0x731c74cc4238 r9=0x731c74c783ee r10=0x731c74c784dd r11=0x12 r12=0x731c7ccfffdf r13=0x731c458e784d r14=0x731c74c784cf r15=0x731c74c78377 rbp=0x731c74c7836d rsp=0x731c74bfdf30 mem_rbx=? mem_rdi=? mem_r9=0x731c5a829e91 mem_r10=0x978d01e4 mem_r12=? mem_r13=? mem_r14=0x0 ip_w0=0x224c ip_w1=0x2d ip_w2=0x80 ip_w3=0x5148 ip_w4=0x2 ip_w5=0xa5 ip_w6=0x1e8 ip_w7=0x2b ip_w8=0x74f5 ip_w9=0x99 ip_w10=0x5e8 ip_w11=0xae3a ip_w12=0x7ca5 ip_w13=0xe89e ip_w14=0xb401 ip_w15=0x5881 target=0x731c74cc291a target_off=0xc291a
[TRACE] caller=eac.elf+0x2dc86c open path=/etc/mtab flags=0x0
[TRACE] caller=eac.elf+0x30d25c open path=/sys/class/block/nvme1n1p/device/model flags=0x0
[VMTAIL] site=0x91e7f count=27 frame=0x731c74c7836d frame_off=0x7836d vm_ip=0x731c74ec045a vm_ip_off=0x2c045a vm_flags=0x2a040889 vm_state=0x978d01e4 vm_byte=0x3a table=0x731c74cc3718 table_off=0xc3718 rax=0x731c74c784dd rbx=0x0 rcx=0x12 rdx=0x731c74cc291a rsi=0x731c74cc3f62 rdi=0xb20 r8=0x731c74cc4238 r9=0x731c74c783ee r10=0x731c74c784dd r11=0x12 r12=0x731c7ccfffdf r13=0x731c458e784d r14=0x731c74c784cf r15=0x731c74c78377 rbp=0x731c74c7836d rsp=0x731c74bfdf30 mem_rbx=? mem_rdi=? mem_r9=0x731c5a829e91 mem_r10=0x978d01e4 mem_r12=? mem_r13=? mem_r14=0x0 ip_w0=0x224c ip_w1=0x2d ip_w2=0x80 ip_w3=0x5148 ip_w4=0x2 ip_w5=0xa5 ip_w6=0x1e8 ip_w7=0x2b ip_w8=0x74f5 ip_w9=0x99 ip_w10=0x5e8 ip_w11=0xae3a ip_w12=0x7ca5 ip_w13=0xe89e ip_w14=0xb401 ip_w15=0x5881 target=0x731c74cc291a target_off=0xc291a
[TRACE] caller=eac.elf+0x2dc86c open path=/etc/mtab flags=0x0
[TRACE] caller=eac.elf+0x2ef009 opendir path=/dev/disk/by-id/
[TRACE] caller=eac.elf+0x2efed1 readlink path=/dev/disk/by-id/wwn-0x5000c500e5ee7ff3-part1 size=4096
[TRACE] caller=eac.elf+0x2f0707 realpath path=/dev/disk/by-id/../../sda1
[TRACE] caller=eac.elf+0x2efed1 readlink path=/dev/disk/by-id/ata-ST2000DM008-2UB102_ZFL6L34T-part1 size=10
[TRACE] caller=eac.elf+0x2f0707 realpath path=/dev/disk/by-id/../../sda1
[TRACE] caller=eac.elf+0x2efed1 readlink path=/dev/disk/by-id/ata-ST2000DM008-2UB102_ZFL6L34T size=10
[TRACE] caller=eac.elf+0x2f0707 realpath path=/dev/disk/by-id/../../sda
[TRACE] caller=eac.elf+0x2efed1 readlink path=/dev/disk/by-id/wwn-0x5000c500e5ee7ff3 size=9
[TRACE] caller=eac.elf+0x2f0707 realpath path=/dev/disk/by-id/../../sda
[TRACE] caller=eac.elf+0x2efed1 readlink path=/dev/disk/by-id/nvme-Micron_3400_MTFDKBA1T0TFH_22403BB5D67C_1-part1 size=9
[TRACE] caller=eac.elf+0x2f0707 realpath path=/dev/disk/by-id/../../nvm
[TRACE] caller=eac.elf+0x2efed1 readlink path=/dev/disk/by-id/nvme-Micron_3400_MTFDKBA1T0TFH_22403BB5D67C-part1 size=9
[TRACE] caller=eac.elf+0x2f0707 realpath path=/dev/disk/by-id/../../nvm
[TRACE] caller=eac.elf+0x2efed1 readlink path=/dev/disk/by-id/nvme-Micron_3400_MTFDKBA1T0TFH_22403BB5D7B2-part3 size=9
[TRACE] caller=eac.elf+0x2f0707 realpath path=/dev/disk/by-id/../../nvm
[TRACE] caller=eac.elf+0x2efed1 readlink path=/dev/disk/by-id/nvme-Micron_3400_MTFDKBA1T0TFH_22403BB5D7B2-part1 size=9
[TRACE] caller=eac.elf+0x2f0707 realpath path=/dev/disk/by-id/../../nvm
[TRACE] caller=eac.elf+0x2efed1 readlink path=/dev/disk/by-id/nvme-eui.000000000000000100a075223bb5d7b2-part2 size=9
[TRACE] caller=eac.elf+0x2f0707 realpath path=/dev/disk/by-id/../../nvm
[TRACE] caller=eac.elf+0x2efed1 readlink path=/dev/disk/by-id/nvme-eui.000000000000000100a075223bb5d7b2-part3 size=9
[TRACE] caller=eac.elf+0x2f0707 realpath path=/dev/disk/by-id/../../nvm
[TRACE] caller=eac.elf+0x2efed1 readlink path=/dev/disk/by-id/nvme-eui.000000000000000100a075223bb5d67c-part1 size=9
[TRACE] caller=eac.elf+0x2f0707 realpath path=/dev/disk/by-id/../../nvm
[TRACE] caller=eac.elf+0x2efed1 readlink path=/dev/disk/by-id/nvme-Micron_3400_MTFDKBA1T0TFH_22403BB5D7B2_1-part1 size=9
[TRACE] caller=eac.elf+0x2f0707 realpath path=/dev/disk/by-id/../../nvm
[TRACE] caller=eac.elf+0x2efed1 readlink path=/dev/disk/by-id/nvme-Micron_3400_MTFDKBA1T0TFH_22403BB5D7B2-part2 size=9
[TRACE] caller=eac.elf+0x2f0707 realpath path=/dev/disk/by-id/../../nvm
[TRACE] caller=eac.elf+0x2efed1 readlink path=/dev/disk/by-id/nvme-eui.000000000000000100a075223bb5d7b2-part1 size=9
[TRACE] caller=eac.elf+0x2f0707 realpath path=/dev/disk/by-id/../../nvm
[TRACE] caller=eac.elf+0x2efed1 readlink path=/dev/disk/by-id/nvme-Micron_3400_MTFDKBA1T0TFH_22403BB5D7B2_1-part3 size=9
[TRACE] caller=eac.elf+0x2f0707 realpath path=/dev/disk/by-id/../../nvm
[TRACE] caller=eac.elf+0x2efed1 readlink path=/dev/disk/by-id/nvme-Micron_3400_MTFDKBA1T0TFH_22403BB5D7B2_1-part2 size=9
[TRACE] caller=eac.elf+0x2f0707 realpath path=/dev/disk/by-id/../../nvm
[TRACE] caller=eac.elf+0x2efed1 readlink path=/dev/disk/by-id/nvme-Micron_3400_MTFDKBA1T0TFH_22403BB5D7B2 size=9
[TRACE] caller=eac.elf+0x2f0707 realpath path=/dev/disk/by-id/../../nvm
[TRACE] caller=eac.elf+0x2efed1 readlink path=/dev/disk/by-id/nvme-Micron_3400_MTFDKBA1T0TFH_22403BB5D7B2_1 size=9
[TRACE] caller=eac.elf+0x2f0707 realpath path=/dev/disk/by-id/../../nvm
[TRACE] caller=eac.elf+0x2efed1 readlink path=/dev/disk/by-id/nvme-eui.000000000000000100a075223bb5d7b2 size=9
[TRACE] caller=eac.elf+0x2f0707 realpath path=/dev/disk/by-id/../../nvm
[TRACE] caller=eac.elf+0x2efed1 readlink path=/dev/disk/by-id/nvme-Micron_3400_MTFDKBA1T0TFH_22403BB5D67C_1 size=9
[TRACE] caller=eac.elf+0x2f0707 realpath path=/dev/disk/by-id/../../nvm
[TRACE] caller=eac.elf+0x2efed1 readlink path=/dev/disk/by-id/nvme-eui.000000000000000100a075223bb5d67c size=9
[TRACE] caller=eac.elf+0x2f0707 realpath path=/dev/disk/by-id/../../nvm
[TRACE] caller=eac.elf+0x2efed1 readlink path=/dev/disk/by-id/nvme-Micron_3400_MTFDKBA1T0TFH_22403BB5D67C size=9
[TRACE] caller=eac.elf+0x2f0707 realpath path=/dev/disk/by-id/../../nvm
[TRACE] caller=eac.elf+0x2efed1 readlink path=/dev/disk/by-id/usb-ASMT_2235_00000000000000000000-0:0 size=9
[TRACE] caller=eac.elf+0x2f0707 realpath path=/dev/disk/by-id/../../sdb
[VMTAIL] site=0x91e7f count=28 frame=0x731c74c7836d frame_off=0x7836d vm_ip=0x731c74ec045a vm_ip_off=0x2c045a vm_flags=0x2a040889 vm_state=0x978d01e4 vm_byte=0x3a table=0x731c74cc3718 table_off=0xc3718 rax=0x731c74c784dd rbx=0x0 rcx=0x12 rdx=0x731c74cc291a rsi=0x731c74cc3f62 rdi=0xb20 r8=0x731c74cc4238 r9=0x731c74c783ee r10=0x731c74c784dd r11=0x12 r12=0x731c7ccfffdf r13=0x731c458e784d r14=0x731c74c784cf r15=0x731c74c78377 rbp=0x731c74c7836d rsp=0x731c74bfdf30 mem_rbx=? mem_rdi=? mem_r9=0x731c5a829e91 mem_r10=0x978d01e4 mem_r12=? mem_r13=? mem_r14=0x0 ip_w0=0x224c ip_w1=0x2d ip_w2=0x80 ip_w3=0x5148 ip_w4=0x2 ip_w5=0xa5 ip_w6=0x1e8 ip_w7=0x2b ip_w8=0x74f5 ip_w9=0x99 ip_w10=0x5e8 ip_w11=0xae3a ip_w12=0x7ca5 ip_w13=0xe89e ip_w14=0xb401 ip_w15=0x5881 target=0x731c74cc291a target_off=0xc291a
[TRACE] caller=eac.elf+0x30d25c open path=/proc/cpuinfo flags=0x0
[VMTAIL] site=0x91e7f count=29 frame=0x731c74c7836d frame_off=0x7836d vm_ip=0x731c74ec045a vm_ip_off=0x2c045a vm_flags=0x2a040889 vm_state=0x978d01e4 vm_byte=0x3a table=0x731c74cc3718 table_off=0xc3718 rax=0x731c74c784dd rbx=0x0 rcx=0x12 rdx=0x731c74cc291a rsi=0x731c74cc3f62 rdi=0xb20 r8=0x731c74cc4238 r9=0x731c74c783ee r10=0x731c74c784dd r11=0x12 r12=0x731c7ccfffdf r13=0x731c458e784d r14=0x731c74c784cf r15=0x731c74c78377 rbp=0x731c74c7836d rsp=0x731c74bfdf30 mem_rbx=? mem_rdi=? mem_r9=0x731c5a829e91 mem_r10=0x978d01e4 mem_r12=? mem_r13=? mem_r14=0x0 ip_w0=0x224c ip_w1=0x2d ip_w2=0x80 ip_w3=0x5148 ip_w4=0x2 ip_w5=0xa5 ip_w6=0x1e8 ip_w7=0x2b ip_w8=0x74f5 ip_w9=0x99 ip_w10=0x5e8 ip_w11=0xae3a ip_w12=0x7ca5 ip_w13=0xe89e ip_w14=0xb401 ip_w15=0x5881 target=0x731c74cc291a target_off=0xc291a
[TRACE] caller=eac.elf+0x2cb09b popen command=lshw -C display 2>/dev/null type=r DENY
[VMTAIL] site=0x91e7f count=30 frame=0x731c74c7836d frame_off=0x7836d vm_ip=0x731c74ec045a vm_ip_off=0x2c045a vm_flags=0x2a040889 vm_state=0x978d01e4 vm_byte=0x3a table=0x731c74cc3718 table_off=0xc3718 rax=0x731c74c784dd rbx=0x0 rcx=0x12 rdx=0x731c74cc291a rsi=0x731c74cc3f62 rdi=0xb20 r8=0x731c74cc4238 r9=0x731c74c783ee r10=0x731c74c784dd r11=0x12 r12=0x731c7ccfffdf r13=0x731c458e784d r14=0x731c74c784cf r15=0x731c74c78377 rbp=0x731c74c7836d rsp=0x731c74bfdf30 mem_rbx=? mem_rdi=? mem_r9=0x731c5a829e91 mem_r10=0x978d01e4 mem_r12=? mem_r13=? mem_r14=0x0 ip_w0=0x224c ip_w1=0x2d ip_w2=0x80 ip_w3=0x5148 ip_w4=0x2 ip_w5=0xa5 ip_w6=0x1e8 ip_w7=0x2b ip_w8=0x74f5 ip_w9=0x99 ip_w10=0x5e8 ip_w11=0xae3a ip_w12=0x7ca5 ip_w13=0xe89e ip_w14=0xb401 ip_w15=0x5881 target=0x731c74cc291a target_off=0xc291a
[VMTAIL] site=0x91e7f count=31 frame=0x731c74c7836d frame_off=0x7836d vm_ip=0x731c74ec045a vm_ip_off=0x2c045a vm_flags=0x2a040889 vm_state=0x978d01e4 vm_byte=0x3a table=0x731c74cc3718 table_off=0xc3718 rax=0x731c74c784dd rbx=0x0 rcx=0x12 rdx=0x731c74cc291a rsi=0x731c74cc3f62 rdi=0xb20 r8=0x731c74cc4238 r9=0x731c74c783ee r10=0x731c74c784dd r11=0x12 r12=0x731c7ccfffdf r13=0x731c458e784d r14=0x731c74c784cf r15=0x731c74c78377 rbp=0x731c74c7836d rsp=0x731c74bfdf30 mem_rbx=? mem_rdi=? mem_r9=0x731c5a829e91 mem_r10=0x978d01e4 mem_r12=? mem_r13=? mem_r14=0x0 ip_w0=0x224c ip_w1=0x2d ip_w2=0x80 ip_w3=0x5148 ip_w4=0x2 ip_w5=0xa5 ip_w6=0x1e8 ip_w7=0x2b ip_w8=0x74f5 ip_w9=0x99 ip_w10=0x5e8 ip_w11=0xae3a ip_w12=0x7ca5 ip_w13=0xe89e ip_w14=0xb401 ip_w15=0x5881 target=0x731c74cc291a target_off=0xc291a
[TRACE] caller=eac.elf+0x30d25c open path=/etc/machine-id flags=0x0
[VMTAIL] site=0x91e7f count=32 frame=0x731c74c7836d frame_off=0x7836d vm_ip=0x731c74ec045a vm_ip_off=0x2c045a vm_flags=0x2a040889 vm_state=0x978d01e4 vm_byte=0x3a table=0x731c74cc3718 table_off=0xc3718 rax=0x731c74c784dd rbx=0x0 rcx=0x12 rdx=0x731c74cc291a rsi=0x731c74cc3f62 rdi=0xb20 r8=0x731c74cc4238 r9=0x731c74c783ee r10=0x731c74c784dd r11=0x12 r12=0x731c7ccfffdf r13=0x731c458e784d r14=0x731c74c784cf r15=0x731c74c78377 rbp=0x731c74c7836d rsp=0x731c74bfdf30 mem_rbx=? mem_rdi=? mem_r9=0x731c5a829e91 mem_r10=0x978d01e4 mem_r12=? mem_r13=? mem_r14=0x0 ip_w0=0x224c ip_w1=0x2d ip_w2=0x80 ip_w3=0x5148 ip_w4=0x2 ip_w5=0xa5 ip_w6=0x1e8 ip_w7=0x2b ip_w8=0x74f5 ip_w9=0x99 ip_w10=0x5e8 ip_w11=0xae3a ip_w12=0x7ca5 ip_w13=0xe89e ip_w14=0xb401 ip_w15=0x5881 target=0x731c74cc291a target_off=0xc291a
[TRACE] caller=eac.elf+0x30d25c open path=/etc/hostname flags=0x0
[VMTAIL] site=0x91e7f count=33 frame=0x731c74c7836d frame_off=0x7836d vm_ip=0x731c74ec045a vm_ip_off=0x2c045a vm_flags=0x2a040889 vm_state=0x978d01e4 vm_byte=0x3a table=0x731c74cc3718 table_off=0xc3718 rax=0x731c74c784dd rbx=0x0 rcx=0x12 rdx=0x731c74cc291a rsi=0x731c74cc3f62 rdi=0xb20 r8=0x731c74cc4238 r9=0x731c74c783ee r10=0x731c74c784dd r11=0x12 r12=0x731c7ccfffdf r13=0x731c458e784d r14=0x731c74c784cf r15=0x731c74c78377 rbp=0x731c74c7836d rsp=0x731c74bfdf30 mem_rbx=? mem_rdi=? mem_r9=0x731c5a829e91 mem_r10=0x978d01e4 mem_r12=? mem_r13=? mem_r14=0x0 ip_w0=0x224c ip_w1=0x2d ip_w2=0x80 ip_w3=0x5148 ip_w4=0x2 ip_w5=0xa5 ip_w6=0x1e8 ip_w7=0x2b ip_w8=0x74f5 ip_w9=0x99 ip_w10=0x5e8 ip_w11=0xae3a ip_w12=0x7ca5 ip_w13=0xe89e ip_w14=0xb401 ip_w15=0x5881 target=0x731c74cc291a target_off=0xc291a
[VMTAIL] site=0x91e7f count=34 frame=0x731c74c7836d frame_off=0x7836d vm_ip=0x731c74ec045a vm_ip_off=0x2c045a vm_flags=0x2a040889 vm_state=0x978d01e4 vm_byte=0x3a table=0x731c74cc3718 table_off=0xc3718 rax=0x731c74c784dd rbx=0x0 rcx=0x12 rdx=0x731c74cc291a rsi=0x731c74cc3f62 rdi=0xb20 r8=0x731c74cc4238 r9=0x731c74c783ee r10=0x731c74c784dd r11=0x12 r12=0x731c7ccfffdf r13=0x731c458e784d r14=0x731c74c784cf r15=0x731c74c78377 rbp=0x731c74c7836d rsp=0x731c74bfdf30 mem_rbx=? mem_rdi=? mem_r9=0x731c5a829e91 mem_r10=0x978d01e4 mem_r12=? mem_r13=? mem_r14=0x0 ip_w0=0x224c ip_w1=0x2d ip_w2=0x80 ip_w3=0x5148 ip_w4=0x2 ip_w5=0xa5 ip_w6=0x1e8 ip_w7=0x2b ip_w8=0x74f5 ip_w9=0x99 ip_w10=0x5e8 ip_w11=0xae3a ip_w12=0x7ca5 ip_w13=0xe89e ip_w14=0xb401 ip_w15=0x5881 target=0x731c74cc291a target_off=0xc291a
[TRACE] caller=eac.elf+0x30ac70 open path=/etc/os-release flags=0x0
[VMTAIL] site=0x91e7f count=35 frame=0x731c74c7836d frame_off=0x7836d vm_ip=0x731c74ec045a vm_ip_off=0x2c045a vm_flags=0x2a040889 vm_state=0x978d01e4 vm_byte=0x3a table=0x731c74cc3718 table_off=0xc3718 rax=0x731c74c784dd rbx=0x0 rcx=0x12 rdx=0x731c74cc291a rsi=0x731c74cc3f62 rdi=0xb20 r8=0x731c74cc4238 r9=0x731c74c783ee r10=0x731c74c784dd r11=0x12 r12=0x731c7ccfffdf r13=0x731c458e784d r14=0x731c74c784cf r15=0x731c74c78377 rbp=0x731c74c7836d rsp=0x731c74bfdf30 mem_rbx=? mem_rdi=? mem_r9=0x731c5a829e91 mem_r10=0x978d01e4 mem_r12=? mem_r13=? mem_r14=0x0 ip_w0=0x224c ip_w1=0x2d ip_w2=0x80 ip_w3=0x5148 ip_w4=0x2 ip_w5=0xa5 ip_w6=0x1e8 ip_w7=0x2b ip_w8=0x74f5 ip_w9=0x99 ip_w10=0x5e8 ip_w11=0xae3a ip_w12=0x7ca5 ip_w13=0xe89e ip_w14=0xb401 ip_w15=0x5881 target=0x731c74cc291a target_off=0xc291a
[VMTAIL] site=0x91e7f count=36 frame=0x731c74c7836d frame_off=0x7836d vm_ip=0x731c74ec045a vm_ip_off=0x2c045a vm_flags=0x2a040889 vm_state=0x978d01e4 vm_byte=0x3a table=0x731c74cc3718 table_off=0xc3718 rax=0x731c74c784dd rbx=0x0 rcx=0x12 rdx=0x731c74cc291a rsi=0x731c74cc3f62 rdi=0xb20 r8=0x731c74cc4238 r9=0x731c74c783ee r10=0x731c74c784dd r11=0x12 r12=0x731c7ccfffdf r13=0x731c458e784d r14=0x731c74c784cf r15=0x731c74c78377 rbp=0x731c74c7836d rsp=0x731c74bfdf30 mem_rbx=? mem_rdi=? mem_r9=0x731c5a829e91 mem_r10=0x978d01e4 mem_r12=? mem_r13=? mem_r14=0x0 ip_w0=0x224c ip_w1=0x2d ip_w2=0x80 ip_w3=0x5148 ip_w4=0x2 ip_w5=0xa5 ip_w6=0x1e8 ip_w7=0x2b ip_w8=0x74f5 ip_w9=0x99 ip_w10=0x5e8 ip_w11=0xae3a ip_w12=0x7ca5 ip_w13=0xe89e ip_w14=0xb401 ip_w15=0x5881 target=0x731c74cc291a target_off=0xc291a
[TRACE] caller=eac.elf+0x2f9551 open path=/proc/net/route flags=0x0
[TRACE] caller=eac.elf+0x305069 opendir path=/sys/class/net
[TRACE] caller=eac.elf+0x305d88 readlink path=/sys/class/net/enxce0c6f149a89 size=4096
[TRACE] caller=eac.elf+0x306735 realpath path=/sys/class/net/../../devices/pci0000:00/0000:00:14.0/usb1/1-7/1-7:1.0/net/enxce0c6f149a89
[TRACE] caller=eac.elf+0x30d25c open path=/sys/devices/pci0000:00/0000:00:14.0/usb1/1-7/1-7:1.0/net/enxce0c6f149a89/address flags=0x0
[VMTAIL] site=0x91e7f count=37 frame=0x731c74c7836d frame_off=0x7836d vm_ip=0x731c74ec045a vm_ip_off=0x2c045a vm_flags=0x2a040889 vm_state=0x978d01e4 vm_byte=0x3a table=0x731c74cc3718 table_off=0xc3718 rax=0x731c74c784dd rbx=0x0 rcx=0x12 rdx=0x731c74cc291a rsi=0x731c74cc3f62 rdi=0xb20 r8=0x731c74cc4238 r9=0x731c74c783ee r10=0x731c74c784dd r11=0x12 r12=0x731c7ccfffdf r13=0x731c458e784d r14=0x731c74c784cf r15=0x731c74c78377 rbp=0x731c74c7836d rsp=0x731c74bfdf30 mem_rbx=? mem_rdi=? mem_r9=0x731c5a829e91 mem_r10=0x978d01e4 mem_r12=? mem_r13=? mem_r14=0x0 ip_w0=0x224c ip_w1=0x2d ip_w2=0x80 ip_w3=0x5148 ip_w4=0x2 ip_w5=0xa5 ip_w6=0x1e8 ip_w7=0x2b ip_w8=0x74f5 ip_w9=0x99 ip_w10=0x5e8 ip_w11=0xae3a ip_w12=0x7ca5 ip_w13=0xe89e ip_w14=0xb401 ip_w15=0x5881 target=0x731c74cc291a target_off=0xc291a
[VMTAIL] site=0x91e7f count=38 frame=0x731c74c7836d frame_off=0x7836d vm_ip=0x731c74ec045a vm_ip_off=0x2c045a vm_flags=0x2a040889 vm_state=0x978d01e4 vm_byte=0x3a table=0x731c74cc3718 table_off=0xc3718 rax=0x731c74c784dd rbx=0x0 rcx=0x12 rdx=0x731c74cc291a rsi=0x731c74cc3f62 rdi=0xb20 r8=0x731c74cc4238 r9=0x731c74c783ee r10=0x731c74c784dd r11=0x12 r12=0x731c7ccfffdf r13=0x731c458e784d r14=0x731c74c784cf r15=0x731c74c78377 rbp=0x731c74c7836d rsp=0x731c74bfdf30 mem_rbx=? mem_rdi=? mem_r9=0x731c5a829e91 mem_r10=0x978d01e4 mem_r12=? mem_r13=? mem_r14=0x0 ip_w0=0x224c ip_w1=0x2d ip_w2=0x80 ip_w3=0x5148 ip_w4=0x2 ip_w5=0xa5 ip_w6=0x1e8 ip_w7=0x2b ip_w8=0x74f5 ip_w9=0x99 ip_w10=0x5e8 ip_w11=0xae3a ip_w12=0x7ca5 ip_w13=0xe89e ip_w14=0xb401 ip_w15=0x5881 target=0x731c74cc291a target_off=0xc291a
[VMTAIL] site=0x91e7f count=39 frame=0x731c74c7836d frame_off=0x7836d vm_ip=0x731c74ec045a vm_ip_off=0x2c045a vm_flags=0x2a040889 vm_state=0x978d01e4 vm_byte=0x3a table=0x731c74cc3718 table_off=0xc3718 rax=0x731c74c784dd rbx=0x0 rcx=0x12 rdx=0x731c74cc291a rsi=0x731c74cc3f62 rdi=0xb20 r8=0x731c74cc4238 r9=0x731c74c783ee r10=0x731c74c784dd r11=0x12 r12=0x731c7ccfffdf r13=0x731c458e784d r14=0x731c74c784cf r15=0x731c74c78377 rbp=0x731c74c7836d rsp=0x731c74bfdf30 mem_rbx=? mem_rdi=? mem_r9=0x731c5a829e91 mem_r10=0x978d01e4 mem_r12=? mem_r13=? mem_r14=0x0 ip_w0=0x224c ip_w1=0x2d ip_w2=0x80 ip_w3=0x5148 ip_w4=0x2 ip_w5=0xa5 ip_w6=0x1e8 ip_w7=0x2b ip_w8=0x74f5 ip_w9=0x99 ip_w10=0x5e8 ip_w11=0xae3a ip_w12=0x7ca5 ip_w13=0xe89e ip_w14=0xb401 ip_w15=0x5881 target=0x731c74cc291a target_off=0xc291a
[VMTAIL] site=0x91e7f count=40 frame=0x731c74c7836d frame_off=0x7836d vm_ip=0x731c74ec045a vm_ip_off=0x2c045a vm_flags=0x2a040889 vm_state=0x978d01e4 vm_byte=0x3a table=0x731c74cc3718 table_off=0xc3718 rax=0x731c74c784dd rbx=0x0 rcx=0x12 rdx=0x731c74cc291a rsi=0x731c74cc3f62 rdi=0xb20 r8=0x731c74cc4238 r9=0x731c74c783ee r10=0x731c74c784dd r11=0x12 r12=0x731c7ccfffdf r13=0x731c458e784d r14=0x731c74c784cf r15=0x731c74c78377 rbp=0x731c74c7836d rsp=0x731c74bfdf30 mem_rbx=? mem_rdi=? mem_r9=0x731c5a829e91 mem_r10=0x978d01e4 mem_r12=? mem_r13=? mem_r14=0x0 ip_w0=0x224c ip_w1=0x2d ip_w2=0x80 ip_w3=0x5148 ip_w4=0x2 ip_w5=0xa5 ip_w6=0x1e8 ip_w7=0x2b ip_w8=0x74f5 ip_w9=0x99 ip_w10=0x5e8 ip_w11=0xae3a ip_w12=0x7ca5 ip_w13=0xe89e ip_w14=0xb401 ip_w15=0x5881 target=0x731c74cc291a target_off=0xc291a
[VMTAIL] site=0x9d961 count=41 frame=0x731c74c7836d frame_off=0x7836d vm_ip=0x731c74e304b8 vm_ip_off=0x2304b8 vm_flags=0x111280 vm_state=0x3f062202 vm_byte=0x3a table=0x731c74cc3718 table_off=0xc3718 rax=0x731c74c78390 rbx=0x731c74c7f3f9 rcx=0x731c74c784dd rdx=0x731bf4c7844f rsi=0x618 rdi=0x6f6cf927a r8=0x731c74cc3d30 r9=0x731c74c78390 r10=0x731c74c78377 r11=0x731c74c784dd r12=0xf1 r13=0x731c74c9fb50 r14=0x731c74c9ffff r15=0x731c7dfcad12 rbp=0x731c74c7836d rsp=0x731c74bfe330 mem_rbx=0x4900000001c2c748 mem_rdi=? mem_r9=0x300000111280 mem_r10=0x731c74e304b8 mem_r12=? mem_r13=0x4900000000c5c749 mem_r14=0xc88149da31490000 ip_w0=0x4d7b ip_w1=0x4 ip_w2=0x80 ip_w3=0xf741 ip_w4=0x9cf2 ip_w5=0x5241 ip_w6=0x8348 ip_w7=0x8ec ip_w8=0x894c ip_w9=0x2414 ip_w10=0x5a41 ip_w11=0x4851 ip_w12=0x36b9 ip_w13=0x1 ip_w14=0x0 ip_w15=0x0 target=0x731c74c9fb50 target_off=0x9fb50
[VMTAIL] site=0x992ca count=42 frame=0x731c74c7836d frame_off=0x7836d vm_ip=0x731c74cd1445 vm_ip_off=0xd1445 vm_flags=0xc032108 vm_state=0x4001032f vm_byte=0x3a table=0x731c74cc3718 table_off=0xc3718 rax=0xc032108 rbx=0x0 rcx=0x731c74cc3c90 rdx=0x578 rsi=0x731c74c784dd rdi=0x13723d9d r8=0x0 r9=0x731c74c78377 r10=0x731c74c78521 r11=0xffffffffe995fd1f r12=0xffff19c7226e6575 r13=0x731c74c9c08f r14=0x731c74c783de r15=0x102010 rbp=0x731c74c7836d rsp=0x731c74bfe338 mem_rbx=? mem_rdi=? mem_r9=0x731c74cd1445 mem_r10=0x0 mem_r12=? mem_r13=0x4800000000c6c749 mem_r14=0x1a44e5ef ip_w0=0x17cb ip_w1=0x2 ip_w2=0x80 ip_w3=0x689c ip_w4=0x3ba7 ip_w5=0x33c ip_w6=0x8948 ip_w7=0x2404 ip_w8=0x4850 ip_w9=0x2c81 ip_w10=0xdf24 ip_w11=0x4e91 ip_w12=0x482b ip_w13=0x48b ip_w14=0x4824 ip_w15=0xc483 target=0x731c74c9c08f target_off=0x9c08f
[DRIVER] VMTAIL focus stop hits=42 vm_ip_off=0xd1445
