[TRACE] caller=libselinux.so.1+0xee1d fopen64 path=/proc/filesystems mode=re
[TRACE] caller=timeout+0x324f7b mprotect addr=0x7ce79c788000 len=0x1000 prot=0x0
[TRACE] caller=timeout+0x319b3f getenv name=LANG -> set
[TRACE] caller=timeout+0x33547e open64 path=/usr/share/coreutils/locales/uucore/en-US.ftl flags=0x80000
[TRACE] caller=timeout+0x33547e open64 path=/usr/share/coreutils/locales/timeout/en-US.ftl flags=0x80000
[TRACE] caller=timeout+0x319b3f getenv name=NO_COLOR -> set
[TRACE] caller=timeout+0x3124be recv fd=3 len=8 flags=0x0 ret=0 data=
[DRIVER] dlopen path=./eac.elf
[TRACE] caller=driver+0x1608 dlopen file=./eac.elf flags=0x2
[DRIVER] dlsym x=0x79186e4380dc
[TRACE] caller=driver+0x26c5 getenv name=EAC_DISPATCH_TRACE -> set
[TRACE] caller=driver+0x26c5 getenv name=EAC_PROBE_TRACE -> null
[TRACE] caller=driver+0x1a99 getenv name=EAC_DISPATCH_LIMIT -> set
[TRACE] caller=driver+0x26c5 getenv name=EAC_DISPATCH_DETAIL -> null
[TRACE] caller=driver+0x1b01 getenv name=EAC_DISPATCH_STOP_AFTER_MATCHES -> null
[TRACE] caller=driver+0x1b2b getenv name=EAC_DISPATCH_EXTRA_SITES -> null
[TRACE] caller=driver+0x1b41 getenv name=EAC_DISPATCH_FOCUS_SITES -> null
[TRACE] caller=driver+0x1b7a getenv name=EAC_PROBE_LIMIT -> null
[TRACE] caller=driver+0x1baf getenv name=EAC_PROBE_STOP_AFTER_MATCHES -> null
[TRACE] caller=driver+0x1bce getenv name=EAC_PROBE_SITES -> null
[TRACE] caller=driver+0x26c5 getenv name=EAC_VMTAIL_TRACE -> set
[TRACE] caller=driver+0x26c5 getenv name=EAC_VMTAIL_REGS -> set
[TRACE] caller=driver+0x26c5 getenv name=EAC_VMTAIL_SCRATCH -> set
[TRACE] caller=driver+0x26c5 getenv name=EAC_VMTAIL_MEM -> null
[TRACE] caller=driver+0x1c2a getenv name=EAC_VMTAIL_MEM_REGS -> null
[TRACE] caller=driver+0x1c44 getenv name=EAC_VMTAIL_LIMIT -> set
[TRACE] caller=driver+0x1c9a getenv name=EAC_VMTAIL_FOCUS_IPS -> set
[TRACE] caller=driver+0x1cae getenv name=EAC_VMTAIL_FOCUS_SITES -> null
[TRACE] caller=driver+0x1cc2 getenv name=EAC_VMTAIL_STOP_AFTER_MATCHES -> set
[TRACE] caller=driver+0x1d05 getenv name=EAC_VMTAIL_SITES -> set
[TRACE] caller=driver+0x1d27 getenv name=EAC_VMTAIL_SCRATCH_OFFSETS -> null
[TRACE] caller=driver+0x34a9 fopen path=/proc/self/maps mode=r
[TRACE] caller=driver+0x47ec mprotect addr=0x79186e4c8000 len=0x1000 prot=0x7
[TRACE] caller=driver+0x47ec mprotect addr=0x79186e4cd000 len=0x1000 prot=0x7
[TRACE] caller=driver+0x47ec mprotect addr=0x79186e481000 len=0x1000 prot=0x7
[TRACE] caller=driver+0x47ec mprotect addr=0x79186e48a000 len=0x1000 prot=0x7
[TRACE] caller=driver+0x47ec mprotect addr=0x79186e49a000 len=0x1000 prot=0x7
[TRACE] caller=driver+0x47ec mprotect addr=0x79186e49b000 len=0x1000 prot=0x7
[TRACE] caller=driver+0x47ec mprotect addr=0x79186e49b000 len=0x1000 prot=0x7
[TRACE] caller=driver+0x47ec mprotect addr=0x79186e4b8000 len=0x1000 prot=0x7
[TRACE] caller=driver+0x47ec mprotect addr=0x79186e4bb000 len=0x1000 prot=0x7
[TRACE] caller=driver+0x47ec mprotect addr=0x79186e4bb000 len=0x1000 prot=0x7
[TRACE] caller=driver+0x47ec mprotect addr=0x79186e4c2000 len=0x1000 prot=0x7
[TRACE] caller=driver+0x47ec mprotect addr=0x79186e49c000 len=0x1000 prot=0x7
[TRACE] caller=driver+0x47ec mprotect addr=0x79186e4a0000 len=0x1000 prot=0x7
[TRACE] caller=driver+0x47ec mprotect addr=0x79186e4b2000 len=0x1000 prot=0x7
[TRACE] caller=driver+0x47ec mprotect addr=0x79186e4b7000 len=0x1000 prot=0x7
[TRACE] caller=driver+0x47ec mprotect addr=0x79186e4c2000 len=0x1000 prot=0x7
[TRACE] caller=driver+0x47ec mprotect addr=0x79186e478000 len=0x1000 prot=0x7
[TRACE] caller=driver+0x47ec mprotect addr=0x79186e478000 len=0x1000 prot=0x7
[TRACE] caller=driver+0x47ec mprotect addr=0x79186e479000 len=0x1000 prot=0x7
[TRACE] caller=driver+0x47ec mprotect addr=0x79186e479000 len=0x1000 prot=0x7
[TRACE] caller=driver+0x47ec mprotect addr=0x79186e479000 len=0x1000 prot=0x7
[TRACE] caller=driver+0x47ec mprotect addr=0x79186e479000 len=0x1000 prot=0x7
[TRACE] caller=driver+0x47ec mprotect addr=0x79186e47a000 len=0x1000 prot=0x7
[TRACE] caller=driver+0x47ec mprotect addr=0x79186e47a000 len=0x1000 prot=0x7
[TRACE] caller=driver+0x47ec mprotect addr=0x79186e47a000 len=0x1000 prot=0x7
[TRACE] caller=driver+0x47ec mprotect addr=0x79186e47a000 len=0x1000 prot=0x7
[TRACE] caller=driver+0x47ec mprotect addr=0x79186e47b000 len=0x1000 prot=0x7
[TRACE] caller=driver+0x47ec mprotect addr=0x79186e47b000 len=0x1000 prot=0x7
[TRACE] caller=driver+0x47ec mprotect addr=0x79186e47b000 len=0x1000 prot=0x7
[TRACE] caller=driver+0x47ec mprotect addr=0x79186e47b000 len=0x1000 prot=0x7
[TRACE] caller=driver+0x47ec mprotect addr=0x79186e47c000 len=0x1000 prot=0x7
[TRACE] caller=driver+0x47ec mprotect addr=0x79186e47c000 len=0x1000 prot=0x7
[TRACE] caller=driver+0x47ec mprotect addr=0x79186e47c000 len=0x1000 prot=0x7
[TRACE] caller=driver+0x47ec mprotect addr=0x79186e47d000 len=0x1000 prot=0x7
[TRACE] caller=driver+0x47ec mprotect addr=0x79186e47d000 len=0x1000 prot=0x7
[TRACE] caller=driver+0x47ec mprotect addr=0x79186e47d000 len=0x1000 prot=0x7
[TRACE] caller=driver+0x47ec mprotect addr=0x79186e47d000 len=0x1000 prot=0x7
[TRACE] caller=driver+0x47ec mprotect addr=0x79186e47d000 len=0x1000 prot=0x7
[TRACE] caller=driver+0x47ec mprotect addr=0x79186e47e000 len=0x1000 prot=0x7
[TRACE] caller=driver+0x47ec mprotect addr=0x79186e47e000 len=0x1000 prot=0x7
[TRACE] caller=driver+0x47ec mprotect addr=0x79186e47e000 len=0x1000 prot=0x7
[TRACE] caller=driver+0x47ec mprotect addr=0x79186e47e000 len=0x1000 prot=0x7
[TRACE] caller=driver+0x47ec mprotect addr=0x79186e47f000 len=0x1000 prot=0x7
[TRACE] caller=driver+0x47ec mprotect addr=0x79186e47f000 len=0x1000 prot=0x7
[TRACE] caller=driver+0x47ec mprotect addr=0x79186e47f000 len=0x1000 prot=0x7
[TRACE] caller=driver+0x47ec mprotect addr=0x79186e480000 len=0x1000 prot=0x7
[TRACE] caller=driver+0x47ec mprotect addr=0x79186e480000 len=0x1000 prot=0x7
[TRACE] caller=driver+0x47ec mprotect addr=0x79186e480000 len=0x1000 prot=0x7
[TRACE] caller=driver+0x47ec mprotect addr=0x79186e480000 len=0x1000 prot=0x7
[TRACE] caller=driver+0x47ec mprotect addr=0x79186e481000 len=0x1000 prot=0x7
[TRACE] caller=driver+0x47ec mprotect addr=0x79186e481000 len=0x1000 prot=0x7
[TRACE] caller=driver+0x47ec mprotect addr=0x79186e481000 len=0x1000 prot=0x7
[TRACE] caller=driver+0x47ec mprotect addr=0x79186e481000 len=0x1000 prot=0x7
[TRACE] caller=driver+0x47ec mprotect addr=0x79186e481000 len=0x1000 prot=0x7
[TRACE] caller=driver+0x47ec mprotect addr=0x79186e482000 len=0x1000 prot=0x7
[TRACE] caller=driver+0x47ec mprotect addr=0x79186e482000 len=0x1000 prot=0x7
[TRACE] caller=driver+0x47ec mprotect addr=0x79186e482000 len=0x1000 prot=0x7
[TRACE] caller=driver+0x47ec mprotect addr=0x79186e482000 len=0x1000 prot=0x7
[TRACE] caller=driver+0x47ec mprotect addr=0x79186e482000 len=0x1000 prot=0x7
[TRACE] caller=driver+0x47ec mprotect addr=0x79186e483000 len=0x1000 prot=0x7
[TRACE] caller=driver+0x47ec mprotect addr=0x79186e483000 len=0x1000 prot=0x7
[TRACE] caller=driver+0x47ec mprotect addr=0x79186e483000 len=0x1000 prot=0x7
[TRACE] caller=driver+0x47ec mprotect addr=0x79186e483000 len=0x1000 prot=0x7
[TRACE] caller=driver+0x47ec mprotect addr=0x79186e484000 len=0x1000 prot=0x7
[TRACE] caller=driver+0x47ec mprotect addr=0x79186e484000 len=0x1000 prot=0x7
[TRACE] caller=driver+0x47ec mprotect addr=0x79186e484000 len=0x1000 prot=0x7
[TRACE] caller=driver+0x47ec mprotect addr=0x79186e484000 len=0x1000 prot=0x7
[TRACE] caller=driver+0x47ec mprotect addr=0x79186e484000 len=0x1000 prot=0x7
[TRACE] caller=driver+0x47ec mprotect addr=0x79186e484000 len=0x1000 prot=0x7
[TRACE] caller=driver+0x47ec mprotect addr=0x79186e485000 len=0x1000 prot=0x7
[TRACE] caller=driver+0x47ec mprotect addr=0x79186e485000 len=0x1000 prot=0x7
[TRACE] caller=driver+0x47ec mprotect addr=0x79186e485000 len=0x1000 prot=0x7
[TRACE] caller=driver+0x47ec mprotect addr=0x79186e485000 len=0x1000 prot=0x7
[TRACE] caller=driver+0x47ec mprotect addr=0x79186e485000 len=0x1000 prot=0x7
[TRACE] caller=driver+0x47ec mprotect addr=0x79186e485000 len=0x1000 prot=0x7
[TRACE] caller=driver+0x47ec mprotect addr=0x79186e486000 len=0x1000 prot=0x7
[TRACE] caller=driver+0x47ec mprotect addr=0x79186e486000 len=0x1000 prot=0x7
[TRACE] caller=driver+0x47ec mprotect addr=0x79186e486000 len=0x1000 prot=0x7
[TRACE] caller=driver+0x47ec mprotect addr=0x79186e486000 len=0x1000 prot=0x7
[TRACE] caller=driver+0x47ec mprotect addr=0x79186e487000 len=0x1000 prot=0x7
[TRACE] caller=driver+0x47ec mprotect addr=0x79186e487000 len=0x1000 prot=0x7
[TRACE] caller=driver+0x47ec mprotect addr=0x79186e488000 len=0x1000 prot=0x7
[TRACE] caller=driver+0x47ec mprotect addr=0x79186e488000 len=0x1000 prot=0x7
[TRACE] caller=driver+0x47ec mprotect addr=0x79186e488000 len=0x1000 prot=0x7
[TRACE] caller=driver+0x47ec mprotect addr=0x79186e489000 len=0x1000 prot=0x7
[TRACE] caller=driver+0x47ec mprotect addr=0x79186e489000 len=0x1000 prot=0x7
[TRACE] caller=driver+0x47ec mprotect addr=0x79186e489000 len=0x1000 prot=0x7
[TRACE] caller=driver+0x47ec mprotect addr=0x79186e489000 len=0x1000 prot=0x7
[TRACE] caller=driver+0x47ec mprotect addr=0x79186e48a000 len=0x1000 prot=0x7
[TRACE] caller=driver+0x47ec mprotect addr=0x79186e48a000 len=0x1000 prot=0x7
[TRACE] caller=driver+0x47ec mprotect addr=0x79186e48b000 len=0x1000 prot=0x7
[TRACE] caller=driver+0x47ec mprotect addr=0x79186e48b000 len=0x1000 prot=0x7
[TRACE] caller=driver+0x47ec mprotect addr=0x79186e48b000 len=0x1000 prot=0x7
[TRACE] caller=driver+0x47ec mprotect addr=0x79186e48b000 len=0x1000 prot=0x7
[TRACE] caller=driver+0x47ec mprotect addr=0x79186e48b000 len=0x1000 prot=0x7
[TRACE] caller=driver+0x47ec mprotect addr=0x79186e48c000 len=0x1000 prot=0x7
[TRACE] caller=driver+0x47ec mprotect addr=0x79186e48c000 len=0x1000 prot=0x7
[TRACE] caller=driver+0x47ec mprotect addr=0x79186e48c000 len=0x1000 prot=0x7
[TRACE] caller=driver+0x47ec mprotect addr=0x79186e48c000 len=0x1000 prot=0x7
[TRACE] caller=driver+0x47ec mprotect addr=0x79186e48c000 len=0x1000 prot=0x7
[TRACE] caller=driver+0x47ec mprotect addr=0x79186e48d000 len=0x1000 prot=0x7
[TRACE] caller=driver+0x47ec mprotect addr=0x79186e48d000 len=0x1000 prot=0x7
[TRACE] caller=driver+0x47ec mprotect addr=0x79186e48e000 len=0x1000 prot=0x7
[TRACE] caller=driver+0x47ec mprotect addr=0x79186e48e000 len=0x1000 prot=0x7
[TRACE] caller=driver+0x47ec mprotect addr=0x79186e48e000 len=0x1000 prot=0x7
[TRACE] caller=driver+0x47ec mprotect addr=0x79186e48e000 len=0x1000 prot=0x7
[TRACE] caller=driver+0x47ec mprotect addr=0x79186e48f000 len=0x1000 prot=0x7
[TRACE] caller=driver+0x47ec mprotect addr=0x79186e48f000 len=0x1000 prot=0x7
[TRACE] caller=driver+0x47ec mprotect addr=0x79186e48f000 len=0x1000 prot=0x7
[TRACE] caller=driver+0x47ec mprotect addr=0x79186e48f000 len=0x1000 prot=0x7
[TRACE] caller=driver+0x47ec mprotect addr=0x79186e490000 len=0x1000 prot=0x7
[TRACE] caller=driver+0x47ec mprotect addr=0x79186e490000 len=0x1000 prot=0x7
[TRACE] caller=driver+0x47ec mprotect addr=0x79186e490000 len=0x1000 prot=0x7
[TRACE] caller=driver+0x47ec mprotect addr=0x79186e490000 len=0x1000 prot=0x7
[TRACE] caller=driver+0x47ec mprotect addr=0x79186e490000 len=0x1000 prot=0x7
[TRACE] caller=driver+0x47ec mprotect addr=0x79186e491000 len=0x1000 prot=0x7
[TRACE] caller=driver+0x47ec mprotect addr=0x79186e491000 len=0x1000 prot=0x7
[TRACE] caller=driver+0x47ec mprotect addr=0x79186e491000 len=0x1000 prot=0x7
[TRACE] caller=driver+0x47ec mprotect addr=0x79186e491000 len=0x1000 prot=0x7
[TRACE] caller=driver+0x47ec mprotect addr=0x79186e491000 len=0x1000 prot=0x7
[TRACE] caller=driver+0x47ec mprotect addr=0x79186e492000 len=0x1000 prot=0x7
[TRACE] caller=driver+0x47ec mprotect addr=0x79186e492000 len=0x1000 prot=0x7
[TRACE] caller=driver+0x47ec mprotect addr=0x79186e492000 len=0x1000 prot=0x7
[TRACE] caller=driver+0x47ec mprotect addr=0x79186e492000 len=0x1000 prot=0x7
[TRACE] caller=driver+0x47ec mprotect addr=0x79186e493000 len=0x1000 prot=0x7
[TRACE] caller=driver+0x47ec mprotect addr=0x79186e493000 len=0x1000 prot=0x7
[TRACE] caller=driver+0x47ec mprotect addr=0x79186e493000 len=0x1000 prot=0x7
[TRACE] caller=driver+0x47ec mprotect addr=0x79186e494000 len=0x1000 prot=0x7
[TRACE] caller=driver+0x47ec mprotect addr=0x79186e494000 len=0x1000 prot=0x7
[TRACE] caller=driver+0x47ec mprotect addr=0x79186e494000 len=0x1000 prot=0x7
[TRACE] caller=driver+0x47ec mprotect addr=0x79186e494000 len=0x1000 prot=0x7
[TRACE] caller=driver+0x47ec mprotect addr=0x79186e494000 len=0x1000 prot=0x7
[TRACE] caller=driver+0x47ec mprotect addr=0x79186e495000 len=0x1000 prot=0x7
[TRACE] caller=driver+0x47ec mprotect addr=0x79186e495000 len=0x1000 prot=0x7
[TRACE] caller=driver+0x47ec mprotect addr=0x79186e495000 len=0x1000 prot=0x7
[TRACE] caller=driver+0x47ec mprotect addr=0x79186e495000 len=0x1000 prot=0x7
[TRACE] caller=driver+0x47ec mprotect addr=0x79186e496000 len=0x1000 prot=0x7
[TRACE] caller=driver+0x47ec mprotect addr=0x79186e496000 len=0x1000 prot=0x7
[TRACE] caller=driver+0x47ec mprotect addr=0x79186e496000 len=0x1000 prot=0x7
[TRACE] caller=driver+0x47ec mprotect addr=0x79186e496000 len=0x1000 prot=0x7
[TRACE] caller=driver+0x47ec mprotect addr=0x79186e497000 len=0x1000 prot=0x7
[TRACE] caller=driver+0x47ec mprotect addr=0x79186e497000 len=0x1000 prot=0x7
[TRACE] caller=driver+0x47ec mprotect addr=0x79186e497000 len=0x1000 prot=0x7
[TRACE] caller=driver+0x47ec mprotect addr=0x79186e497000 len=0x1000 prot=0x7
[TRACE] caller=driver+0x47ec mprotect addr=0x79186e498000 len=0x1000 prot=0x7
[TRACE] caller=driver+0x47ec mprotect addr=0x79186e498000 len=0x1000 prot=0x7
[TRACE] caller=driver+0x47ec mprotect addr=0x79186e498000 len=0x1000 prot=0x7
[TRACE] caller=driver+0x47ec mprotect addr=0x79186e499000 len=0x1000 prot=0x7
[TRACE] caller=driver+0x47ec mprotect addr=0x79186e499000 len=0x1000 prot=0x7
[TRACE] caller=driver+0x47ec mprotect addr=0x79186e499000 len=0x1000 prot=0x7
[TRACE] caller=driver+0x47ec mprotect addr=0x79186e499000 len=0x1000 prot=0x7
[TRACE] caller=driver+0x47ec mprotect addr=0x79186e499000 len=0x1000 prot=0x7
[TRACE] caller=driver+0x47ec mprotect addr=0x79186e499000 len=0x1000 prot=0x7
[TRACE] caller=driver+0x47ec mprotect addr=0x79186e49a000 len=0x1000 prot=0x7
[TRACE] caller=driver+0x47ec mprotect addr=0x79186e49a000 len=0x1000 prot=0x7
[TRACE] caller=driver+0x47ec mprotect addr=0x79186e49a000 len=0x1000 prot=0x7
[TRACE] caller=driver+0x47ec mprotect addr=0x79186e49a000 len=0x1000 prot=0x7
[TRACE] caller=driver+0x47ec mprotect addr=0x79186e49b000 len=0x1000 prot=0x7
[TRACE] caller=driver+0x47ec mprotect addr=0x79186e49b000 len=0x1000 prot=0x7
[TRACE] caller=driver+0x47ec mprotect addr=0x79186e49b000 len=0x1000 prot=0x7
[TRACE] caller=driver+0x47ec mprotect addr=0x79186e49c000 len=0x1000 prot=0x7
[TRACE] caller=driver+0x47ec mprotect addr=0x79186e49c000 len=0x1000 prot=0x7
[TRACE] caller=driver+0x47ec mprotect addr=0x79186e49c000 len=0x1000 prot=0x7
[TRACE] caller=driver+0x47ec mprotect addr=0x79186e49c000 len=0x1000 prot=0x7
[TRACE] caller=driver+0x47ec mprotect addr=0x79186e49d000 len=0x1000 prot=0x7
[TRACE] caller=driver+0x47ec mprotect addr=0x79186e49d000 len=0x1000 prot=0x7
[TRACE] caller=driver+0x47ec mprotect addr=0x79186e49d000 len=0x1000 prot=0x7
[TRACE] caller=driver+0x47ec mprotect addr=0x79186e49d000 len=0x1000 prot=0x7
[TRACE] caller=driver+0x47ec mprotect addr=0x79186e49d000 len=0x1000 prot=0x7
[TRACE] caller=driver+0x47ec mprotect addr=0x79186e49d000 len=0x1000 prot=0x7
[TRACE] caller=driver+0x47ec mprotect addr=0x79186e49e000 len=0x1000 prot=0x7
[TRACE] caller=driver+0x47ec mprotect addr=0x79186e49e000 len=0x1000 prot=0x7
[TRACE] caller=driver+0x47ec mprotect addr=0x79186e49e000 len=0x1000 prot=0x7
[TRACE] caller=driver+0x47ec mprotect addr=0x79186e49e000 len=0x1000 prot=0x7
[TRACE] caller=driver+0x47ec mprotect addr=0x79186e49e000 len=0x1000 prot=0x7
[TRACE] caller=driver+0x47ec mprotect addr=0x79186e49f000 len=0x1000 prot=0x7
[TRACE] caller=driver+0x47ec mprotect addr=0x79186e49f000 len=0x1000 prot=0x7
[TRACE] caller=driver+0x47ec mprotect addr=0x79186e49f000 len=0x1000 prot=0x7
[TRACE] caller=driver+0x47ec mprotect addr=0x79186e4a0000 len=0x1000 prot=0x7
[TRACE] caller=driver+0x47ec mprotect addr=0x79186e4a0000 len=0x1000 prot=0x7
[TRACE] caller=driver+0x47ec mprotect addr=0x79186e4a0000 len=0x1000 prot=0x7
[TRACE] caller=driver+0x47ec mprotect addr=0x79186e4a0000 len=0x1000 prot=0x7
[TRACE] caller=driver+0x47ec mprotect addr=0x79186e4a1000 len=0x1000 prot=0x7
[TRACE] caller=driver+0x47ec mprotect addr=0x79186e4a1000 len=0x1000 prot=0x7
[TRACE] caller=driver+0x47ec mprotect addr=0x79186e4a1000 len=0x1000 prot=0x7
[TRACE] caller=driver+0x47ec mprotect addr=0x79186e4a1000 len=0x1000 prot=0x7
[TRACE] caller=driver+0x47ec mprotect addr=0x79186e4a2000 len=0x1000 prot=0x7
[TRACE] caller=driver+0x47ec mprotect addr=0x79186e4a2000 len=0x1000 prot=0x7
[TRACE] caller=driver+0x47ec mprotect addr=0x79186e4a2000 len=0x1000 prot=0x7
[TRACE] caller=driver+0x47ec mprotect addr=0x79186e4a3000 len=0x1000 prot=0x7
[TRACE] caller=driver+0x47ec mprotect addr=0x79186e4a3000 len=0x1000 prot=0x7
[TRACE] caller=driver+0x47ec mprotect addr=0x79186e4a3000 len=0x1000 prot=0x7
[TRACE] caller=driver+0x47ec mprotect addr=0x79186e4a3000 len=0x1000 prot=0x7
[TRACE] caller=driver+0x47ec mprotect addr=0x79186e4a4000 len=0x1000 prot=0x7
[TRACE] caller=driver+0x47ec mprotect addr=0x79186e4a4000 len=0x1000 prot=0x7
[TRACE] caller=driver+0x47ec mprotect addr=0x79186e4a4000 len=0x1000 prot=0x7
[TRACE] caller=driver+0x47ec mprotect addr=0x79186e4a5000 len=0x1000 prot=0x7
[TRACE] caller=driver+0x47ec mprotect addr=0x79186e4a5000 len=0x1000 prot=0x7
[TRACE] caller=driver+0x47ec mprotect addr=0x79186e4a5000 len=0x1000 prot=0x7
[TRACE] caller=driver+0x47ec mprotect addr=0x79186e4a6000 len=0x1000 prot=0x7
[TRACE] caller=driver+0x47ec mprotect addr=0x79186e4a6000 len=0x1000 prot=0x7
[TRACE] caller=driver+0x47ec mprotect addr=0x79186e4a6000 len=0x1000 prot=0x7
[TRACE] caller=driver+0x47ec mprotect addr=0x79186e4a6000 len=0x1000 prot=0x7
[TRACE] caller=driver+0x47ec mprotect addr=0x79186e4a7000 len=0x1000 prot=0x7
[TRACE] caller=driver+0x47ec mprotect addr=0x79186e4a7000 len=0x1000 prot=0x7
[TRACE] caller=driver+0x47ec mprotect addr=0x79186e4a7000 len=0x1000 prot=0x7
[TRACE] caller=driver+0x47ec mprotect addr=0x79186e4a7000 len=0x1000 prot=0x7
[TRACE] caller=driver+0x47ec mprotect addr=0x79186e4a8000 len=0x1000 prot=0x7
[TRACE] caller=driver+0x47ec mprotect addr=0x79186e4a8000 len=0x1000 prot=0x7
[TRACE] caller=driver+0x47ec mprotect addr=0x79186e4a8000 len=0x1000 prot=0x7
[TRACE] caller=driver+0x47ec mprotect addr=0x79186e4a8000 len=0x1000 prot=0x7
[TRACE] caller=driver+0x47ec mprotect addr=0x79186e4a9000 len=0x1000 prot=0x7
[TRACE] caller=driver+0x47ec mprotect addr=0x79186e4a9000 len=0x1000 prot=0x7
[TRACE] caller=driver+0x47ec mprotect addr=0x79186e4a9000 len=0x1000 prot=0x7
[TRACE] caller=driver+0x47ec mprotect addr=0x79186e4a9000 len=0x1000 prot=0x7
[TRACE] caller=driver+0x47ec mprotect addr=0x79186e4aa000 len=0x1000 prot=0x7
[TRACE] caller=driver+0x47ec mprotect addr=0x79186e4aa000 len=0x1000 prot=0x7
[TRACE] caller=driver+0x47ec mprotect addr=0x79186e4aa000 len=0x1000 prot=0x7
[TRACE] caller=driver+0x47ec mprotect addr=0x79186e4ab000 len=0x1000 prot=0x7
[TRACE] caller=driver+0x47ec mprotect addr=0x79186e4ab000 len=0x1000 prot=0x7
[TRACE] caller=driver+0x47ec mprotect addr=0x79186e4ab000 len=0x1000 prot=0x7
[TRACE] caller=driver+0x47ec mprotect addr=0x79186e4ac000 len=0x1000 prot=0x7
[TRACE] caller=driver+0x47ec mprotect addr=0x79186e4ac000 len=0x1000 prot=0x7
[TRACE] caller=driver+0x47ec mprotect addr=0x79186e4ac000 len=0x1000 prot=0x7
[TRACE] caller=driver+0x47ec mprotect addr=0x79186e4ac000 len=0x1000 prot=0x7
[TRACE] caller=driver+0x47ec mprotect addr=0x79186e4ac000 len=0x1000 prot=0x7
[TRACE] caller=driver+0x47ec mprotect addr=0x79186e4ad000 len=0x1000 prot=0x7
[TRACE] caller=driver+0x47ec mprotect addr=0x79186e4ad000 len=0x1000 prot=0x7
[TRACE] caller=driver+0x47ec mprotect addr=0x79186e4ad000 len=0x1000 prot=0x7
[TRACE] caller=driver+0x47ec mprotect addr=0x79186e4ad000 len=0x1000 prot=0x7
[TRACE] caller=driver+0x47ec mprotect addr=0x79186e4ad000 len=0x1000 prot=0x7
[TRACE] caller=driver+0x47ec mprotect addr=0x79186e4ae000 len=0x1000 prot=0x7
[TRACE] caller=driver+0x47ec mprotect addr=0x79186e4ae000 len=0x1000 prot=0x7
[TRACE] caller=driver+0x47ec mprotect addr=0x79186e4ae000 len=0x1000 prot=0x7
[TRACE] caller=driver+0x47ec mprotect addr=0x79186e4ae000 len=0x1000 prot=0x7
[TRACE] caller=driver+0x47ec mprotect addr=0x79186e4af000 len=0x1000 prot=0x7
[TRACE] caller=driver+0x47ec mprotect addr=0x79186e4af000 len=0x1000 prot=0x7
[TRACE] caller=driver+0x47ec mprotect addr=0x79186e4af000 len=0x1000 prot=0x7
[TRACE] caller=driver+0x47ec mprotect addr=0x79186e4af000 len=0x1000 prot=0x7
[TRACE] caller=driver+0x47ec mprotect addr=0x79186e4b0000 len=0x1000 prot=0x7
[TRACE] caller=driver+0x47ec mprotect addr=0x79186e4b0000 len=0x1000 prot=0x7
[TRACE] caller=driver+0x47ec mprotect addr=0x79186e4b0000 len=0x1000 prot=0x7
[TRACE] caller=driver+0x47ec mprotect addr=0x79186e4b0000 len=0x1000 prot=0x7
[TRACE] caller=driver+0x47ec mprotect addr=0x79186e4b1000 len=0x1000 prot=0x7
[TRACE] caller=driver+0x47ec mprotect addr=0x79186e4b1000 len=0x1000 prot=0x7
[TRACE] caller=driver+0x47ec mprotect addr=0x79186e4b1000 len=0x1000 prot=0x7
[TRACE] caller=driver+0x47ec mprotect addr=0x79186e4b1000 len=0x1000 prot=0x7
[TRACE] caller=driver+0x47ec mprotect addr=0x79186e4b1000 len=0x1000 prot=0x7
[TRACE] caller=driver+0x47ec mprotect addr=0x79186e4b2000 len=0x1000 prot=0x7
[TRACE] caller=driver+0x47ec mprotect addr=0x79186e4b2000 len=0x1000 prot=0x7
[TRACE] caller=driver+0x47ec mprotect addr=0x79186e4b3000 len=0x1000 prot=0x7
[TRACE] caller=driver+0x47ec mprotect addr=0x79186e4b3000 len=0x1000 prot=0x7
[TRACE] caller=driver+0x47ec mprotect addr=0x79186e4b3000 len=0x1000 prot=0x7
[TRACE] caller=driver+0x47ec mprotect addr=0x79186e4b3000 len=0x1000 prot=0x7
[TRACE] caller=driver+0x47ec mprotect addr=0x79186e4b4000 len=0x1000 prot=0x7
[TRACE] caller=driver+0x47ec mprotect addr=0x79186e4b4000 len=0x1000 prot=0x7
[TRACE] caller=driver+0x47ec mprotect addr=0x79186e4b4000 len=0x1000 prot=0x7
[TRACE] caller=driver+0x47ec mprotect addr=0x79186e4b4000 len=0x1000 prot=0x7
[TRACE] caller=driver+0x47ec mprotect addr=0x79186e4b4000 len=0x1000 prot=0x7
[TRACE] caller=driver+0x47ec mprotect addr=0x79186e4b5000 len=0x1000 prot=0x7
[TRACE] caller=driver+0x47ec mprotect addr=0x79186e4b5000 len=0x1000 prot=0x7
[TRACE] caller=driver+0x47ec mprotect addr=0x79186e4b5000 len=0x1000 prot=0x7
[TRACE] caller=driver+0x47ec mprotect addr=0x79186e4b6000 len=0x1000 prot=0x7
[TRACE] caller=driver+0x47ec mprotect addr=0x79186e4b6000 len=0x1000 prot=0x7
[TRACE] caller=driver+0x47ec mprotect addr=0x79186e4b6000 len=0x1000 prot=0x7
[TRACE] caller=driver+0x47ec mprotect addr=0x79186e4b6000 len=0x1000 prot=0x7
[TRACE] caller=driver+0x47ec mprotect addr=0x79186e4b6000 len=0x1000 prot=0x7
[TRACE] caller=driver+0x47ec mprotect addr=0x79186e4b7000 len=0x1000 prot=0x7
[TRACE] caller=driver+0x47ec mprotect addr=0x79186e4b7000 len=0x1000 prot=0x7
[TRACE] caller=driver+0x47ec mprotect addr=0x79186e4b7000 len=0x1000 prot=0x7
[TRACE] caller=driver+0x47ec mprotect addr=0x79186e4b7000 len=0x1000 prot=0x7
[TRACE] caller=driver+0x47ec mprotect addr=0x79186e4b8000 len=0x1000 prot=0x7
[TRACE] caller=driver+0x47ec mprotect addr=0x79186e4b8000 len=0x1000 prot=0x7
[TRACE] caller=driver+0x47ec mprotect addr=0x79186e4b8000 len=0x1000 prot=0x7
[TRACE] caller=driver+0x47ec mprotect addr=0x79186e4b8000 len=0x1000 prot=0x7
[TRACE] caller=driver+0x47ec mprotect addr=0x79186e4b8000 len=0x1000 prot=0x7
[TRACE] caller=driver+0x47ec mprotect addr=0x79186e4b9000 len=0x1000 prot=0x7
[TRACE] caller=driver+0x47ec mprotect addr=0x79186e4b9000 len=0x1000 prot=0x7
[TRACE] caller=driver+0x47ec mprotect addr=0x79186e4ba000 len=0x1000 prot=0x7
[TRACE] caller=driver+0x47ec mprotect addr=0x79186e4ba000 len=0x1000 prot=0x7
[TRACE] caller=driver+0x47ec mprotect addr=0x79186e4ba000 len=0x1000 prot=0x7
[TRACE] caller=driver+0x47ec mprotect addr=0x79186e4bb000 len=0x1000 prot=0x7
[TRACE] caller=driver+0x47ec mprotect addr=0x79186e4bb000 len=0x1000 prot=0x7
[TRACE] caller=driver+0x47ec mprotect addr=0x79186e4bc000 len=0x1000 prot=0x7
[TRACE] caller=driver+0x47ec mprotect addr=0x79186e4bc000 len=0x1000 prot=0x7
[TRACE] caller=driver+0x47ec mprotect addr=0x79186e4bc000 len=0x1000 prot=0x7
[TRACE] caller=driver+0x47ec mprotect addr=0x79186e4bc000 len=0x1000 prot=0x7
[TRACE] caller=driver+0x47ec mprotect addr=0x79186e4bc000 len=0x1000 prot=0x7
[TRACE] caller=driver+0x47ec mprotect addr=0x79186e4bc000 len=0x1000 prot=0x7
[TRACE] caller=driver+0x47ec mprotect addr=0x79186e4bd000 len=0x1000 prot=0x7
[TRACE] caller=driver+0x47ec mprotect addr=0x79186e4bd000 len=0x1000 prot=0x7
[TRACE] caller=driver+0x47ec mprotect addr=0x79186e4bd000 len=0x1000 prot=0x7
[TRACE] caller=driver+0x47ec mprotect addr=0x79186e4be000 len=0x1000 prot=0x7
[TRACE] caller=driver+0x47ec mprotect addr=0x79186e4be000 len=0x1000 prot=0x7
[TRACE] caller=driver+0x47ec mprotect addr=0x79186e4be000 len=0x1000 prot=0x7
[TRACE] caller=driver+0x47ec mprotect addr=0x79186e4bf000 len=0x1000 prot=0x7
[TRACE] caller=driver+0x47ec mprotect addr=0x79186e4bf000 len=0x1000 prot=0x7
[TRACE] caller=driver+0x47ec mprotect addr=0x79186e4bf000 len=0x1000 prot=0x7
[TRACE] caller=driver+0x47ec mprotect addr=0x79186e4bf000 len=0x1000 prot=0x7
[TRACE] caller=driver+0x47ec mprotect addr=0x79186e4bf000 len=0x1000 prot=0x7
[TRACE] caller=driver+0x47ec mprotect addr=0x79186e4bf000 len=0x1000 prot=0x7
[TRACE] caller=driver+0x47ec mprotect addr=0x79186e4c0000 len=0x1000 prot=0x7
[TRACE] caller=driver+0x47ec mprotect addr=0x79186e4c0000 len=0x1000 prot=0x7
[TRACE] caller=driver+0x47ec mprotect addr=0x79186e4c0000 len=0x1000 prot=0x7
[TRACE] caller=driver+0x47ec mprotect addr=0x79186e4c0000 len=0x1000 prot=0x7
[TRACE] caller=driver+0x47ec mprotect addr=0x79186e4c1000 len=0x1000 prot=0x7
[TRACE] caller=driver+0x47ec mprotect addr=0x79186e4c1000 len=0x1000 prot=0x7
[TRACE] caller=driver+0x47ec mprotect addr=0x79186e4c1000 len=0x1000 prot=0x7
[TRACE] caller=driver+0x47ec mprotect addr=0x79186e4c1000 len=0x1000 prot=0x7
[TRACE] caller=driver+0x47ec mprotect addr=0x79186e4c2000 len=0x1000 prot=0x7
[TRACE] caller=driver+0x47ec mprotect addr=0x79186e4c2000 len=0x1000 prot=0x7
[TRACE] caller=driver+0x47ec mprotect addr=0x79186e4c3000 len=0x1000 prot=0x7
[TRACE] caller=driver+0x47ec mprotect addr=0x79186e4c3000 len=0x1000 prot=0x7
[DRIVER] dispatch trace enabled base=0x79186e400000 dispatch_sites=2 limit=1 detail=0 tail=1 tail_regs=1 tail_scratch=1 tail_mem=0 tail_limit=512 tail_sites=311 scratch_offsets=26 read_ranges=54 focus_ips=4 focus_sites=0 stop_after_matches=0 dispatch_focus_sites=0 dispatch_stop_after_matches=0 probe=0 probe_sites=0 probe_limit=4096 probe_stop_after_matches=0
[DRIVER] dispatch site +0xc80b9
[DRIVER] dispatch site +0xcdac7
[DRIVER] tail site +0x8173b -> rax
[DRIVER] tail site +0x8a49b -> r8
[DRIVER] tail site +0x9a46b -> r9
[DRIVER] tail site +0x9b0c5 -> r10
[DRIVER] tail site +0x9b687 -> r14
[DRIVER] tail site +0xb86f5 -> r13
[DRIVER] tail site +0xbb8a8 -> rax
[DRIVER] tail site +0xbba0c -> r12
[DRIVER] tail site +0xc240d -> rdx
[DRIVER] tail site +0x9c3f4 -> r13
[DRIVER] tail site +0xa0068 -> r10
[DRIVER] tail site +0xb265e -> r10
[DRIVER] tail site +0xb708a -> r12
[DRIVER] tail site +0xc2d35 -> rbx
[DRIVER] tail site +0x78833 -> rdx
[DRIVER] tail site +0x78c74 -> r12
[DRIVER] tail site +0x792f5 -> r15
[DRIVER] tail site +0x79672 -> r10
[DRIVER] tail site +0x799c4 -> r14
[DRIVER] tail site +0x79da1 -> rax
[DRIVER] tail site +0x7a04c -> r8
[DRIVER] tail site +0x7a4d6 -> rdx
[DRIVER] tail site +0x7acd6 -> rsi
[DRIVER] tail site +0x7aee6 -> rax
[DRIVER] tail site +0x7b3bb -> r12
[DRIVER] tail site +0x7b6c9 -> rbx
[DRIVER] tail site +0x7bae7 -> rdx
[DRIVER] tail site +0x7be98 -> r14
[DRIVER] tail site +0x7c308 -> rsi
[DRIVER] tail site +0x7c628 -> r12
[DRIVER] tail site +0x7ca96 -> rcx
[DRIVER] tail site +0x7d004 -> r14
[DRIVER] tail site +0x7d5e9 -> r9
[DRIVER] tail site +0x7d93f -> rcx
[DRIVER] tail site +0x7dbb8 -> r12
[DRIVER] tail site +0x7dfbd -> rdi
[DRIVER] tail site +0x7e38d -> r10
[DRIVER] tail site +0x7e7ca -> r11
[DRIVER] tail site +0x7ecd0 -> rdi
[DRIVER] tail site +0x7efa6 -> rax
[DRIVER] tail site +0x7f7c1 -> r8
[DRIVER] tail site +0x7fba1 -> rdi
[DRIVER] tail site +0x7fd4a -> r13
[DRIVER] tail site +0x8009e -> r8
[DRIVER] tail site +0x80682 -> r15
[DRIVER] tail site +0x80d77 -> rdx
[DRIVER] tail site +0x80ef3 -> r8
[DRIVER] tail site +0x8115a -> r9
[DRIVER] tail site +0x8129b -> rcx
[DRIVER] tail site +0x815e7 -> r15
[DRIVER] tail site +0x81b7c -> r8
[DRIVER] tail site +0x81f2c -> rbx
[DRIVER] tail site +0x820df -> rcx
[DRIVER] tail site +0x822b9 -> r9
[DRIVER] tail site +0x82474 -> r11
[DRIVER] tail site +0x8281e -> rdx
[DRIVER] tail site +0x82e73 -> r8
[DRIVER] tail site +0x833c5 -> rdx
[DRIVER] tail site +0x8371b -> rcx
[DRIVER] tail site +0x83b3d -> r12
[DRIVER] tail site +0x83e73 -> r9
[DRIVER] tail site +0x841f6 -> r14
[DRIVER] tail site +0x84289 -> r9
[DRIVER] tail site +0x84593 -> r11
[DRIVER] tail site +0x84760 -> rdx
[DRIVER] tail site +0x84aa0 -> r8
[DRIVER] tail site +0x84e1b -> rax
[DRIVER] tail site +0x85056 -> r9
[DRIVER] tail site +0x8536e -> r13
[DRIVER] tail site +0x855fc -> r13
[DRIVER] tail site +0x859f9 -> r8
[DRIVER] tail site +0x85b87 -> rax
[DRIVER] tail site +0x85f22 -> rsi
[DRIVER] tail site +0x86763 -> r8
[DRIVER] tail site +0x868bb -> rsi
[DRIVER] tail site +0x86be2 -> rdx
[DRIVER] tail site +0x86d40 -> r13
[DRIVER] tail site +0x873fa -> rsi
[DRIVER] tail site +0x87c25 -> r14
[DRIVER] tail site +0x8812f -> rdi
[DRIVER] tail site +0x883be -> rbx
[DRIVER] tail site +0x88a55 -> r10
[DRIVER] tail site +0x8920b -> r15
[DRIVER] tail site +0x89478 -> r8
[DRIVER] tail site +0x89839 -> rdi
[DRIVER] tail site +0x89b35 -> rsi
[DRIVER] tail site +0x8a37d -> rdi
[DRIVER] tail site +0x8aa11 -> r14
[DRIVER] tail site +0x8b026 -> rsi
[DRIVER] tail site +0x8b332 -> rcx
[DRIVER] tail site +0x8b6db -> r12
[DRIVER] tail site +0x8b8c9 -> rdx
[DRIVER] tail site +0x8bcec -> r13
[DRIVER] tail site +0x8c41a -> rbx
[DRIVER] tail site +0x8c5b7 -> rdi
[DRIVER] tail site +0x8c8e9 -> r11
[DRIVER] tail site +0x8cc7f -> rax
[DRIVER] tail site +0x8ceb2 -> rdi
[DRIVER] tail site +0x8d71b -> rcx
[DRIVER] tail site +0x8df99 -> r11
[DRIVER] tail site +0x8e2ed -> rcx
[DRIVER] tail site +0x8e6b2 -> rsi
[DRIVER] tail site +0x8eb77 -> rdx
[DRIVER] tail site +0x8eef1 -> r9
[DRIVER] tail site +0x8f248 -> r9
[DRIVER] tail site +0x8f6cf -> rcx
[DRIVER] tail site +0x8f831 -> r8
[DRIVER] tail site +0x8faea -> rdi
[DRIVER] tail site +0x9026c -> r9
[DRIVER] tail site +0x90893 -> rdi
[DRIVER] tail site +0x90a18 -> r12
[DRIVER] tail site +0x90c21 -> rax
[DRIVER] tail site +0x90eb9 -> r11
[DRIVER] tail site +0x91067 -> r11
[DRIVER] tail site +0x91377 -> rbx
[DRIVER] tail site +0x9170b -> rdx
[DRIVER] tail site +0x91a57 -> rdx
[DRIVER] tail site +0x91e7f -> rdx
[DRIVER] tail site +0x922c1 -> r12
[DRIVER] tail site +0x92612 -> r14
[DRIVER] tail site +0x92998 -> r14
[DRIVER] tail site +0x92f1f -> rdx
[DRIVER] tail site +0x931d0 -> r11
[DRIVER] tail site +0x937cd -> r13
[DRIVER] tail site +0x93f76 -> r14
[DRIVER] tail site +0x94475 -> r11
[DRIVER] tail site +0x94619 -> rdx
[DRIVER] tail site +0x94970 -> r13
[DRIVER] tail site +0x94c38 -> rax
[DRIVER] tail site +0x94ddc -> r15
[DRIVER] tail site +0x951c0 -> rsi
[DRIVER] tail site +0x953af -> rsi
[DRIVER] tail site +0x957d6 -> r11
[DRIVER] tail site +0x95b59 -> r8
[DRIVER] tail site +0x9634f -> r12
[DRIVER] tail site +0x96915 -> r12
[DRIVER] tail site +0x96b6b -> r12
[DRIVER] tail site +0x96eb1 -> r14
[DRIVER] tail site +0x9730e -> r10
[DRIVER] tail site +0x97689 -> r11
[DRIVER] tail site +0x979a8 -> r13
[DRIVER] tail site +0x97ce3 -> r9
[DRIVER] tail site +0x980a9 -> rax
[DRIVER] tail site +0x98351 -> r13
[DRIVER] tail site +0x98a98 -> rdi
[DRIVER] tail site +0x99026 -> r9
[DRIVER] tail site +0x992ca -> r13
[DRIVER] tail site +0x994cc -> r11
[DRIVER] tail site +0x99757 -> r8
[DRIVER] tail site +0x99b3a -> rax
[DRIVER] tail site +0x99e1e -> r15
[DRIVER] tail site +0x9a249 -> r14
[DRIVER] tail site +0x9a8cf -> r12
[DRIVER] tail site +0x9aa81 -> rdx
[DRIVER] tail site +0x9af16 -> rdi
[DRIVER] tail site +0x9b4b0 -> r10
[DRIVER] tail site +0x9ba72 -> rsi
[DRIVER] tail site +0x9bd8c -> r11
[DRIVER] tail site +0x9c08c -> r15
[DRIVER] tail site +0x9c748 -> rcx
[DRIVER] tail site +0x9ca8a -> r9
[DRIVER] tail site +0x9cf2f -> r12
[DRIVER] tail site +0x9d13d -> rdx
[DRIVER] tail site +0x9d24a -> rax
[DRIVER] tail site +0x9d492 -> r15
[DRIVER] tail site +0x9d692 -> rcx
[DRIVER] tail site +0x9d961 -> r13
[DRIVER] tail site +0x9dcab -> r10
[DRIVER] tail site +0x9e07a -> r8
[DRIVER] tail site +0x9e333 -> r10
[DRIVER] tail site +0x9e7ac -> r9
[DRIVER] tail site +0x9eac9 -> rdx
[DRIVER] tail site +0x9ede7 -> rax
[DRIVER] tail site +0x9f007 -> r15
[DRIVER] tail site +0x9f779 -> r14
[DRIVER] tail site +0x9faa2 -> rbx
[DRIVER] tail site +0xa037b -> r8
[DRIVER] tail site +0xa062e -> r14
[DRIVER] tail site +0xa0a9c -> rax
[DRIVER] tail site +0xa0dc7 -> r10
[DRIVER] tail site +0xa13d3 -> r10
[DRIVER] tail site +0xa1936 -> r12
[DRIVER] tail site +0xa1a92 -> r12
[DRIVER] tail site +0xa1ecd -> rbx
[DRIVER] tail site +0xa235e -> r14
[DRIVER] tail site +0xa2933 -> rbx
[DRIVER] tail site +0xa2da1 -> rdi
[DRIVER] tail site +0xa35dd -> r13
[DRIVER] tail site +0xa3a49 -> rdx
[DRIVER] tail site +0xa3dc4 -> r14
[DRIVER] tail site +0xa3fe7 -> rdx
[DRIVER] tail site +0xa4606 -> r13
[DRIVER] tail site +0xa4a5e -> r14
[DRIVER] tail site +0xa4df4 -> r14
[DRIVER] tail site +0xa5178 -> r12
[DRIVER] tail site +0xa5886 -> r10
[DRIVER] tail site +0xa5f3a -> rdi
[DRIVER] tail site +0xa646d -> r13
[DRIVER] tail site +0xa68bf -> r10
[DRIVER] tail site +0xa6af6 -> r14
[DRIVER] tail site +0xa6e53 -> rdx
[DRIVER] tail site +0xa71fb -> r8
[DRIVER] tail site +0xa757c -> r11
[DRIVER] tail site +0xa7999 -> rdi
[DRIVER] tail site +0xa7ef6 -> rsi
[DRIVER] tail site +0xa81c1 -> r12
[DRIVER] tail site +0xa844e -> rdi
[DRIVER] tail site +0xa87b4 -> rbx
[DRIVER] tail site +0xa8e1d -> rsi
[DRIVER] tail site +0xa94a3 -> rdx
[DRIVER] tail site +0xa991c -> rdx
[DRIVER] tail site +0xa9cf4 -> r8
[DRIVER] tail site +0xa9ff7 -> r8
[DRIVER] tail site +0xaa87a -> r13
[DRIVER] tail site +0xaab67 -> r8
[DRIVER] tail site +0xaaf3c -> rsi
[DRIVER] tail site +0xab13e -> r14
[DRIVER] tail site +0xab424 -> r12
[DRIVER] tail site +0xabc56 -> r9
[DRIVER] tail site +0xac10e -> rdx
[DRIVER] tail site +0xac43d -> r11
[DRIVER] tail site +0xac7ff -> r11
[DRIVER] tail site +0xacbc3 -> rbx
[DRIVER] tail site +0xacefb -> rsi
[DRIVER] tail site +0xad329 -> r8
[DRIVER] tail site +0xad766 -> rsi
[DRIVER] tail site +0xad847 -> rdi
[DRIVER] tail site +0xadbfa -> r9
[DRIVER] tail site +0xadf29 -> r14
[DRIVER] tail site +0xae32f -> r11
[DRIVER] tail site +0xae909 -> rbx
[DRIVER] tail site +0xaeda0 -> rcx
[DRIVER] tail site +0xaeeff -> r12
[DRIVER] tail site +0xaf26a -> r13
[DRIVER] tail site +0xaf4cc -> r13
[DRIVER] tail site +0xaf8ac -> r8
[DRIVER] tail site +0xafa1d -> rdx
[DRIVER] tail site +0xb0005 -> rax
[DRIVER] tail site +0xb0458 -> r15
[DRIVER] tail site +0xb092e -> rax
[DRIVER] tail site +0xb0e2d -> r12
[DRIVER] tail site +0xb11c7 -> r15
[DRIVER] tail site +0xb1545 -> r9
[DRIVER] tail site +0xb180b -> r11
[DRIVER] tail site +0xb1b2a -> r15
[DRIVER] tail site +0xb1fd3 -> rax
[DRIVER] tail site +0xb2340 -> rdi
[DRIVER] tail site +0xb2db4 -> rdx
[DRIVER] tail site +0xb3125 -> r12
[DRIVER] tail site +0xb360f -> r8
[DRIVER] tail site +0xb3799 -> rdi
[DRIVER] tail site +0xb3ff1 -> r9
[DRIVER] tail site +0xb42df -> r12
[DRIVER] tail site +0xb45cf -> r10
[DRIVER] tail site +0xb497e -> rdi
[DRIVER] tail site +0xb4bfe -> rdx
[DRIVER] tail site +0xb4eda -> r11
[DRIVER] tail site +0xb540d -> rdx
[DRIVER] tail site +0xb593d -> rbx
[DRIVER] tail site +0xb5d7a -> rcx
[DRIVER] tail site +0xb60dd -> r14
[DRIVER] tail site +0xb625a -> r15
[DRIVER] tail site +0xb64d5 -> rsi
[DRIVER] tail site +0xb68ff -> r13
[DRIVER] tail site +0xb6bb7 -> r10
[DRIVER] tail site +0xb7583 -> r8
[DRIVER] tail site +0xb7699 -> r12
[DRIVER] tail site +0xb78ad -> r9
[DRIVER] tail site +0xb7bb8 -> rax
[DRIVER] tail site +0xb8062 -> rbx
[DRIVER] tail site +0xb837a -> rcx
[DRIVER] tail site +0xb84a4 -> r10
[DRIVER] tail site +0xb8b3f -> r8
[DRIVER] tail site +0xb8fcc -> r14
[DRIVER] tail site +0xb944f -> rcx
[DRIVER] tail site +0xb9878 -> r12
[DRIVER] tail site +0xba0cc -> rax
[DRIVER] tail site +0xba680 -> r15
[DRIVER] tail site +0xbada2 -> r8
[DRIVER] tail site +0xbb1db -> rsi
[DRIVER] tail site +0xbb6e3 -> r8
[DRIVER] tail site +0xbc06b -> rdi
[DRIVER] tail site +0xbc31d -> r13
[DRIVER] tail site +0xbc464 -> rcx
[DRIVER] tail site +0xbc673 -> r11
[DRIVER] tail site +0xbc9b6 -> rdx
[DRIVER] tail site +0xbcfc5 -> r15
[DRIVER] tail site +0xbd36a -> r13
[DRIVER] tail site +0xbd8ad -> rsi
[DRIVER] tail site +0xbdd16 -> rcx
[DRIVER] tail site +0xbe55b -> rdx
[DRIVER] tail site +0xbe8ca -> r11
[DRIVER] tail site +0xbec0b -> r10
[DRIVER] tail site +0xbf126 -> rbx
[DRIVER] tail site +0xbf2d3 -> rsi
[DRIVER] tail site +0xbf433 -> rdx
[DRIVER] tail site +0xbf886 -> r15
[DRIVER] tail site +0xbfb96 -> r13
[DRIVER] tail site +0xbff68 -> rsi
[DRIVER] tail site +0xc02e2 -> rdi
[DRIVER] tail site +0xc0532 -> r14
[DRIVER] tail site +0xc088b -> rsi
[DRIVER] tail site +0xc0d7b -> rdi
[DRIVER] tail site +0xc1409 -> rsi
[DRIVER] tail site +0xc1923 -> r13
[DRIVER] tail site +0xc1d46 -> rdi
[DRIVER] tail site +0xc1ec2 -> rsi
[DRIVER] tail site +0xc21c0 -> r10
[DRIVER] tail site +0xc2917 -> r9
[DRIVER] tail site +0xc3403 -> r13
[DRIVER] tail site +0xc3716 -> rbx
[DRIVER] call x(buf=0x61682c81d010,len=0x800,mode=1,out=0x61682c81d820)
[DISPATCH] site=0xc80b9 count=1 slot=0x79186e4c39c8 slot_off=0xc39c8 idx=0x2b0 frame=0x79186e47836d frame_off=0x7836d vm_ip=0x79186e66cd71 vm_ip_off=0x26cd71 vm_flags=0x0 vm_state=0x0 vm_byte=0x0 target=0x79186e48a37f target_off=0x8a37f
[TRACE] caller=eac.elf+0x4c000b fopen path=/dev/urandom mode=rb
[TRACE] caller=eac.elf+0x4c000b fopen path=/dev/urandom mode=rb
[TRACE] caller=eac.elf+0x3376ac open path=/proc/1518356/comm flags=0x0
[TRACE] caller=eac.elf+0x334271 open path=/proc/1518356/cmdline flags=0x0
[TRACE] caller=eac.elf+0x33ae27 open path=/proc/1518356/status flags=0x0
[TRACE] caller=eac.elf+0x33d5f1 open path=/proc/self/maps flags=0x0
[DISPATCH] site=0xcdac7 count=1 slot=0x79186e4c4130 slot_off=0xc4130 idx=0xa18 frame=0x79186e47836d frame_off=0x7836d vm_ip=0x79186e73f278 vm_ip_off=0x33f278 vm_flags=0xd56bbddf vm_state=0xbffcd2b0 vm_byte=0x3a target=0x79186e4bb6e6 target_off=0xbb6e6
[TRACE] caller=eac.elf+0x58b24 open path=/proc/mounts flags=0x0
[TRACE] caller=eac.elf+0x36a519 open path=/sys/devices/virtual/dmi/id/board_name flags=0x0
[TRACE] caller=eac.elf+0x36e0cf open path=/sys/devices/virtual/dmi/id/product_name flags=0x0
[TRACE] caller=eac.elf+0x3722d8 fopen path=/proc/bus/pci/devices mode=r
[VMTAIL] site=0x9634f count=1 frame=0x79186e47836d frame_off=0x7836d vm_ip=0x79186e770770 vm_ip_off=0x370770 vm_flags=0x651434f9 vm_state=0xebfa37e9 vm_byte=0x3a table=0x79186e4c3718 table_off=0xc3718 rax=0x79186e7704f2 rbx=0x79186e7704f7 rcx=0x79186e7704ff rdx=0x7fcf9f95 rsi=0xffff86e7ffffffff rdi=0x279 r8=0x0 r9=0x10 r10=0x79186e478377 r11=0x79186e7704fb r12=0x79186e4c2241 r13=0x162 r14=0xdfd5 r15=0x79186e4c4201 rbp=0x79186e47836d rsp=0x7fffd1bc4eb0 fs0x0=0xffffffffc612a452 fs0x12=0x301 fs0x60=0x39ed5bae fs0x68=0x7fffd1bc4f60 fs0x71=0x1a44e4ef fs0x81=0x791854029f31 fs0xe1=0xd820000000000032 fs0x13d=0x246 fs0x16f=0xebfa37e901 fs0x1e8=0x7fffd1bc4eb0 fs0x13=0x3 fs0x91=0x1 fs0xab=0x0 fs0xb3=0x0 fs0xcb=0x79186f148000 fs0x19d=0x61682c8369e0 fs0x28=0x202 fs0x38=0x616812896dc8 fs0x79=0x61682c8368e0 fs0x89=0x0 fs0x99=0x0 fs0xd3=0x61682c8368e0 fs0x107=0x61682c81d820 fs0x123=0x7fffd1bc5798 fs0x128=0x7f fs0x147=0x6 ip_w0=0xc7 ip_w1=0x48d7 ip_w2=0x6a50 ip_w3=0xe39d ip_w4=0x6b76 ip_w5=0x909 ip_w6=0xad65 ip_w7=0x9399 ip_w8=0xb3c9 ip_w9=0x2800 ip_w10=0x3dc5 ip_w11=0x1 ip_w12=0xc26 ip_w13=0xa8 ip_w14=0xb3 ip_w15=0xd586 target=0x79186e4c2241 target_off=0xc2241
[VMTAIL] site=0xba0cc count=2 frame=0x79186e47836d frame_off=0x7836d vm_ip=0x79186e771a63 vm_ip_off=0x371a63 vm_flags=0x11c11b45 vm_state=0x3a8343cc vm_byte=0x62 table=0x79186e4c3718 table_off=0xc3718 rax=0x79186e49a24c rbx=0x246 rcx=0x79186e478377 rdx=0xffffffffffffff88 rsi=0x0 rdi=0x12c3 r8=0x1 r9=0x79186e7707a4 r10=0x79186e4c3c01 r11=0xfb386e4fa2dd r12=0x79186e4b987b r13=0x0 r14=0x79186e7707a0 r15=0x0 rbp=0x79186e47836d rsp=0x7fffd1bc4eb0 fs0x0=0x188232b1 fs0x12=0x301 fs0x60=0x0 fs0x68=0x7fffd1bc4f60 fs0x71=0x1a44e4ef fs0x81=0x791854029f31 fs0xe1=0xd820000000000032 fs0x13d=0x246 fs0x16f=0x3a8343cc01 fs0x1e8=0x7fffd1bc4eb0 fs0x13=0x3 fs0x91=0x1 fs0xab=0x0 fs0xb3=0x0 fs0xcb=0x79186f148000 fs0x19d=0x61682c8369e0 fs0x28=0x202 fs0x38=0x616812896dc8 fs0x79=0x61682c8368e0 fs0x89=0x0 fs0x99=0x0 fs0xd3=0x61682c8368e0 fs0x107=0x61682c81d820 fs0x123=0x7fffd1bc5798 fs0x128=0x7f fs0x147=0x6 ip_w0=0x14c ip_w1=0xd71c ip_w2=0xcc47 ip_w3=0xc53 ip_w4=0x1e8 ip_w5=0x9017 ip_w6=0x7a14 ip_w7=0x4aa3 ip_w8=0x962 ip_w9=0x968 ip_w10=0x9e ip_w11=0x13d ip_w12=0xfb4f ip_w13=0x1266 ip_w14=0x5423 ip_w15=0x4016 target=0x79186e49a24c target_off=0x9a24c
[VMTAIL] site=0x9b0c5 count=3 frame=0x79186e47836d frame_off=0x7836d vm_ip=0x79186e771b93 vm_ip_off=0x371b93 vm_flags=0x87c92330 vm_state=0x68fb09e1 vm_byte=0x3a table=0x79186e4c3718 table_off=0xc3718 rax=0x0 rbx=0x0 rcx=0x79186e47847c rdx=0x79186e478555 rsi=0x79186e4c3c40 rdi=0x210 r8=0x528 r9=0xd0a30f38fd0f3dbb r10=0x79186e49a24c r11=0x79186e771b8f r12=0x79186e478391 r13=0x79186e478377 r14=0x610802092048 r15=0x616812896dc8 rbp=0x79186e47836d rsp=0x7fffd1bc4e18 fs0x0=0xda3b7d9 fs0x12=0x61682c83680001 fs0x60=0x61680f0af381 fs0x68=0x7fffd1bc4ef8 fs0x71=0x616846c84cef fs0x81=0x791854029e91 fs0xe1=0xd820000000000032 fs0x13d=0x246 fs0x16f=0x68fb09e101 fs0x1e8=0x7fffd1bc4e18 fs0x13=0x61682c836800 fs0x91=0x1 fs0xab=0x0 fs0xb3=0x61682c836800 fs0xcb=0x79186f148000 fs0x19d=0x61682c8369e0 fs0x28=0x202 fs0x38=0x616812896dc8 fs0x79=0x61682c8368e0 fs0x89=0x0 fs0x99=0x0 fs0xd3=0x61682c8368e0 fs0x107=0x61682c81d820 fs0x123=0x7fffd1bc5798 fs0x128=0x7f fs0x147=0x6 ip_w0=0x10c ip_w1=0x1c4a ip_w2=0x6276 ip_w3=0x2ae5 ip_w4=0x8c5a ip_w5=0x2034 ip_w6=0xcd89 ip_w7=0xe812 ip_w8=0xdb01 ip_w9=0xabf4 ip_w10=0xd800 ip_w11=0x2cbc ip_w12=0xd0ab ip_w13=0x4800 ip_w14=0x9ebf ip_w15=0x1e8 target=0x79186e49a24c target_off=0x9a24c
[VMTAIL] site=0xb86f5 count=4 frame=0x79186e47836d frame_off=0x7836d vm_ip=0x79186e771e24 vm_ip_off=0x371e24 vm_flags=0x8240381 vm_state=0xe60cd495 vm_byte=0x3a table=0x79186e4c3718 table_off=0xc3718 rax=0x79186e4c40c8 rbx=0x79186e771e22 rcx=0x79186e771d80 rdx=0xffffffffffffffe0 rsi=0x79186e478377 rdi=0x79186e47847c r8=0x0 r9=0x528 r10=0x0 r11=0x79186e468d56 r12=0x79186e4c3c40 r13=0x79186e49a24c r14=0x79186e47847c r15=0x79186e478390 rbp=0x79186e47836d rsp=0x7fffd1bc4e18 fs0x0=0xda3b639 fs0x12=0x7fffd1bc4f4001 fs0x60=0x800044605566 fs0x68=0x7fffd1bc4ec8 fs0x71=0x7fffec01342f fs0x81=0x791854029e91 fs0xe1=0xd820000000000062 fs0x13d=0x206 fs0x16f=0xe60cd49501 fs0x1e8=0x7fffd1bc4e18 fs0x13=0x7fffd1bc4f40 fs0x91=0x0 fs0xab=0xd0a30f38fd0f3dbb fs0xb3=0x7fffd1bc4f40 fs0xcb=0x79186f148000 fs0x19d=0x16 fs0x28=0x297 fs0x38=0x616812896dc8 fs0x79=0x61682c836 fs0x89=0x1e1 fs0x99=0x1e0 fs0xd3=0xf fs0x107=0x61682c81d820 fs0x123=0x7fffd1bc5798 fs0x128=0x7f fs0x147=0x6 ip_w0=0x2b ip_w1=0x7efd ip_w2=0x99 ip_w3=0x9467 ip_w4=0x0 ip_w5=0x83c ip_w6=0xe83a ip_w7=0xa801 ip_w8=0xecd ip_w9=0xb20d ip_w10=0xeb00 ip_w11=0xab45 ip_w12=0xd800 ip_w13=0xad09 ip_w14=0x1e8 ip_w15=0xf531 target=0x79186e49a24c target_off=0x9a24c
[TRACE] caller=eac.elf+0x2d6ae getenv name=EAC_LAUNCHERDIR -> set
[TRACE] caller=eac.elf+0x72b70 pthread_create caller=eac.elf+0x729fe arg=0x61682c838a20
[TRACE] caller=eac.elf+0x72b70 pthread_create caller=eac.elf+0x729fe arg=0x61682c838bc0
[TRACE] caller=eac.elf+0x6b74f getaddrinfo node=api.epicgames.dev service=443 FAKE
[TRACE] caller=eac.elf+0x6b9e9 socket domain=2 type=1 protocol=6 FAKE
[TRACE] caller=eac.elf+0x6b609 connect fd=3 addr=127.0.0.1:443 FAKE
[TRACE] caller=eac.elf+0x4c000b fopen path=/dev/urandom mode=rb
[TRACE] caller=eac.elf+0x6b449 send fd=3 len=410 flags=0x4000 data=160303019501000191030369fb8fbe2c23a19dfa665ddb06932a5f14b27c9ad45d3c29e2c6c4e1352ca20d000106c02c... FAKE
[TRACE] caller=eac.elf+0x6b21f recv fd=3 len=5 flags=0x0 ret=5 data=485454502f FAKE
[TRACE] caller=eac.elf+0x6b449 send fd=3 len=7 flags=0x4000 data=1503030002020a FAKE
[TRACE] caller=eac.elf+0x6bcc7 close fd=3 FAKE
[TRACE] caller=eac.elf+0x6b74f getaddrinfo node=datarouter.ol.epicgames.com service=443 FAKE
[TRACE] caller=eac.elf+0x6b9e9 socket domain=2 type=1 protocol=6 FAKE
[TRACE] caller=eac.elf+0x6b609 connect fd=3 addr=127.0.0.1:443 FAKE
[TRACE] caller=eac.elf+0x4c000b fopen path=/dev/urandom mode=rb
[TRACE] caller=eac.elf+0x6b449 send fd=3 len=420 flags=0x4000 data=160303019f0100019b030369fb8fbe06780cc5c09275f0274cd34634acc11ce4fd24594ee08cc3e20a17b2000106c02c... FAKE
[TRACE] caller=eac.elf+0x6b21f recv fd=3 len=5 flags=0x0 ret=5 data=485454502f FAKE
[TRACE] caller=eac.elf+0x6b449 send fd=3 len=7 flags=0x4000 data=1503030002020a FAKE
[TRACE] caller=eac.elf+0x6bcc7 close fd=3 FAKE
[TRACE] caller=eac.elf+0x72b70 pthread_create caller=eac.elf+0x729fe arg=0x61682c838868
[TRACE] caller=eac.elf+0x1a689b mprotect addr=0x79186e400000 len=0x1000 prot=0x3
[TRACE] caller=eac.elf+0x1a6a09 mprotect addr=0x79186e400000 len=0x1000 prot=0x1
[DRIVER] x returned 0x0
[DRIVER] out[0..31]=0100000000000000000000000000000000000000000000000000000000000000
[TRACE] caller=driver+0x66f4 getenv name=EAC_DUMP_DIR -> null
[DRIVER] sleeping 3 second(s) for worker threads
[TRACE] caller=eac.elf+0x30d25c open path=/sys/class/dmi/id/bios_vendor flags=0x0
[TRACE] caller=eac.elf+0x30d25c open path=/sys/class/dmi/id/bios_date flags=0x0
[TRACE] caller=eac.elf+0x30d25c open path=/sys/class/dmi/id/sys_vendor flags=0x0
[TRACE] caller=eac.elf+0x30d25c open path=/sys/class/dmi/id/product_name flags=0x0
[TRACE] caller=eac.elf+0x2dc86c open path=/etc/mtab flags=0x0
[TRACE] caller=eac.elf+0x30d25c open path=/sys/class/block/nvme1n1p/device/model flags=0x0
[TRACE] caller=eac.elf+0x2dc86c open path=/etc/mtab flags=0x0
[TRACE] caller=eac.elf+0x2ef009 opendir path=/dev/disk/by-id/
[TRACE] caller=eac.elf+0x2efed1 readlink path=/dev/disk/by-id/wwn-0x5000c500e5ee7ff3-part1 size=4096
[TRACE] caller=eac.elf+0x2f0707 realpath path=/dev/disk/by-id/../../sda1
[TRACE] caller=eac.elf+0x2efed1 readlink path=/dev/disk/by-id/ata-ST2000DM008-2UB102_ZFL6L34T-part1 size=10
[TRACE] caller=eac.elf+0x2f0707 realpath path=/dev/disk/by-id/../../sda1
[TRACE] caller=eac.elf+0x2efed1 readlink path=/dev/disk/by-id/ata-ST2000DM008-2UB102_ZFL6L34T size=10
[TRACE] caller=eac.elf+0x2f0707 realpath path=/dev/disk/by-id/../../sda
[TRACE] caller=eac.elf+0x2efed1 readlink path=/dev/disk/by-id/wwn-0x5000c500e5ee7ff3 size=9
[TRACE] caller=eac.elf+0x2f0707 realpath path=/dev/disk/by-id/../../sda
[TRACE] caller=eac.elf+0x2efed1 readlink path=/dev/disk/by-id/nvme-Micron_3400_MTFDKBA1T0TFH_22403BB5D67C_1-part1 size=9
[TRACE] caller=eac.elf+0x2f0707 realpath path=/dev/disk/by-id/../../nvm
[TRACE] caller=eac.elf+0x2efed1 readlink path=/dev/disk/by-id/nvme-Micron_3400_MTFDKBA1T0TFH_22403BB5D67C-part1 size=9
[TRACE] caller=eac.elf+0x2f0707 realpath path=/dev/disk/by-id/../../nvm
[TRACE] caller=eac.elf+0x2efed1 readlink path=/dev/disk/by-id/nvme-Micron_3400_MTFDKBA1T0TFH_22403BB5D7B2-part3 size=9
[TRACE] caller=eac.elf+0x2f0707 realpath path=/dev/disk/by-id/../../nvm
[TRACE] caller=eac.elf+0x2efed1 readlink path=/dev/disk/by-id/nvme-Micron_3400_MTFDKBA1T0TFH_22403BB5D7B2-part1 size=9
[TRACE] caller=eac.elf+0x2f0707 realpath path=/dev/disk/by-id/../../nvm
[TRACE] caller=eac.elf+0x2efed1 readlink path=/dev/disk/by-id/nvme-eui.000000000000000100a075223bb5d7b2-part2 size=9
[TRACE] caller=eac.elf+0x2f0707 realpath path=/dev/disk/by-id/../../nvm
[TRACE] caller=eac.elf+0x2efed1 readlink path=/dev/disk/by-id/nvme-eui.000000000000000100a075223bb5d7b2-part3 size=9
[TRACE] caller=eac.elf+0x2f0707 realpath path=/dev/disk/by-id/../../nvm
[TRACE] caller=eac.elf+0x2efed1 readlink path=/dev/disk/by-id/nvme-eui.000000000000000100a075223bb5d67c-part1 size=9
[TRACE] caller=eac.elf+0x2f0707 realpath path=/dev/disk/by-id/../../nvm
[TRACE] caller=eac.elf+0x2efed1 readlink path=/dev/disk/by-id/nvme-Micron_3400_MTFDKBA1T0TFH_22403BB5D7B2_1-part1 size=9
[TRACE] caller=eac.elf+0x2f0707 realpath path=/dev/disk/by-id/../../nvm
[TRACE] caller=eac.elf+0x2efed1 readlink path=/dev/disk/by-id/nvme-Micron_3400_MTFDKBA1T0TFH_22403BB5D7B2-part2 size=9
[TRACE] caller=eac.elf+0x2f0707 realpath path=/dev/disk/by-id/../../nvm
[TRACE] caller=eac.elf+0x2efed1 readlink path=/dev/disk/by-id/nvme-eui.000000000000000100a075223bb5d7b2-part1 size=9
[TRACE] caller=eac.elf+0x2f0707 realpath path=/dev/disk/by-id/../../nvm
[TRACE] caller=eac.elf+0x2efed1 readlink path=/dev/disk/by-id/nvme-Micron_3400_MTFDKBA1T0TFH_22403BB5D7B2_1-part3 size=9
[TRACE] caller=eac.elf+0x2f0707 realpath path=/dev/disk/by-id/../../nvm
[TRACE] caller=eac.elf+0x2efed1 readlink path=/dev/disk/by-id/nvme-Micron_3400_MTFDKBA1T0TFH_22403BB5D7B2_1-part2 size=9
[TRACE] caller=eac.elf+0x2f0707 realpath path=/dev/disk/by-id/../../nvm
[TRACE] caller=eac.elf+0x2efed1 readlink path=/dev/disk/by-id/nvme-Micron_3400_MTFDKBA1T0TFH_22403BB5D7B2 size=9
[TRACE] caller=eac.elf+0x2f0707 realpath path=/dev/disk/by-id/../../nvm
[TRACE] caller=eac.elf+0x2efed1 readlink path=/dev/disk/by-id/nvme-Micron_3400_MTFDKBA1T0TFH_22403BB5D7B2_1 size=9
[TRACE] caller=eac.elf+0x2f0707 realpath path=/dev/disk/by-id/../../nvm
[TRACE] caller=eac.elf+0x2efed1 readlink path=/dev/disk/by-id/nvme-eui.000000000000000100a075223bb5d7b2 size=9
[TRACE] caller=eac.elf+0x2f0707 realpath path=/dev/disk/by-id/../../nvm
[TRACE] caller=eac.elf+0x2efed1 readlink path=/dev/disk/by-id/nvme-Micron_3400_MTFDKBA1T0TFH_22403BB5D67C_1 size=9
[TRACE] caller=eac.elf+0x2f0707 realpath path=/dev/disk/by-id/../../nvm
[TRACE] caller=eac.elf+0x2efed1 readlink path=/dev/disk/by-id/nvme-eui.000000000000000100a075223bb5d67c size=9
[TRACE] caller=eac.elf+0x2f0707 realpath path=/dev/disk/by-id/../../nvm
[TRACE] caller=eac.elf+0x2efed1 readlink path=/dev/disk/by-id/nvme-Micron_3400_MTFDKBA1T0TFH_22403BB5D67C size=9
[TRACE] caller=eac.elf+0x2f0707 realpath path=/dev/disk/by-id/../../nvm
[TRACE] caller=eac.elf+0x2efed1 readlink path=/dev/disk/by-id/usb-ASMT_2235_00000000000000000000-0:0 size=9
[TRACE] caller=eac.elf+0x2f0707 realpath path=/dev/disk/by-id/../../sdb
[TRACE] caller=eac.elf+0x30d25c open path=/proc/cpuinfo flags=0x0
[TRACE] caller=eac.elf+0x2cb09b popen command=lshw -C display 2>/dev/null type=r DENY
[TRACE] caller=eac.elf+0x30d25c open path=/etc/machine-id flags=0x0
[TRACE] caller=eac.elf+0x30d25c open path=/etc/hostname flags=0x0
[TRACE] caller=eac.elf+0x30ac70 open path=/etc/os-release flags=0x0
[TRACE] caller=eac.elf+0x2f9551 open path=/proc/net/route flags=0x0
[TRACE] caller=eac.elf+0x305069 opendir path=/sys/class/net
[TRACE] caller=eac.elf+0x305d88 readlink path=/sys/class/net/enxce0c6f149a89 size=4096
[TRACE] caller=eac.elf+0x306735 realpath path=/sys/class/net/../../devices/pci0000:00/0000:00:14.0/usb1/1-7/1-7:1.0/net/enxce0c6f149a89
[TRACE] caller=eac.elf+0x30d25c open path=/sys/devices/pci0000:00/0000:00:14.0/usb1/1-7/1-7:1.0/net/enxce0c6f149a89/address flags=0x0
[TRACE] caller=eac.elf+0x58b24 open path=/proc/self/maps flags=0x0
[TRACE] caller=eac.elf+0x350c8d getenv name=LD_PRELOAD -> set
[TRACE] caller=eac.elf+0x35284b getenv name=LD_AUDIT -> null
[TRACE] caller=eac.elf+0x3909b readlink path=/proc/self/exe size=4096
[TRACE] caller=eac.elf+0x3909b readlink path=/proc/self/exe size=4096
[TRACE] caller=eac.elf+0x2042b6 fopen path=/models/dev/sc-rev/eac/eacsym/driver mode=rb
[TRACE] caller=eac.elf+0x58b24 open path=/proc/modules flags=0x0
[TRACE] caller=driver+0x66f4 getenv name=EAC_DUMP_DIR -> null
[TRACE] caller=driver+0x26c5 getenv name=EAC_FAST_EXIT -> set
[DRIVER] fast exit
[TRACE] caller=timeout+0x32543c munmap addr=0x7ce79c788000 len=0x3000
