[DRIVER] dlopen path=./eac.elf
[TRACE] caller=driver+0x1608 dlopen file=./eac.elf flags=0x2
[DRIVER] dlsym x=0x78052dc380dc
[TRACE] caller=driver+0x26c5 getenv name=EAC_DISPATCH_TRACE -> set
[TRACE] caller=driver+0x26c5 getenv name=EAC_PROBE_TRACE -> set
[TRACE] caller=driver+0x1a99 getenv name=EAC_DISPATCH_LIMIT -> null
[TRACE] caller=driver+0x26c5 getenv name=EAC_DISPATCH_DETAIL -> set
[TRACE] caller=driver+0x1b01 getenv name=EAC_DISPATCH_STOP_AFTER_MATCHES -> set
[TRACE] caller=driver+0x1b2b getenv name=EAC_DISPATCH_EXTRA_SITES -> set
[TRACE] caller=driver+0x1b41 getenv name=EAC_DISPATCH_FOCUS_SITES -> set
[TRACE] caller=driver+0x1b7a getenv name=EAC_PROBE_LIMIT -> set
[TRACE] caller=driver+0x1baf getenv name=EAC_PROBE_STOP_AFTER_MATCHES -> null
[TRACE] caller=driver+0x1bce getenv name=EAC_PROBE_SITES -> set
[TRACE] caller=driver+0x26c5 getenv name=EAC_VMTAIL_TRACE -> null
[TRACE] caller=driver+0x26c5 getenv name=EAC_VMTAIL_REGS -> null
[TRACE] caller=driver+0x26c5 getenv name=EAC_VMTAIL_SCRATCH -> null
[TRACE] caller=driver+0x26c5 getenv name=EAC_VMTAIL_MEM -> null
[TRACE] caller=driver+0x1c2a getenv name=EAC_VMTAIL_MEM_REGS -> null
[TRACE] caller=driver+0x1c44 getenv name=EAC_VMTAIL_LIMIT -> null
[TRACE] caller=driver+0x1c9a getenv name=EAC_VMTAIL_FOCUS_IPS -> null
[TRACE] caller=driver+0x1cae getenv name=EAC_VMTAIL_FOCUS_SITES -> null
[TRACE] caller=driver+0x1cc2 getenv name=EAC_VMTAIL_STOP_AFTER_MATCHES -> null
[TRACE] caller=driver+0x34a9 fopen path=/proc/self/maps mode=r
[TRACE] caller=driver+0x47ec mprotect addr=0x78052dcc8000 len=0x1000 prot=0x7
[TRACE] caller=driver+0x47ec mprotect addr=0x78052dccd000 len=0x1000 prot=0x7
[TRACE] caller=driver+0x47ec mprotect addr=0x78052dcc6000 len=0x1000 prot=0x7
[TRACE] caller=driver+0x47ec mprotect addr=0x78052dcc6000 len=0x1000 prot=0x7
[TRACE] caller=driver+0x47ec mprotect addr=0x78052dcc6000 len=0x1000 prot=0x7
[TRACE] caller=driver+0x47ec mprotect addr=0x78052dcc6000 len=0x1000 prot=0x7
[DRIVER] dispatch trace enabled base=0x78052dc00000 dispatch_sites=3 limit=4096 detail=1 tail=0 tail_regs=0 tail_scratch=0 tail_mem=0 tail_limit=4096 tail_sites=0 scratch_offsets=0 read_ranges=54 focus_ips=0 focus_sites=0 stop_after_matches=0 dispatch_focus_sites=1 dispatch_stop_after_matches=2 probe=1 probe_sites=3 probe_limit=16 probe_stop_after_matches=0
[DRIVER] dispatch site +0xc80b9
[DRIVER] dispatch site +0xcdac7
[DRIVER] dispatch site +0xc6bce
[DRIVER] probe site +0xc6afc original=0xff
[DRIVER] probe site +0xc6b09 original=0x5b
[DRIVER] probe site +0xc6b43 original=0x48
[DRIVER] call x(buf=0x56008ae63010,len=0x800,mode=1,out=0x56008ae63820)
[TRACE] caller=eac.elf+0x4c000b fopen path=/dev/urandom mode=rb
[TRACE] caller=eac.elf+0x4c000b fopen path=/dev/urandom mode=rb
[PROBE] site=0xc6afc count=1 rax=0x78052dcc3718 rbx=0x10f rcx=0x78052dc00000 rdx=0x78052dcc3718 rsi=0x0 rdi=0x56008ae7cdf0 r8=0x56008ae630ac r9=0x56008ae630ec r10=0x0 r11=0x0 r12=0x7fff7d6317f8 r13=0x6 r14=0x78052e8d3000 r15=0x56006123ddc8 rbp=0x78052dc7836d rsp=0x7fff7d631448 sp0x0=0x56008ae630ac sp0x8=0x56008ae630ec sp0x10=0x0 sp0x18=0x0 sp0x20=0x7fff7d6317f8 sp0x28=0x6 sp0x80=0x246 sp0x88=0x56 sp0x90=0x11ac5a
[TRACE] caller=driver+0x47ec mprotect addr=0x78052dcc6000 len=0x1000 prot=0x7
[TRACE] caller=driver+0x47ec mprotect addr=0x78052dcc6000 len=0x1000 prot=0x7
[PROBE] site=0xc6b09 count=1 rax=0x78052dcc3718 rbx=0x10f rcx=0x78052dc00000 rdx=0x78052dcc3718 rsi=0x0 rdi=0x56008ae7cdf0 r8=0x56008ae630ac r9=0x56008ae630ec r10=0x0 r11=0x0 r12=0x7fff7d6317f8 r13=0x6 r14=0x78052e8d3000 r15=0x56006123ddc8 rbp=0x78052dc7836d rsp=0x7fff7d631430 sp0x0=0x56 sp0x8=0x56 sp0x10=0x56 sp0x18=0x56008ae630ac sp0x20=0x56008ae630ec sp0x28=0x0 sp0x80=0x56008ae6302c sp0x88=0x56008ae6306c sp0x90=0x0
[TRACE] caller=driver+0x47ec mprotect addr=0x78052dcc6000 len=0x1000 prot=0x7
[TRACE] caller=driver+0x47ec mprotect addr=0x78052dcc6000 len=0x1000 prot=0x7
[PROBE] site=0xc6b43 count=1 rax=0x78052dcc3718 rbx=0x56 rcx=0x78052dc00000 rdx=0x78052dcc3718 rsi=0x0 rdi=0x56008ae7cdf0 r8=0x56008ae630ac r9=0x56008ae630ec r10=0x0 r11=0x0 r12=0x7fff7d6317f8 r13=0x6 r14=0x78052e8d3000 r15=0x56006123ddc8 rbp=0x78052dc7836d rsp=0x7fff7d631448 sp0x0=0x56008ae630ac sp0x8=0x56008ae630ec sp0x10=0x0 sp0x18=0x0 sp0x20=0x7fff7d6317f8 sp0x28=0x6 sp0x80=0x246 sp0x88=0x56 sp0x90=0x11ac5a
[TRACE] caller=driver+0x47ec mprotect addr=0x78052dcc6000 len=0x1000 prot=0x7
[TRACE] caller=driver+0x47ec mprotect addr=0x78052dcc6000 len=0x1000 prot=0x7
[DISPATCH] site=0xc6bce count=1 slot=0x78052dcc39c8 slot_off=0xc39c8 idx=0x2b0 frame=0x78052dc7836d frame_off=0x7836d vm_ip=0x78052dd1ac5a vm_ip_off=0x11ac5a vm_flags=0xf9ffff2e vm_state=0xf05f0900 vm_byte=0x3a table=0x78052dcc3718 table_off=0xc3718 ip_w0=0xa9 ip_w1=0x0 ip_w2=0xab ip_w3=0x1e8 ip_w4=0xac ip_w5=0xafb2 ip_w6=0xeb ip_w7=0x8b34 ip_w8=0x2de ip_w9=0x13f8 ip_w10=0x2056 ip_w11=0xe84a ip_w12=0xfd01 ip_w13=0xd65 ip_w14=0x5c30 ip_w15=0x4411 target=0x78052dc8a37f target_off=0x8a37f
[PROBE] site=0xc6afc count=2 rax=0x78052dcc3718 rbx=0x10f rcx=0x78052dc00000 rdx=0x78052dcc3718 rsi=0x0 rdi=0x7fff7d631550 r8=0x56008ae630ac r9=0x56008ae630ec r10=0x0 r11=0x0 r12=0x7fff7d6317f8 r13=0x6 r14=0x78052e8d3000 r15=0x56006123ddc8 rbp=0x78052dc7836d rsp=0x7fff7d631448 sp0x0=0x56008ae630ac sp0x8=0x56008ae630ec sp0x10=0x0 sp0x18=0x0 sp0x20=0x7fff7d6317f8 sp0x28=0x6 sp0x80=0x206 sp0x88=0xa9 sp0x90=0x11aeea
[TRACE] caller=driver+0x47ec mprotect addr=0x78052dcc6000 len=0x1000 prot=0x7
[TRACE] caller=driver+0x47ec mprotect addr=0x78052dcc6000 len=0x1000 prot=0x7
[PROBE] site=0xc6b09 count=2 rax=0x78052dcc3718 rbx=0x10f rcx=0x78052dc00000 rdx=0x78052dcc3718 rsi=0x0 rdi=0x7fff7d631550 r8=0x56008ae630ac r9=0x56008ae630ec r10=0x0 r11=0x0 r12=0x7fff7d6317f8 r13=0x6 r14=0x78052e8d3000 r15=0x56006123ddc8 rbp=0x78052dc7836d rsp=0x7fff7d631430 sp0x0=0xa9 sp0x8=0xa9 sp0x10=0xa9 sp0x18=0x56008ae630ac sp0x20=0x56008ae630ec sp0x28=0x0 sp0x80=0x56008ae6302c sp0x88=0x56008ae6306c sp0x90=0x78052e4523d8
[TRACE] caller=driver+0x47ec mprotect addr=0x78052dcc6000 len=0x1000 prot=0x7
[TRACE] caller=driver+0x47ec mprotect addr=0x78052dcc6000 len=0x1000 prot=0x7
[PROBE] site=0xc6b43 count=2 rax=0x78052dcc3718 rbx=0xa9 rcx=0x78052dc00000 rdx=0x78052dcc3718 rsi=0x0 rdi=0x7fff7d631550 r8=0x56008ae630ac r9=0x56008ae630ec r10=0x0 r11=0x0 r12=0x7fff7d6317f8 r13=0x6 r14=0x78052e8d3000 r15=0x56006123ddc8 rbp=0x78052dc7836d rsp=0x7fff7d631448 sp0x0=0x56008ae630ac sp0x8=0x56008ae630ec sp0x10=0x0 sp0x18=0x0 sp0x20=0x7fff7d6317f8 sp0x28=0x6 sp0x80=0x206 sp0x88=0xa9 sp0x90=0x11aeea
[TRACE] caller=driver+0x47ec mprotect addr=0x78052dcc6000 len=0x1000 prot=0x7
[TRACE] caller=driver+0x47ec mprotect addr=0x78052dcc6000 len=0x1000 prot=0x7
[DISPATCH] site=0xc6bce count=2 slot=0x78052dcc3c60 slot_off=0xc3c60 idx=0x548 frame=0x78052dc7836d frame_off=0x7836d vm_ip=0x78052dd1aeea vm_ip_off=0x11aeea vm_flags=0xbaeeff37 vm_state=0xb8e60930 vm_byte=0x3a table=0x78052dcc3718 table_off=0xc3718 ip_w0=0x162 ip_w1=0x1e8 ip_w2=0x72 ip_w3=0x646b ip_w4=0xac8c ip_w5=0x9ebf ip_w6=0x7675 ip_w7=0x988 ip_w8=0xdd04 ip_w9=0xe852 ip_w10=0xf501 ip_w11=0x717d ip_w12=0x4be1 ip_w13=0x9016 ip_w14=0xefc3 ip_w15=0xab target=0x78052dc9af18 target_off=0x9af18
[DRIVER] DISPATCH focus stop hits=2 site=0xc6bce
