[DRIVER] dlopen path=./eac.elf
[TRACE] caller=driver+0x1608 dlopen file=./eac.elf flags=0x2
[DRIVER] dlsym x=0x7b5e9b4380dc
[TRACE] caller=driver+0x2455 getenv name=EAC_DISPATCH_TRACE -> set
[TRACE] caller=driver+0x1a7a getenv name=EAC_DISPATCH_LIMIT -> set
[TRACE] caller=driver+0x2455 getenv name=EAC_DISPATCH_DETAIL -> set
[TRACE] caller=driver+0x1ae2 getenv name=EAC_DISPATCH_STOP_AFTER_MATCHES -> set
[TRACE] caller=driver+0x1b06 getenv name=EAC_DISPATCH_EXTRA_SITES -> set
[TRACE] caller=driver+0x1b1c getenv name=EAC_DISPATCH_FOCUS_SITES -> set
[TRACE] caller=driver+0x2455 getenv name=EAC_VMTAIL_TRACE -> null
[TRACE] caller=driver+0x2455 getenv name=EAC_VMTAIL_REGS -> null
[TRACE] caller=driver+0x2455 getenv name=EAC_VMTAIL_SCRATCH -> null
[TRACE] caller=driver+0x2455 getenv name=EAC_VMTAIL_MEM -> null
[TRACE] caller=driver+0x1b7d getenv name=EAC_VMTAIL_MEM_REGS -> null
[TRACE] caller=driver+0x1b97 getenv name=EAC_VMTAIL_LIMIT -> null
[TRACE] caller=driver+0x1bed getenv name=EAC_VMTAIL_FOCUS_IPS -> null
[TRACE] caller=driver+0x1c01 getenv name=EAC_VMTAIL_FOCUS_SITES -> null
[TRACE] caller=driver+0x1c15 getenv name=EAC_VMTAIL_STOP_AFTER_MATCHES -> null
[TRACE] caller=driver+0x3099 fopen path=/proc/self/maps mode=r
[TRACE] caller=driver+0x3632 mprotect addr=0x7b5e9b4c8000 len=0x1000 prot=0x7
[TRACE] caller=driver+0x3632 mprotect addr=0x7b5e9b4cd000 len=0x1000 prot=0x7
[TRACE] caller=driver+0x3632 mprotect addr=0x7b5e9b4ca000 len=0x1000 prot=0x7
[TRACE] caller=driver+0x3632 mprotect addr=0x7b5e9b4cc000 len=0x1000 prot=0x7
[TRACE] caller=driver+0x3632 mprotect addr=0x7b5e9b4c5000 len=0x1000 prot=0x7
[TRACE] caller=driver+0x3632 mprotect addr=0x7b5e9b4c6000 len=0x1000 prot=0x7
[DRIVER] dispatch trace enabled base=0x7b5e9b400000 dispatch_sites=6 limit=32 detail=1 tail=0 tail_regs=0 tail_scratch=0 tail_mem=0 tail_limit=4096 tail_sites=0 scratch_offsets=0 read_ranges=54 focus_ips=0 focus_sites=0 stop_after_matches=0 dispatch_focus_sites=4 dispatch_stop_after_matches=8
[DRIVER] dispatch site +0xc80b9
[DRIVER] dispatch site +0xcdac7
[DRIVER] dispatch site +0xcad88
[DRIVER] dispatch site +0xcc3f5
[DRIVER] dispatch site +0xc559d
[DRIVER] dispatch site +0xc6bce
[DRIVER] call x(buf=0x64032b6c1010,len=0x800,mode=1,out=0x64032b6c1820)
[DISPATCH] site=0xc559d count=1 slot=0x7b5e9b4c4130 slot_off=0xc4130 idx=0xa18 frame=0x7b5e9b47836d frame_off=0x7836d vm_ip=0x7b5e9b649464 vm_ip_off=0x249464 vm_flags=0x523d6055 vm_state=0xfd165f72 vm_byte=0x3a table=0x7b5e9b4c3718 table_off=0xc3718 ip_w0=0xa9 ip_w1=0x0 ip_w2=0x162 ip_w3=0x1e8 ip_w4=0xbd ip_w5=0x99 ip_w6=0xefbc ip_w7=0xfe4f ip_w8=0xb5ba ip_w9=0x19cf ip_w10=0xc4bb ip_w11=0xe839 ip_w12=0xc901 ip_w13=0x87bd ip_w14=0x8dc4 ip_w15=0xc9b9 target=0x7b5e9b4bb6e6 target_off=0xbb6e6
[DISPATCH] site=0xc559d count=2 slot=0x7b5e9b4c3c60 slot_off=0xc3c60 idx=0x548 frame=0x7b5e9b47836d frame_off=0x7836d vm_ip=0x7b5e9b649735 vm_ip_off=0x249735 vm_flags=0x10a00 vm_state=0x3f067382 vm_byte=0x3a table=0x7b5e9b4c3718 table_off=0xc3718 ip_w0=0xa5 ip_w1=0x1e8 ip_w2=0x40 ip_w3=0xa1f5 ip_w4=0x99 ip_w5=0x6270 ip_w6=0x627a ip_w7=0xeb3d ip_w8=0xe803 ip_w9=0x2901 ip_w10=0xbef1 ip_w11=0x52b0 ip_w12=0x95c5 ip_w13=0x68b2 ip_w14=0x4aff ip_w15=0xe35c target=0x7b5e9b49af18 target_off=0x9af18
[DISPATCH] site=0xc559d count=3 slot=0x7b5e9b4c3c60 slot_off=0xc3c60 idx=0x548 frame=0x7b5e9b47836d frame_off=0x7836d vm_ip=0x7b5e9b649960 vm_ip_off=0x249960 vm_flags=0x523d6055 vm_state=0xfd165f72 vm_byte=0x3a table=0x7b5e9b4c3718 table_off=0xc3718 ip_w0=0x162 ip_w1=0x1e8 ip_w2=0x72 ip_w3=0x62fb ip_w4=0xac8c ip_w5=0xc4bb ip_w6=0x99 ip_w7=0x2108 ip_w8=0xe833 ip_w9=0xa401 ip_w10=0x88ac ip_w11=0x7b2c ip_w12=0xeac3 ip_w13=0xab ip_w14=0x8026 ip_w15=0x82e target=0x7b5e9b49af18 target_off=0x9af18
[DISPATCH] site=0xc559d count=4 slot=0x7b5e9b4c40c8 slot_off=0xc40c8 idx=0x9b0 frame=0x7b5e9b47836d frame_off=0x7836d vm_ip=0x7b5e9b649ba3 vm_ip_off=0x249ba3 vm_flags=0x8040024 vm_state=0x8040024 vm_byte=0x3a table=0x7b5e9b4c3718 table_off=0xc3718 ip_w0=0x1e8 ip_w1=0x162 ip_w2=0x42 ip_w3=0x92f1 ip_w4=0xe13a ip_w5=0x93ae ip_w6=0x8200 ip_w7=0x99cd ip_w8=0xf000 ip_w9=0xe86c ip_w10=0x6001 ip_w11=0x3b05 ip_w12=0xaa78 ip_w13=0x93 ip_w14=0x178 ip_w15=0xab target=0x7b5e9b4b8556 target_off=0xb8556
[DISPATCH] site=0xc559d count=5 slot=0x7b5e9b4c3c60 slot_off=0xc3c60 idx=0x548 frame=0x7b5e9b47836d frame_off=0x7836d vm_ip=0x7b5e9b649de6 vm_ip_off=0x249de6 vm_flags=0x45b35f91 vm_state=0x4db75fb1 vm_byte=0x3a table=0x7b5e9b4c3718 table_off=0xc3718 ip_w0=0x162 ip_w1=0x1e8 ip_w2=0xa8 ip_w3=0x99 ip_w4=0xd0ce ip_w5=0x2ef2 ip_w6=0x961c ip_w7=0xeafc ip_w8=0xe89c ip_w9=0x9c01 ip_w10=0x5288 ip_w11=0x7565 ip_w12=0xd539 ip_w13=0x7019 ip_w14=0x98d7 ip_w15=0xbb47 target=0x7b5e9b49af18 target_off=0x9af18
[DISPATCH] site=0xc559d count=6 slot=0x7b5e9b4c3c60 slot_off=0xc3c60 idx=0x548 frame=0x7b5e9b47836d frame_off=0x7836d vm_ip=0x7b5e9b64a029 vm_ip_off=0x24a029 vm_flags=0x16833a10 vm_state=0xc7ad8ef9 vm_byte=0x3a table=0x7b5e9b4c3718 table_off=0xc3718 ip_w0=0x162 ip_w1=0x1e8 ip_w2=0xac ip_w3=0xafb2 ip_w4=0x93 ip_w5=0x768 ip_w6=0x99 ip_w7=0x3d30 ip_w8=0xb3 ip_w9=0xe805 ip_w10=0x6b01 ip_w11=0x6600 ip_w12=0x24d9 ip_w13=0x2bf8 ip_w14=0x8800 ip_w15=0xe809 target=0x7b5e9b49af18 target_off=0x9af18
[DISPATCH] site=0xc559d count=7 slot=0x7b5e9b4c3c60 slot_off=0xc3c60 idx=0x548 frame=0x7b5e9b47836d frame_off=0x7836d vm_ip=0x7b5e9b64a29c vm_ip_off=0x24a29c vm_flags=0x820a80 vm_state=0x3f066e92 vm_byte=0x3a table=0x7b5e9b4c3718 table_off=0xc3718 ip_w0=0xab ip_w1=0x1e8 ip_w2=0x1c ip_w3=0x390 ip_w4=0xaf10 ip_w5=0xf849 ip_w6=0xb0b ip_w7=0x4c71 ip_w8=0xe8e0 ip_w9=0x4a01 ip_w10=0xdacb ip_w11=0x72d8 ip_w12=0xb4bf ip_w13=0x62b5 ip_w14=0x36f7 ip_w15=0x2ace target=0x7b5e9b49af18 target_off=0x9af18
[DISPATCH] site=0xc559d count=8 slot=0x7b5e9b4c3c60 slot_off=0xc3c60 idx=0x548 frame=0x7b5e9b47836d frame_off=0x7836d vm_ip=0x7b5e9b64a4df vm_ip_off=0x24a4df vm_flags=0x945eb350 vm_state=0x945eb350 vm_byte=0x3a table=0x7b5e9b4c3718 table_off=0xc3718 ip_w0=0x162 ip_w1=0x1e8 ip_w2=0xd7 ip_w3=0x540 ip_w4=0x1c88 ip_w5=0xd55f ip_w6=0xe2d6 ip_w7=0x53f9 ip_w8=0x4db6 ip_w9=0xe80f ip_w10=0xa501 ip_w11=0x47c9 ip_w12=0x655d ip_w13=0x5cee ip_w14=0xd7f5 ip_w15=0xb23d target=0x7b5e9b49af18 target_off=0x9af18
[DRIVER] DISPATCH focus stop hits=8 site=0xc559d
