[DRIVER] dlopen path=./eac.elf
[TRACE] caller=driver+0x1608 dlopen file=./eac.elf flags=0x2
[DRIVER] dlsym x=0x7fb39e0380dc
[TRACE] caller=driver+0x26c5 getenv name=EAC_DISPATCH_TRACE -> set
[TRACE] caller=driver+0x26c5 getenv name=EAC_PROBE_TRACE -> set
[TRACE] caller=driver+0x1a99 getenv name=EAC_DISPATCH_LIMIT -> null
[TRACE] caller=driver+0x26c5 getenv name=EAC_DISPATCH_DETAIL -> set
[TRACE] caller=driver+0x1b01 getenv name=EAC_DISPATCH_STOP_AFTER_MATCHES -> set
[TRACE] caller=driver+0x1b2b getenv name=EAC_DISPATCH_EXTRA_SITES -> set
[TRACE] caller=driver+0x1b41 getenv name=EAC_DISPATCH_FOCUS_SITES -> set
[TRACE] caller=driver+0x1b7a getenv name=EAC_PROBE_LIMIT -> set
[TRACE] caller=driver+0x1baf getenv name=EAC_PROBE_STOP_AFTER_MATCHES -> null
[TRACE] caller=driver+0x1bce getenv name=EAC_PROBE_SITES -> set
[TRACE] caller=driver+0x26c5 getenv name=EAC_VMTAIL_TRACE -> null
[TRACE] caller=driver+0x26c5 getenv name=EAC_VMTAIL_REGS -> null
[TRACE] caller=driver+0x26c5 getenv name=EAC_VMTAIL_SCRATCH -> null
[TRACE] caller=driver+0x26c5 getenv name=EAC_VMTAIL_MEM -> null
[TRACE] caller=driver+0x1c2a getenv name=EAC_VMTAIL_MEM_REGS -> null
[TRACE] caller=driver+0x1c44 getenv name=EAC_VMTAIL_LIMIT -> null
[TRACE] caller=driver+0x1c9a getenv name=EAC_VMTAIL_FOCUS_IPS -> null
[TRACE] caller=driver+0x1cae getenv name=EAC_VMTAIL_FOCUS_SITES -> null
[TRACE] caller=driver+0x1cc2 getenv name=EAC_VMTAIL_STOP_AFTER_MATCHES -> null
[TRACE] caller=driver+0x34a9 fopen path=/proc/self/maps mode=r
[TRACE] caller=driver+0x47ec mprotect addr=0x7fb39e0c8000 len=0x1000 prot=0x7
[TRACE] caller=driver+0x47ec mprotect addr=0x7fb39e0cd000 len=0x1000 prot=0x7
[TRACE] caller=driver+0x47ec mprotect addr=0x7fb39e0cc000 len=0x1000 prot=0x7
[TRACE] caller=driver+0x47ec mprotect addr=0x7fb39e0cc000 len=0x1000 prot=0x7
[TRACE] caller=driver+0x47ec mprotect addr=0x7fb39e0cc000 len=0x1000 prot=0x7
[TRACE] caller=driver+0x47ec mprotect addr=0x7fb39e0cc000 len=0x1000 prot=0x7
[DRIVER] dispatch trace enabled base=0x7fb39e000000 dispatch_sites=3 limit=4096 detail=1 tail=0 tail_regs=0 tail_scratch=0 tail_mem=0 tail_limit=4096 tail_sites=0 scratch_offsets=0 read_ranges=54 focus_ips=0 focus_sites=0 stop_after_matches=0 dispatch_focus_sites=1 dispatch_stop_after_matches=2 probe=1 probe_sites=3 probe_limit=16 probe_stop_after_matches=0
[DRIVER] dispatch site +0xc80b9
[DRIVER] dispatch site +0xcdac7
[DRIVER] dispatch site +0xcc3f5
[DRIVER] probe site +0xcc31c original=0xff
[DRIVER] probe site +0xcc326 original=0x48
[DRIVER] probe site +0xcc36a original=0x48
[DRIVER] call x(buf=0x579c72222010,len=0x800,mode=1,out=0x579c72222820)
[TRACE] caller=eac.elf+0x4c000b fopen path=/dev/urandom mode=rb
[TRACE] caller=eac.elf+0x4c000b fopen path=/dev/urandom mode=rb
[TRACE] caller=eac.elf+0x3376ac open path=/proc/1600975/comm flags=0x0
[PROBE] site=0xcc31c count=1 rax=0x7fb39e0c3718 rbx=0x10f rcx=0x7fb39e000000 rdx=0x7fb39e0c3718 rsi=0x7ffc187f0150 rdi=0x7ffc187f0150 r8=0x0 r9=0x0 r10=0x0 r11=0x202 r12=0x7ffc187f05a8 r13=0x6 r14=0x7fb39ee44000 r15=0x579c70c90dc8 rbp=0x7fb39e07836d rsp=0x7ffc187effe8 sp0x0=0x0 sp0x8=0x0 sp0x10=0x0 sp0x18=0x202 sp0x20=0x7ffc187f05a8 sp0x28=0x6 sp0x80=0x246 sp0x88=0x56 sp0x90=0x33db24
[TRACE] caller=driver+0x47ec mprotect addr=0x7fb39e0cc000 len=0x1000 prot=0x7
[TRACE] caller=driver+0x47ec mprotect addr=0x7fb39e0cc000 len=0x1000 prot=0x7
[PROBE] site=0xcc326 count=1 rax=0x7fb39e0c3718 rbx=0x10f rcx=0x7fb39e000000 rdx=0x7fb39e0c3718 rsi=0x7ffc187f0150 rdi=0x7ffc187f0150 r8=0x0 r9=0x0 r10=0x0 r11=0x202 r12=0x7ffc187f05a8 r13=0x6 r14=0x7fb39ee44000 r15=0x579c70c90dc8 rbp=0x7fb39e07836d rsp=0x7ffc187effd8 sp0x0=0x56 sp0x8=0x56 sp0x10=0x0 sp0x18=0x0 sp0x20=0x0 sp0x28=0x202 sp0x80=0x7fb39eaa06c6 sp0x88=0x0 sp0x90=0x246
[TRACE] caller=driver+0x47ec mprotect addr=0x7fb39e0cc000 len=0x1000 prot=0x7
[TRACE] caller=driver+0x47ec mprotect addr=0x7fb39e0cc000 len=0x1000 prot=0x7
[PROBE] site=0xcc36a count=1 rax=0x7fb39e0c3718 rbx=0x56 rcx=0x7fb39e000000 rdx=0x7fb39e0c3718 rsi=0x7ffc187f0150 rdi=0x7ffc187f0150 r8=0x0 r9=0x0 r10=0x0 r11=0x202 r12=0x7ffc187f05a8 r13=0x6 r14=0x7fb39ee44000 r15=0x579c70c90dc8 rbp=0x7fb39e07836d rsp=0x7ffc187effe8 sp0x0=0x0 sp0x8=0x0 sp0x10=0x0 sp0x18=0x202 sp0x20=0x7ffc187f05a8 sp0x28=0x6 sp0x80=0x246 sp0x88=0x56 sp0x90=0x33db24
[TRACE] caller=driver+0x47ec mprotect addr=0x7fb39e0cc000 len=0x1000 prot=0x7
[TRACE] caller=driver+0x47ec mprotect addr=0x7fb39e0cc000 len=0x1000 prot=0x7
[DISPATCH] site=0xcc3f5 count=1 slot=0x7fb39e0c39c8 slot_off=0xc39c8 idx=0x2b0 frame=0x7fb39e07836d frame_off=0x7836d vm_ip=0x7fb39e33db24 vm_ip_off=0x33db24 vm_flags=0xafef7eb7 vm_state=0xaf2d02b0 vm_byte=0x3a table=0x7fb39e0c3718 table_off=0xc3718 ip_w0=0x136 ip_w1=0x0 ip_w2=0x1e8 ip_w3=0xab ip_w4=0x9d ip_w5=0xcf37 ip_w6=0x99 ip_w7=0x81cc ip_w8=0xa0 ip_w9=0xadfa ip_w10=0xdab2 ip_w11=0xe836 ip_w12=0x8f01 ip_w13=0xabcf ip_w14=0x800 ip_w15=0x1ab2 target=0x7fb39e08a37f target_off=0x8a37f
[PROBE] site=0xcc31c count=2 rax=0x7fb39e0c3718 rbx=0x10f rcx=0x7fb39e000000 rdx=0x7fb39e0c3718 rsi=0x7ffc187f0150 rdi=0x7fb39e84d140 r8=0x0 r9=0x0 r10=0x0 r11=0x202 r12=0x7ffc187f05a8 r13=0x6 r14=0x7fb39ee44000 r15=0x579c70c90dc8 rbp=0x7fb39e07836d rsp=0x7ffc187effe8 sp0x0=0x0 sp0x8=0x0 sp0x10=0x0 sp0x18=0x202 sp0x20=0x7ffc187f05a8 sp0x28=0x6 sp0x80=0x206 sp0x88=0x136 sp0x90=0x33de2c
[TRACE] caller=driver+0x47ec mprotect addr=0x7fb39e0cc000 len=0x1000 prot=0x7
[TRACE] caller=driver+0x47ec mprotect addr=0x7fb39e0cc000 len=0x1000 prot=0x7
[PROBE] site=0xcc326 count=2 rax=0x7fb39e0c3718 rbx=0x10f rcx=0x7fb39e000000 rdx=0x7fb39e0c3718 rsi=0x7ffc187f0150 rdi=0x7fb39e84d140 r8=0x0 r9=0x0 r10=0x0 r11=0x202 r12=0x7ffc187f05a8 r13=0x6 r14=0x7fb39ee44000 r15=0x579c70c90dc8 rbp=0x7fb39e07836d rsp=0x7ffc187effd8 sp0x0=0x136 sp0x8=0x136 sp0x10=0x0 sp0x18=0x0 sp0x20=0x0 sp0x28=0x202 sp0x80=0x7fb39eaa06c6 sp0x88=0x3 sp0x90=0x206
[TRACE] caller=driver+0x47ec mprotect addr=0x7fb39e0cc000 len=0x1000 prot=0x7
[TRACE] caller=driver+0x47ec mprotect addr=0x7fb39e0cc000 len=0x1000 prot=0x7
[PROBE] site=0xcc36a count=2 rax=0x7fb39e0c3718 rbx=0x136 rcx=0x7fb39e000000 rdx=0x7fb39e0c3718 rsi=0x7ffc187f0150 rdi=0x7fb39e84d140 r8=0x0 r9=0x0 r10=0x0 r11=0x202 r12=0x7ffc187f05a8 r13=0x6 r14=0x7fb39ee44000 r15=0x579c70c90dc8 rbp=0x7fb39e07836d rsp=0x7ffc187effe8 sp0x0=0x0 sp0x8=0x0 sp0x10=0x0 sp0x18=0x202 sp0x20=0x7ffc187f05a8 sp0x28=0x6 sp0x80=0x206 sp0x88=0x136 sp0x90=0x33de2c
[TRACE] caller=driver+0x47ec mprotect addr=0x7fb39e0cc000 len=0x1000 prot=0x7
[TRACE] caller=driver+0x47ec mprotect addr=0x7fb39e0cc000 len=0x1000 prot=0x7
[DISPATCH] site=0xcc3f5 count=2 slot=0x7fb39e0c40c8 slot_off=0xc40c8 idx=0x9b0 frame=0x7fb39e07836d frame_off=0x7836d vm_ip=0x7fb39e33de2c vm_ip_off=0x33de2c vm_flags=0x4c640a48 vm_state=0x573c9bc6 vm_byte=0x3a table=0x7fb39e0c3718 table_off=0xc3718 ip_w0=0x1e8 ip_w1=0xab ip_w2=0xa8 ip_w3=0x99 ip_w4=0xd0ce ip_w5=0x32aa ip_w6=0x961c ip_w7=0x1516 ip_w8=0xe83a ip_w9=0xde01 ip_w10=0x79b6 ip_w11=0x7c6d ip_w12=0xbc2b ip_w13=0x2a03 ip_w14=0x672a ip_w15=0xd7ad target=0x7fb39e0b8556 target_off=0xb8556
[DRIVER] DISPATCH focus stop hits=2 site=0xcc3f5
