[DRIVER] dlopen path=./eac.elf
[TRACE] caller=driver+0x1608 dlopen file=./eac.elf flags=0x2
[DRIVER] dlsym x=0x7b80b72380dc
[TRACE] caller=driver+0x2455 getenv name=EAC_DISPATCH_TRACE -> set
[TRACE] caller=driver+0x1a7a getenv name=EAC_DISPATCH_LIMIT -> set
[TRACE] caller=driver+0x2455 getenv name=EAC_DISPATCH_DETAIL -> set
[TRACE] caller=driver+0x1ae2 getenv name=EAC_DISPATCH_STOP_AFTER_MATCHES -> set
[TRACE] caller=driver+0x1b06 getenv name=EAC_DISPATCH_EXTRA_SITES -> set
[TRACE] caller=driver+0x1b1c getenv name=EAC_DISPATCH_FOCUS_SITES -> set
[TRACE] caller=driver+0x2455 getenv name=EAC_VMTAIL_TRACE -> null
[TRACE] caller=driver+0x2455 getenv name=EAC_VMTAIL_REGS -> null
[TRACE] caller=driver+0x2455 getenv name=EAC_VMTAIL_SCRATCH -> null
[TRACE] caller=driver+0x2455 getenv name=EAC_VMTAIL_MEM -> null
[TRACE] caller=driver+0x1b7d getenv name=EAC_VMTAIL_MEM_REGS -> null
[TRACE] caller=driver+0x1b97 getenv name=EAC_VMTAIL_LIMIT -> null
[TRACE] caller=driver+0x1bed getenv name=EAC_VMTAIL_FOCUS_IPS -> null
[TRACE] caller=driver+0x1c01 getenv name=EAC_VMTAIL_FOCUS_SITES -> null
[TRACE] caller=driver+0x1c15 getenv name=EAC_VMTAIL_STOP_AFTER_MATCHES -> null
[TRACE] caller=driver+0x3099 fopen path=/proc/self/maps mode=r
[TRACE] caller=driver+0x3632 mprotect addr=0x7b80b72c8000 len=0x1000 prot=0x7
[TRACE] caller=driver+0x3632 mprotect addr=0x7b80b72cd000 len=0x1000 prot=0x7
[TRACE] caller=driver+0x3632 mprotect addr=0x7b80b72ca000 len=0x1000 prot=0x7
[TRACE] caller=driver+0x3632 mprotect addr=0x7b80b72cc000 len=0x1000 prot=0x7
[TRACE] caller=driver+0x3632 mprotect addr=0x7b80b72c5000 len=0x1000 prot=0x7
[TRACE] caller=driver+0x3632 mprotect addr=0x7b80b72c6000 len=0x1000 prot=0x7
[DRIVER] dispatch trace enabled base=0x7b80b7200000 dispatch_sites=6 limit=16 detail=1 tail=0 tail_regs=0 tail_scratch=0 tail_mem=0 tail_limit=4096 tail_sites=0 scratch_offsets=0 read_ranges=54 focus_ips=0 focus_sites=0 stop_after_matches=0 dispatch_focus_sites=1 dispatch_stop_after_matches=4
[DRIVER] dispatch site +0xc80b9
[DRIVER] dispatch site +0xcdac7
[DRIVER] dispatch site +0xcad88
[DRIVER] dispatch site +0xcc3f5
[DRIVER] dispatch site +0xc559d
[DRIVER] dispatch site +0xc6bce
[DRIVER] call x(buf=0x632ffd096010,len=0x800,mode=1,out=0x632ffd096820)
[TRACE] caller=eac.elf+0x4c000b fopen path=/dev/urandom mode=rb
[TRACE] caller=eac.elf+0x4c000b fopen path=/dev/urandom mode=rb
[TRACE] caller=eac.elf+0x3376ac open path=/proc/1518090/comm flags=0x0
[DISPATCH] site=0xcc3f5 count=1 slot=0x7b80b72c39c8 slot_off=0xc39c8 idx=0x2b0 frame=0x7b80b727836d frame_off=0x7836d vm_ip=0x7b80b753db24 vm_ip_off=0x33db24 vm_flags=0xafef7eb7 vm_state=0xaf2d02b0 vm_byte=0x3a table=0x7b80b72c3718 table_off=0xc3718 ip_w0=0x136 ip_w1=0x0 ip_w2=0x1e8 ip_w3=0xab ip_w4=0x9d ip_w5=0xcf37 ip_w6=0x99 ip_w7=0x81cc ip_w8=0xa0 ip_w9=0xadfa ip_w10=0xdab2 ip_w11=0xe836 ip_w12=0x8f01 ip_w13=0xabcf ip_w14=0x800 ip_w15=0x1ab2 target=0x7b80b728a37f target_off=0x8a37f
[DISPATCH] site=0xcc3f5 count=2 slot=0x7b80b72c40c8 slot_off=0xc40c8 idx=0x9b0 frame=0x7b80b727836d frame_off=0x7836d vm_ip=0x7b80b753de2c vm_ip_off=0x33de2c vm_flags=0x4c640a48 vm_state=0x573c9bc6 vm_byte=0x3a table=0x7b80b72c3718 table_off=0xc3718 ip_w0=0x1e8 ip_w1=0xab ip_w2=0xa8 ip_w3=0x99 ip_w4=0xd0ce ip_w5=0x32aa ip_w6=0x961c ip_w7=0x1516 ip_w8=0xe83a ip_w9=0xde01 ip_w10=0x79b6 ip_w11=0x7c6d ip_w12=0xbc2b ip_w13=0x2a03 ip_w14=0x672a ip_w15=0xd7ad target=0x7b80b72b8556 target_off=0xb8556
[DISPATCH] site=0xcc3f5 count=3 slot=0x7b80b72c3c60 slot_off=0xc3c60 idx=0x548 frame=0x7b80b727836d frame_off=0x7836d vm_ip=0x7b80b753e037 vm_ip_off=0x33e037 vm_flags=0xf5df7f2e vm_state=0xf59b0200 vm_byte=0x3a table=0x7b80b72c3718 table_off=0xc3718 ip_w0=0xab ip_w1=0x1e8 ip_w2=0x40 ip_w3=0xa245 ip_w4=0x99 ip_w5=0x560 ip_w6=0x9a7e ip_w7=0xcb2a ip_w8=0x602 ip_w9=0xe89a ip_w10=0x6001 ip_w11=0x7c08 ip_w12=0x2899 ip_w13=0x2811 ip_w14=0x2c3 ip_w15=0x9854 target=0x7b80b729af18 target_off=0x9af18
[DISPATCH] site=0xcc3f5 count=4 slot=0x7b80b72c3c60 slot_off=0xc3c60 idx=0x548 frame=0x7b80b727836d frame_off=0x7836d vm_ip=0x7b80b753e2e4 vm_ip_off=0x33e2e4 vm_flags=0x7e0ba90f vm_state=0x7b15ff7e vm_byte=0x3a table=0x7b80b72c3718 table_off=0xc3718 ip_w0=0xa5 ip_w1=0x1e8 ip_w2=0x42 ip_w3=0x95a1 ip_w4=0xe13a ip_w5=0x8a32 ip_w6=0x6ceb ip_w7=0xa6cf ip_w8=0xe8d8 ip_w9=0x7101 ip_w10=0x2af2 ip_w11=0x278a ip_w12=0x3340 ip_w13=0xab40 ip_w14=0x7700 ip_w15=0x3a72 target=0x7b80b729af18 target_off=0x9af18
[DRIVER] DISPATCH focus stop hits=4 site=0xcc3f5
