[DRIVER] dlopen path=./eac.elf
[TRACE] caller=driver+0x1608 dlopen file=./eac.elf flags=0x2
[DRIVER] dlsym x=0x71072a4380dc
[TRACE] caller=driver+0x26c5 getenv name=EAC_DISPATCH_TRACE -> set
[TRACE] caller=driver+0x26c5 getenv name=EAC_PROBE_TRACE -> set
[TRACE] caller=driver+0x1a99 getenv name=EAC_DISPATCH_LIMIT -> null
[TRACE] caller=driver+0x26c5 getenv name=EAC_DISPATCH_DETAIL -> set
[TRACE] caller=driver+0x1b01 getenv name=EAC_DISPATCH_STOP_AFTER_MATCHES -> set
[TRACE] caller=driver+0x1b2b getenv name=EAC_DISPATCH_EXTRA_SITES -> set
[TRACE] caller=driver+0x1b41 getenv name=EAC_DISPATCH_FOCUS_SITES -> set
[TRACE] caller=driver+0x1b7a getenv name=EAC_PROBE_LIMIT -> set
[TRACE] caller=driver+0x1baf getenv name=EAC_PROBE_STOP_AFTER_MATCHES -> null
[TRACE] caller=driver+0x1bce getenv name=EAC_PROBE_SITES -> set
[TRACE] caller=driver+0x26c5 getenv name=EAC_VMTAIL_TRACE -> null
[TRACE] caller=driver+0x26c5 getenv name=EAC_VMTAIL_REGS -> null
[TRACE] caller=driver+0x26c5 getenv name=EAC_VMTAIL_SCRATCH -> null
[TRACE] caller=driver+0x26c5 getenv name=EAC_VMTAIL_MEM -> null
[TRACE] caller=driver+0x1c2a getenv name=EAC_VMTAIL_MEM_REGS -> null
[TRACE] caller=driver+0x1c44 getenv name=EAC_VMTAIL_LIMIT -> null
[TRACE] caller=driver+0x1c9a getenv name=EAC_VMTAIL_FOCUS_IPS -> null
[TRACE] caller=driver+0x1cae getenv name=EAC_VMTAIL_FOCUS_SITES -> null
[TRACE] caller=driver+0x1cc2 getenv name=EAC_VMTAIL_STOP_AFTER_MATCHES -> null
[TRACE] caller=driver+0x34a9 fopen path=/proc/self/maps mode=r
[TRACE] caller=driver+0x47ec mprotect addr=0x71072a4c8000 len=0x1000 prot=0x7
[TRACE] caller=driver+0x47ec mprotect addr=0x71072a4cd000 len=0x1000 prot=0x7
[TRACE] caller=driver+0x47ec mprotect addr=0x71072a4ca000 len=0x1000 prot=0x7
[TRACE] caller=driver+0x47ec mprotect addr=0x71072a4ca000 len=0x1000 prot=0x7
[TRACE] caller=driver+0x47ec mprotect addr=0x71072a4ca000 len=0x1000 prot=0x7
[TRACE] caller=driver+0x47ec mprotect addr=0x71072a4ca000 len=0x1000 prot=0x7
[DRIVER] dispatch trace enabled base=0x71072a400000 dispatch_sites=3 limit=4096 detail=1 tail=0 tail_regs=0 tail_scratch=0 tail_mem=0 tail_limit=4096 tail_sites=0 scratch_offsets=0 read_ranges=54 focus_ips=0 focus_sites=0 stop_after_matches=0 dispatch_focus_sites=1 dispatch_stop_after_matches=2 probe=1 probe_sites=3 probe_limit=16 probe_stop_after_matches=0
[DRIVER] dispatch site +0xc80b9
[DRIVER] dispatch site +0xcdac7
[DRIVER] dispatch site +0xcad88
[DRIVER] probe site +0xcaca3 original=0xff
[DRIVER] probe site +0xcacb0 original=0x48
[DRIVER] probe site +0xcacf1 original=0x48
[DRIVER] call x(buf=0x61e44acf9010,len=0x800,mode=1,out=0x61e44acf9820)
[TRACE] caller=eac.elf+0x4c000b fopen path=/dev/urandom mode=rb
[TRACE] caller=eac.elf+0x4c000b fopen path=/dev/urandom mode=rb
[TRACE] caller=eac.elf+0x3376ac open path=/proc/1600970/comm flags=0x0
[TRACE] caller=eac.elf+0x334271 open path=/proc/1600970/cmdline flags=0x0
[TRACE] caller=eac.elf+0x33ae27 open path=/proc/1600970/status flags=0x0
[TRACE] caller=eac.elf+0x33d5f1 open path=/proc/self/maps flags=0x0
[TRACE] caller=eac.elf+0x58b24 open path=/proc/mounts flags=0x0
[TRACE] caller=eac.elf+0x36a519 open path=/sys/devices/virtual/dmi/id/board_name flags=0x0
[TRACE] caller=eac.elf+0x36e0cf open path=/sys/devices/virtual/dmi/id/product_name flags=0x0
[TRACE] caller=eac.elf+0x3722d8 fopen path=/proc/bus/pci/devices mode=r
[TRACE] caller=eac.elf+0x2d6ae getenv name=EAC_LAUNCHERDIR -> set
[PROBE] site=0xcaca3 count=1 rax=0x71072a4c3718 rbx=0x10f rcx=0x71072a400000 rdx=0x71072a4c3718 rsi=0x1 rdi=0x61e44ad12df0 r8=0x70 r9=0xf42b04784f8fb385 r10=0x71 r11=0x246 r12=0x7ffeb97e82f8 r13=0x61e44ad12df0 r14=0x71072a43142c r15=0x61e445921dc8 rbp=0x71072a47836d rsp=0x7ffeb97e7fd8 sp0x0=0x70 sp0x8=0xf42b04784f8fb385 sp0x10=0x71 sp0x18=0x246 sp0x20=0x7ffeb97e82f8 sp0x28=0x61e44ad12df0 sp0x80=0x246 sp0x88=0x143 sp0x90=0x17687f
[TRACE] caller=driver+0x47ec mprotect addr=0x71072a4ca000 len=0x1000 prot=0x7
[TRACE] caller=driver+0x47ec mprotect addr=0x71072a4ca000 len=0x1000 prot=0x7
[PROBE] site=0xcacb0 count=1 rax=0x71072a4c3718 rbx=0x10f rcx=0x71072a400000 rdx=0x71072a4c3718 rsi=0x1 rdi=0x61e44ad12df0 r8=0x70 r9=0xf42b04784f8fb385 r10=0x71 r11=0x246 r12=0x7ffeb97e82f8 r13=0x61e44ad12df0 r14=0x71072a43142c r15=0x61e445921dc8 rbp=0x71072a47836d rsp=0x7ffeb97e7fc0 sp0x0=0x143 sp0x8=0x143 sp0x10=0x143 sp0x18=0x70 sp0x20=0xf42b04784f8fb385 sp0x28=0x71 sp0x80=0x71072ac523d8 sp0x88=0x0 sp0x90=0x0
[TRACE] caller=driver+0x47ec mprotect addr=0x71072a4ca000 len=0x1000 prot=0x7
[TRACE] caller=driver+0x47ec mprotect addr=0x71072a4ca000 len=0x1000 prot=0x7
[PROBE] site=0xcacf1 count=1 rax=0x71072a4c3718 rbx=0x143 rcx=0x71072a400000 rdx=0x71072a4c3718 rsi=0x1 rdi=0x61e44ad12df0 r8=0x70 r9=0xf42b04784f8fb385 r10=0x71 r11=0x246 r12=0x7ffeb97e82f8 r13=0x61e44ad12df0 r14=0x71072a43142c r15=0x61e445921dc8 rbp=0x71072a47836d rsp=0x7ffeb97e7fd8 sp0x0=0x70 sp0x8=0xf42b04784f8fb385 sp0x10=0x71 sp0x18=0x246 sp0x20=0x7ffeb97e82f8 sp0x28=0x61e44ad12df0 sp0x80=0x246 sp0x88=0x143 sp0x90=0x17687f
[TRACE] caller=driver+0x47ec mprotect addr=0x71072a4ca000 len=0x1000 prot=0x7
[TRACE] caller=driver+0x47ec mprotect addr=0x71072a4ca000 len=0x1000 prot=0x7
[DISPATCH] site=0xcad88 count=1 slot=0x71072a4c4130 slot_off=0xc4130 idx=0xa18 frame=0x71072a47836d frame_off=0x7836d vm_ip=0x71072a57687f vm_ip_off=0x17687f vm_flags=0x108a6bc4 vm_state=0xffbfbc79 vm_byte=0x3a table=0x71072a4c3718 table_off=0xc3718 ip_w0=0xa9 ip_w1=0x0 ip_w2=0xab ip_w3=0x1e8 ip_w4=0x15b ip_w5=0x33d0 ip_w6=0x962 ip_w7=0x540 ip_w8=0xdd9c ip_w9=0xcda4 ip_w10=0xe8cf ip_w11=0x1c01 ip_w12=0x2c9 ip_w13=0x7d6c ip_w14=0x5e0a ip_w15=0x2966 target=0x71072a4bb6e6 target_off=0xbb6e6
[PROBE] site=0xcaca3 count=2 rax=0x71072a4c3718 rbx=0x10f rcx=0x71072a400000 rdx=0x71072a4c3718 rsi=0x61e44ad00780 rdi=0x61e44ad218b0 r8=0x50 r9=0xf42b04784f8fb385 r10=0x50 r11=0x246 r12=0x7ffeb97e82f8 r13=0x61e44ad12df0 r14=0x71072a43142c r15=0x61e445921dc8 rbp=0x71072a47836d rsp=0x7ffeb97e7fd8 sp0x0=0x50 sp0x8=0xf42b04784f8fb385 sp0x10=0x50 sp0x18=0x246 sp0x20=0x7ffeb97e82f8 sp0x28=0x61e44ad12df0 sp0x80=0x202 sp0x88=0xa9 sp0x90=0x176aaf
[TRACE] caller=driver+0x47ec mprotect addr=0x71072a4ca000 len=0x1000 prot=0x7
[TRACE] caller=driver+0x47ec mprotect addr=0x71072a4ca000 len=0x1000 prot=0x7
[PROBE] site=0xcacb0 count=2 rax=0x71072a4c3718 rbx=0x10f rcx=0x71072a400000 rdx=0x71072a4c3718 rsi=0x61e44ad00780 rdi=0x61e44ad218b0 r8=0x50 r9=0xf42b04784f8fb385 r10=0x50 r11=0x246 r12=0x7ffeb97e82f8 r13=0x61e44ad12df0 r14=0x71072a43142c r15=0x61e445921dc8 rbp=0x71072a47836d rsp=0x7ffeb97e7fc0 sp0x0=0xa9 sp0x8=0xa9 sp0x10=0xa9 sp0x18=0x50 sp0x20=0xf42b04784f8fb385 sp0x28=0x50 sp0x80=0x0 sp0x88=0x61e25496be71 sp0x90=0x0
[TRACE] caller=driver+0x47ec mprotect addr=0x71072a4ca000 len=0x1000 prot=0x7
[TRACE] caller=driver+0x47ec mprotect addr=0x71072a4ca000 len=0x1000 prot=0x7
[PROBE] site=0xcacf1 count=2 rax=0x71072a4c3718 rbx=0xa9 rcx=0x71072a400000 rdx=0x71072a4c3718 rsi=0x61e44ad00780 rdi=0x61e44ad218b0 r8=0x50 r9=0xf42b04784f8fb385 r10=0x50 r11=0x246 r12=0x7ffeb97e82f8 r13=0x61e44ad12df0 r14=0x71072a43142c r15=0x61e445921dc8 rbp=0x71072a47836d rsp=0x7ffeb97e7fd8 sp0x0=0x50 sp0x8=0xf42b04784f8fb385 sp0x10=0x50 sp0x18=0x246 sp0x20=0x7ffeb97e82f8 sp0x28=0x61e44ad12df0 sp0x80=0x202 sp0x88=0xa9 sp0x90=0x176aaf
[TRACE] caller=driver+0x47ec mprotect addr=0x71072a4ca000 len=0x1000 prot=0x7
[TRACE] caller=driver+0x47ec mprotect addr=0x71072a4ca000 len=0x1000 prot=0x7
[DISPATCH] site=0xcad88 count=2 slot=0x71072a4c3c60 slot_off=0xc3c60 idx=0x548 frame=0x71072a47836d frame_off=0x7836d vm_ip=0x71072a576aaf vm_ip_off=0x176aaf vm_flags=0x804a034 vm_state=0xcfaf7ad9 vm_byte=0x3a table=0x71072a4c3718 table_off=0xc3718 ip_w0=0xab ip_w1=0x1e8 ip_w2=0xc7 ip_w3=0x4957 ip_w4=0xfb3a ip_w5=0x99a1 ip_w6=0xa00 ip_w7=0xa4bd ip_w8=0x5fff ip_w9=0xe867 ip_w10=0x6801 ip_w11=0x9e0a ip_w12=0xe27b ip_w13=0xab ip_w14=0x8181 ip_w15=0xcf4e target=0x71072a49af18 target_off=0x9af18
[DRIVER] DISPATCH focus stop hits=2 site=0xcad88
