[DRIVER] dlopen path=./eac.elf
[TRACE] caller=driver+0x1608 dlopen file=./eac.elf flags=0x2
[DRIVER] dlsym x=0x7b25a90380dc
[TRACE] caller=driver+0x26c5 getenv name=EAC_DISPATCH_TRACE -> set
[TRACE] caller=driver+0x26c5 getenv name=EAC_PROBE_TRACE -> set
[TRACE] caller=driver+0x1a99 getenv name=EAC_DISPATCH_LIMIT -> null
[TRACE] caller=driver+0x26c5 getenv name=EAC_DISPATCH_DETAIL -> set
[TRACE] caller=driver+0x1b01 getenv name=EAC_DISPATCH_STOP_AFTER_MATCHES -> set
[TRACE] caller=driver+0x1b2b getenv name=EAC_DISPATCH_EXTRA_SITES -> null
[TRACE] caller=driver+0x1b41 getenv name=EAC_DISPATCH_FOCUS_SITES -> set
[TRACE] caller=driver+0x1b7a getenv name=EAC_PROBE_LIMIT -> set
[TRACE] caller=driver+0x1baf getenv name=EAC_PROBE_STOP_AFTER_MATCHES -> null
[TRACE] caller=driver+0x1bce getenv name=EAC_PROBE_SITES -> set
[TRACE] caller=driver+0x26c5 getenv name=EAC_VMTAIL_TRACE -> null
[TRACE] caller=driver+0x26c5 getenv name=EAC_VMTAIL_REGS -> null
[TRACE] caller=driver+0x26c5 getenv name=EAC_VMTAIL_SCRATCH -> null
[TRACE] caller=driver+0x26c5 getenv name=EAC_VMTAIL_MEM -> null
[TRACE] caller=driver+0x1c2a getenv name=EAC_VMTAIL_MEM_REGS -> null
[TRACE] caller=driver+0x1c44 getenv name=EAC_VMTAIL_LIMIT -> null
[TRACE] caller=driver+0x1c9a getenv name=EAC_VMTAIL_FOCUS_IPS -> null
[TRACE] caller=driver+0x1cae getenv name=EAC_VMTAIL_FOCUS_SITES -> null
[TRACE] caller=driver+0x1cc2 getenv name=EAC_VMTAIL_STOP_AFTER_MATCHES -> null
[TRACE] caller=driver+0x34a9 fopen path=/proc/self/maps mode=r
[TRACE] caller=driver+0x47ec mprotect addr=0x7b25a90c8000 len=0x1000 prot=0x7
[TRACE] caller=driver+0x47ec mprotect addr=0x7b25a90cd000 len=0x1000 prot=0x7
[TRACE] caller=driver+0x47ec mprotect addr=0x7b25a90c7000 len=0x1000 prot=0x7
[TRACE] caller=driver+0x47ec mprotect addr=0x7b25a90c7000 len=0x1000 prot=0x7
[TRACE] caller=driver+0x47ec mprotect addr=0x7b25a90c8000 len=0x1000 prot=0x7
[DRIVER] dispatch trace enabled base=0x7b25a9000000 dispatch_sites=2 limit=4096 detail=1 tail=0 tail_regs=0 tail_scratch=0 tail_mem=0 tail_limit=4096 tail_sites=0 scratch_offsets=0 read_ranges=54 focus_ips=0 focus_sites=0 stop_after_matches=0 dispatch_focus_sites=1 dispatch_stop_after_matches=2 probe=1 probe_sites=3 probe_limit=16 probe_stop_after_matches=0
[DRIVER] dispatch site +0xc80b9
[DRIVER] dispatch site +0xcdac7
[DRIVER] probe site +0xc7fdc original=0xff
[DRIVER] probe site +0xc7fe6 original=0x48
[DRIVER] probe site +0xc802e original=0x48
[DRIVER] call x(buf=0x587512ed3010,len=0x800,mode=1,out=0x587512ed3820)
[PROBE] site=0xc7fdc count=1 rax=0x7b25a90c3718 rbx=0x10f rcx=0x7b25a9000000 rdx=0xc3718 rsi=0x7ffd8218c874 rdi=0x587512eece10 r8=0x587512eed7a8 r9=0x7ffd8218c874 r10=0x2400 r11=0x7b25a9c12ac0 r12=0x587512eecdf0 r13=0x6 r14=0x7b25a9cba000 r15=0x5874f29a1dc8 rbp=0x7b25a907836d rsp=0x7ffd8218c7e8 sp0x0=0x587512eed7a8 sp0x8=0x7ffd8218c874 sp0x10=0x2400 sp0x18=0x7b25a9c12ac0 sp0x20=0x587512eecdf0 sp0x28=0x6 sp0x80=0x246 sp0x88=0x56 sp0x90=0x26cd71
[TRACE] caller=driver+0x47ec mprotect addr=0x7b25a90c7000 len=0x1000 prot=0x7
[TRACE] caller=driver+0x47ec mprotect addr=0x7b25a90c7000 len=0x1000 prot=0x7
[PROBE] site=0xc7fe6 count=1 rax=0x7b25a90c3718 rbx=0x10f rcx=0x7b25a9000000 rdx=0xc3718 rsi=0x7ffd8218c874 rdi=0x587512eece10 r8=0x587512eed7a8 r9=0x7ffd8218c874 r10=0x2400 r11=0x7b25a9c12ac0 r12=0x587512eecdf0 r13=0x6 r14=0x7b25a9cba000 r15=0x5874f29a1dc8 rbp=0x7b25a907836d rsp=0x7ffd8218c7d8 sp0x0=0x56 sp0x8=0x56 sp0x10=0x587512eed7a8 sp0x18=0x7ffd8218c874 sp0x20=0x2400 sp0x28=0x7b25a9c12ac0 sp0x80=0x0 sp0x88=0x0 sp0x90=0x246
[TRACE] caller=driver+0x47ec mprotect addr=0x7b25a90c7000 len=0x1000 prot=0x7
[TRACE] caller=driver+0x47ec mprotect addr=0x7b25a90c7000 len=0x1000 prot=0x7
[PROBE] site=0xc802e count=1 rax=0x7b25a90c3718 rbx=0x56 rcx=0x7b25a9000000 rdx=0xc3718 rsi=0x7ffd8218c874 rdi=0x587512eece10 r8=0x587512eed7a8 r9=0x7ffd8218c874 r10=0x2400 r11=0x7b25a9c12ac0 r12=0x587512eecdf0 r13=0x6 r14=0x7b25a9cba000 r15=0x5874f29a1dc8 rbp=0x7b25a907836d rsp=0x7ffd8218c7e8 sp0x0=0x587512eed7a8 sp0x8=0x7ffd8218c874 sp0x10=0x2400 sp0x18=0x7b25a9c12ac0 sp0x20=0x587512eecdf0 sp0x28=0x6 sp0x80=0x246 sp0x88=0x56 sp0x90=0x26cd71
[TRACE] caller=driver+0x47ec mprotect addr=0x7b25a90c8000 len=0x1000 prot=0x7
[TRACE] caller=driver+0x47ec mprotect addr=0x7b25a90c8000 len=0x1000 prot=0x7
[DISPATCH] site=0xc80b9 count=1 slot=0x7b25a90c39c8 slot_off=0xc39c8 idx=0x2b0 frame=0x7b25a907836d frame_off=0x7836d vm_ip=0x7b25a926cd71 vm_ip_off=0x26cd71 vm_flags=0x0 vm_state=0x0 vm_byte=0x0 table=0x7b25a90c3718 table_off=0xc3718 ip_w0=0x136 ip_w1=0x0 ip_w2=0x1e8 ip_w3=0xa5 ip_w4=0x42 ip_w5=0x9831 ip_w6=0x763a ip_w7=0x9919 ip_w8=0x4b00 ip_w9=0x9943 ip_w10=0x4400 ip_w11=0xe814 ip_w12=0x1401 ip_w13=0xab4a ip_w14=0x7f00 ip_w15=0xabdf target=0x7b25a908a37f target_off=0x8a37f
[PROBE] site=0xc7fdc count=2 rax=0x7b25a90c3718 rbx=0x10f rcx=0x7b25a9000000 rdx=0x7b25a90c3718 rsi=0x0 rdi=0x587512eecf88 r8=0x587512eed7a8 r9=0x7ffd8218c874 r10=0x2400 r11=0x7b25a9c12ac0 r12=0x587512eecdf0 r13=0x6 r14=0x7b25a9cba000 r15=0x5874f29a1dc8 rbp=0x7b25a907836d rsp=0x7ffd8218c7e8 sp0x0=0x587512eed7a8 sp0x8=0x7ffd8218c874 sp0x10=0x2400 sp0x18=0x7b25a9c12ac0 sp0x20=0x587512eecdf0 sp0x28=0x6 sp0x80=0x212 sp0x88=0x136 sp0x90=0x26dc7b
[TRACE] caller=driver+0x47ec mprotect addr=0x7b25a90c7000 len=0x1000 prot=0x7
[TRACE] caller=driver+0x47ec mprotect addr=0x7b25a90c7000 len=0x1000 prot=0x7
[PROBE] site=0xc7fe6 count=2 rax=0x7b25a90c3718 rbx=0x10f rcx=0x7b25a9000000 rdx=0x7b25a90c3718 rsi=0x0 rdi=0x587512eecf88 r8=0x587512eed7a8 r9=0x7ffd8218c874 r10=0x2400 r11=0x7b25a9c12ac0 r12=0x587512eecdf0 r13=0x6 r14=0x7b25a9cba000 r15=0x5874f29a1dc8 rbp=0x7b25a907836d rsp=0x7ffd8218c7d8 sp0x0=0x136 sp0x8=0x136 sp0x10=0x587512eed7a8 sp0x18=0x7ffd8218c874 sp0x20=0x2400 sp0x28=0x7b25a9c12ac0 sp0x80=0x0 sp0x88=0x587512eece68 sp0x90=0x212
[TRACE] caller=driver+0x47ec mprotect addr=0x7b25a90c7000 len=0x1000 prot=0x7
[TRACE] caller=driver+0x47ec mprotect addr=0x7b25a90c7000 len=0x1000 prot=0x7
[PROBE] site=0xc802e count=2 rax=0x7b25a90c3718 rbx=0x136 rcx=0x7b25a9000000 rdx=0x7b25a90c3718 rsi=0x0 rdi=0x587512eecf88 r8=0x587512eed7a8 r9=0x7ffd8218c874 r10=0x2400 r11=0x7b25a9c12ac0 r12=0x587512eecdf0 r13=0x6 r14=0x7b25a9cba000 r15=0x5874f29a1dc8 rbp=0x7b25a907836d rsp=0x7ffd8218c7e8 sp0x0=0x587512eed7a8 sp0x8=0x7ffd8218c874 sp0x10=0x2400 sp0x18=0x7b25a9c12ac0 sp0x20=0x587512eecdf0 sp0x28=0x6 sp0x80=0x212 sp0x88=0x136 sp0x90=0x26dc7b
[TRACE] caller=driver+0x47ec mprotect addr=0x7b25a90c8000 len=0x1000 prot=0x7
[TRACE] caller=driver+0x47ec mprotect addr=0x7b25a90c8000 len=0x1000 prot=0x7
[DISPATCH] site=0xc80b9 count=2 slot=0x7b25a90c40c8 slot_off=0xc40c8 idx=0x9b0 frame=0x7b25a907836d frame_off=0x7836d vm_ip=0x7b25a926dc7b vm_ip_off=0x26dc7b vm_flags=0x4000500 vm_state=0x984d244d vm_byte=0x3a table=0x7b25a90c3718 table_off=0xc3718 ip_w0=0x1e8 ip_w1=0xa5 ip_w2=0x154 ip_w3=0x17d4 ip_w4=0x99 ip_w5=0xef7f ip_w6=0x99 ip_w7=0x8ad8 ip_w8=0xa42a ip_w9=0xe895 ip_w10=0x1001 ip_w11=0x2873 ip_w12=0xe731 ip_w13=0xe4f9 ip_w14=0x46d0 ip_w15=0x3a40 target=0x7b25a90b8556 target_off=0xb8556
[DRIVER] DISPATCH focus stop hits=2 site=0xc80b9
